Logging to /home/jaco/school/stage/asi/asi-output/run.log

Benchmarks: ML2 (./libs/benchmarks/ML2/bench)

Resuming search from iteration 4 (found /home/jaco/school/stage/asi/asi-output/search_state.json)

=== Iteration 4 ===
  Evaluating 209 configurations...
  bpt=a53 l1d=64 l1i=16 l2=512 l3=1024 robw=1024  ASI= 0.2341  S=1.0608  A=  67.26  P=141.60  [Unsustainable]
  bpt=a53 l1d=64 l1i=64 l2=512 l3=1024 robw=1024  ASI= 0.2324  S=1.0608  A=  68.09  P=141.69  [Unsustainable]
  bpt=a53 l1d=64 l1ia=8 l2=512 l3=1024 robw=1024  ASI= 0.2291  S=1.0608  A=  69.23  P=142.34  [Unsustainable]
  bpt=a53 l1da=4 l1d=64 l2=512 l3=1024 robw=1024  ASI= 0.2430  S=1.0608  A=  63.08  P=141.17  [Unsustainable]
  bpt=a53 l1d=64 l2a=4 l2=512 l3=1024 robw=1024  ASI= 0.2339  S=1.0608  A=  67.41  P=141.58  [Unsustainable]
  bpt=a53 l1d=64 l2=512 l3a=4 l3=1024 robw=1024  ASI= 0.2377  S=1.0609  A=  65.43  P=141.57  [Unsustainable]
  bpt=a53 l1d=64 l2=512 l3a=8 l3=1024 robw=1024  ASI= 0.2377  S=1.0608  A=  65.42  P=141.57  [Unsustainable]
  bp=512 bpt=a53 l1d=64 l2=512 l3=1024 robw=1024  ASI= 0.2336  S=1.0609  A=  67.50  P=141.63  [Unsustainable]
  bp=2048 bpt=a53 l1d=64 l2=512 l3=1024 robw=1024  ASI= 0.2336  S=1.0608  A=  67.50  P=141.63  [Unsustainable]
  bpt=a53 l1d=64 l2=512 l3=1024 nhist=2 robw=1024  ASI= 0.2336  S=1.0608  A=  67.50  P=141.63  [Unsustainable]
  bpt=a53 l1d=64 l2=512 l3=1024 nhist=4 robw=1024  ASI= 0.2336  S=1.0607  A=  67.50  P=141.63  [Unsustainable]
  bpt=a53 l1d=64 l2=512 l3=1024 robd=2 robw=1024  ASI= 1.0837  S=1.0605  A=  52.38  P= 34.36  [Strongly Sust.]
  bpt=a53 l1d=64 l2=512 l3=1024 robd=8 robw=1024  ASI= 0.0063  S=1.0608  A= 160.61  P=1187.77  [Unsustainable]
  bpt=a53 l1d=64 l2=512 l3=1024 robd=10 robw=1024  ASI=-0.0056  S=1.0607  A= 241.90  P=2631.13  [Unsustainable]
  bpt=a53 l1d=64 l1i=16 l2=512 l3=1024 robd=2  ASI= 2.3824  S=1.0604  A=  47.56  P= 16.18  [Strongly Sust.]
  bpt=a53 l1d=64 l1i=64 l2=512 l3=1024 robd=2  ASI= 2.3551  S=1.0605  A=  48.39  P= 16.28  [Strongly Sust.]
  bpt=a53 l1d=64 l1ia=8 l2=512 l3=1024 robd=2  ASI= 2.2463  S=1.0604  A=  49.53  P= 16.92  [Strongly Sust.]
  bpt=a53 l1da=4 l1d=64 l2=512 l3=1024 robd=2  ASI= 2.5213  S=1.0604  A=  43.38  P= 15.75  [Strongly Sust.]
  bpt=a53 l1d=64 l2a=4 l2=512 l3=1024 robd=2  ASI= 2.3837  S=1.0604  A=  47.71  P= 16.16  [Strongly Sust.]
  bpt=a53 l1d=64 l2=512 l3a=4 l3=1024 robd=2  ASI= 2.4191  S=1.0606  A=  45.72  P= 16.15  [Strongly Sust.]
  bpt=a53 l1d=64 l2=512 l3a=8 l3=1024 robd=2  ASI= 2.4178  S=1.0606  A=  45.72  P= 16.16  [Strongly Sust.]
  bp=512 bpt=a53 l1d=64 l2=512 l3=1024 robd=2  ASI= 2.3749  S=1.0607  A=  47.80  P= 16.21  [Strongly Sust.]
  bp=2048 bpt=a53 l1d=64 l2=512 l3=1024 robd=2  ASI= 2.3750  S=1.0605  A=  47.80  P= 16.21  [Strongly Sust.]
  bpt=a53 l1d=64 l2=512 l3=1024 nhist=2 robd=2  ASI= 2.3751  S=1.0603  A=  47.80  P= 16.21  [Strongly Sust.]
  bpt=a53 l1d=64 l2=512 l3=1024 nhist=4 robd=2  ASI= 2.3749  S=1.0606  A=  47.80  P= 16.21  [Strongly Sust.]
  bpt=a53 l1d=64 l2=512 l3=1024 robd=2 robw=16  ASI= 2.4547  S=1.0606  A=  47.59  P= 15.70  [Strongly Sust.]
  bpt=a53 l1d=64 l2=512 l3=1024 robd=2 robw=32  ASI= 2.4245  S=1.0605  A=  47.68  P= 15.89  [Strongly Sust.]
  bpt=a53 l1d=64 l2=512 l3=1024 robd=2 robw=64  ASI= 2.3964  S=1.0606  A=  47.74  P= 16.07  [Strongly Sust.]
  bpt=a53 l1d=64 l2=512 l3=1024 robd=2 robw=256  ASI= 2.3454  S=1.0605  A=  47.92  P= 16.40  [Strongly Sust.]
  bpt=a53 l1d=64 l2=512 l3=1024 robd=2 robw=512  ASI= 1.5612  S=1.0606  A=  49.40  P= 24.37  [Strongly Sust.]
  bpt=a53 l1d=64 l1i=16 l2=512 l3=2048 robw=16  ASI= 1.7501  S=1.0606  A=  54.95  P= 20.87  [Strongly Sust.]
  bpt=a53 l1d=64 l1i=64 l2=512 l3=2048 robw=16  ASI= 1.7316  S=1.0606  A=  55.77  P= 20.97  [Strongly Sust.]
  bpt=a53 l1d=64 l1ia=8 l2=512 l3=2048 robw=16  ASI= 1.6651  S=1.0606  A=  56.91  P= 21.61  [Strongly Sust.]
  bpt=a53 l1da=4 l1d=64 l2=512 l3=2048 robw=16  ASI= 1.8436  S=1.0606  A=  50.77  P= 20.44  [Strongly Sust.]
  bpt=a53 l1d=64 l2a=4 l2=512 l3=2048 robw=16  ASI= 1.7503  S=1.0606  A=  55.10  P= 20.85  [Strongly Sust.]
  bpt=a53 l1d=64 l2=512 l3a=4 l3=2048 robw=16  ASI= 1.7491  S=1.0606  A=  55.20  P= 20.85  [Strongly Sust.]
  bpt=a53 l1d=64 l2=512 l3a=8 l3=2048 robw=16  ASI= 1.7708  S=1.0605  A=  53.45  P= 20.86  [Strongly Sust.]
  bp=512 bpt=a53 l1d=64 l2=512 l3=2048 robw=16  ASI= 1.7450  S=1.0605  A=  55.19  P= 20.90  [Strongly Sust.]
  bp=2048 bpt=a53 l1d=64 l2=512 l3=2048 robw=16  ASI= 1.7450  S=1.0605  A=  55.19  P= 20.90  [Strongly Sust.]
  bpt=a53 l1d=64 l2=512 l3=2048 nhist=2 robw=16  ASI= 1.7450  S=1.0606  A=  55.19  P= 20.90  [Strongly Sust.]
  bpt=a53 l1d=64 l2=512 l3=2048 nhist=4 robw=16  ASI= 1.7450  S=1.0606  A=  55.19  P= 20.90  [Strongly Sust.]
  bpt=a53 l1d=64 l2=512 l3=2048 robd=2 robw=16  ASI= 2.2680  S=1.0605  A=  52.46  P= 16.41  [Strongly Sust.]
  bpt=a53 l1d=64 l2=512 l3=2048 robd=8 robw=16  ASI= 0.8729  S=1.0607  A=  63.05  P= 39.31  [Unsustainable]
  bpt=a53 l1d=64 l2=512 l3=2048 robd=10 robw=16  ASI= 0.6022  S=1.0605  A=  68.21  P= 54.61  [Unsustainable]
  bpt=a53 l1d=64 l1i=16 l2=512 l3=2048 robw=1024  ASI= 0.2236  S=1.0609  A=  72.12  P=142.31  [Unsustainable]
  bpt=a53 l1d=64 l1i=64 l2=512 l3=2048 robw=1024  ASI= 0.2218  S=1.0609  A=  72.95  P=142.40  [Unsustainable]
  bpt=a53 l1d=64 l1ia=8 l2=512 l3=2048 robw=1024  ASI= 0.2186  S=1.0609  A=  74.09  P=143.05  [Unsustainable]
  bpt=a53 l1da=4 l1d=64 l2=512 l3=2048 robw=1024  ASI= 0.2323  S=1.0610  A=  67.94  P=141.87  [Unsustainable]
  bpt=a53 l1d=64 l2a=4 l2=512 l3=2048 robw=1024  ASI= 0.2233  S=1.0608  A=  72.27  P=142.28  [Unsustainable]
  bpt=a53 l1d=64 l2=512 l3a=4 l3=2048 robw=1024  ASI= 0.2231  S=1.0609  A=  72.37  P=142.28  [Unsustainable]
  bpt=a53 l1d=64 l2=512 l3a=8 l3=2048 robw=1024  ASI= 0.2265  S=1.0609  A=  70.62  P=142.30  [Unsustainable]
  bp=512 bpt=a53 l1d=64 l2=512 l3=2048 robw=1024  ASI= 0.2231  S=1.0609  A=  72.36  P=142.33  [Unsustainable]
  bp=2048 bpt=a53 l1d=64 l2=512 l3=2048 robw=1024  ASI= 0.2231  S=1.0609  A=  72.36  P=142.33  [Unsustainable]
  bpt=a53 l1d=64 l2=512 l3=2048 nhist=2 robw=1024  ASI= 0.2231  S=1.0609  A=  72.36  P=142.33  [Unsustainable]
  bpt=a53 l1d=64 l2=512 l3=2048 nhist=4 robw=1024  ASI= 0.2231  S=1.0610  A=  72.36  P=142.33  [Unsustainable]
  bpt=a53 l1d=64 l2=512 l3=2048 robd=2 robw=1024  ASI= 1.0238  S=1.0605  A=  57.24  P= 35.07  [Strongly Sust.]
  bpt=a53 l1d=64 l2=512 l3=2048 robd=8 robw=1024  ASI= 0.0052  S=1.0609  A= 165.48  P=1188.47  [Unsustainable]
  bpt=a53 l1d=64 l2=512 l3=2048 robd=10 robw=1024  ASI=-0.0061  S=1.0609  A= 246.76  P=2631.83  [Unsustainable]
  bpt=a53 l1d=64 l1i=16 l2=512 l3=2048 robd=2  ASI= 2.2039  S=1.0605  A=  52.43  P= 16.89  [Strongly Sust.]
  bpt=a53 l1d=64 l1i=64 l2=512 l3=2048 robd=2  ASI= 2.1787  S=1.0605  A=  53.25  P= 16.98  [Strongly Sust.]
  bpt=a53 l1d=64 l1ia=8 l2=512 l3=2048 robd=2  ASI= 2.0807  S=1.0606  A=  54.39  P= 17.63  [Strongly Sust.]
  bpt=a53 l1da=4 l1d=64 l2=512 l3=2048 robd=2  ASI= 2.3321  S=1.0605  A=  48.24  P= 16.45  [Strongly Sust.]
  bpt=a53 l1d=64 l2a=4 l2=512 l3=2048 robd=2  ASI= 2.2049  S=1.0604  A=  52.58  P= 16.86  [Strongly Sust.]
  bpt=a53 l1d=64 l2=512 l3a=4 l3=2048 robd=2  ASI= 2.2034  S=1.0606  A=  52.67  P= 16.86  [Strongly Sust.]
  bpt=a53 l1d=64 l2=512 l3a=8 l3=2048 robd=2  ASI= 2.2298  S=1.0605  A=  50.92  P= 16.88  [Strongly Sust.]
  bp=512 bpt=a53 l1d=64 l2=512 l3=2048 robd=2  ASI= 2.1971  S=1.0605  A=  52.67  P= 16.91  [Strongly Sust.]
  bp=2048 bpt=a53 l1d=64 l2=512 l3=2048 robd=2  ASI= 2.1970  S=1.0606  A=  52.67  P= 16.91  [Strongly Sust.]
  bpt=a53 l1d=64 l2=512 l3=2048 nhist=2 robd=2  ASI= 2.1970  S=1.0606  A=  52.67  P= 16.91  [Strongly Sust.]
  bpt=a53 l1d=64 l2=512 l3=2048 nhist=4 robd=2  ASI= 2.1970  S=1.0606  A=  52.67  P= 16.91  [Strongly Sust.]
  bpt=a53 l1d=64 l2=512 l3=2048 robd=2 robw=32  ASI= 2.2410  S=1.0606  A=  52.54  P= 16.60  [Strongly Sust.]
  bpt=a53 l1d=64 l2=512 l3=2048 robd=2 robw=64  ASI= 2.2162  S=1.0605  A=  52.60  P= 16.77  [Strongly Sust.]
  bpt=a53 l1d=64 l2=512 l3=2048 robd=2 robw=256  ASI= 2.1707  S=1.0605  A=  52.78  P= 17.10  [Strongly Sust.]
  bpt=a53 l1d=64 l2=512 l3=2048 robd=2 robw=512  ASI= 1.4641  S=1.0606  A=  54.27  P= 25.08  [Strongly Sust.]
  bpt=a53 l1d=64 l1i=16 l2=512 l3=2048 robc=2  ASI= 1.6402  S=1.0606  A=  55.55  P= 22.17  [Strongly Sust.]
  bpt=a53 l1d=64 l1i=64 l2=512 l3=2048 robc=2  ASI= 1.6232  S=1.0607  A=  56.37  P= 22.26  [Strongly Sust.]
  bpt=a53 l1d=64 l1ia=8 l2=512 l3=2048 robc=2  ASI= 1.5636  S=1.0606  A=  57.51  P= 22.91  [Strongly Sust.]
  bpt=a53 l1da=4 l1d=64 l2=512 l3=2048 robc=2  ASI= 1.7259  S=1.0606  A=  51.37  P= 21.74  [Strongly Sust.]
  bpt=a53 l1d=64 l2a=4 l2=512 l3=2048 robc=2  ASI= 1.6402  S=1.0606  A=  55.70  P= 22.15  [Strongly Sust.]
  bpt=a53 l1d=64 l2=512 l3a=4 l3=2048 robc=2  ASI= 1.6391  S=1.0606  A=  55.80  P= 22.14  [Strongly Sust.]
  bpt=a53 l1d=64 l2=512 l3a=8 l3=2048 robc=2  ASI= 1.6596  S=1.0605  A=  54.05  P= 22.16  [Strongly Sust.]
  bp=512 bpt=a53 l1d=64 l2=512 l3=2048 robc=2  ASI= 1.6355  S=1.0608  A=  55.79  P= 22.20  [Strongly Sust.]
  bp=2048 bpt=a53 l1d=64 l2=512 l3=2048 robc=2  ASI= 1.6355  S=1.0606  A=  55.79  P= 22.20  [Strongly Sust.]
  bpt=a53 l1d=64 l2=512 l3=2048 nhist=2 robc=2  ASI= 1.6355  S=1.0607  A=  55.79  P= 22.20  [Strongly Sust.]
  bpt=a53 l1d=64 l2=512 l3=2048 nhist=4 robc=2  ASI= 1.6355  S=1.0606  A=  55.79  P= 22.20  [Strongly Sust.]
  bpt=a53 l1d=64 l2=512 l3=2048 robc=2 robw=16  ASI= 1.7450  S=1.0606  A=  55.19  P= 20.90  [Strongly Sust.]
  bpt=a53 l1d=64 l2=512 l3=2048 robc=2 robw=32  ASI= 1.6967  S=1.0605  A=  55.46  P= 21.45  [Strongly Sust.]
  bpt=a53 l1d=64 l2=512 l3=2048 robc=2 robw=64  ASI= 1.6648  S=1.0605  A=  55.61  P= 21.83  [Strongly Sust.]
  bpt=a53 l1d=64 l2=512 l3=2048 robc=2 robw=256  ASI= 0.6412  S=1.0605  A=  58.28  P= 55.54  [Unsustainable]
  bpt=a53 l1d=64 l2=512 l3=2048 robc=2 robw=512  ASI= 0.3574  S=1.0605  A=  62.82  P= 96.16  [Unsustainable]
  bpt=a53 l1d=64 l2=512 l3=2048 robc=2 robw=1024  ASI= 0.2231  S=1.0609  A=  72.36  P=142.33  [Unsustainable]
  bpt=a53 l1d=64 l2=512 l3=2048 robc=2 robd=2  ASI= 2.1970  S=1.0606  A=  52.67  P= 16.91  [Strongly Sust.]
  bpt=a53 l1d=64 l2=512 l3=2048 robc=2 robd=8  ASI= 0.1235  S=1.0606  A=  72.62  P=256.46  [Unsustainable]
  bpt=a53 l1d=64 l2=512 l3=2048 robc=2 robd=10  ASI= 0.0622  S=1.0607  A=  83.04  P=463.28  [Unsustainable]
  bpt=a53 l1d=64 l1i=16 l2=512 robc=10 robw=1024  ASI= 0.1328  S=1.0610  A= 116.89  P=147.09  [Unsustainable]
  bpt=a53 l1d=64 l1i=64 l2=512 robc=10 robw=1024  ASI= 0.1311  S=1.0607  A= 117.71  P=147.18  [Unsustainable]
  bpt=a53 l1d=64 l2=512 l3=1024 robc=10 robw=1024  ASI= 0.2336  S=1.0609  A=  67.50  P=141.63  [Unsustainable]
  bpt=a53 l1d=64 l2=512 l3=2048 robc=10 robw=1024  ASI= 0.2231  S=1.0609  A=  72.36  P=142.33  [Unsustainable]
  bpt=a53 l1d=64 l2=512 l3=4096 robc=10 robw=1024  ASI= 0.1977  S=1.0609  A=  84.40  P=143.90  [Unsustainable]
  bpt=a53 l1d=64 l1ia=8 l2=512 robc=10 robw=1024  ASI= 0.1284  S=1.0609  A= 118.85  P=147.83  [Unsustainable]
  bpt=a53 l1da=4 l1d=64 l2=512 robc=10 robw=1024  ASI= 0.1410  S=1.0609  A= 112.71  P=146.65  [Unsustainable]
  bpt=a53 l1d=64 l2a=4 l2=512 robc=10 robw=1024  ASI= 0.1325  S=1.0607  A= 117.04  P=147.06  [Unsustainable]
  bpt=a53 l1d=64 l2=512 l3a=4 robc=10 robw=1024  ASI= 0.1348  S=1.0609  A= 115.87  P=146.97  [Unsustainable]
  bpt=a53 l1d=64 l2=512 l3a=8 robc=10 robw=1024  ASI= 0.1323  S=1.0609  A= 117.15  P=147.03  [Unsustainable]
  bp=512 bpt=a53 l1d=64 l2=512 robc=10 robw=1024  ASI= 0.1323  S=1.0609  A= 117.13  P=147.11  [Unsustainable]
  bp=2048 bpt=a53 l1d=64 l2=512 robc=10 robw=1024  ASI= 0.1323  S=1.0609  A= 117.13  P=147.11  [Unsustainable]
  bpt=a53 l1d=64 l2=512 nhist=2 robc=10 robw=1024  ASI= 0.1323  S=1.0608  A= 117.13  P=147.11  [Unsustainable]
  bpt=a53 l1d=64 l2=512 nhist=4 robc=10 robw=1024  ASI= 0.1323  S=1.0609  A= 117.13  P=147.11  [Unsustainable]
  bpt=a53 l1d=64 l2=512 robc=10 robd=2 robw=1024  ASI= 0.5925  S=1.0606  A= 102.02  P= 39.85  [Unsustainable]
  bpt=a53 l1d=64 l2=512 robc=10 robd=8 robw=1024  ASI=-0.0051  S=1.0609  A= 210.28  P=1193.24  [Unsustainable]
  bpt=a53 l1d=64 l2=512 robc=10 robd=10 robw=1024  ASI=-0.0109  S=1.0608  A= 293.11  P=2636.61  [Unsustainable]
  bpt=a53 l1da=4 l1d=64 l1i=16 l3=1024 robd=2  ASI= 2.8391  S=1.0013  A=  36.91  P= 14.61  [Strongly Sust.]
  bpt=a53 l1da=4 l1d=64 l1i=64 l3=1024 robd=2  ASI= 2.8060  S=1.0014  A=  37.74  P= 14.70  [Strongly Sust.]
  bpt=a53 l1da=4 l1d=64 l2=128 l3=1024 robd=2  ASI= 2.9193  S=0.9745  A=  35.66  P= 14.33  [Strongly Sust.]
  bpt=a53 l1da=4 l1d=64 l1ia=8 l3=1024 robd=2  ASI= 2.6725  S=1.0014  A=  38.88  P= 15.32  [Strongly Sust.]
  bpt=a53 l1da=4 l1d=64 l2a=4 l3=1024 robd=2  ASI= 2.8424  S=1.0017  A=  36.61  P= 14.62  [Strongly Sust.]
  bpt=a53 l1da=4 l1d=64 l3a=4 l3=1024 robd=2  ASI= 2.8810  S=1.0013  A=  35.07  P= 14.57  [Strongly Sust.]
  bpt=a53 l1da=4 l1d=64 l3a=8 l3=1024 robd=2  ASI= 2.8792  S=1.0013  A=  35.07  P= 14.58  [Strongly Sust.]
  bp=512 bpt=a53 l1da=4 l1d=64 l3=1024 robd=2  ASI= 2.8301  S=1.0013  A=  37.15  P= 14.63  [Strongly Sust.]
  bp=2048 bpt=a53 l1da=4 l1d=64 l3=1024 robd=2  ASI= 2.8301  S=1.0014  A=  37.15  P= 14.63  [Strongly Sust.]
  bpt=a53 l1da=4 l1d=64 l3=1024 nhist=2 robd=2  ASI= 2.8301  S=1.0014  A=  37.15  P= 14.63  [Strongly Sust.]
  bpt=a53 l1da=4 l1d=64 l3=1024 nhist=4 robd=2  ASI= 2.8302  S=1.0012  A=  37.15  P= 14.63  [Strongly Sust.]
  bpt=a53 l1da=4 l1d=64 l3=1024 robd=2 robw=16  ASI= 2.9349  S=1.0013  A=  36.94  P= 14.13  [Strongly Sust.]
  bpt=a53 l1da=4 l1d=64 l3=1024 robd=2 robw=32  ASI= 2.8951  S=1.0013  A=  37.03  P= 14.32  [Strongly Sust.]
  bpt=a53 l1da=4 l1d=64 l3=1024 robd=2 robw=64  ASI= 2.8582  S=1.0013  A=  37.09  P= 14.50  [Strongly Sust.]
  bpt=a53 l1da=4 l1d=64 l3=1024 robd=2 robw=256  ASI= 2.7917  S=1.0013  A=  37.27  P= 14.82  [Strongly Sust.]
  bpt=a53 l1da=4 l1d=64 l3=1024 robd=2 robw=512  ASI= 1.7972  S=1.0013  A=  38.76  P= 22.80  [Strongly Sust.]
  bpt=a53 l1da=4 l1d=64 l3=1024 robd=2 robw=1024  ASI= 1.2249  S=1.0013  A=  41.73  P= 32.79  [Strongly Sust.]
  bpt=a53 l1da=4 l1i=16 l2=512 l3=1024 robd=2  ASI= 2.5404  S=1.0589  A=  42.97  P= 15.67  [Strongly Sust.]
  bpt=a53 l1da=4 l1i=64 l2=512 l3=1024 robd=2  ASI= 2.5112  S=1.0589  A=  43.79  P= 15.77  [Strongly Sust.]
  bpt=a53 l1da=4 l1d=16 l2=512 l3=1024 robd=2  ASI= 2.5414  S=1.0581  A=  43.01  P= 15.66  [Strongly Sust.]
  bpt=a53 l1da=4 l1ia=8 l2=512 l3=1024 robd=2  ASI= 2.3930  S=1.0589  A=  44.93  P= 16.41  [Strongly Sust.]
  bpt=a53 l1da=4 l2a=4 l2=512 l3=1024 robd=2  ASI= 2.5419  S=1.0588  A=  43.12  P= 15.65  [Strongly Sust.]
  bpt=a53 l1da=4 l2=512 l3a=4 l3=1024 robd=2  ASI= 2.5786  S=1.0589  A=  41.13  P= 15.64  [Strongly Sust.]
  bpt=a53 l1da=4 l2=512 l3a=8 l3=1024 robd=2  ASI= 2.5772  S=1.0589  A=  41.13  P= 15.65  [Strongly Sust.]
  bp=512 bpt=a53 l1da=4 l2=512 l3=1024 robd=2  ASI= 2.5325  S=1.0589  A=  43.21  P= 15.70  [Strongly Sust.]
  bp=2048 bpt=a53 l1da=4 l2=512 l3=1024 robd=2  ASI= 2.5324  S=1.0589  A=  43.21  P= 15.70  [Strongly Sust.]
  bpt=a53 l1da=4 l2=512 l3=1024 nhist=2 robd=2  ASI= 2.5325  S=1.0589  A=  43.21  P= 15.70  [Strongly Sust.]
  bpt=a53 l1da=4 l2=512 l3=1024 nhist=4 robd=2  ASI= 2.5325  S=1.0588  A=  43.21  P= 15.70  [Strongly Sust.]
  bpt=a53 l1da=4 l2=512 l3=1024 robd=2 robw=16  ASI= 2.6201  S=1.0589  A=  43.00  P= 15.19  [Strongly Sust.]
  bpt=a53 l1da=4 l2=512 l3=1024 robd=2 robw=32  ASI= 2.5869  S=1.0589  A=  43.08  P= 15.38  [Strongly Sust.]
  bpt=a53 l1da=4 l2=512 l3=1024 robd=2 robw=64  ASI= 2.5560  S=1.0589  A=  43.15  P= 15.56  [Strongly Sust.]
  bpt=a53 l1da=4 l2=512 l3=1024 robd=2 robw=256  ASI= 2.5001  S=1.0589  A=  43.32  P= 15.89  [Strongly Sust.]
  bpt=a53 l1da=4 l2=512 l3=1024 robd=2 robw=512  ASI= 1.6474  S=1.0587  A=  44.81  P= 23.86  [Strongly Sust.]
  bpt=a53 l1da=4 l2=512 l3=1024 robd=2 robw=1024  ASI= 1.1373  S=1.0589  A=  47.79  P= 33.85  [Strongly Sust.]
  bpt=pentium_m l1i=16 l2=512 l3=1024 robd=2  ASI= 2.3951  S=1.0590  A=  47.23  P= 16.14  [Strongly Sust.]
  bpt=pentium_m l1i=64 l2=512 l3=1024 robd=2  ASI= 2.3676  S=1.0590  A=  48.05  P= 16.23  [Strongly Sust.]
  bpt=pentium_m l1d=16 l2=512 l3=1024 robd=2  ASI= 2.4157  S=1.0580  A=  46.35  P= 16.10  [Strongly Sust.]
  bpt=pentium_m l1d=64 l2=512 l3=1024 robd=2  ASI= 2.3750  S=1.0606  A=  47.80  P= 16.21  [Strongly Sust.]
  bpt=pentium_m l1ia=8 l2=512 l3=1024 robd=2  ASI= 2.2582  S=1.0589  A=  49.19  P= 16.88  [Strongly Sust.]
  bpt=pentium_m l1da=4 l2=512 l3=1024 robd=2  ASI= 2.5325  S=1.0589  A=  43.21  P= 15.70  [Strongly Sust.]
  bpt=pentium_m l2a=4 l2=512 l3=1024 robd=2  ASI= 2.3964  S=1.0589  A=  47.38  P= 16.11  [Strongly Sust.]
  bpt=pentium_m l2=512 l3a=4 l3=1024 robd=2  ASI= 2.4320  S=1.0590  A=  45.39  P= 16.10  [Strongly Sust.]
  bpt=pentium_m l2=512 l3a=8 l3=1024 robd=2  ASI= 2.4306  S=1.0590  A=  45.39  P= 16.11  [Strongly Sust.]
  bpt=pentium_m l2=512 l3=1024 robd=2 robw=16  ASI= 2.4681  S=1.0589  A=  47.26  P= 15.66  [Strongly Sust.]
  bpt=pentium_m l2=512 l3=1024 robd=2 robw=32  ASI= 2.4375  S=1.0590  A=  47.34  P= 15.84  [Strongly Sust.]
  bpt=pentium_m l2=512 l3=1024 robd=2 robw=64  ASI= 2.4093  S=1.0590  A=  47.40  P= 16.02  [Strongly Sust.]
  bpt=pentium_m l2=512 l3=1024 robd=2 robw=256  ASI= 2.3579  S=1.0590  A=  47.58  P= 16.35  [Strongly Sust.]
  bpt=pentium_m l2=512 l3=1024 robd=2 robw=512  ASI= 1.5680  S=1.0589  A=  49.07  P= 24.33  [Strongly Sust.]
  bpt=pentium_m l2=512 l3=1024 robd=2 robw=1024  ASI= 1.0879  S=1.0592  A=  52.04  P= 34.31  [Strongly Sust.]
  bpt=a53 l1i=16 l2=512 l3=1024 robd=2 robw=32  ASI= 2.4453  S=1.0589  A=  47.10  P= 15.82  [Strongly Sust.]
  bpt=a53 l1i=64 l2=512 l3=1024 robd=2 robw=32  ASI= 2.4169  S=1.0589  A=  47.93  P= 15.91  [Strongly Sust.]
  bpt=a53 l1d=16 l2=512 l3=1024 robd=2 robw=32  ASI= 2.4663  S=1.0581  A=  46.23  P= 15.78  [Strongly Sust.]
  bpt=a53 l1ia=8 l2=512 l3=1024 robd=2 robw=32  ASI= 2.3035  S=1.0588  A=  49.07  P= 16.56  [Strongly Sust.]
  bpt=a53 l2a=4 l2=512 l3=1024 robd=2 robw=32  ASI= 2.4466  S=1.0589  A=  47.25  P= 15.79  [Strongly Sust.]
  bpt=a53 l2=512 l3a=4 l3=1024 robd=2 robw=32  ASI= 2.4830  S=1.0589  A=  45.27  P= 15.78  [Strongly Sust.]
  bpt=a53 l2=512 l3a=8 l3=1024 robd=2 robw=32  ASI= 2.4815  S=1.0589  A=  45.26  P= 15.79  [Strongly Sust.]
  bp=512 bpt=a53 l2=512 l3=1024 robd=2 robw=32  ASI= 2.4376  S=1.0588  A=  47.34  P= 15.84  [Strongly Sust.]
  bp=2048 bpt=a53 l2=512 l3=1024 robd=2 robw=32  ASI= 2.4375  S=1.0590  A=  47.34  P= 15.84  [Strongly Sust.]
  bpt=a53 l2=512 l3=1024 nhist=2 robd=2 robw=32  ASI= 2.4375  S=1.0589  A=  47.34  P= 15.84  [Strongly Sust.]
  bpt=a53 l2=512 l3=1024 nhist=4 robd=2 robw=32  ASI= 2.4376  S=1.0587  A=  47.34  P= 15.84  [Strongly Sust.]
  bpt=a53 l1da=4 l1i=16 l3=1024 robd=2 robw=16  ASI= 2.9583  S=0.9999  A=  36.53  P= 14.06  [Strongly Sust.]
  bpt=a53 l1da=4 l1i=64 l3=1024 robd=2 robw=16  ASI= 2.9232  S=1.0000  A=  37.36  P= 14.15  [Strongly Sust.]
  bpt=a53 l1da=4 l1d=16 l3=1024 robd=2 robw=16  ASI= 2.9597  S=0.9992  A=  36.57  P= 14.05  [Strongly Sust.]
  bpt=a53 l1da=4 l2=128 l3=1024 robd=2 robw=16  ASI= 3.0440  S=0.9732  A=  35.28  P= 13.77  [Strongly Sust.]
  bpt=a53 l1da=4 l1ia=8 l3=1024 robd=2 robw=16  ASI= 2.7800  S=0.9998  A=  38.50  P= 14.76  [Strongly Sust.]
  bpt=a53 l1da=4 l2a=4 l3=1024 robd=2 robw=16  ASI= 2.9616  S=1.0004  A=  36.23  P= 14.07  [Strongly Sust.]
  bpt=a53 l1da=4 l3a=4 l3=1024 robd=2 robw=16  ASI= 3.0022  S=0.9999  A=  34.69  P= 14.02  [Strongly Sust.]
  bpt=a53 l1da=4 l3a=8 l3=1024 robd=2 robw=16  ASI= 3.0002  S=0.9999  A=  34.69  P= 14.03  [Strongly Sust.]
  bp=512 bpt=a53 l1da=4 l3=1024 robd=2 robw=16  ASI= 2.9487  S=1.0000  A=  36.77  P= 14.08  [Strongly Sust.]
  bp=2048 bpt=a53 l1da=4 l3=1024 robd=2 robw=16  ASI= 2.9487  S=0.9999  A=  36.77  P= 14.08  [Strongly Sust.]
  bpt=a53 l1da=4 l3=1024 nhist=2 robd=2 robw=16  ASI= 2.9487  S=1.0000  A=  36.77  P= 14.08  [Strongly Sust.]
  bpt=a53 l1da=4 l3=1024 nhist=4 robd=2 robw=16  ASI= 2.9488  S=0.9999  A=  36.77  P= 14.08  [Strongly Sust.]
  bpt=a53 l1da=4 l1i=16 l3=1024 robd=2 robw=32  ASI= 2.9179  S=1.0000  A=  36.62  P= 14.24  [Strongly Sust.]
  bpt=a53 l1da=4 l1i=64 l3=1024 robd=2 robw=32  ASI= 2.8836  S=0.9999  A=  37.44  P= 14.33  [Strongly Sust.]
  bpt=a53 l1da=4 l1d=16 l3=1024 robd=2 robw=32  ASI= 2.9192  S=0.9993  A=  36.66  P= 14.23  [Strongly Sust.]
  bpt=a53 l1da=4 l2=128 l3=1024 robd=2 robw=32  ASI= 3.0017  S=0.9732  A=  35.36  P= 13.96  [Strongly Sust.]
  bpt=a53 l1da=4 l1ia=8 l3=1024 robd=2 robw=32  ASI= 2.7438  S=0.9999  A=  38.58  P= 14.95  [Strongly Sust.]
  bpt=a53 l1da=4 l2a=4 l3=1024 robd=2 robw=32  ASI= 2.9213  S=1.0003  A=  36.31  P= 14.26  [Strongly Sust.]
  bpt=a53 l1da=4 l3a=4 l3=1024 robd=2 robw=32  ASI= 2.9611  S=1.0000  A=  34.78  P= 14.21  [Strongly Sust.]
  bpt=a53 l1da=4 l3a=8 l3=1024 robd=2 robw=32  ASI= 2.9592  S=0.9999  A=  34.77  P= 14.22  [Strongly Sust.]
  bp=512 bpt=a53 l1da=4 l3=1024 robd=2 robw=32  ASI= 2.9086  S=0.9999  A=  36.86  P= 14.27  [Strongly Sust.]
  bp=2048 bpt=a53 l1da=4 l3=1024 robd=2 robw=32  ASI= 2.9086  S=0.9999  A=  36.86  P= 14.27  [Strongly Sust.]
  bpt=a53 l1da=4 l3=1024 nhist=2 robd=2 robw=32  ASI= 2.9087  S=0.9998  A=  36.86  P= 14.27  [Strongly Sust.]
  bpt=a53 l1da=4 l3=1024 nhist=4 robd=2 robw=32  ASI= 2.9086  S=1.0000  A=  36.86  P= 14.27  [Strongly Sust.]
  bpt=a53 l1da=4 l1i=16 l2a=4 l3=1024 robd=2  ASI= 2.8645  S=1.0004  A=  36.20  P= 14.55  [Strongly Sust.]
  bpt=a53 l1da=4 l1i=64 l2a=4 l3=1024 robd=2  ASI= 2.8312  S=1.0004  A=  37.02  P= 14.64  [Strongly Sust.]
  bpt=a53 l1da=4 l1d=16 l2a=4 l3=1024 robd=2  ASI= 2.8657  S=0.9998  A=  36.24  P= 14.54  [Strongly Sust.]
  bpt=a53 l1da=4 l2a=4 l2=128 l3=1024 robd=2  ASI= 2.9356  S=0.9732  A=  35.46  P= 14.27  [Strongly Sust.]
  bpt=a53 l1da=4 l1ia=8 l2a=4 l3=1024 robd=2  ASI= 2.6962  S=1.0004  A=  38.16  P= 15.26  [Strongly Sust.]
  bpt=a53 l1da=4 l2a=4 l3a=4 l3=1024 robd=2  ASI= 2.9067  S=1.0003  A=  34.36  P= 14.51  [Strongly Sust.]
  bpt=a53 l1da=4 l2a=4 l3a=8 l3=1024 robd=2  ASI= 2.9048  S=1.0004  A=  34.36  P= 14.52  [Strongly Sust.]
  bp=512 bpt=a53 l1da=4 l2a=4 l3=1024 robd=2  ASI= 2.8555  S=1.0002  A=  36.44  P= 14.57  [Strongly Sust.]
  bp=2048 bpt=a53 l1da=4 l2a=4 l3=1024 robd=2  ASI= 2.8554  S=1.0004  A=  36.44  P= 14.57  [Strongly Sust.]
  bpt=a53 l1da=4 l2a=4 l3=1024 nhist=2 robd=2  ASI= 2.8554  S=1.0004  A=  36.44  P= 14.57  [Strongly Sust.]
  bpt=a53 l1da=4 l2a=4 l3=1024 nhist=4 robd=2  ASI= 2.8555  S=1.0004  A=  36.44  P= 14.57  [Strongly Sust.]
  bpt=a53 l1da=4 l2a=4 l3=1024 robd=2 robw=64  ASI= 2.8840  S=1.0003  A=  36.38  P= 14.43  [Strongly Sust.]
  bpt=a53 l1da=4 l2a=4 l3=1024 robd=2 robw=256  ASI= 2.8165  S=1.0004  A=  36.55  P= 14.76  [Strongly Sust.]
  bpt=a53 l1da=4 l2a=4 l3=1024 robd=2 robw=512  ASI= 1.8106  S=1.0004  A=  38.04  P= 22.74  [Strongly Sust.]
  bpt=a53 l1da=4 l2a=4 l3=1024 robd=2 robw=1024  ASI= 1.2332  S=1.0004  A=  41.02  P= 32.72  [Strongly Sust.]
  Freezing 'l1i_size' for 4 iterations (backoff ×2)
  Freezing 'l1d_size' for 4 iterations (backoff ×2)
  Freezing 'l2_assoc' for 4 iterations (backoff ×2)
  Freezing 'l3_assoc' for 4 iterations (backoff ×2)
  Freezing 'branch_predictor_size' for 4 iterations (backoff ×2)
  Freezing 'num_history_registers' for 4 iterations (backoff ×2)
  Deleted 200 non-Pareto output directories.

  Pareto front after iteration 4 (23 points):
  Params                                  ASI  Speedup     Area  PeakPow  Region
  ──────────────────────────────────────────────────────────────────────────────
  bpt=a53 l1d=64 l2=512 l3=2048 nhist=4 robw=1024   0.2231   1.0610    72.36   142.33  Unsustainable
  bpt=a53 l1da=4 l1d=64 l2=512 l3=2048 robw=1024   0.2323   1.0610    67.94   141.87  Unsustainable
  bpt=a53 l1d=64 l2=512 l3a=4 l3=1024 robw=1024   0.2377   1.0609    65.43   141.57  Unsustainable
  bpt=a53 l1da=4 l1d=64 l2=512 l3=1024 robw=1024   0.2430   1.0608    63.08   141.17  Unsustainable
  bpt=a53 l1d=64 l2=512 l3=2048 robc=2   1.6355   1.0608    55.79    22.20  Strongly Sust.
  bp=512 bpt=a53 l1d=64 l2=512 l3=2048 robc=2   1.6355   1.0608    55.79    22.20  Strongly Sust.
  bpt=a53 l1d=64 l2=512 l3=2048 robw=16   1.7450   1.0607    55.19    20.90  Strongly Sust.
  bp=512 bpt=a53 l1d=64 l2=512 l3=1024 robd=2   2.3749   1.0607    47.80    16.21  Strongly Sust.
  bpt=pentium_m l1d=64 l2=512 l3=1024 robd=2   2.3750   1.0606    47.80    16.21  Strongly Sust.
  bpt=a53 l1d=64 l2=512 l3a=8 l3=1024 robd=2   2.4178   1.0606    45.72    16.16  Strongly Sust.
  bpt=a53 l1d=64 l2=512 l3=1024 robd=2 robw=16   2.4547   1.0606    47.59    15.70  Strongly Sust.
  bpt=a53 l1da=4 l1d=64 l2=512 l3=1024 robd=2   2.5213   1.0604    43.38    15.75  Strongly Sust.
  bpt=a53 l1da=4 l2=512 l3=1024 robd=2   2.5324   1.0589    43.21    15.70  Strongly Sust.
  bpt=a53 l1da=4 l2=512 l3a=4 l3=1024 robd=2   2.5786   1.0589    41.13    15.64  Strongly Sust.
  bpt=a53 l1da=4 l2=512 l3=1024 robd=2 robw=32   2.5869   1.0589    43.08    15.38  Strongly Sust.
  bpt=a53 l1da=4 l2=512 l3=1024 robd=2 robw=16   2.6201   1.0589    43.00    15.19  Strongly Sust.
  bpt=a53 l1da=4 l1d=64 l2a=4 l3=1024 robd=2   2.8424   1.0017    36.61    14.62  Strongly Sust.
  bpt=a53 l1da=4 l1d=64 l3a=8 l3=1024 robd=2   2.8792   1.0013    35.07    14.58  Strongly Sust.
  bpt=a53 l1da=4 l1d=64 l3=1024 robd=2 robw=16   2.9349   1.0013    36.94    14.13  Strongly Sust.
  bpt=a53 l1da=4 l2a=4 l3=1024 robd=2 robw=16   2.9616   1.0004    36.23    14.07  Strongly Sust.
  bpt=a53 l1da=4 l3a=8 l3=1024 robd=2 robw=16   3.0002   0.9999    34.69    14.03  Strongly Sust.
  bpt=a53 l1da=4 l3a=4 l3=1024 robd=2 robw=16   3.0022   0.9999    34.69    14.02  Strongly Sust.
  bpt=a53 l1da=4 l2=128 l3=1024 robd=2 robw=16   3.0440   0.9732    35.28    13.77  Strongly Sust.
  Ran sniper 209 times this iteration (605 total).

=== Iteration 5 ===
  Evaluating 97 configurations...
  bpt=a53 l1da=4 l1d=64 l1ia=8 l2=512 l3=1024 robw=1024  ASI= 0.2384  S=1.0609  A=  64.81  P=141.88  [Unsustainable]
  bpt=a53 l1da=4 l1d=64 l2=512 l3=1024 robd=2 robw=1024  ASI= 1.1342  S=1.0606  A=  47.96  P= 33.90  [Strongly Sust.]
  bpt=a53 l1da=4 l1d=64 l2=512 l3=1024 robd=8 robw=1024  ASI= 0.0074  S=1.0608  A= 156.19  P=1187.31  [Unsustainable]
  bpt=a53 l1da=4 l1d=64 l2=512 l3=1024 robd=10 robw=1024  ASI=-0.0052  S=1.0609  A= 237.48  P=2630.67  [Unsustainable]
  bpt=a53 l1d=64 l1ia=8 l2=512 l3a=4 l3=1024 robw=1024  ASI= 0.2332  S=1.0609  A=  67.15  P=142.28  [Unsustainable]
  bpt=a53 l1da=4 l1d=64 l2=512 l3a=4 l3=1024 robw=1024  ASI= 0.2471  S=1.0608  A=  61.01  P=141.11  [Unsustainable]
  bpt=a53 l1d=64 l2=512 l3a=4 l3=1024 robd=2 robw=1024  ASI= 1.1022  S=1.0605  A=  50.30  P= 34.30  [Strongly Sust.]
  bpt=a53 l1d=64 l2=512 l3a=4 l3=1024 robd=8 robw=1024  ASI= 0.0068  S=1.0609  A= 158.53  P=1187.71  [Unsustainable]
  bpt=a53 l1d=64 l2=512 l3a=4 l3=1024 robd=10 robw=1024  ASI=-0.0054  S=1.0609  A= 239.82  P=2631.07  [Unsustainable]
  bpt=a53 l1da=4 l1d=64 l1ia=8 l2=512 l3=1024 robd=2  ASI= 2.3826  S=1.0606  A=  45.10  P= 16.47  [Strongly Sust.]
  bpt=a53 l1da=4 l1d=64 l2=512 l3=1024 robd=2 robw=16  ASI= 2.6083  S=1.0605  A=  43.17  P= 15.25  [Strongly Sust.]
  bpt=a53 l1da=4 l1d=64 l2=512 l3=1024 robd=2 robw=32  ASI= 2.5753  S=1.0605  A=  43.26  P= 15.43  [Strongly Sust.]
  bpt=a53 l1da=4 l1d=64 l2=512 l3=1024 robd=2 robw=64  ASI= 2.5447  S=1.0606  A=  43.32  P= 15.61  [Strongly Sust.]
  bpt=a53 l1da=4 l1d=64 l2=512 l3=1024 robd=2 robw=256  ASI= 2.4892  S=1.0605  A=  43.49  P= 15.94  [Strongly Sust.]
  bpt=a53 l1da=4 l1d=64 l2=512 l3=1024 robd=2 robw=512  ASI= 1.6419  S=1.0605  A=  44.98  P= 23.92  [Strongly Sust.]
  bpt=a53 l1d=64 l1ia=8 l2=512 l3a=8 l3=1024 robd=2  ASI= 2.2868  S=1.0606  A=  47.45  P= 16.87  [Strongly Sust.]
  bpt=a53 l1da=4 l1d=64 l2=512 l3a=8 l3=1024 robd=2  ASI= 2.5658  S=1.0606  A=  41.30  P= 15.70  [Strongly Sust.]
  bpt=a53 l1d=64 l2=512 l3a=8 l3=1024 robd=2 robw=16  ASI= 2.4991  S=1.0606  A=  45.51  P= 15.65  [Strongly Sust.]
  bpt=a53 l1d=64 l2=512 l3a=8 l3=1024 robd=2 robw=32  ASI= 2.4683  S=1.0606  A=  45.60  P= 15.84  [Strongly Sust.]
  bpt=a53 l1d=64 l2=512 l3a=8 l3=1024 robd=2 robw=64  ASI= 2.4397  S=1.0605  A=  45.66  P= 16.02  [Strongly Sust.]
  bpt=a53 l1d=64 l2=512 l3a=8 l3=1024 robd=2 robw=256  ASI= 2.3877  S=1.0605  A=  45.83  P= 16.35  [Strongly Sust.]
  bpt=a53 l1d=64 l2=512 l3a=8 l3=1024 robd=2 robw=512  ASI= 1.5879  S=1.0605  A=  47.32  P= 24.32  [Strongly Sust.]
  bpt=a53 l1d=64 l2=512 l3a=8 l3=1024 robd=2 robw=1024  ASI= 1.1019  S=1.0606  A=  50.30  P= 34.31  [Strongly Sust.]
  bp=512 bpt=a53 l1d=64 l1ia=8 l2=512 l3=1024 robd=2  ASI= 2.2463  S=1.0605  A=  49.53  P= 16.93  [Strongly Sust.]
  bp=512 bpt=a53 l1da=4 l1d=64 l2=512 l3=1024 robd=2  ASI= 2.5213  S=1.0606  A=  43.38  P= 15.75  [Strongly Sust.]
  bp=512 bpt=a53 l1d=64 l2=512 l3=1024 robd=2 robw=16  ASI= 2.4548  S=1.0605  A=  47.59  P= 15.70  [Strongly Sust.]
  bp=512 bpt=a53 l1d=64 l2=512 l3=1024 robd=2 robw=32  ASI= 2.4245  S=1.0605  A=  47.68  P= 15.89  [Strongly Sust.]
  bp=512 bpt=a53 l1d=64 l2=512 l3=1024 robd=2 robw=64  ASI= 2.3964  S=1.0606  A=  47.74  P= 16.07  [Strongly Sust.]
  bp=512 bpt=a53 l1d=64 l2=512 l3=1024 robd=2 robw=256  ASI= 2.3454  S=1.0605  A=  47.92  P= 16.40  [Strongly Sust.]
  bp=512 bpt=a53 l1d=64 l2=512 l3=1024 robd=2 robw=512  ASI= 1.5612  S=1.0605  A=  49.40  P= 24.37  [Strongly Sust.]
  bp=512 bpt=a53 l1d=64 l2=512 l3=1024 robd=2 robw=1024  ASI= 1.0837  S=1.0605  A=  52.38  P= 34.36  [Strongly Sust.]
  bpt=a53 l1d=64 l1ia=8 l2=512 l3=1024 robd=2 robw=16  ASI= 2.3186  S=1.0605  A=  49.32  P= 16.42  [Strongly Sust.]
  bpt=a53 l1da=4 l1d=64 l1ia=8 l2=512 l3=2048 robw=1024  ASI= 0.2279  S=1.0609  A=  69.67  P=142.59  [Unsustainable]
  bpt=a53 l1da=4 l1d=64 l2=512 l3=2048 robd=2 robw=1024  ASI= 1.0725  S=1.0606  A=  52.82  P= 34.61  [Strongly Sust.]
  bpt=a53 l1da=4 l1d=64 l2=512 l3=2048 robd=8 robw=1024  ASI= 0.0062  S=1.0609  A= 161.06  P=1188.01  [Unsustainable]
  bpt=a53 l1da=4 l1d=64 l2=512 l3=2048 robd=10 robw=1024  ASI=-0.0057  S=1.0610  A= 242.34  P=2631.37  [Unsustainable]
  bpt=a53 l1d=64 l1ia=8 l2=512 l3=2048 nhist=4 robw=1024  ASI= 0.2186  S=1.0609  A=  74.09  P=143.05  [Unsustainable]
  bpt=a53 l1da=4 l1d=64 l2=512 l3=2048 nhist=4 robw=1024  ASI= 0.2323  S=1.0610  A=  67.94  P=141.87  [Unsustainable]
  bpt=a53 l1d=64 l2=512 l3=2048 nhist=4 robd=2 robw=1024  ASI= 1.0238  S=1.0605  A=  57.24  P= 35.06  [Strongly Sust.]
  bpt=a53 l1d=64 l2=512 l3=2048 nhist=4 robd=8 robw=1024  ASI= 0.0052  S=1.0609  A= 165.48  P=1188.47  [Unsustainable]
  bpt=a53 l1d=64 l2=512 l3=2048 nhist=4 robd=10 robw=1024  ASI=-0.0061  S=1.0609  A= 246.76  P=2631.83  [Unsustainable]
  bp=512 bpt=a53 l1d=64 l1ia=8 l2=512 l3=2048 robc=2  ASI= 1.5636  S=1.0608  A=  57.51  P= 22.91  [Strongly Sust.]
  bp=512 bpt=a53 l1da=4 l1d=64 l2=512 l3=2048 robc=2  ASI= 1.7259  S=1.0606  A=  51.37  P= 21.74  [Strongly Sust.]
  bp=512 bpt=a53 l1d=64 l2=512 l3=2048 robc=2 robw=16  ASI= 1.7450  S=1.0607  A=  55.19  P= 20.90  [Strongly Sust.]
  bp=512 bpt=a53 l1d=64 l2=512 l3=2048 robc=2 robw=32  ASI= 1.6966  S=1.0607  A=  55.46  P= 21.45  [Strongly Sust.]
  bp=512 bpt=a53 l1d=64 l2=512 l3=2048 robc=2 robw=64  ASI= 1.6648  S=1.0606  A=  55.61  P= 21.83  [Strongly Sust.]
  bp=512 bpt=a53 l1d=64 l2=512 l3=2048 robc=2 robw=256  ASI= 0.6412  S=1.0606  A=  58.28  P= 55.55  [Unsustainable]
  bp=512 bpt=a53 l1d=64 l2=512 l3=2048 robc=2 robw=512  ASI= 0.3574  S=1.0606  A=  62.82  P= 96.16  [Unsustainable]
  bp=512 bpt=a53 l1d=64 l2=512 l3=2048 robc=2 robw=1024  ASI= 0.2231  S=1.0609  A=  72.36  P=142.33  [Unsustainable]
  bp=512 bpt=a53 l1d=64 l2=512 l3=2048 robc=2 robd=2  ASI= 2.1970  S=1.0606  A=  52.67  P= 16.91  [Strongly Sust.]
  bp=512 bpt=a53 l1d=64 l2=512 l3=2048 robc=2 robd=8  ASI= 0.1235  S=1.0607  A=  72.62  P=256.46  [Unsustainable]
  bp=512 bpt=a53 l1d=64 l2=512 l3=2048 robc=2 robd=10  ASI= 0.0622  S=1.0606  A=  83.04  P=463.28  [Unsustainable]
  bpt=a53 l1da=4 l1d=64 l2a=4 l2=128 l3=1024 robd=2  ASI= 2.9221  S=0.9744  A=  35.63  P= 14.32  [Strongly Sust.]
  bpt=a53 l1da=4 l1d=64 l2a=4 l2=512 l3=1024 robd=2  ASI= 2.5307  S=1.0605  A=  43.29  P= 15.70  [Strongly Sust.]
  bpt=a53 l1da=4 l1d=64 l1ia=8 l2a=4 l3=1024 robd=2  ASI= 2.6842  S=1.0018  A=  38.34  P= 15.31  [Strongly Sust.]
  bpt=a53 l1da=4 l1d=64 l2a=4 l3=1024 robd=2 robw=16  ASI= 2.9477  S=1.0018  A=  36.40  P= 14.12  [Strongly Sust.]
  bpt=a53 l1da=4 l1d=64 l2a=4 l3=1024 robd=2 robw=32  ASI= 2.9076  S=1.0019  A=  36.49  P= 14.31  [Strongly Sust.]
  bpt=a53 l1da=4 l1d=64 l2a=4 l3=1024 robd=2 robw=64  ASI= 2.8706  S=1.0018  A=  36.55  P= 14.49  [Strongly Sust.]
  bpt=a53 l1da=4 l1d=64 l2a=4 l3=1024 robd=2 robw=256  ASI= 2.8037  S=1.0018  A=  36.72  P= 14.81  [Strongly Sust.]
  bpt=a53 l1da=4 l1d=64 l2a=4 l3=1024 robd=2 robw=512  ASI= 1.8046  S=1.0017  A=  38.21  P= 22.79  [Strongly Sust.]
  bpt=a53 l1da=4 l1d=64 l2a=4 l3=1024 robd=2 robw=1024  ASI= 1.2299  S=1.0018  A=  41.19  P= 32.77  [Strongly Sust.]
  bpt=a53 l1da=4 l1d=64 l2=128 l3a=8 l3=1024 robd=2  ASI= 2.9698  S=0.9744  A=  33.58  P= 14.28  [Strongly Sust.]
  bpt=a53 l1da=4 l1d=64 l1ia=8 l3a=8 l3=1024 robd=2  ASI= 2.7189  S=1.0013  A=  36.80  P= 15.27  [Strongly Sust.]
  bpt=a53 l1da=4 l1d=64 l3a=8 l3=1024 robd=2 robw=16  ASI= 2.9861  S=1.0013  A=  34.86  P= 14.08  [Strongly Sust.]
  bpt=a53 l1da=4 l1d=64 l3a=8 l3=1024 robd=2 robw=32  ASI= 2.9454  S=1.0014  A=  34.95  P= 14.27  [Strongly Sust.]
  bpt=a53 l1da=4 l1d=64 l3a=8 l3=1024 robd=2 robw=64  ASI= 2.9078  S=1.0014  A=  35.01  P= 14.45  [Strongly Sust.]
  bpt=a53 l1da=4 l1d=64 l3a=8 l3=1024 robd=2 robw=256  ASI= 2.8399  S=1.0014  A=  35.18  P= 14.77  [Strongly Sust.]
  bpt=a53 l1da=4 l1d=64 l3a=8 l3=1024 robd=2 robw=512  ASI= 1.8263  S=1.0013  A=  36.67  P= 22.75  [Strongly Sust.]
  bpt=a53 l1da=4 l1d=64 l3a=8 l3=1024 robd=2 robw=1024  ASI= 1.2443  S=1.0014  A=  39.65  P= 32.73  [Strongly Sust.]
  bpt=a53 l1da=4 l1d=64 l2=128 l3=1024 robd=2 robw=16  ASI= 3.0295  S=0.9746  A=  35.45  P= 13.82  [Strongly Sust.]
  bpt=a53 l1da=4 l1d=64 l1ia=8 l3=1024 robd=2 robw=16  ASI= 2.7672  S=1.0013  A=  38.67  P= 14.82  [Strongly Sust.]
  bpt=a53 l1da=4 l1ia=8 l2=512 l3a=4 l3=1024 robd=2  ASI= 2.4367  S=1.0587  A=  42.86  P= 16.35  [Strongly Sust.]
  bpt=a53 l1da=4 l2=512 l3a=4 l3=1024 robd=2 robw=16  ASI= 2.6682  S=1.0589  A=  40.92  P= 15.13  [Strongly Sust.]
  bpt=a53 l1da=4 l2=512 l3a=4 l3=1024 robd=2 robw=32  ASI= 2.6342  S=1.0589  A=  41.01  P= 15.32  [Strongly Sust.]
  bpt=a53 l1da=4 l2=512 l3a=4 l3=1024 robd=2 robw=64  ASI= 2.6027  S=1.0590  A=  41.07  P= 15.50  [Strongly Sust.]
  bpt=a53 l1da=4 l2=512 l3a=4 l3=1024 robd=2 robw=256  ASI= 2.5456  S=1.0589  A=  41.25  P= 15.83  [Strongly Sust.]
  bpt=a53 l1da=4 l2=512 l3a=4 l3=1024 robd=2 robw=512  ASI= 1.6755  S=1.0589  A=  42.73  P= 23.80  [Strongly Sust.]
  bpt=a53 l1da=4 l2=512 l3a=4 l3=1024 robd=2 robw=1024  ASI= 1.1562  S=1.0587  A=  45.71  P= 33.79  [Strongly Sust.]
  bpt=a53 l1da=4 l1ia=8 l2=512 l3=1024 robd=2 robw=16  ASI= 2.4723  S=1.0589  A=  44.73  P= 15.91  [Strongly Sust.]
  bpt=a53 l1da=4 l1ia=8 l2=512 l3=1024 robd=2 robw=32  ASI= 2.4422  S=1.0589  A=  44.81  P= 16.10  [Strongly Sust.]
  bpt=pentium_m l1d=64 l1ia=8 l2=512 l3=1024 robd=2  ASI= 2.2463  S=1.0605  A=  49.53  P= 16.93  [Strongly Sust.]
  bpt=pentium_m l1da=4 l1d=64 l2=512 l3=1024 robd=2  ASI= 2.5213  S=1.0606  A=  43.38  P= 15.75  [Strongly Sust.]
  bpt=pentium_m l1d=64 l2=512 l3=1024 robd=2 robw=16  ASI= 2.4548  S=1.0605  A=  47.59  P= 15.70  [Strongly Sust.]
  bpt=pentium_m l1d=64 l2=512 l3=1024 robd=2 robw=32  ASI= 2.4245  S=1.0606  A=  47.68  P= 15.89  [Strongly Sust.]
  bpt=pentium_m l1d=64 l2=512 l3=1024 robd=2 robw=64  ASI= 2.3964  S=1.0606  A=  47.74  P= 16.07  [Strongly Sust.]
  bpt=pentium_m l1d=64 l2=512 l3=1024 robd=2 robw=256  ASI= 2.3454  S=1.0607  A=  47.92  P= 16.40  [Strongly Sust.]
  bpt=pentium_m l1d=64 l2=512 l3=1024 robd=2 robw=512  ASI= 1.5612  S=1.0606  A=  49.40  P= 24.37  [Strongly Sust.]
  bpt=pentium_m l1d=64 l2=512 l3=1024 robd=2 robw=1024  ASI= 1.0837  S=1.0609  A=  52.38  P= 34.36  [Strongly Sust.]
  bpt=a53 l1da=4 l1ia=8 l2=128 l3=1024 robd=2 robw=16  ASI= 2.8701  S=0.9731  A=  37.01  P= 14.44  [Strongly Sust.]
  bpt=a53 l1da=4 l2a=4 l2=128 l3=1024 robd=2 robw=16  ASI= 3.0470  S=0.9732  A=  35.25  P= 13.76  [Strongly Sust.]
  bpt=a53 l1da=4 l2a=4 l2=512 l3=1024 robd=2 robw=16  ASI= 2.6301  S=1.0589  A=  42.91  P= 15.15  [Strongly Sust.]
  bpt=a53 l1da=4 l1ia=8 l2a=4 l3=1024 robd=2 robw=16  ASI= 2.7920  S=1.0004  A=  37.96  P= 14.75  [Strongly Sust.]
  bpt=a53 l1da=4 l2=128 l3a=4 l3=1024 robd=2 robw=16  ASI= 3.0991  S=0.9731  A=  33.20  P= 13.71  [Strongly Sust.]
  bpt=a53 l1da=4 l1ia=8 l3a=4 l3=1024 robd=2 robw=16  ASI= 2.8302  S=0.9999  A=  36.42  P= 14.70  [Strongly Sust.]
  bpt=a53 l1da=4 l2=128 l3a=8 l3=1024 robd=2 robw=16  ASI= 3.0970  S=0.9732  A=  33.20  P= 13.72  [Strongly Sust.]
  bpt=a53 l1da=4 l2=512 l3a=8 l3=1024 robd=2 robw=16  ASI= 2.6666  S=1.0589  A=  40.92  P= 15.14  [Strongly Sust.]
  bpt=a53 l1da=4 l1ia=8 l3a=8 l3=1024 robd=2 robw=16  ASI= 2.8284  S=1.0000  A=  36.42  P= 14.71  [Strongly Sust.]
  Deleted 96 non-Pareto output directories.

  Pareto front after iteration 5 (24 points):
  Params                                  ASI  Speedup     Area  PeakPow  Region
  ──────────────────────────────────────────────────────────────────────────────
  bpt=a53 l1da=4 l1d=64 l2=512 l3=2048 nhist=4 robw=1024   0.2323   1.0610    67.94   141.87  Unsustainable
  bpt=a53 l1da=4 l1d=64 l1ia=8 l2=512 l3=1024 robw=1024   0.2384   1.0609    64.81   141.88  Unsustainable
  bpt=pentium_m l1d=64 l2=512 l3=1024 robd=2 robw=1024   1.0837   1.0609    52.38    34.36  Strongly Sust.
  bpt=a53 l1d=64 l2=512 l3=2048 robc=2   1.6355   1.0608    55.79    22.20  Strongly Sust.
  bp=512 bpt=a53 l1d=64 l2=512 l3=2048 robc=2   1.6355   1.0608    55.79    22.20  Strongly Sust.
  bpt=a53 l1d=64 l2=512 l3=2048 robw=16   1.7450   1.0607    55.19    20.90  Strongly Sust.
  bp=512 bpt=a53 l1d=64 l2=512 l3=1024 robd=2   2.3749   1.0607    47.80    16.21  Strongly Sust.
  bpt=a53 l1da=4 l1d=64 l1ia=8 l2=512 l3=1024 robd=2   2.3826   1.0606    45.10    16.47  Strongly Sust.
  bpt=a53 l1d=64 l2=512 l3a=8 l3=1024 robd=2 robw=16   2.4991   1.0606    45.51    15.65  Strongly Sust.
  bp=512 bpt=a53 l1da=4 l1d=64 l2=512 l3=1024 robd=2   2.5213   1.0606    43.38    15.75  Strongly Sust.
  bpt=a53 l1da=4 l1d=64 l2=512 l3a=8 l3=1024 robd=2   2.5658   1.0606    41.30    15.70  Strongly Sust.
  bpt=a53 l1da=4 l1d=64 l2=512 l3=1024 robd=2 robw=32   2.5753   1.0605    43.26    15.43  Strongly Sust.
  bpt=a53 l1da=4 l1d=64 l2=512 l3=1024 robd=2 robw=16   2.6083   1.0605    43.17    15.25  Strongly Sust.
  bpt=a53 l1da=4 l2=512 l3a=8 l3=1024 robd=2 robw=16   2.6666   1.0589    40.92    15.14  Strongly Sust.
  bpt=a53 l1da=4 l2=512 l3a=4 l3=1024 robd=2 robw=16   2.6682   1.0589    40.92    15.13  Strongly Sust.
  bpt=a53 l1da=4 l1d=64 l2a=4 l3=1024 robd=2 robw=32   2.9076   1.0019    36.49    14.31  Strongly Sust.
  bpt=a53 l1da=4 l1d=64 l2a=4 l3=1024 robd=2 robw=16   2.9477   1.0018    36.40    14.12  Strongly Sust.
  bpt=a53 l1da=4 l1d=64 l3a=8 l3=1024 robd=2 robw=16   2.9861   1.0013    34.86    14.08  Strongly Sust.
  bpt=a53 l1da=4 l3a=8 l3=1024 robd=2 robw=16   3.0002   0.9999    34.69    14.03  Strongly Sust.
  bpt=a53 l1da=4 l3a=4 l3=1024 robd=2 robw=16   3.0022   0.9999    34.69    14.02  Strongly Sust.
  bpt=a53 l1da=4 l1d=64 l2=128 l3=1024 robd=2 robw=16   3.0295   0.9746    35.45    13.82  Strongly Sust.
  bpt=a53 l1da=4 l2a=4 l2=128 l3=1024 robd=2 robw=16   3.0470   0.9732    35.25    13.76  Strongly Sust.
  bpt=a53 l1da=4 l2=128 l3a=8 l3=1024 robd=2 robw=16   3.0970   0.9732    33.20    13.72  Strongly Sust.
  bpt=a53 l1da=4 l2=128 l3a=4 l3=1024 robd=2 robw=16   3.0991   0.9731    33.20    13.71  Strongly Sust.
  Ran sniper 97 times this iteration (702 total).

=== Iteration 6 ===
  Evaluating 43 configurations...
  bpt=a53 l1da=4 l1d=64 l1ia=8 l2=512 l3=1024 robd=2 robw=1024  ASI= 1.0970  S=1.0606  A=  49.68  P= 34.62  [Strongly Sust.]
  bpt=a53 l1da=4 l1d=64 l1ia=8 l2=512 l3=1024 robd=8 robw=1024  ASI= 0.0070  S=1.0608  A= 157.92  P=1188.03  [Unsustainable]
  bpt=a53 l1da=4 l1d=64 l1ia=8 l2=512 l3=1024 robd=10 robw=1024  ASI=-0.0053  S=1.0608  A= 239.20  P=2631.39  [Unsustainable]
  bpt=a53 l1da=4 l1d=64 l1ia=8 l2=512 l3=1024 robd=2 robw=16  ASI= 2.4613  S=1.0606  A=  44.90  P= 15.96  [Strongly Sust.]
  bpt=a53 l1da=4 l1d=64 l1ia=8 l2=512 l3=1024 robd=2 robw=32  ASI= 2.4314  S=1.0606  A=  44.98  P= 16.15  [Strongly Sust.]
  bpt=a53 l1da=4 l1d=64 l1ia=8 l2=512 l3=1024 robd=2 robw=64  ASI= 2.4038  S=1.0606  A=  45.04  P= 16.33  [Strongly Sust.]
  bpt=a53 l1da=4 l1d=64 l1ia=8 l2=512 l3=1024 robd=2 robw=256  ASI= 2.3534  S=1.0606  A=  45.22  P= 16.66  [Strongly Sust.]
  bpt=a53 l1da=4 l1d=64 l1ia=8 l2=512 l3=1024 robd=2 robw=512  ASI= 1.5748  S=1.0606  A=  46.71  P= 24.63  [Strongly Sust.]
  bpt=a53 l1da=4 l1d=64 l1ia=8 l2=512 l3a=8 l3=1024 robd=2  ASI= 2.4248  S=1.0606  A=  43.02  P= 16.42  [Strongly Sust.]
  bpt=a53 l1da=4 l1d=64 l2=512 l3a=8 l3=1024 robd=2 robw=16  ASI= 2.6546  S=1.0605  A=  41.09  P= 15.19  [Strongly Sust.]
  bpt=a53 l1da=4 l1d=64 l2=512 l3a=8 l3=1024 robd=2 robw=32  ASI= 2.6210  S=1.0604  A=  41.17  P= 15.38  [Strongly Sust.]
  bpt=a53 l1da=4 l1d=64 l2=512 l3a=8 l3=1024 robd=2 robw=64  ASI= 2.5897  S=1.0606  A=  41.24  P= 15.56  [Strongly Sust.]
  bpt=a53 l1da=4 l1d=64 l2=512 l3a=8 l3=1024 robd=2 robw=256  ASI= 2.5331  S=1.0605  A=  41.41  P= 15.89  [Strongly Sust.]
  bpt=a53 l1da=4 l1d=64 l2=512 l3a=8 l3=1024 robd=2 robw=512  ASI= 1.6693  S=1.0605  A=  42.90  P= 23.86  [Strongly Sust.]
  bpt=a53 l1da=4 l1d=64 l2=512 l3a=8 l3=1024 robd=2 robw=1024  ASI= 1.1527  S=1.0605  A=  45.88  P= 33.85  [Strongly Sust.]
  bpt=a53 l1d=64 l1ia=8 l2=512 l3a=8 l3=1024 robd=2 robw=16  ASI= 2.3607  S=1.0605  A=  47.24  P= 16.37  [Strongly Sust.]
  bp=512 bpt=a53 l1da=4 l1d=64 l1ia=8 l2=512 l3=1024 robd=2  ASI= 2.3826  S=1.0605  A=  45.10  P= 16.47  [Strongly Sust.]
  bp=512 bpt=a53 l1da=4 l1d=64 l2=512 l3=1024 robd=2 robw=16  ASI= 2.6083  S=1.0606  A=  43.17  P= 15.25  [Strongly Sust.]
  bp=512 bpt=a53 l1da=4 l1d=64 l2=512 l3=1024 robd=2 robw=32  ASI= 2.5753  S=1.0606  A=  43.26  P= 15.43  [Strongly Sust.]
  bp=512 bpt=a53 l1da=4 l1d=64 l2=512 l3=1024 robd=2 robw=64  ASI= 2.5447  S=1.0606  A=  43.32  P= 15.61  [Strongly Sust.]
  bp=512 bpt=a53 l1da=4 l1d=64 l2=512 l3=1024 robd=2 robw=256  ASI= 2.4891  S=1.0606  A=  43.49  P= 15.94  [Strongly Sust.]
  bp=512 bpt=a53 l1da=4 l1d=64 l2=512 l3=1024 robd=2 robw=512  ASI= 1.6419  S=1.0605  A=  44.98  P= 23.92  [Strongly Sust.]
  bp=512 bpt=a53 l1da=4 l1d=64 l2=512 l3=1024 robd=2 robw=1024  ASI= 1.1342  S=1.0605  A=  47.96  P= 33.90  [Strongly Sust.]
  bpt=a53 l1da=4 l1d=64 l1ia=8 l2=512 l3=2048 nhist=4 robw=1024  ASI= 0.2279  S=1.0609  A=  69.67  P=142.59  [Unsustainable]
  bpt=a53 l1da=4 l1d=64 l2=512 l3=2048 nhist=4 robd=2 robw=1024  ASI= 1.0725  S=1.0606  A=  52.82  P= 34.61  [Strongly Sust.]
  bpt=a53 l1da=4 l1d=64 l2=512 l3=2048 nhist=4 robd=8 robw=1024  ASI= 0.0062  S=1.0610  A= 161.06  P=1188.01  [Unsustainable]
  bpt=a53 l1da=4 l1d=64 l2=512 l3=2048 nhist=4 robd=10 robw=1024  ASI=-0.0057  S=1.0609  A= 242.34  P=2631.37  [Unsustainable]
  bpt=a53 l1da=4 l1d=64 l2a=4 l2=128 l3=1024 robd=2 robw=16  ASI= 3.0325  S=0.9746  A=  35.43  P= 13.81  [Strongly Sust.]
  bpt=a53 l1da=4 l1d=64 l2a=4 l2=512 l3=1024 robd=2 robw=16  ASI= 2.6183  S=1.0605  A=  43.08  P= 15.20  [Strongly Sust.]
  bpt=a53 l1da=4 l1d=64 l1ia=8 l2a=4 l3=1024 robd=2 robw=16  ASI= 2.7792  S=1.0017  A=  38.13  P= 14.81  [Strongly Sust.]
  bpt=a53 l1da=4 l1d=64 l2a=4 l2=128 l3=1024 robd=2 robw=32  ASI= 2.9904  S=0.9747  A=  35.51  P= 14.00  [Strongly Sust.]
  bpt=a53 l1da=4 l1d=64 l2a=4 l2=512 l3=1024 robd=2 robw=32  ASI= 2.5850  S=1.0605  A=  43.17  P= 15.38  [Strongly Sust.]
  bpt=a53 l1da=4 l1d=64 l1ia=8 l2a=4 l3=1024 robd=2 robw=32  ASI= 2.7431  S=1.0018  A=  38.21  P= 14.99  [Strongly Sust.]
  bpt=a53 l1da=4 l1d=64 l2=128 l3a=8 l3=1024 robd=2 robw=16  ASI= 3.0823  S=0.9744  A=  33.37  P= 13.77  [Strongly Sust.]
  bpt=a53 l1da=4 l1d=64 l1ia=8 l3a=8 l3=1024 robd=2 robw=16  ASI= 2.8155  S=1.0013  A=  36.59  P= 14.77  [Strongly Sust.]
  bpt=a53 l1da=4 l1d=64 l1ia=8 l2=128 l3=1024 robd=2 robw=16  ASI= 2.8568  S=0.9744  A=  37.18  P= 14.49  [Strongly Sust.]
  bpt=a53 l1da=4 l1ia=8 l2=512 l3a=4 l3=1024 robd=2 robw=16  ASI= 2.5177  S=1.0588  A=  42.65  P= 15.85  [Strongly Sust.]
  bpt=pentium_m l1d=64 l1ia=8 l2=512 l3=1024 robd=2 robw=1024  ASI= 1.0480  S=1.0608  A=  54.10  P= 35.08  [Strongly Sust.]
  bpt=pentium_m l1da=4 l1d=64 l2=512 l3=1024 robd=2 robw=1024  ASI= 1.1342  S=1.0608  A=  47.96  P= 33.90  [Strongly Sust.]
  bpt=a53 l1da=4 l1ia=8 l2a=4 l2=128 l3=1024 robd=2 robw=16  ASI= 2.8728  S=0.9732  A=  36.98  P= 14.43  [Strongly Sust.]
  bpt=a53 l1da=4 l1ia=8 l2=128 l3a=4 l3=1024 robd=2 robw=16  ASI= 2.9218  S=0.9732  A=  34.93  P= 14.38  [Strongly Sust.]
  bpt=a53 l1da=4 l1ia=8 l2=128 l3a=8 l3=1024 robd=2 robw=16  ASI= 2.9200  S=0.9731  A=  34.92  P= 14.39  [Strongly Sust.]
  bpt=a53 l1da=4 l1ia=8 l2=512 l3a=8 l3=1024 robd=2 robw=16  ASI= 2.5162  S=1.0590  A=  42.64  P= 15.86  [Strongly Sust.]
  Deleted 42 non-Pareto output directories.

  Pareto front after iteration 6 (25 points):
  Params                                  ASI  Speedup     Area  PeakPow  Region
  ──────────────────────────────────────────────────────────────────────────────
  bpt=a53 l1da=4 l1d=64 l2=512 l3=2048 nhist=4 robw=1024   0.2323   1.0610    67.94   141.87  Unsustainable
  bpt=a53 l1da=4 l1d=64 l1ia=8 l2=512 l3=1024 robw=1024   0.2384   1.0609    64.81   141.88  Unsustainable
  bpt=pentium_m l1d=64 l2=512 l3=1024 robd=2 robw=1024   1.0837   1.0609    52.38    34.36  Strongly Sust.
  bpt=pentium_m l1da=4 l1d=64 l2=512 l3=1024 robd=2 robw=1024   1.1342   1.0608    47.96    33.90  Strongly Sust.
  bpt=a53 l1d=64 l2=512 l3=2048 robc=2   1.6355   1.0608    55.79    22.20  Strongly Sust.
  bp=512 bpt=a53 l1d=64 l2=512 l3=2048 robc=2   1.6355   1.0608    55.79    22.20  Strongly Sust.
  bpt=a53 l1d=64 l2=512 l3=2048 robw=16   1.7450   1.0607    55.19    20.90  Strongly Sust.
  bp=512 bpt=a53 l1d=64 l2=512 l3=1024 robd=2   2.3749   1.0607    47.80    16.21  Strongly Sust.
  bpt=a53 l1da=4 l1d=64 l1ia=8 l2=512 l3=1024 robd=2   2.3826   1.0606    45.10    16.47  Strongly Sust.
  bp=512 bpt=a53 l1da=4 l1d=64 l2=512 l3=1024 robd=2 robw=64   2.5447   1.0606    43.32    15.61  Strongly Sust.
  bpt=a53 l1da=4 l1d=64 l2=512 l3a=8 l3=1024 robd=2 robw=64   2.5897   1.0606    41.24    15.56  Strongly Sust.
  bp=512 bpt=a53 l1da=4 l1d=64 l2=512 l3=1024 robd=2 robw=16   2.6083   1.0606    43.17    15.25  Strongly Sust.
  bpt=a53 l1da=4 l1d=64 l2=512 l3=1024 robd=2 robw=16   2.6083   1.0605    43.17    15.25  Strongly Sust.
  bpt=a53 l1da=4 l1d=64 l2=512 l3a=8 l3=1024 robd=2 robw=16   2.6546   1.0605    41.09    15.19  Strongly Sust.
  bpt=a53 l1da=4 l2=512 l3a=8 l3=1024 robd=2 robw=16   2.6666   1.0589    40.92    15.14  Strongly Sust.
  bpt=a53 l1da=4 l2=512 l3a=4 l3=1024 robd=2 robw=16   2.6682   1.0589    40.92    15.13  Strongly Sust.
  bpt=a53 l1da=4 l1d=64 l2a=4 l3=1024 robd=2 robw=32   2.9076   1.0019    36.49    14.31  Strongly Sust.
  bpt=a53 l1da=4 l1d=64 l2a=4 l3=1024 robd=2 robw=16   2.9477   1.0018    36.40    14.12  Strongly Sust.
  bpt=a53 l1da=4 l1d=64 l3a=8 l3=1024 robd=2 robw=16   2.9861   1.0013    34.86    14.08  Strongly Sust.
  bpt=a53 l1da=4 l3a=8 l3=1024 robd=2 robw=16   3.0002   0.9999    34.69    14.03  Strongly Sust.
  bpt=a53 l1da=4 l3a=4 l3=1024 robd=2 robw=16   3.0022   0.9999    34.69    14.02  Strongly Sust.
  bpt=a53 l1da=4 l1d=64 l2a=4 l2=128 l3=1024 robd=2 robw=16   3.0325   0.9746    35.43    13.81  Strongly Sust.
  bpt=a53 l1da=4 l1d=64 l2=128 l3a=8 l3=1024 robd=2 robw=16   3.0823   0.9744    33.37    13.77  Strongly Sust.
  bpt=a53 l1da=4 l2=128 l3a=8 l3=1024 robd=2 robw=16   3.0970   0.9732    33.20    13.72  Strongly Sust.
  bpt=a53 l1da=4 l2=128 l3a=4 l3=1024 robd=2 robw=16   3.0991   0.9731    33.20    13.71  Strongly Sust.
  Ran sniper 43 times this iteration (745 total).

=== Iteration 7 ===
  Evaluating 7 configurations...
  bpt=a53 l1da=4 l1d=64 l1ia=8 l2=512 l3a=8 l3=1024 robd=2 robw=16  ASI= 2.5051  S=1.0606  A=  42.82  P= 15.91  [Strongly Sust.]
  bpt=a53 l1da=4 l1d=64 l1ia=8 l2=512 l3a=8 l3=1024 robd=2 robw=64  ASI= 2.4464  S=1.0606  A=  42.96  P= 16.28  [Strongly Sust.]
  bp=512 bpt=a53 l1da=4 l1d=64 l1ia=8 l2=512 l3=1024 robd=2 robw=16  ASI= 2.4613  S=1.0606  A=  44.90  P= 15.96  [Strongly Sust.]
  bp=512 bpt=a53 l1da=4 l1d=64 l1ia=8 l2=512 l3=1024 robd=2 robw=64  ASI= 2.4038  S=1.0606  A=  45.04  P= 16.33  [Strongly Sust.]
  bpt=a53 l1da=4 l1d=64 l1ia=8 l2a=4 l2=128 l3=1024 robd=2 robw=16  ASI= 2.8594  S=0.9745  A=  37.15  P= 14.48  [Strongly Sust.]
  bpt=a53 l1da=4 l1d=64 l1ia=8 l2=128 l3a=8 l3=1024 robd=2 robw=16  ASI= 2.9064  S=0.9745  A=  35.10  P= 14.44  [Strongly Sust.]
  bpt=pentium_m l1da=4 l1d=64 l1ia=8 l2=512 l3=1024 robd=2 robw=1024  ASI= 1.0970  S=1.0609  A=  49.68  P= 34.62  [Strongly Sust.]
  Deleted 6 non-Pareto output directories.

  Pareto front after iteration 7 (26 points):
  Params                                  ASI  Speedup     Area  PeakPow  Region
  ──────────────────────────────────────────────────────────────────────────────
  bpt=a53 l1da=4 l1d=64 l2=512 l3=2048 nhist=4 robw=1024   0.2323   1.0610    67.94   141.87  Unsustainable
  bpt=a53 l1da=4 l1d=64 l1ia=8 l2=512 l3=1024 robw=1024   0.2384   1.0609    64.81   141.88  Unsustainable
  bpt=pentium_m l1d=64 l2=512 l3=1024 robd=2 robw=1024   1.0837   1.0609    52.38    34.36  Strongly Sust.
  bpt=pentium_m l1da=4 l1d=64 l1ia=8 l2=512 l3=1024 robd=2 robw=1024   1.0970   1.0609    49.68    34.62  Strongly Sust.
  bpt=pentium_m l1da=4 l1d=64 l2=512 l3=1024 robd=2 robw=1024   1.1342   1.0608    47.96    33.90  Strongly Sust.
  bpt=a53 l1d=64 l2=512 l3=2048 robc=2   1.6355   1.0608    55.79    22.20  Strongly Sust.
  bp=512 bpt=a53 l1d=64 l2=512 l3=2048 robc=2   1.6355   1.0608    55.79    22.20  Strongly Sust.
  bpt=a53 l1d=64 l2=512 l3=2048 robw=16   1.7450   1.0607    55.19    20.90  Strongly Sust.
  bp=512 bpt=a53 l1d=64 l2=512 l3=1024 robd=2   2.3749   1.0607    47.80    16.21  Strongly Sust.
  bp=512 bpt=a53 l1da=4 l1d=64 l1ia=8 l2=512 l3=1024 robd=2 robw=64   2.4038   1.0606    45.04    16.33  Strongly Sust.
  bp=512 bpt=a53 l1da=4 l1d=64 l2=512 l3=1024 robd=2 robw=64   2.5447   1.0606    43.32    15.61  Strongly Sust.
  bpt=a53 l1da=4 l1d=64 l2=512 l3a=8 l3=1024 robd=2 robw=64   2.5897   1.0606    41.24    15.56  Strongly Sust.
  bp=512 bpt=a53 l1da=4 l1d=64 l2=512 l3=1024 robd=2 robw=16   2.6083   1.0606    43.17    15.25  Strongly Sust.
  bpt=a53 l1da=4 l1d=64 l2=512 l3=1024 robd=2 robw=16   2.6083   1.0605    43.17    15.25  Strongly Sust.
  bpt=a53 l1da=4 l1d=64 l2=512 l3a=8 l3=1024 robd=2 robw=16   2.6546   1.0605    41.09    15.19  Strongly Sust.
  bpt=a53 l1da=4 l2=512 l3a=8 l3=1024 robd=2 robw=16   2.6666   1.0589    40.92    15.14  Strongly Sust.
  bpt=a53 l1da=4 l2=512 l3a=4 l3=1024 robd=2 robw=16   2.6682   1.0589    40.92    15.13  Strongly Sust.
  bpt=a53 l1da=4 l1d=64 l2a=4 l3=1024 robd=2 robw=32   2.9076   1.0019    36.49    14.31  Strongly Sust.
  bpt=a53 l1da=4 l1d=64 l2a=4 l3=1024 robd=2 robw=16   2.9477   1.0018    36.40    14.12  Strongly Sust.
  bpt=a53 l1da=4 l1d=64 l3a=8 l3=1024 robd=2 robw=16   2.9861   1.0013    34.86    14.08  Strongly Sust.
  bpt=a53 l1da=4 l3a=8 l3=1024 robd=2 robw=16   3.0002   0.9999    34.69    14.03  Strongly Sust.
  bpt=a53 l1da=4 l3a=4 l3=1024 robd=2 robw=16   3.0022   0.9999    34.69    14.02  Strongly Sust.
  bpt=a53 l1da=4 l1d=64 l2a=4 l2=128 l3=1024 robd=2 robw=16   3.0325   0.9746    35.43    13.81  Strongly Sust.
  bpt=a53 l1da=4 l1d=64 l2=128 l3a=8 l3=1024 robd=2 robw=16   3.0823   0.9744    33.37    13.77  Strongly Sust.
  bpt=a53 l1da=4 l2=128 l3a=8 l3=1024 robd=2 robw=16   3.0970   0.9732    33.20    13.72  Strongly Sust.
  bpt=a53 l1da=4 l2=128 l3a=4 l3=1024 robd=2 robw=16   3.0991   0.9731    33.20    13.71  Strongly Sust.
  Ran sniper 7 times this iteration (752 total).

=== Iteration 8 ===
  Evaluating 9 configurations...
  bpt=nn l1da=4 l1d=64 l1ia=8 l2=512 l3=1024 robd=2 robw=64  ASI= 2.4057  S=1.0562  A=  45.04  P= 16.32  [Strongly Sust.]
  bpt=pentium_m l1da=4 l1d=64 l1ia=8 l2=512 l3=1024 robd=2 robw=64  ASI= 2.4038  S=1.0607  A=  45.04  P= 16.33  [Strongly Sust.]
  bpt=tage l1da=4 l1d=64 l1ia=8 l2=512 l3=1024 robd=2 robw=64  ASI= 2.4038  S=1.0607  A=  45.04  P= 16.33  [Strongly Sust.]
  bp=512 bpt=a53 l1da=4 l1d=64 l1ia=8 l2=512 l3=1024 robc=2 robd=2 robw=64  ASI= 2.4038  S=1.0605  A=  45.04  P= 16.33  [Strongly Sust.]
  bp=512 bpt=a53 l1da=4 l1d=64 l1ia=8 l2=512 l3=1024 robc=8 robd=2 robw=64  ASI= 2.4038  S=1.0606  A=  45.04  P= 16.33  [Strongly Sust.]
  bp=512 bpt=a53 l1da=4 l1d=64 l1ia=8 l2=512 l3=1024 robc=10 robd=2 robw=64  ASI= 2.4038  S=1.0605  A=  45.04  P= 16.33  [Strongly Sust.]
  bpt=pentium_m l1da=4 l1d=64 l1ia=8 l2=512 l3=1024 robc=2 robd=2 robw=1024  ASI= 1.0970  S=1.0609  A=  49.68  P= 34.62  [Strongly Sust.]
  bpt=pentium_m l1da=4 l1d=64 l1ia=8 l2=512 l3=1024 robc=8 robd=2 robw=1024  ASI= 1.0970  S=1.0608  A=  49.68  P= 34.62  [Strongly Sust.]
  bpt=pentium_m l1da=4 l1d=64 l1ia=8 l2=512 l3=1024 robc=10 robd=2 robw=1024  ASI= 1.0970  S=1.0609  A=  49.68  P= 34.62  [Strongly Sust.]
  Freezing 'branch_predictor_type' for 8 iterations (backoff ×3)
  Freezing 'rob_commit_width' for 8 iterations (backoff ×3)
  Deleted 6 non-Pareto output directories.

  Pareto front after iteration 8 (29 points):
  Params                                  ASI  Speedup     Area  PeakPow  Region
  ──────────────────────────────────────────────────────────────────────────────
  bpt=a53 l1da=4 l1d=64 l2=512 l3=2048 nhist=4 robw=1024   0.2323   1.0610    67.94   141.87  Unsustainable
  bpt=a53 l1da=4 l1d=64 l1ia=8 l2=512 l3=1024 robw=1024   0.2384   1.0609    64.81   141.88  Unsustainable
  bpt=pentium_m l1da=4 l1d=64 l1ia=8 l2=512 l3=1024 robc=2 robd=2 robw=1024   1.0970   1.0609    49.68    34.62  Strongly Sust.
  bpt=pentium_m l1da=4 l1d=64 l1ia=8 l2=512 l3=1024 robc=10 robd=2 robw=1024   1.0970   1.0609    49.68    34.62  Strongly Sust.
  bpt=pentium_m l1da=4 l1d=64 l1ia=8 l2=512 l3=1024 robd=2 robw=1024   1.0970   1.0609    49.68    34.62  Strongly Sust.
  bpt=pentium_m l1da=4 l1d=64 l1ia=8 l2=512 l3=1024 robc=8 robd=2 robw=1024   1.0970   1.0608    49.68    34.62  Strongly Sust.
  bpt=pentium_m l1da=4 l1d=64 l2=512 l3=1024 robd=2 robw=1024   1.1342   1.0608    47.96    33.90  Strongly Sust.
  bpt=a53 l1d=64 l2=512 l3=2048 robc=2   1.6355   1.0608    55.79    22.20  Strongly Sust.
  bp=512 bpt=a53 l1d=64 l2=512 l3=2048 robc=2   1.6355   1.0608    55.79    22.20  Strongly Sust.
  bpt=a53 l1d=64 l2=512 l3=2048 robw=16   1.7450   1.0607    55.19    20.90  Strongly Sust.
  bp=512 bpt=a53 l1d=64 l2=512 l3=1024 robd=2   2.3749   1.0607    47.80    16.21  Strongly Sust.
  bpt=pentium_m l1da=4 l1d=64 l1ia=8 l2=512 l3=1024 robd=2 robw=64   2.4038   1.0607    45.04    16.33  Strongly Sust.
  bp=512 bpt=a53 l1da=4 l1d=64 l1ia=8 l2=512 l3=1024 robd=2 robw=64   2.4038   1.0606    45.04    16.33  Strongly Sust.
  bp=512 bpt=a53 l1da=4 l1d=64 l2=512 l3=1024 robd=2 robw=64   2.5447   1.0606    43.32    15.61  Strongly Sust.
  bpt=a53 l1da=4 l1d=64 l2=512 l3a=8 l3=1024 robd=2 robw=64   2.5897   1.0606    41.24    15.56  Strongly Sust.
  bp=512 bpt=a53 l1da=4 l1d=64 l2=512 l3=1024 robd=2 robw=16   2.6083   1.0606    43.17    15.25  Strongly Sust.
  bpt=a53 l1da=4 l1d=64 l2=512 l3=1024 robd=2 robw=16   2.6083   1.0605    43.17    15.25  Strongly Sust.
  bpt=a53 l1da=4 l1d=64 l2=512 l3a=8 l3=1024 robd=2 robw=16   2.6546   1.0605    41.09    15.19  Strongly Sust.
  bpt=a53 l1da=4 l2=512 l3a=8 l3=1024 robd=2 robw=16   2.6666   1.0589    40.92    15.14  Strongly Sust.
  bpt=a53 l1da=4 l2=512 l3a=4 l3=1024 robd=2 robw=16   2.6682   1.0589    40.92    15.13  Strongly Sust.
  bpt=a53 l1da=4 l1d=64 l2a=4 l3=1024 robd=2 robw=32   2.9076   1.0019    36.49    14.31  Strongly Sust.
  bpt=a53 l1da=4 l1d=64 l2a=4 l3=1024 robd=2 robw=16   2.9477   1.0018    36.40    14.12  Strongly Sust.
  bpt=a53 l1da=4 l1d=64 l3a=8 l3=1024 robd=2 robw=16   2.9861   1.0013    34.86    14.08  Strongly Sust.
  bpt=a53 l1da=4 l3a=8 l3=1024 robd=2 robw=16   3.0002   0.9999    34.69    14.03  Strongly Sust.
  bpt=a53 l1da=4 l3a=4 l3=1024 robd=2 robw=16   3.0022   0.9999    34.69    14.02  Strongly Sust.
  bpt=a53 l1da=4 l1d=64 l2a=4 l2=128 l3=1024 robd=2 robw=16   3.0325   0.9746    35.43    13.81  Strongly Sust.
  bpt=a53 l1da=4 l1d=64 l2=128 l3a=8 l3=1024 robd=2 robw=16   3.0823   0.9744    33.37    13.77  Strongly Sust.
  bpt=a53 l1da=4 l2=128 l3a=8 l3=1024 robd=2 robw=16   3.0970   0.9732    33.20    13.72  Strongly Sust.
  bpt=a53 l1da=4 l2=128 l3a=4 l3=1024 robd=2 robw=16   3.0991   0.9731    33.20    13.71  Strongly Sust.
  Ran sniper 9 times this iteration (761 total).

=== Iteration 9 ===
  Evaluating 20 configurations...
  bpt=pentium_m l1da=4 l1d=64 l1ia=8 l1i=16 l2=512 l3=1024 robd=2 robw=64  ASI= 2.4143  S=1.0606  A=  44.69  P= 16.30  [Strongly Sust.]
  bpt=pentium_m l1da=4 l1d=64 l1ia=8 l1i=64 l2=512 l3=1024 robd=2 robw=64  ASI= 2.4045  S=1.0605  A=  45.35  P= 16.29  [Strongly Sust.]
  bpt=pentium_m l1da=4 l1d=64 l1ia=8 l2a=4 l2=512 l3=1024 robd=2 robw=64  ASI= 2.4125  S=1.0606  A=  44.95  P= 16.28  [Strongly Sust.]
  bpt=pentium_m l1da=4 l1d=64 l1ia=8 l2=512 l3a=4 l3=1024 robd=2 robw=64  ASI= 2.4477  S=1.0606  A=  42.97  P= 16.27  [Strongly Sust.]
  bpt=pentium_m l1da=4 l1d=64 l1ia=8 l2=512 l3a=8 l3=1024 robd=2 robw=64  ASI= 2.4464  S=1.0606  A=  42.96  P= 16.28  [Strongly Sust.]
  bpt=pentium_m l1da=4 l1d=64 l1ia=8 l1i=16 l2=512 l3=1024 robc=2 robd=2 robw=1024  ASI= 1.1008  S=1.0608  A=  49.33  P= 34.59  [Strongly Sust.]
  bpt=pentium_m l1da=4 l1d=64 l1ia=8 l1i=64 l2=512 l3=1024 robc=2 robd=2 robw=1024  ASI= 1.0958  S=1.0610  A=  49.99  P= 34.58  [Strongly Sust.]
  bpt=pentium_m l1da=4 l1d=64 l1ia=8 l2a=4 l2=512 l3=1024 robc=2 robd=2 robw=1024  ASI= 1.0992  S=1.0608  A=  49.59  P= 34.57  [Strongly Sust.]
  bpt=pentium_m l1da=4 l1d=64 l1ia=8 l2=512 l3a=4 l3=1024 robc=2 robd=2 robw=1024  ASI= 1.1154  S=1.0609  A=  47.61  P= 34.56  [Strongly Sust.]
  bpt=pentium_m l1da=4 l1d=64 l1ia=8 l2=512 l3a=8 l3=1024 robc=2 robd=2 robw=1024  ASI= 1.1151  S=1.0608  A=  47.60  P= 34.57  [Strongly Sust.]
  bpt=pentium_m l1da=4 l1d=64 l1ia=8 l1i=16 l2=512 l3=1024 robc=8 robd=2 robw=1024  ASI= 1.1008  S=1.0610  A=  49.33  P= 34.59  [Strongly Sust.]
  bpt=pentium_m l1da=4 l1d=64 l1ia=8 l1i=64 l2=512 l3=1024 robc=8 robd=2 robw=1024  ASI= 1.0958  S=1.0608  A=  49.99  P= 34.58  [Strongly Sust.]
  bpt=pentium_m l1da=4 l1d=64 l1ia=8 l2a=4 l2=512 l3=1024 robc=8 robd=2 robw=1024  ASI= 1.0992  S=1.0608  A=  49.59  P= 34.57  [Strongly Sust.]
  bpt=pentium_m l1da=4 l1d=64 l1ia=8 l2=512 l3a=4 l3=1024 robc=8 robd=2 robw=1024  ASI= 1.1154  S=1.0608  A=  47.61  P= 34.56  [Strongly Sust.]
  bpt=pentium_m l1da=4 l1d=64 l1ia=8 l2=512 l3a=8 l3=1024 robc=8 robd=2 robw=1024  ASI= 1.1151  S=1.0609  A=  47.60  P= 34.57  [Strongly Sust.]
  bpt=pentium_m l1da=4 l1d=64 l1ia=8 l1i=16 l2=512 l3=1024 robc=10 robd=2 robw=1024  ASI= 1.1008  S=1.0608  A=  49.33  P= 34.59  [Strongly Sust.]
  bpt=pentium_m l1da=4 l1d=64 l1ia=8 l1i=64 l2=512 l3=1024 robc=10 robd=2 robw=1024  ASI= 1.0958  S=1.0609  A=  49.99  P= 34.58  [Strongly Sust.]
  bpt=pentium_m l1da=4 l1d=64 l1ia=8 l2a=4 l2=512 l3=1024 robc=10 robd=2 robw=1024  ASI= 1.0992  S=1.0608  A=  49.59  P= 34.57  [Strongly Sust.]
  bpt=pentium_m l1da=4 l1d=64 l1ia=8 l2=512 l3a=4 l3=1024 robc=10 robd=2 robw=1024  ASI= 1.1154  S=1.0609  A=  47.61  P= 34.56  [Strongly Sust.]
  bpt=pentium_m l1da=4 l1d=64 l1ia=8 l2=512 l3a=8 l3=1024 robc=10 robd=2 robw=1024  ASI= 1.1151  S=1.0609  A=  47.60  P= 34.57  [Strongly Sust.]
  Freezing 'l1i_size' for 8 iterations (backoff ×3)
  Freezing 'l1d_size' for 8 iterations (backoff ×3)
  Freezing 'l2_assoc' for 8 iterations (backoff ×3)
  Freezing 'l3_assoc' for 8 iterations (backoff ×3)
  Freezing 'branch_predictor_size' for 8 iterations (backoff ×3)
  Freezing 'num_history_registers' for 8 iterations (backoff ×3)
  Deleted 23 non-Pareto output directories.

  Pareto front after iteration 9 (26 points):
  Params                                  ASI  Speedup     Area  PeakPow  Region
  ──────────────────────────────────────────────────────────────────────────────
  bpt=a53 l1da=4 l1d=64 l2=512 l3=2048 nhist=4 robw=1024   0.2323   1.0610    67.94   141.87  Unsustainable
  bpt=pentium_m l1da=4 l1d=64 l1ia=8 l1i=16 l2=512 l3=1024 robc=8 robd=2 robw=1024   1.1008   1.0610    49.33    34.59  Strongly Sust.
  bpt=pentium_m l1da=4 l1d=64 l1ia=8 l2=512 l3a=4 l3=1024 robc=2 robd=2 robw=1024   1.1154   1.0609    47.61    34.56  Strongly Sust.
  bpt=pentium_m l1da=4 l1d=64 l2=512 l3=1024 robd=2 robw=1024   1.1342   1.0608    47.96    33.90  Strongly Sust.
  bpt=a53 l1d=64 l2=512 l3=2048 robc=2   1.6355   1.0608    55.79    22.20  Strongly Sust.
  bp=512 bpt=a53 l1d=64 l2=512 l3=2048 robc=2   1.6355   1.0608    55.79    22.20  Strongly Sust.
  bpt=a53 l1d=64 l2=512 l3=2048 robw=16   1.7450   1.0607    55.19    20.90  Strongly Sust.
  bp=512 bpt=a53 l1d=64 l2=512 l3=1024 robd=2   2.3749   1.0607    47.80    16.21  Strongly Sust.
  bpt=pentium_m l1da=4 l1d=64 l1ia=8 l2=512 l3=1024 robd=2 robw=64   2.4038   1.0607    45.04    16.33  Strongly Sust.
  bp=512 bpt=a53 l1da=4 l1d=64 l1ia=8 l2=512 l3=1024 robd=2 robw=64   2.4038   1.0606    45.04    16.33  Strongly Sust.
  bp=512 bpt=a53 l1da=4 l1d=64 l2=512 l3=1024 robd=2 robw=64   2.5447   1.0606    43.32    15.61  Strongly Sust.
  bpt=a53 l1da=4 l1d=64 l2=512 l3a=8 l3=1024 robd=2 robw=64   2.5897   1.0606    41.24    15.56  Strongly Sust.
  bp=512 bpt=a53 l1da=4 l1d=64 l2=512 l3=1024 robd=2 robw=16   2.6083   1.0606    43.17    15.25  Strongly Sust.
  bpt=a53 l1da=4 l1d=64 l2=512 l3=1024 robd=2 robw=16   2.6083   1.0605    43.17    15.25  Strongly Sust.
  bpt=a53 l1da=4 l1d=64 l2=512 l3a=8 l3=1024 robd=2 robw=16   2.6546   1.0605    41.09    15.19  Strongly Sust.
  bpt=a53 l1da=4 l2=512 l3a=8 l3=1024 robd=2 robw=16   2.6666   1.0589    40.92    15.14  Strongly Sust.
  bpt=a53 l1da=4 l2=512 l3a=4 l3=1024 robd=2 robw=16   2.6682   1.0589    40.92    15.13  Strongly Sust.
  bpt=a53 l1da=4 l1d=64 l2a=4 l3=1024 robd=2 robw=32   2.9076   1.0019    36.49    14.31  Strongly Sust.
  bpt=a53 l1da=4 l1d=64 l2a=4 l3=1024 robd=2 robw=16   2.9477   1.0018    36.40    14.12  Strongly Sust.
  bpt=a53 l1da=4 l1d=64 l3a=8 l3=1024 robd=2 robw=16   2.9861   1.0013    34.86    14.08  Strongly Sust.
  bpt=a53 l1da=4 l3a=8 l3=1024 robd=2 robw=16   3.0002   0.9999    34.69    14.03  Strongly Sust.
  bpt=a53 l1da=4 l3a=4 l3=1024 robd=2 robw=16   3.0022   0.9999    34.69    14.02  Strongly Sust.
  bpt=a53 l1da=4 l1d=64 l2a=4 l2=128 l3=1024 robd=2 robw=16   3.0325   0.9746    35.43    13.81  Strongly Sust.
  bpt=a53 l1da=4 l1d=64 l2=128 l3a=8 l3=1024 robd=2 robw=16   3.0823   0.9744    33.37    13.77  Strongly Sust.
  bpt=a53 l1da=4 l2=128 l3a=8 l3=1024 robd=2 robw=16   3.0970   0.9732    33.20    13.72  Strongly Sust.
  bpt=a53 l1da=4 l2=128 l3a=4 l3=1024 robd=2 robw=16   3.0991   0.9731    33.20    13.71  Strongly Sust.
  Ran sniper 20 times this iteration (781 total).

Total sniper runs: 781
Final hypervolume: 3.2594

Plot saved → /home/jaco/school/stage/asi/asi-output/pareto_history.png
Plot saved → /home/jaco/school/stage/asi/asi-output/pareto_final.png
=== Final Pareto Front ===
  Params                                  ASI  Speedup     Area  PeakPow  Region
  ──────────────────────────────────────────────────────────────────────────────
  bpt=a53 l1da=4 l1d=64 l2=512 l3=2048 nhist=4 robw=1024   0.2323   1.0610    67.94   141.87  Unsustainable
  bpt=pentium_m l1da=4 l1d=64 l1ia=8 l1i=16 l2=512 l3=1024 robc=8 robd=2 robw=1024   1.1008   1.0610    49.33    34.59  Strongly Sust.
  bpt=pentium_m l1da=4 l1d=64 l1ia=8 l2=512 l3a=4 l3=1024 robc=2 robd=2 robw=1024   1.1154   1.0609    47.61    34.56  Strongly Sust.
  bpt=pentium_m l1da=4 l1d=64 l2=512 l3=1024 robd=2 robw=1024   1.1342   1.0608    47.96    33.90  Strongly Sust.
  bpt=a53 l1d=64 l2=512 l3=2048 robc=2   1.6355   1.0608    55.79    22.20  Strongly Sust.
  bp=512 bpt=a53 l1d=64 l2=512 l3=2048 robc=2   1.6355   1.0608    55.79    22.20  Strongly Sust.
  bpt=a53 l1d=64 l2=512 l3=2048 robw=16   1.7450   1.0607    55.19    20.90  Strongly Sust.
  bp=512 bpt=a53 l1d=64 l2=512 l3=1024 robd=2   2.3749   1.0607    47.80    16.21  Strongly Sust.
  bpt=pentium_m l1da=4 l1d=64 l1ia=8 l2=512 l3=1024 robd=2 robw=64   2.4038   1.0607    45.04    16.33  Strongly Sust.
  bp=512 bpt=a53 l1da=4 l1d=64 l1ia=8 l2=512 l3=1024 robd=2 robw=64   2.4038   1.0606    45.04    16.33  Strongly Sust.
  bp=512 bpt=a53 l1da=4 l1d=64 l2=512 l3=1024 robd=2 robw=64   2.5447   1.0606    43.32    15.61  Strongly Sust.
  bpt=a53 l1da=4 l1d=64 l2=512 l3a=8 l3=1024 robd=2 robw=64   2.5897   1.0606    41.24    15.56  Strongly Sust.
  bp=512 bpt=a53 l1da=4 l1d=64 l2=512 l3=1024 robd=2 robw=16   2.6083   1.0606    43.17    15.25  Strongly Sust.
  bpt=a53 l1da=4 l1d=64 l2=512 l3=1024 robd=2 robw=16   2.6083   1.0605    43.17    15.25  Strongly Sust.
  bpt=a53 l1da=4 l1d=64 l2=512 l3a=8 l3=1024 robd=2 robw=16   2.6546   1.0605    41.09    15.19  Strongly Sust.
  bpt=a53 l1da=4 l2=512 l3a=8 l3=1024 robd=2 robw=16   2.6666   1.0589    40.92    15.14  Strongly Sust.
  bpt=a53 l1da=4 l2=512 l3a=4 l3=1024 robd=2 robw=16   2.6682   1.0589    40.92    15.13  Strongly Sust.
  bpt=a53 l1da=4 l1d=64 l2a=4 l3=1024 robd=2 robw=32   2.9076   1.0019    36.49    14.31  Strongly Sust.
  bpt=a53 l1da=4 l1d=64 l2a=4 l3=1024 robd=2 robw=16   2.9477   1.0018    36.40    14.12  Strongly Sust.
  bpt=a53 l1da=4 l1d=64 l3a=8 l3=1024 robd=2 robw=16   2.9861   1.0013    34.86    14.08  Strongly Sust.
  bpt=a53 l1da=4 l3a=8 l3=1024 robd=2 robw=16   3.0002   0.9999    34.69    14.03  Strongly Sust.
  bpt=a53 l1da=4 l3a=4 l3=1024 robd=2 robw=16   3.0022   0.9999    34.69    14.02  Strongly Sust.
  bpt=a53 l1da=4 l1d=64 l2a=4 l2=128 l3=1024 robd=2 robw=16   3.0325   0.9746    35.43    13.81  Strongly Sust.
  bpt=a53 l1da=4 l1d=64 l2=128 l3a=8 l3=1024 robd=2 robw=16   3.0823   0.9744    33.37    13.77  Strongly Sust.
  bpt=a53 l1da=4 l2=128 l3a=8 l3=1024 robd=2 robw=16   3.0970   0.9732    33.20    13.72  Strongly Sust.
  bpt=a53 l1da=4 l2=128 l3a=4 l3=1024 robd=2 robw=16   3.0991   0.9731    33.20    13.71  Strongly Sust.
