Logging to /home/jaco/school/stage/asi/asi-output/run.log

Benchmarks: ML2 (./libs/benchmarks/ML2/bench), CCl (./libs/benchmarks/CCl/bench), MIP (./libs/benchmarks/MIP/bench), EI (./libs/benchmarks/EI/bench)

Running baseline...
  Area=94.01 mm²  PeakPow=27.56 W
    ML2: Time=2074125 ns
    CCl: Time=187236 ns
    MIP: Time=289703 ns
    EI: Time=142435 ns

=== Initial design (7 points: baseline + 6 random configurations) ===
  [mesmo] baseline                          ASI= 1.0000  S=1.0000  A=  94.01  P= 27.56  [Reference]  [ML2=1.00x, CCl=1.00x, MIP=1.00x, EI=1.00x]
  [mesmo] bpt=pentium_m l1da=4 l1d=16 l1ia=8 l1i=16 l2a=4 l2=256 l3a=4 l3=2048 robc=2 robd=2 robw=256  ASI= 2.4282  S=0.9933  A=  42.61  P= 17.56  [Strongly Sust.]  [ML2=1.00x, CCl=1.00x, MIP=0.98x, EI=0.99x]
  [mesmo] bp=2048 bpt=a53 l1da=4 l1d=32 l1ia=4 l1i=16 l2a=8 l2=256 l3a=8 l3=2048 nhist=3 robc=10 robd=8 robw=1024  ASI= 0.0087  S=1.0026  A= 152.68  P=1188.33  [Unsustainable]  [ML2=1.00x, CCl=1.00x, MIP=1.01x, EI=1.00x]
  [mesmo] bp=2048 bpt=a53 l1da=4 l1d=16 l1ia=8 l1i=16 l2a=4 l2=128 l3a=16 l3=1024 nhist=2 robc=4 robd=10 robw=128  ASI= 0.0766  S=0.9954  A=  67.03  P=463.02  [Unsustainable]  [ML2=0.97x, CCl=1.00x, MIP=1.01x, EI=1.00x]
  [mesmo] bpt=nn l1da=8 l1d=32 l1ia=4 l1i=16 l2a=8 l2=512 l3a=16 l3=2048 nnbl=32 nnlr=0.0005 robc=4 robd=10 robw=1024  ASI=-0.0065  S=1.0078  A= 246.19  P=2633.49  [Unsustainable]  [ML2=1.06x, CCl=1.00x, MIP=1.01x, EI=0.96x]
  [mesmo] bpt=nn l1da=8 l1d=16 l1ia=8 l1i=64 l2a=4 l2=256 l3a=8 l3=2048 nnbl=32 nnlr=0.005 robc=10 robd=8 robw=1024  ASI= 0.0075  S=0.9940  A= 157.56  P=1189.78  [Unsustainable]  [ML2=1.00x, CCl=1.00x, MIP=1.01x, EI=0.97x]
  [mesmo] bp=1024 bpt=a53 l1da=8 l1d=16 l1ia=8 l1i=16 l2a=8 l2=512 l3a=16 l3=1024 nhist=3 robc=10 robd=8 robw=256  ASI= 0.0580  S=1.0163  A=  82.16  P=535.13  [Unsustainable]  [ML2=1.06x, CCl=1.00x, MIP=1.01x, EI=1.00x]

  Pareto front after initial design (3 points, HV=2.4196):
  Params                                  ASI  Speedup     Area  PeakPow  Region
  ──────────────────────────────────────────────────────────────────────────────
  bp=1024 bpt=a53 l1da=8 l1d=16 l1ia=8 l1i=16 l2a=8 l2=512 l3a=16 l3=1024 nhist=3 robc=10 robd=8 robw=256   0.0580   1.0163    82.16   535.13  Unsustainable
  baseline                             1.0000   1.0000    94.01    27.56  Reference
  bpt=pentium_m l1da=4 l1d=16 l1ia=8 l1i=16 l2a=4 l2=256 l3a=4 l3=2048 robc=2 robd=2 robw=256   2.4282   0.9933    42.61    17.56  Strongly Sust.
  Ran sniper 6 times this step (6 total).

=== Iteration 1 ===
  Evaluating 1 configuration(s) (top acquisition score of 153 candidates)...
  [mesmo] bpt=pentium_m l1da=4 l1d=16 l1ia=8 l1i=16 l2a=4 l2=256 l3a=4 l3=2048 robc=2 robd=2 robw=64  ASI= 2.4777  S=0.9933  A=  42.43  P= 17.23  [Strongly Sust.]  [ML2=1.00x, CCl=1.00x, MIP=0.98x, EI=0.99x]

  Pareto front after iteration 1 (4 points, HV=2.4688):
  Params                                  ASI  Speedup     Area  PeakPow  Region
  ──────────────────────────────────────────────────────────────────────────────
  bp=1024 bpt=a53 l1da=8 l1d=16 l1ia=8 l1i=16 l2a=8 l2=512 l3a=16 l3=1024 nhist=3 robc=10 robd=8 robw=256   0.0580   1.0163    82.16   535.13  Unsustainable
  baseline                             1.0000   1.0000    94.01    27.56  Reference
  bpt=pentium_m l1da=4 l1d=16 l1ia=8 l1i=16 l2a=4 l2=256 l3a=4 l3=2048 robc=2 robd=2 robw=256   2.4282   0.9933    42.61    17.56  Strongly Sust.
  bpt=pentium_m l1da=4 l1d=16 l1ia=8 l1i=16 l2a=4 l2=256 l3a=4 l3=2048 robc=2 robd=2 robw=64   2.4777   0.9933    42.43    17.23  Strongly Sust.
  Ran sniper 1 time this iteration (7 total).

=== Iteration 2 ===
  Evaluating 1 configuration(s) (top acquisition score of 188 candidates)...
  [mesmo] bp=512 bpt=a53 l1da=8 l1d=16 l1ia=8 l1i=16 l2a=8 l2=512 l3a=16 l3=1024 nhist=4 robc=10 robd=8 robw=256  ASI= 0.0580  S=1.0165  A=  82.16  P=535.14  [Unsustainable]  [ML2=1.06x, CCl=1.00x, MIP=1.01x, EI=1.00x]

  Pareto front after iteration 2 (5 points, HV=2.4688):
  Params                                  ASI  Speedup     Area  PeakPow  Region
  ──────────────────────────────────────────────────────────────────────────────
  bp=512 bpt=a53 l1da=8 l1d=16 l1ia=8 l1i=16 l2a=8 l2=512 l3a=16 l3=1024 nhist=4 robc=10 robd=8 robw=256   0.0580   1.0165    82.16   535.14  Unsustainable
  bp=1024 bpt=a53 l1da=8 l1d=16 l1ia=8 l1i=16 l2a=8 l2=512 l3a=16 l3=1024 nhist=3 robc=10 robd=8 robw=256   0.0580   1.0163    82.16   535.13  Unsustainable
  baseline                             1.0000   1.0000    94.01    27.56  Reference
  bpt=pentium_m l1da=4 l1d=16 l1ia=8 l1i=16 l2a=4 l2=256 l3a=4 l3=2048 robc=2 robd=2 robw=256   2.4282   0.9933    42.61    17.56  Strongly Sust.
  bpt=pentium_m l1da=4 l1d=16 l1ia=8 l1i=16 l2a=4 l2=256 l3a=4 l3=2048 robc=2 robd=2 robw=64   2.4777   0.9933    42.43    17.23  Strongly Sust.
  Ran sniper 1 time this iteration (8 total).

=== Iteration 3 ===
  Evaluating 1 configuration(s) (top acquisition score of 400 candidates)...
  [mesmo] bpt=nn l1da=8 l1d=16 l1ia=8 l1i=16 l2a=8 l2=512 l3a=16 l3=1024 nnbl=64 nnlr=0.0005 robc=10 robd=8 robw=256  ASI= 0.0580  S=0.9877  A=  82.16  P=534.89  [Unsustainable]  [ML2=1.05x, CCl=1.00x, MIP=1.01x, EI=0.90x]
  Deleted 1 non-Pareto output directory.

  Pareto front after iteration 3 (5 points, HV=2.4688):
  Params                                  ASI  Speedup     Area  PeakPow  Region
  ──────────────────────────────────────────────────────────────────────────────
  bp=512 bpt=a53 l1da=8 l1d=16 l1ia=8 l1i=16 l2a=8 l2=512 l3a=16 l3=1024 nhist=4 robc=10 robd=8 robw=256   0.0580   1.0165    82.16   535.14  Unsustainable
  bp=1024 bpt=a53 l1da=8 l1d=16 l1ia=8 l1i=16 l2a=8 l2=512 l3a=16 l3=1024 nhist=3 robc=10 robd=8 robw=256   0.0580   1.0163    82.16   535.13  Unsustainable
  baseline                             1.0000   1.0000    94.01    27.56  Reference
  bpt=pentium_m l1da=4 l1d=16 l1ia=8 l1i=16 l2a=4 l2=256 l3a=4 l3=2048 robc=2 robd=2 robw=256   2.4282   0.9933    42.61    17.56  Strongly Sust.
  bpt=pentium_m l1da=4 l1d=16 l1ia=8 l1i=16 l2a=4 l2=256 l3a=4 l3=2048 robc=2 robd=2 robw=64   2.4777   0.9933    42.43    17.23  Strongly Sust.
  Ran sniper 1 time this iteration (9 total).

=== Iteration 4 ===
  Evaluating 1 configuration(s) (top acquisition score of 400 candidates)...
  [mesmo] bp=512 bpt=a53 l1da=8 l1d=16 l1ia=8 l1i=16 l2a=8 l2=512 l3a=16 l3=1024 nhist=4 robc=10 robd=10 robw=256  ASI= 0.0258  S=1.0168  A= 100.51  P=996.39  [Unsustainable]  [ML2=1.06x, CCl=1.00x, MIP=1.01x, EI=1.00x]

  Pareto front after iteration 4 (6 points, HV=2.4689):
  Params                                  ASI  Speedup     Area  PeakPow  Region
  ──────────────────────────────────────────────────────────────────────────────
  bp=512 bpt=a53 l1da=8 l1d=16 l1ia=8 l1i=16 l2a=8 l2=512 l3a=16 l3=1024 nhist=4 robc=10 robd=10 robw=256   0.0258   1.0168   100.51   996.39  Unsustainable
  bp=512 bpt=a53 l1da=8 l1d=16 l1ia=8 l1i=16 l2a=8 l2=512 l3a=16 l3=1024 nhist=4 robc=10 robd=8 robw=256   0.0580   1.0165    82.16   535.14  Unsustainable
  bp=1024 bpt=a53 l1da=8 l1d=16 l1ia=8 l1i=16 l2a=8 l2=512 l3a=16 l3=1024 nhist=3 robc=10 robd=8 robw=256   0.0580   1.0163    82.16   535.13  Unsustainable
  baseline                             1.0000   1.0000    94.01    27.56  Reference
  bpt=pentium_m l1da=4 l1d=16 l1ia=8 l1i=16 l2a=4 l2=256 l3a=4 l3=2048 robc=2 robd=2 robw=256   2.4282   0.9933    42.61    17.56  Strongly Sust.
  bpt=pentium_m l1da=4 l1d=16 l1ia=8 l1i=16 l2a=4 l2=256 l3a=4 l3=2048 robc=2 robd=2 robw=64   2.4777   0.9933    42.43    17.23  Strongly Sust.
  Ran sniper 1 time this iteration (10 total).

=== Iteration 5 ===
  Evaluating 1 configuration(s) (top acquisition score of 400 candidates)...
  [mesmo] bp=512 bpt=a53 l1da=8 l1d=16 l1ia=8 l1i=16 l2a=8 l2=512 l3a=16 l3=1024 nhist=4 robc=8 robd=8 robw=256  ASI= 0.0580  S=1.0165  A=  82.16  P=535.14  [Unsustainable]  [ML2=1.06x, CCl=1.00x, MIP=1.01x, EI=1.00x]
  Deleted 1 non-Pareto output directory.

  Pareto front after iteration 5 (6 points, HV=2.4689):
  Params                                  ASI  Speedup     Area  PeakPow  Region
  ──────────────────────────────────────────────────────────────────────────────
  bp=512 bpt=a53 l1da=8 l1d=16 l1ia=8 l1i=16 l2a=8 l2=512 l3a=16 l3=1024 nhist=4 robc=10 robd=10 robw=256   0.0258   1.0168   100.51   996.39  Unsustainable
  bp=512 bpt=a53 l1da=8 l1d=16 l1ia=8 l1i=16 l2a=8 l2=512 l3a=16 l3=1024 nhist=4 robc=8 robd=8 robw=256   0.0580   1.0165    82.16   535.14  Unsustainable
  bp=1024 bpt=a53 l1da=8 l1d=16 l1ia=8 l1i=16 l2a=8 l2=512 l3a=16 l3=1024 nhist=3 robc=10 robd=8 robw=256   0.0580   1.0163    82.16   535.13  Unsustainable
  baseline                             1.0000   1.0000    94.01    27.56  Reference
  bpt=pentium_m l1da=4 l1d=16 l1ia=8 l1i=16 l2a=4 l2=256 l3a=4 l3=2048 robc=2 robd=2 robw=256   2.4282   0.9933    42.61    17.56  Strongly Sust.
  bpt=pentium_m l1da=4 l1d=16 l1ia=8 l1i=16 l2a=4 l2=256 l3a=4 l3=2048 robc=2 robd=2 robw=64   2.4777   0.9933    42.43    17.23  Strongly Sust.
  Ran sniper 1 time this iteration (11 total).

=== Iteration 6 ===
  Evaluating 1 configuration(s) (top acquisition score of 400 candidates)...
  [mesmo] bpt=tage l1da=8 l1d=16 l1ia=8 l1i=16 l2a=8 l2=512 l3a=16 l3=1024 robc=8 robd=8 robw=256  ASI= 0.0580  S=1.0163  A=  82.16  P=535.13  [Unsustainable]  [ML2=1.06x, CCl=1.00x, MIP=1.01x, EI=1.00x]

  Pareto front after iteration 6 (7 points, HV=2.4689):
  Params                                  ASI  Speedup     Area  PeakPow  Region
  ──────────────────────────────────────────────────────────────────────────────
  bp=512 bpt=a53 l1da=8 l1d=16 l1ia=8 l1i=16 l2a=8 l2=512 l3a=16 l3=1024 nhist=4 robc=10 robd=10 robw=256   0.0258   1.0168   100.51   996.39  Unsustainable
  bp=512 bpt=a53 l1da=8 l1d=16 l1ia=8 l1i=16 l2a=8 l2=512 l3a=16 l3=1024 nhist=4 robc=8 robd=8 robw=256   0.0580   1.0165    82.16   535.14  Unsustainable
  bpt=tage l1da=8 l1d=16 l1ia=8 l1i=16 l2a=8 l2=512 l3a=16 l3=1024 robc=8 robd=8 robw=256   0.0580   1.0163    82.16   535.13  Unsustainable
  bp=1024 bpt=a53 l1da=8 l1d=16 l1ia=8 l1i=16 l2a=8 l2=512 l3a=16 l3=1024 nhist=3 robc=10 robd=8 robw=256   0.0580   1.0163    82.16   535.13  Unsustainable
  baseline                             1.0000   1.0000    94.01    27.56  Reference
  bpt=pentium_m l1da=4 l1d=16 l1ia=8 l1i=16 l2a=4 l2=256 l3a=4 l3=2048 robc=2 robd=2 robw=256   2.4282   0.9933    42.61    17.56  Strongly Sust.
  bpt=pentium_m l1da=4 l1d=16 l1ia=8 l1i=16 l2a=4 l2=256 l3a=4 l3=2048 robc=2 robd=2 robw=64   2.4777   0.9933    42.43    17.23  Strongly Sust.
  Ran sniper 1 time this iteration (12 total).

=== Iteration 7 ===
  Evaluating 1 configuration(s) (top acquisition score of 400 candidates)...
  [mesmo] bpt=pentium_m l1da=4 l1d=16 l1ia=8 l1i=16 l2a=4 l2=256 l3a=4 l3=2048 robc=2 robd=2 robw=32  ASI= 2.5104  S=0.9857  A=  42.37  P= 17.01  [Strongly Sust.]  [ML2=1.00x, CCl=0.99x, MIP=0.97x, EI=0.98x]

  Pareto front after iteration 7 (8 points, HV=2.5010):
  Params                                  ASI  Speedup     Area  PeakPow  Region
  ──────────────────────────────────────────────────────────────────────────────
  bp=512 bpt=a53 l1da=8 l1d=16 l1ia=8 l1i=16 l2a=8 l2=512 l3a=16 l3=1024 nhist=4 robc=10 robd=10 robw=256   0.0258   1.0168   100.51   996.39  Unsustainable
  bp=512 bpt=a53 l1da=8 l1d=16 l1ia=8 l1i=16 l2a=8 l2=512 l3a=16 l3=1024 nhist=4 robc=8 robd=8 robw=256   0.0580   1.0165    82.16   535.14  Unsustainable
  bpt=tage l1da=8 l1d=16 l1ia=8 l1i=16 l2a=8 l2=512 l3a=16 l3=1024 robc=8 robd=8 robw=256   0.0580   1.0163    82.16   535.13  Unsustainable
  bp=1024 bpt=a53 l1da=8 l1d=16 l1ia=8 l1i=16 l2a=8 l2=512 l3a=16 l3=1024 nhist=3 robc=10 robd=8 robw=256   0.0580   1.0163    82.16   535.13  Unsustainable
  baseline                             1.0000   1.0000    94.01    27.56  Reference
  bpt=pentium_m l1da=4 l1d=16 l1ia=8 l1i=16 l2a=4 l2=256 l3a=4 l3=2048 robc=2 robd=2 robw=256   2.4282   0.9933    42.61    17.56  Strongly Sust.
  bpt=pentium_m l1da=4 l1d=16 l1ia=8 l1i=16 l2a=4 l2=256 l3a=4 l3=2048 robc=2 robd=2 robw=64   2.4777   0.9933    42.43    17.23  Strongly Sust.
  bpt=pentium_m l1da=4 l1d=16 l1ia=8 l1i=16 l2a=4 l2=256 l3a=4 l3=2048 robc=2 robd=2 robw=32   2.5104   0.9857    42.37    17.01  Strongly Sust.
  Ran sniper 1 time this iteration (13 total).

=== Iteration 8 ===
  Evaluating 1 configuration(s) (top acquisition score of 400 candidates)...
  [mesmo] bpt=pentium_m l1da=4 l1d=64 l1ia=8 l1i=16 l2a=4 l2=256 l3a=4 l3=2048 robc=2 robd=2 robw=32  ASI= 2.4882  S=0.9862  A=  42.74  P= 17.12  [Strongly Sust.]  [ML2=1.00x, CCl=0.99x, MIP=0.97x, EI=0.98x]

  Pareto front after iteration 8 (9 points, HV=2.5010):
  Params                                  ASI  Speedup     Area  PeakPow  Region
  ──────────────────────────────────────────────────────────────────────────────
  bp=512 bpt=a53 l1da=8 l1d=16 l1ia=8 l1i=16 l2a=8 l2=512 l3a=16 l3=1024 nhist=4 robc=10 robd=10 robw=256   0.0258   1.0168   100.51   996.39  Unsustainable
  bp=512 bpt=a53 l1da=8 l1d=16 l1ia=8 l1i=16 l2a=8 l2=512 l3a=16 l3=1024 nhist=4 robc=8 robd=8 robw=256   0.0580   1.0165    82.16   535.14  Unsustainable
  bpt=tage l1da=8 l1d=16 l1ia=8 l1i=16 l2a=8 l2=512 l3a=16 l3=1024 robc=8 robd=8 robw=256   0.0580   1.0163    82.16   535.13  Unsustainable
  bp=1024 bpt=a53 l1da=8 l1d=16 l1ia=8 l1i=16 l2a=8 l2=512 l3a=16 l3=1024 nhist=3 robc=10 robd=8 robw=256   0.0580   1.0163    82.16   535.13  Unsustainable
  baseline                             1.0000   1.0000    94.01    27.56  Reference
  bpt=pentium_m l1da=4 l1d=16 l1ia=8 l1i=16 l2a=4 l2=256 l3a=4 l3=2048 robc=2 robd=2 robw=256   2.4282   0.9933    42.61    17.56  Strongly Sust.
  bpt=pentium_m l1da=4 l1d=16 l1ia=8 l1i=16 l2a=4 l2=256 l3a=4 l3=2048 robc=2 robd=2 robw=64   2.4777   0.9933    42.43    17.23  Strongly Sust.
  bpt=pentium_m l1da=4 l1d=64 l1ia=8 l1i=16 l2a=4 l2=256 l3a=4 l3=2048 robc=2 robd=2 robw=32   2.4882   0.9862    42.74    17.12  Strongly Sust.
  bpt=pentium_m l1da=4 l1d=16 l1ia=8 l1i=16 l2a=4 l2=256 l3a=4 l3=2048 robc=2 robd=2 robw=32   2.5104   0.9857    42.37    17.01  Strongly Sust.
  Ran sniper 1 time this iteration (14 total).

=== Iteration 9 ===
  Evaluating 1 configuration(s) (top acquisition score of 400 candidates)...
  [mesmo] bp=1024 bpt=a53 l1da=8 l1d=16 l1ia=8 l1i=16 l2a=8 l2=512 l3a=8 l3=1024 nhist=3 robc=10 robd=8 robw=256  ASI= 0.0591  S=1.0163  A=  80.08  P=535.08  [Unsustainable]  [ML2=1.06x, CCl=1.00x, MIP=1.01x, EI=1.00x]
  Deleted 1 non-Pareto output directory.

  Pareto front after iteration 9 (9 points, HV=2.5010):
  Params                                  ASI  Speedup     Area  PeakPow  Region
  ──────────────────────────────────────────────────────────────────────────────
  bp=512 bpt=a53 l1da=8 l1d=16 l1ia=8 l1i=16 l2a=8 l2=512 l3a=16 l3=1024 nhist=4 robc=10 robd=10 robw=256   0.0258   1.0168   100.51   996.39  Unsustainable
  bp=512 bpt=a53 l1da=8 l1d=16 l1ia=8 l1i=16 l2a=8 l2=512 l3a=16 l3=1024 nhist=4 robc=8 robd=8 robw=256   0.0580   1.0165    82.16   535.14  Unsustainable
  bpt=tage l1da=8 l1d=16 l1ia=8 l1i=16 l2a=8 l2=512 l3a=16 l3=1024 robc=8 robd=8 robw=256   0.0580   1.0163    82.16   535.13  Unsustainable
  bp=1024 bpt=a53 l1da=8 l1d=16 l1ia=8 l1i=16 l2a=8 l2=512 l3a=8 l3=1024 nhist=3 robc=10 robd=8 robw=256   0.0591   1.0163    80.08   535.08  Unsustainable
  baseline                             1.0000   1.0000    94.01    27.56  Reference
  bpt=pentium_m l1da=4 l1d=16 l1ia=8 l1i=16 l2a=4 l2=256 l3a=4 l3=2048 robc=2 robd=2 robw=256   2.4282   0.9933    42.61    17.56  Strongly Sust.
  bpt=pentium_m l1da=4 l1d=16 l1ia=8 l1i=16 l2a=4 l2=256 l3a=4 l3=2048 robc=2 robd=2 robw=64   2.4777   0.9933    42.43    17.23  Strongly Sust.
  bpt=pentium_m l1da=4 l1d=64 l1ia=8 l1i=16 l2a=4 l2=256 l3a=4 l3=2048 robc=2 robd=2 robw=32   2.4882   0.9862    42.74    17.12  Strongly Sust.
  bpt=pentium_m l1da=4 l1d=16 l1ia=8 l1i=16 l2a=4 l2=256 l3a=4 l3=2048 robc=2 robd=2 robw=32   2.5104   0.9857    42.37    17.01  Strongly Sust.
  Ran sniper 1 time this iteration (15 total).

=== Iteration 10 ===
  Evaluating 1 configuration(s) (top acquisition score of 400 candidates)...
  [mesmo] bp=1024 bpt=a53 l1da=8 l1d=64 l1ia=8 l1i=16 l2a=8 l2=512 l3a=8 l3=1024 nhist=3 robc=10 robd=8 robw=256  ASI= 0.0583  S=1.0169  A=  81.53  P=535.21  [Unsustainable]  [ML2=1.06x, CCl=1.00x, MIP=1.01x, EI=1.00x]
  Deleted 3 non-Pareto output directories.

  Pareto front after iteration 10 (7 points, HV=2.5011):
  Params                                  ASI  Speedup     Area  PeakPow  Region
  ──────────────────────────────────────────────────────────────────────────────
  bp=1024 bpt=a53 l1da=8 l1d=64 l1ia=8 l1i=16 l2a=8 l2=512 l3a=8 l3=1024 nhist=3 robc=10 robd=8 robw=256   0.0583   1.0169    81.53   535.21  Unsustainable
  bp=1024 bpt=a53 l1da=8 l1d=16 l1ia=8 l1i=16 l2a=8 l2=512 l3a=8 l3=1024 nhist=3 robc=10 robd=8 robw=256   0.0591   1.0163    80.08   535.08  Unsustainable
  baseline                             1.0000   1.0000    94.01    27.56  Reference
  bpt=pentium_m l1da=4 l1d=16 l1ia=8 l1i=16 l2a=4 l2=256 l3a=4 l3=2048 robc=2 robd=2 robw=256   2.4282   0.9933    42.61    17.56  Strongly Sust.
  bpt=pentium_m l1da=4 l1d=16 l1ia=8 l1i=16 l2a=4 l2=256 l3a=4 l3=2048 robc=2 robd=2 robw=64   2.4777   0.9933    42.43    17.23  Strongly Sust.
  bpt=pentium_m l1da=4 l1d=64 l1ia=8 l1i=16 l2a=4 l2=256 l3a=4 l3=2048 robc=2 robd=2 robw=32   2.4882   0.9862    42.74    17.12  Strongly Sust.
  bpt=pentium_m l1da=4 l1d=16 l1ia=8 l1i=16 l2a=4 l2=256 l3a=4 l3=2048 robc=2 robd=2 robw=32   2.5104   0.9857    42.37    17.01  Strongly Sust.
  Ran sniper 1 time this iteration (16 total).

=== Iteration 11 ===
  Evaluating 1 configuration(s) (top acquisition score of 400 candidates)...
  [mesmo] bp=2048 bpt=a53 l1da=8 l1d=32 l1ia=4 l1i=16 l2a=8 l2=512 l3a=8 l3=1024 nhist=4 robc=4 robd=8 robw=512  ASI= 0.0326  S=1.0168  A= 103.18  P=762.24  [Unsustainable]  [ML2=1.06x, CCl=1.00x, MIP=1.01x, EI=1.00x]
  Deleted 1 non-Pareto output directory.

  Pareto front after iteration 11 (7 points, HV=2.5011):
  Params                                  ASI  Speedup     Area  PeakPow  Region
  ──────────────────────────────────────────────────────────────────────────────
  bp=1024 bpt=a53 l1da=8 l1d=64 l1ia=8 l1i=16 l2a=8 l2=512 l3a=8 l3=1024 nhist=3 robc=10 robd=8 robw=256   0.0583   1.0169    81.53   535.21  Unsustainable
  bp=1024 bpt=a53 l1da=8 l1d=16 l1ia=8 l1i=16 l2a=8 l2=512 l3a=8 l3=1024 nhist=3 robc=10 robd=8 robw=256   0.0591   1.0163    80.08   535.08  Unsustainable
  baseline                             1.0000   1.0000    94.01    27.56  Reference
  bpt=pentium_m l1da=4 l1d=16 l1ia=8 l1i=16 l2a=4 l2=256 l3a=4 l3=2048 robc=2 robd=2 robw=256   2.4282   0.9933    42.61    17.56  Strongly Sust.
  bpt=pentium_m l1da=4 l1d=16 l1ia=8 l1i=16 l2a=4 l2=256 l3a=4 l3=2048 robc=2 robd=2 robw=64   2.4777   0.9933    42.43    17.23  Strongly Sust.
  bpt=pentium_m l1da=4 l1d=64 l1ia=8 l1i=16 l2a=4 l2=256 l3a=4 l3=2048 robc=2 robd=2 robw=32   2.4882   0.9862    42.74    17.12  Strongly Sust.
  bpt=pentium_m l1da=4 l1d=16 l1ia=8 l1i=16 l2a=4 l2=256 l3a=4 l3=2048 robc=2 robd=2 robw=32   2.5104   0.9857    42.37    17.01  Strongly Sust.
  Ran sniper 1 time this iteration (17 total).

=== Iteration 12 ===
  Evaluating 1 configuration(s) (top acquisition score of 400 candidates)...
  [mesmo] bpt=pentium_m l1da=4 l1d=64 l1ia=8 l1i=16 l2a=4 l2=256 l3a=4 l3=2048 robc=2 robd=2 robw=512  ASI= 1.6414  S=0.9940  A=  44.46  P= 25.64  [Strongly Sust.]  [ML2=1.00x, CCl=1.00x, MIP=0.98x, EI=0.99x]

  Pareto front after iteration 12 (8 points, HV=2.5015):
  Params                                  ASI  Speedup     Area  PeakPow  Region
  ──────────────────────────────────────────────────────────────────────────────
  bp=1024 bpt=a53 l1da=8 l1d=64 l1ia=8 l1i=16 l2a=8 l2=512 l3a=8 l3=1024 nhist=3 robc=10 robd=8 robw=256   0.0583   1.0169    81.53   535.21  Unsustainable
  bp=1024 bpt=a53 l1da=8 l1d=16 l1ia=8 l1i=16 l2a=8 l2=512 l3a=8 l3=1024 nhist=3 robc=10 robd=8 robw=256   0.0591   1.0163    80.08   535.08  Unsustainable
  baseline                             1.0000   1.0000    94.01    27.56  Reference
  bpt=pentium_m l1da=4 l1d=64 l1ia=8 l1i=16 l2a=4 l2=256 l3a=4 l3=2048 robc=2 robd=2 robw=512   1.6414   0.9940    44.46    25.64  Strongly Sust.
  bpt=pentium_m l1da=4 l1d=16 l1ia=8 l1i=16 l2a=4 l2=256 l3a=4 l3=2048 robc=2 robd=2 robw=256   2.4282   0.9933    42.61    17.56  Strongly Sust.
  bpt=pentium_m l1da=4 l1d=16 l1ia=8 l1i=16 l2a=4 l2=256 l3a=4 l3=2048 robc=2 robd=2 robw=64   2.4777   0.9933    42.43    17.23  Strongly Sust.
  bpt=pentium_m l1da=4 l1d=64 l1ia=8 l1i=16 l2a=4 l2=256 l3a=4 l3=2048 robc=2 robd=2 robw=32   2.4882   0.9862    42.74    17.12  Strongly Sust.
  bpt=pentium_m l1da=4 l1d=16 l1ia=8 l1i=16 l2a=4 l2=256 l3a=4 l3=2048 robc=2 robd=2 robw=32   2.5104   0.9857    42.37    17.01  Strongly Sust.
  Ran sniper 1 time this iteration (18 total).

=== Iteration 13 ===
  Evaluating 1 configuration(s) (top acquisition score of 400 candidates)...
  [mesmo] bpt=pentium_m l1da=4 l1d=64 l1ia=4 l1i=16 l2a=8 l2=512 l3a=4 l3=4096 robc=2 robd=10 robw=16  ASI= 0.5763  S=0.9845  A=  75.99  P= 56.99  [Unsustainable]  [ML2=1.06x, CCl=0.97x, MIP=0.95x, EI=0.96x]
  Deleted 1 non-Pareto output directory.

  Pareto front after iteration 13 (8 points, HV=2.5015):
  Params                                  ASI  Speedup     Area  PeakPow  Region
  ──────────────────────────────────────────────────────────────────────────────
  bp=1024 bpt=a53 l1da=8 l1d=64 l1ia=8 l1i=16 l2a=8 l2=512 l3a=8 l3=1024 nhist=3 robc=10 robd=8 robw=256   0.0583   1.0169    81.53   535.21  Unsustainable
  bp=1024 bpt=a53 l1da=8 l1d=16 l1ia=8 l1i=16 l2a=8 l2=512 l3a=8 l3=1024 nhist=3 robc=10 robd=8 robw=256   0.0591   1.0163    80.08   535.08  Unsustainable
  baseline                             1.0000   1.0000    94.01    27.56  Reference
  bpt=pentium_m l1da=4 l1d=64 l1ia=8 l1i=16 l2a=4 l2=256 l3a=4 l3=2048 robc=2 robd=2 robw=512   1.6414   0.9940    44.46    25.64  Strongly Sust.
  bpt=pentium_m l1da=4 l1d=16 l1ia=8 l1i=16 l2a=4 l2=256 l3a=4 l3=2048 robc=2 robd=2 robw=256   2.4282   0.9933    42.61    17.56  Strongly Sust.
  bpt=pentium_m l1da=4 l1d=16 l1ia=8 l1i=16 l2a=4 l2=256 l3a=4 l3=2048 robc=2 robd=2 robw=64   2.4777   0.9933    42.43    17.23  Strongly Sust.
  bpt=pentium_m l1da=4 l1d=64 l1ia=8 l1i=16 l2a=4 l2=256 l3a=4 l3=2048 robc=2 robd=2 robw=32   2.4882   0.9862    42.74    17.12  Strongly Sust.
  bpt=pentium_m l1da=4 l1d=16 l1ia=8 l1i=16 l2a=4 l2=256 l3a=4 l3=2048 robc=2 robd=2 robw=32   2.5104   0.9857    42.37    17.01  Strongly Sust.
  Ran sniper 1 time this iteration (19 total).

=== Iteration 14 ===
  Evaluating 1 configuration(s) (top acquisition score of 400 candidates)...
  [mesmo] bp=2048 bpt=a53 l1da=8 l1d=16 l1ia=8 l1i=16 l2a=8 l2=512 l3a=8 l3=1024 nhist=4 robc=10 robd=8 robw=256  ASI= 0.0591  S=1.0163  A=  80.08  P=535.08  [Unsustainable]  [ML2=1.06x, CCl=1.00x, MIP=1.01x, EI=1.00x]
  Deleted 1 non-Pareto output directory.

  Pareto front after iteration 14 (8 points, HV=2.5015):
  Params                                  ASI  Speedup     Area  PeakPow  Region
  ──────────────────────────────────────────────────────────────────────────────
  bp=1024 bpt=a53 l1da=8 l1d=64 l1ia=8 l1i=16 l2a=8 l2=512 l3a=8 l3=1024 nhist=3 robc=10 robd=8 robw=256   0.0583   1.0169    81.53   535.21  Unsustainable
  bp=1024 bpt=a53 l1da=8 l1d=16 l1ia=8 l1i=16 l2a=8 l2=512 l3a=8 l3=1024 nhist=3 robc=10 robd=8 robw=256   0.0591   1.0163    80.08   535.08  Unsustainable
  baseline                             1.0000   1.0000    94.01    27.56  Reference
  bpt=pentium_m l1da=4 l1d=64 l1ia=8 l1i=16 l2a=4 l2=256 l3a=4 l3=2048 robc=2 robd=2 robw=512   1.6414   0.9940    44.46    25.64  Strongly Sust.
  bpt=pentium_m l1da=4 l1d=16 l1ia=8 l1i=16 l2a=4 l2=256 l3a=4 l3=2048 robc=2 robd=2 robw=256   2.4282   0.9933    42.61    17.56  Strongly Sust.
  bpt=pentium_m l1da=4 l1d=16 l1ia=8 l1i=16 l2a=4 l2=256 l3a=4 l3=2048 robc=2 robd=2 robw=64   2.4777   0.9933    42.43    17.23  Strongly Sust.
  bpt=pentium_m l1da=4 l1d=64 l1ia=8 l1i=16 l2a=4 l2=256 l3a=4 l3=2048 robc=2 robd=2 robw=32   2.4882   0.9862    42.74    17.12  Strongly Sust.
  bpt=pentium_m l1da=4 l1d=16 l1ia=8 l1i=16 l2a=4 l2=256 l3a=4 l3=2048 robc=2 robd=2 robw=32   2.5104   0.9857    42.37    17.01  Strongly Sust.
  Ran sniper 1 time this iteration (20 total).

=== Iteration 15 ===
  Evaluating 1 configuration(s) (top acquisition score of 400 candidates)...
  [mesmo] bpt=pentium_m l1da=4 l1d=64 l1ia=8 l1i=32 l2a=4 l2=256 l3a=4 l3=2048 robc=2 robd=2 robw=32  ASI= 2.4777  S=0.9862  A=  43.09  P= 17.15  [Strongly Sust.]  [ML2=1.00x, CCl=0.99x, MIP=0.97x, EI=0.98x]
  Deleted 1 non-Pareto output directory.

  Pareto front after iteration 15 (8 points, HV=2.5015):
  Params                                  ASI  Speedup     Area  PeakPow  Region
  ──────────────────────────────────────────────────────────────────────────────
  bp=1024 bpt=a53 l1da=8 l1d=64 l1ia=8 l1i=16 l2a=8 l2=512 l3a=8 l3=1024 nhist=3 robc=10 robd=8 robw=256   0.0583   1.0169    81.53   535.21  Unsustainable
  bp=1024 bpt=a53 l1da=8 l1d=16 l1ia=8 l1i=16 l2a=8 l2=512 l3a=8 l3=1024 nhist=3 robc=10 robd=8 robw=256   0.0591   1.0163    80.08   535.08  Unsustainable
  baseline                             1.0000   1.0000    94.01    27.56  Reference
  bpt=pentium_m l1da=4 l1d=64 l1ia=8 l1i=16 l2a=4 l2=256 l3a=4 l3=2048 robc=2 robd=2 robw=512   1.6414   0.9940    44.46    25.64  Strongly Sust.
  bpt=pentium_m l1da=4 l1d=16 l1ia=8 l1i=16 l2a=4 l2=256 l3a=4 l3=2048 robc=2 robd=2 robw=256   2.4282   0.9933    42.61    17.56  Strongly Sust.
  bpt=pentium_m l1da=4 l1d=16 l1ia=8 l1i=16 l2a=4 l2=256 l3a=4 l3=2048 robc=2 robd=2 robw=64   2.4777   0.9933    42.43    17.23  Strongly Sust.
  bpt=pentium_m l1da=4 l1d=64 l1ia=8 l1i=16 l2a=4 l2=256 l3a=4 l3=2048 robc=2 robd=2 robw=32   2.4882   0.9862    42.74    17.12  Strongly Sust.
  bpt=pentium_m l1da=4 l1d=16 l1ia=8 l1i=16 l2a=4 l2=256 l3a=4 l3=2048 robc=2 robd=2 robw=32   2.5104   0.9857    42.37    17.01  Strongly Sust.
  Ran sniper 1 time this iteration (21 total).

=== Iteration 16 ===
  Evaluating 1 configuration(s) (top acquisition score of 400 candidates)...
  [mesmo] bpt=tage l1da=4 l1d=16 l1ia=8 l1i=16 l2a=4 l2=256 l3a=4 l3=2048 robc=2 robd=2 robw=32  ASI= 2.5100  S=0.9862  A=  42.37  P= 17.01  [Strongly Sust.]  [ML2=1.00x, CCl=1.00x, MIP=0.97x, EI=0.98x]
  Deleted 1 non-Pareto output directory.

  Pareto front after iteration 16 (8 points, HV=2.5015):
  Params                                  ASI  Speedup     Area  PeakPow  Region
  ──────────────────────────────────────────────────────────────────────────────
  bp=1024 bpt=a53 l1da=8 l1d=64 l1ia=8 l1i=16 l2a=8 l2=512 l3a=8 l3=1024 nhist=3 robc=10 robd=8 robw=256   0.0583   1.0169    81.53   535.21  Unsustainable
  bp=1024 bpt=a53 l1da=8 l1d=16 l1ia=8 l1i=16 l2a=8 l2=512 l3a=8 l3=1024 nhist=3 robc=10 robd=8 robw=256   0.0591   1.0163    80.08   535.08  Unsustainable
  baseline                             1.0000   1.0000    94.01    27.56  Reference
  bpt=pentium_m l1da=4 l1d=64 l1ia=8 l1i=16 l2a=4 l2=256 l3a=4 l3=2048 robc=2 robd=2 robw=512   1.6414   0.9940    44.46    25.64  Strongly Sust.
  bpt=pentium_m l1da=4 l1d=16 l1ia=8 l1i=16 l2a=4 l2=256 l3a=4 l3=2048 robc=2 robd=2 robw=256   2.4282   0.9933    42.61    17.56  Strongly Sust.
  bpt=pentium_m l1da=4 l1d=16 l1ia=8 l1i=16 l2a=4 l2=256 l3a=4 l3=2048 robc=2 robd=2 robw=64   2.4777   0.9933    42.43    17.23  Strongly Sust.
  bpt=tage l1da=4 l1d=16 l1ia=8 l1i=16 l2a=4 l2=256 l3a=4 l3=2048 robc=2 robd=2 robw=32   2.5100   0.9862    42.37    17.01  Strongly Sust.
  bpt=pentium_m l1da=4 l1d=16 l1ia=8 l1i=16 l2a=4 l2=256 l3a=4 l3=2048 robc=2 robd=2 robw=32   2.5104   0.9857    42.37    17.01  Strongly Sust.
  Ran sniper 1 time this iteration (22 total).

=== Iteration 17 ===
  Evaluating 1 configuration(s) (top acquisition score of 400 candidates)...
  [mesmo] bpt=pentium_m l1da=8 l1d=32 l1ia=4 l1i=16 l2a=8 l2=512 l3a=8 l3=2048 robc=8 robd=8 robw=512  ASI= 0.0306  S=1.0169  A= 108.38  P=762.95  [Unsustainable]  [ML2=1.06x, CCl=1.00x, MIP=1.01x, EI=1.00x]

  Pareto front after iteration 17 (9 points, HV=2.5015):
  Params                                  ASI  Speedup     Area  PeakPow  Region
  ──────────────────────────────────────────────────────────────────────────────
  bpt=pentium_m l1da=8 l1d=32 l1ia=4 l1i=16 l2a=8 l2=512 l3a=8 l3=2048 robc=8 robd=8 robw=512   0.0306   1.0169   108.38   762.95  Unsustainable
  bp=1024 bpt=a53 l1da=8 l1d=64 l1ia=8 l1i=16 l2a=8 l2=512 l3a=8 l3=1024 nhist=3 robc=10 robd=8 robw=256   0.0583   1.0169    81.53   535.21  Unsustainable
  bp=1024 bpt=a53 l1da=8 l1d=16 l1ia=8 l1i=16 l2a=8 l2=512 l3a=8 l3=1024 nhist=3 robc=10 robd=8 robw=256   0.0591   1.0163    80.08   535.08  Unsustainable
  baseline                             1.0000   1.0000    94.01    27.56  Reference
  bpt=pentium_m l1da=4 l1d=64 l1ia=8 l1i=16 l2a=4 l2=256 l3a=4 l3=2048 robc=2 robd=2 robw=512   1.6414   0.9940    44.46    25.64  Strongly Sust.
  bpt=pentium_m l1da=4 l1d=16 l1ia=8 l1i=16 l2a=4 l2=256 l3a=4 l3=2048 robc=2 robd=2 robw=256   2.4282   0.9933    42.61    17.56  Strongly Sust.
  bpt=pentium_m l1da=4 l1d=16 l1ia=8 l1i=16 l2a=4 l2=256 l3a=4 l3=2048 robc=2 robd=2 robw=64   2.4777   0.9933    42.43    17.23  Strongly Sust.
  bpt=tage l1da=4 l1d=16 l1ia=8 l1i=16 l2a=4 l2=256 l3a=4 l3=2048 robc=2 robd=2 robw=32   2.5100   0.9862    42.37    17.01  Strongly Sust.
  bpt=pentium_m l1da=4 l1d=16 l1ia=8 l1i=16 l2a=4 l2=256 l3a=4 l3=2048 robc=2 robd=2 robw=32   2.5104   0.9857    42.37    17.01  Strongly Sust.
  Ran sniper 1 time this iteration (23 total).

=== Iteration 18 ===
  Evaluating 1 configuration(s) (top acquisition score of 400 candidates)...
  [mesmo] bpt=nn l1da=4 l1d=16 l1ia=8 l1i=16 l2a=4 l2=256 l3a=4 l3=2048 nnbl=64 nnlr=0.001 robc=2 robd=2 robw=32  ASI= 2.5457  S=0.9516  A=  42.37  P= 16.77  [Strongly Sust.]  [ML2=0.99x, CCl=0.99x, MIP=0.97x, EI=0.86x]

  Pareto front after iteration 18 (10 points, HV=2.5351):
  Params                                  ASI  Speedup     Area  PeakPow  Region
  ──────────────────────────────────────────────────────────────────────────────
  bpt=pentium_m l1da=8 l1d=32 l1ia=4 l1i=16 l2a=8 l2=512 l3a=8 l3=2048 robc=8 robd=8 robw=512   0.0306   1.0169   108.38   762.95  Unsustainable
  bp=1024 bpt=a53 l1da=8 l1d=64 l1ia=8 l1i=16 l2a=8 l2=512 l3a=8 l3=1024 nhist=3 robc=10 robd=8 robw=256   0.0583   1.0169    81.53   535.21  Unsustainable
  bp=1024 bpt=a53 l1da=8 l1d=16 l1ia=8 l1i=16 l2a=8 l2=512 l3a=8 l3=1024 nhist=3 robc=10 robd=8 robw=256   0.0591   1.0163    80.08   535.08  Unsustainable
  baseline                             1.0000   1.0000    94.01    27.56  Reference
  bpt=pentium_m l1da=4 l1d=64 l1ia=8 l1i=16 l2a=4 l2=256 l3a=4 l3=2048 robc=2 robd=2 robw=512   1.6414   0.9940    44.46    25.64  Strongly Sust.
  bpt=pentium_m l1da=4 l1d=16 l1ia=8 l1i=16 l2a=4 l2=256 l3a=4 l3=2048 robc=2 robd=2 robw=256   2.4282   0.9933    42.61    17.56  Strongly Sust.
  bpt=pentium_m l1da=4 l1d=16 l1ia=8 l1i=16 l2a=4 l2=256 l3a=4 l3=2048 robc=2 robd=2 robw=64   2.4777   0.9933    42.43    17.23  Strongly Sust.
  bpt=tage l1da=4 l1d=16 l1ia=8 l1i=16 l2a=4 l2=256 l3a=4 l3=2048 robc=2 robd=2 robw=32   2.5100   0.9862    42.37    17.01  Strongly Sust.
  bpt=pentium_m l1da=4 l1d=16 l1ia=8 l1i=16 l2a=4 l2=256 l3a=4 l3=2048 robc=2 robd=2 robw=32   2.5104   0.9857    42.37    17.01  Strongly Sust.
  bpt=nn l1da=4 l1d=16 l1ia=8 l1i=16 l2a=4 l2=256 l3a=4 l3=2048 nnbl=64 nnlr=0.001 robc=2 robd=2 robw=32   2.5457   0.9516    42.37    16.77  Strongly Sust.
  Ran sniper 1 time this iteration (24 total).

=== Iteration 19 ===
  Evaluating 1 configuration(s) (top acquisition score of 400 candidates)...
  [mesmo] bpt=tage l1da=8 l1d=32 l1ia=4 l1i=64 l2a=4 l2=128 l3a=16 l3=4096 robc=2 robd=8 robw=64  ASI= 0.7824  S=0.9925  A=  69.15  P= 44.54  [Unsustainable]  [ML2=0.97x, CCl=1.00x, MIP=1.01x, EI=0.99x]
  Deleted 1 non-Pareto output directory.

  Pareto front after iteration 19 (10 points, HV=2.5351):
  Params                                  ASI  Speedup     Area  PeakPow  Region
  ──────────────────────────────────────────────────────────────────────────────
  bpt=pentium_m l1da=8 l1d=32 l1ia=4 l1i=16 l2a=8 l2=512 l3a=8 l3=2048 robc=8 robd=8 robw=512   0.0306   1.0169   108.38   762.95  Unsustainable
  bp=1024 bpt=a53 l1da=8 l1d=64 l1ia=8 l1i=16 l2a=8 l2=512 l3a=8 l3=1024 nhist=3 robc=10 robd=8 robw=256   0.0583   1.0169    81.53   535.21  Unsustainable
  bp=1024 bpt=a53 l1da=8 l1d=16 l1ia=8 l1i=16 l2a=8 l2=512 l3a=8 l3=1024 nhist=3 robc=10 robd=8 robw=256   0.0591   1.0163    80.08   535.08  Unsustainable
  baseline                             1.0000   1.0000    94.01    27.56  Reference
  bpt=pentium_m l1da=4 l1d=64 l1ia=8 l1i=16 l2a=4 l2=256 l3a=4 l3=2048 robc=2 robd=2 robw=512   1.6414   0.9940    44.46    25.64  Strongly Sust.
  bpt=pentium_m l1da=4 l1d=16 l1ia=8 l1i=16 l2a=4 l2=256 l3a=4 l3=2048 robc=2 robd=2 robw=256   2.4282   0.9933    42.61    17.56  Strongly Sust.
  bpt=pentium_m l1da=4 l1d=16 l1ia=8 l1i=16 l2a=4 l2=256 l3a=4 l3=2048 robc=2 robd=2 robw=64   2.4777   0.9933    42.43    17.23  Strongly Sust.
  bpt=tage l1da=4 l1d=16 l1ia=8 l1i=16 l2a=4 l2=256 l3a=4 l3=2048 robc=2 robd=2 robw=32   2.5100   0.9862    42.37    17.01  Strongly Sust.
  bpt=pentium_m l1da=4 l1d=16 l1ia=8 l1i=16 l2a=4 l2=256 l3a=4 l3=2048 robc=2 robd=2 robw=32   2.5104   0.9857    42.37    17.01  Strongly Sust.
  bpt=nn l1da=4 l1d=16 l1ia=8 l1i=16 l2a=4 l2=256 l3a=4 l3=2048 nnbl=64 nnlr=0.001 robc=2 robd=2 robw=32   2.5457   0.9516    42.37    16.77  Strongly Sust.
  Ran sniper 1 time this iteration (25 total).

=== Iteration 20 ===
  Evaluating 1 configuration(s) (top acquisition score of 400 candidates)...
  [mesmo] bp=2048 bpt=a53 l1da=8 l1d=32 l1ia=8 l1i=32 l2a=4 l2=512 l3a=8 l3=2048 nhist=4 robc=8 robd=10 robw=256  ASI= 0.0244  S=1.0170  A= 105.00  P=997.11  [Unsustainable]  [ML2=1.06x, CCl=1.00x, MIP=1.01x, EI=1.00x]

  Pareto front after iteration 20 (11 points, HV=2.5351):
  Params                                  ASI  Speedup     Area  PeakPow  Region
  ──────────────────────────────────────────────────────────────────────────────
  bp=2048 bpt=a53 l1da=8 l1d=32 l1ia=8 l1i=32 l2a=4 l2=512 l3a=8 l3=2048 nhist=4 robc=8 robd=10 robw=256   0.0244   1.0170   105.00   997.11  Unsustainable
  bpt=pentium_m l1da=8 l1d=32 l1ia=4 l1i=16 l2a=8 l2=512 l3a=8 l3=2048 robc=8 robd=8 robw=512   0.0306   1.0169   108.38   762.95  Unsustainable
  bp=1024 bpt=a53 l1da=8 l1d=64 l1ia=8 l1i=16 l2a=8 l2=512 l3a=8 l3=1024 nhist=3 robc=10 robd=8 robw=256   0.0583   1.0169    81.53   535.21  Unsustainable
  bp=1024 bpt=a53 l1da=8 l1d=16 l1ia=8 l1i=16 l2a=8 l2=512 l3a=8 l3=1024 nhist=3 robc=10 robd=8 robw=256   0.0591   1.0163    80.08   535.08  Unsustainable
  baseline                             1.0000   1.0000    94.01    27.56  Reference
  bpt=pentium_m l1da=4 l1d=64 l1ia=8 l1i=16 l2a=4 l2=256 l3a=4 l3=2048 robc=2 robd=2 robw=512   1.6414   0.9940    44.46    25.64  Strongly Sust.
  bpt=pentium_m l1da=4 l1d=16 l1ia=8 l1i=16 l2a=4 l2=256 l3a=4 l3=2048 robc=2 robd=2 robw=256   2.4282   0.9933    42.61    17.56  Strongly Sust.
  bpt=pentium_m l1da=4 l1d=16 l1ia=8 l1i=16 l2a=4 l2=256 l3a=4 l3=2048 robc=2 robd=2 robw=64   2.4777   0.9933    42.43    17.23  Strongly Sust.
  bpt=tage l1da=4 l1d=16 l1ia=8 l1i=16 l2a=4 l2=256 l3a=4 l3=2048 robc=2 robd=2 robw=32   2.5100   0.9862    42.37    17.01  Strongly Sust.
  bpt=pentium_m l1da=4 l1d=16 l1ia=8 l1i=16 l2a=4 l2=256 l3a=4 l3=2048 robc=2 robd=2 robw=32   2.5104   0.9857    42.37    17.01  Strongly Sust.
  bpt=nn l1da=4 l1d=16 l1ia=8 l1i=16 l2a=4 l2=256 l3a=4 l3=2048 nnbl=64 nnlr=0.001 robc=2 robd=2 robw=32   2.5457   0.9516    42.37    16.77  Strongly Sust.
  Ran sniper 1 time this iteration (26 total).

Final cleanup: removed 4 stale output directories.
Total sniper runs: 26
Final hypervolume: 2.5351

Plot saved → /home/jaco/school/stage/asi/asi-output/pareto_history.png
Plot saved → /home/jaco/school/stage/asi/asi-output/pareto_final.png
=== Final Pareto Front ===
  Params                                  ASI  Speedup     Area  PeakPow  Region
  ──────────────────────────────────────────────────────────────────────────────
  bp=2048 bpt=a53 l1da=8 l1d=32 l1ia=8 l1i=32 l2a=4 l2=512 l3a=8 l3=2048 nhist=4 robc=8 robd=10 robw=256   0.0244   1.0170   105.00   997.11  Unsustainable
  bpt=pentium_m l1da=8 l1d=32 l1ia=4 l1i=16 l2a=8 l2=512 l3a=8 l3=2048 robc=8 robd=8 robw=512   0.0306   1.0169   108.38   762.95  Unsustainable
  bp=1024 bpt=a53 l1da=8 l1d=64 l1ia=8 l1i=16 l2a=8 l2=512 l3a=8 l3=1024 nhist=3 robc=10 robd=8 robw=256   0.0583   1.0169    81.53   535.21  Unsustainable
  bp=1024 bpt=a53 l1da=8 l1d=16 l1ia=8 l1i=16 l2a=8 l2=512 l3a=8 l3=1024 nhist=3 robc=10 robd=8 robw=256   0.0591   1.0163    80.08   535.08  Unsustainable
  baseline                             1.0000   1.0000    94.01    27.56  Reference
  bpt=pentium_m l1da=4 l1d=64 l1ia=8 l1i=16 l2a=4 l2=256 l3a=4 l3=2048 robc=2 robd=2 robw=512   1.6414   0.9940    44.46    25.64  Strongly Sust.
  bpt=pentium_m l1da=4 l1d=16 l1ia=8 l1i=16 l2a=4 l2=256 l3a=4 l3=2048 robc=2 robd=2 robw=256   2.4282   0.9933    42.61    17.56  Strongly Sust.
  bpt=pentium_m l1da=4 l1d=16 l1ia=8 l1i=16 l2a=4 l2=256 l3a=4 l3=2048 robc=2 robd=2 robw=64   2.4777   0.9933    42.43    17.23  Strongly Sust.
  bpt=tage l1da=4 l1d=16 l1ia=8 l1i=16 l2a=4 l2=256 l3a=4 l3=2048 robc=2 robd=2 robw=32   2.5100   0.9862    42.37    17.01  Strongly Sust.
  bpt=pentium_m l1da=4 l1d=16 l1ia=8 l1i=16 l2a=4 l2=256 l3a=4 l3=2048 robc=2 robd=2 robw=32   2.5104   0.9857    42.37    17.01  Strongly Sust.
  bpt=nn l1da=4 l1d=16 l1ia=8 l1i=16 l2a=4 l2=256 l3a=4 l3=2048 nnbl=64 nnlr=0.001 robc=2 robd=2 robw=32   2.5457   0.9516    42.37    16.77  Strongly Sust.
