Logging to /home/jaco/school/stage/asi/asi-output/run.log

Benchmarks: ML2 (./libs/benchmarks/ML2/bench)

Saved search state at /home/jaco/school/stage/asi/asi-output/search_state.json was written by strategy 'spea2', not 'mesmo' — starting fresh.

Running baseline...
  Area=94.01 mm²  PeakPow=25.81 W
    ML2: Time=2074229 ns

=== Initial design (7 points: baseline + 6 random configurations) ===
  [mesmo] baseline                          ASI= 1.0000  S=1.0000  A=  94.01  P= 25.81  [Reference]
  [mesmo] bpt=pentium_m l1da=4 l1d=16 l1ia=8 l1i=16 l2a=4 l2=256 l3a=4 l3=2048 robc=2 robd=2 robw=256  ASI= 2.4889  S=0.9999  A=  42.61  P= 16.04  [Strongly Sust.]
  [mesmo] bp=2048 bpt=a53 l1da=4 l1d=32 l1ia=4 l1i=16 l2a=8 l2=256 l3a=8 l3=2048 nhist=3 robc=10 robd=8 robw=1024  ASI= 0.0082  S=1.0003  A= 152.68  P=1186.78  [Unsustainable]
  [mesmo] bp=2048 bpt=a53 l1da=4 l1d=16 l1ia=8 l1i=16 l2a=4 l2=128 l3a=16 l3=1024 nhist=2 robc=4 robd=10 robw=128  ASI= 0.0720  S=0.9723  A=  67.03  P=461.22  [Unsustainable]
  [mesmo] bpt=nn l1da=8 l1d=32 l1ia=4 l1i=16 l2a=8 l2=512 l3a=16 l3=2048 nnbl=32 nnlr=0.0005 robc=4 robd=10 robw=1024  ASI=-0.0061  S=1.0591  A= 246.19  P=2631.76  [Unsustainable]
  [mesmo] bpt=nn l1da=8 l1d=16 l1ia=8 l1i=64 l2a=4 l2=256 l3a=8 l3=2048 nnbl=32 nnlr=0.005 robc=10 robd=8 robw=1024  ASI= 0.0070  S=0.9993  A= 157.56  P=1187.83  [Unsustainable]
  [mesmo] bp=1024 bpt=a53 l1da=8 l1d=16 l1ia=8 l1i=16 l2a=8 l2=512 l3a=16 l3=1024 nhist=3 robc=10 robd=8 robw=256  ASI= 0.0545  S=1.0582  A=  82.16  P=533.24  [Unsustainable]

  Pareto front after initial design (4 points, HV=2.4919):
  Params                                  ASI  Speedup     Area  PeakPow  Region
  ──────────────────────────────────────────────────────────────────────────────
  bpt=nn l1da=8 l1d=32 l1ia=4 l1i=16 l2a=8 l2=512 l3a=16 l3=2048 nnbl=32 nnlr=0.0005 robc=4 robd=10 robw=1024  -0.0061   1.0591   246.19  2631.76  Unsustainable
  bp=1024 bpt=a53 l1da=8 l1d=16 l1ia=8 l1i=16 l2a=8 l2=512 l3a=16 l3=1024 nhist=3 robc=10 robd=8 robw=256   0.0545   1.0582    82.16   533.24  Unsustainable
  baseline                             1.0000   1.0000    94.01    25.81  Reference
  bpt=pentium_m l1da=4 l1d=16 l1ia=8 l1i=16 l2a=4 l2=256 l3a=4 l3=2048 robc=2 robd=2 robw=256   2.4889   0.9999    42.61    16.04  Strongly Sust.
  Ran sniper 6 times this step (6 total).

=== Iteration 1 ===
  Evaluating 1 configuration(s) (top acquisition score of 197 candidates)...
  [mesmo] bpt=nn l1da=8 l1d=16 l1ia=8 l1i=16 l2a=8 l2=512 l3a=16 l3=1024 nnbl=32 nnlr=0.0005 robc=10 robd=8 robw=256  ASI= 0.0545  S=1.0333  A=  82.16  P=533.16  [Unsustainable]

  Pareto front after iteration 1 (5 points, HV=2.4919):
  Params                                  ASI  Speedup     Area  PeakPow  Region
  ──────────────────────────────────────────────────────────────────────────────
  bpt=nn l1da=8 l1d=32 l1ia=4 l1i=16 l2a=8 l2=512 l3a=16 l3=2048 nnbl=32 nnlr=0.0005 robc=4 robd=10 robw=1024  -0.0061   1.0591   246.19  2631.76  Unsustainable
  bp=1024 bpt=a53 l1da=8 l1d=16 l1ia=8 l1i=16 l2a=8 l2=512 l3a=16 l3=1024 nhist=3 robc=10 robd=8 robw=256   0.0545   1.0582    82.16   533.24  Unsustainable
  bpt=nn l1da=8 l1d=16 l1ia=8 l1i=16 l2a=8 l2=512 l3a=16 l3=1024 nnbl=32 nnlr=0.0005 robc=10 robd=8 robw=256   0.0545   1.0333    82.16   533.16  Unsustainable
  baseline                             1.0000   1.0000    94.01    25.81  Reference
  bpt=pentium_m l1da=4 l1d=16 l1ia=8 l1i=16 l2a=4 l2=256 l3a=4 l3=2048 robc=2 robd=2 robw=256   2.4889   0.9999    42.61    16.04  Strongly Sust.
  Ran sniper 1 time this iteration (7 total).

=== Iteration 2 ===
  Evaluating 1 configuration(s) (top acquisition score of 400 candidates)...
  [mesmo] bpt=pentium_m l1da=4 l1d=16 l1ia=4 l1i=16 l2a=4 l2=256 l3a=4 l3=2048 robc=2 robd=2 robw=256  ASI= 2.6273  S=0.9999  A=  40.99  P= 15.36  [Strongly Sust.]
  Deleted 1 non-Pareto output directory.

  Pareto front after iteration 2 (5 points, HV=2.6302):
  Params                                  ASI  Speedup     Area  PeakPow  Region
  ──────────────────────────────────────────────────────────────────────────────
  bpt=nn l1da=8 l1d=32 l1ia=4 l1i=16 l2a=8 l2=512 l3a=16 l3=2048 nnbl=32 nnlr=0.0005 robc=4 robd=10 robw=1024  -0.0061   1.0591   246.19  2631.76  Unsustainable
  bp=1024 bpt=a53 l1da=8 l1d=16 l1ia=8 l1i=16 l2a=8 l2=512 l3a=16 l3=1024 nhist=3 robc=10 robd=8 robw=256   0.0545   1.0582    82.16   533.24  Unsustainable
  bpt=nn l1da=8 l1d=16 l1ia=8 l1i=16 l2a=8 l2=512 l3a=16 l3=1024 nnbl=32 nnlr=0.0005 robc=10 robd=8 robw=256   0.0545   1.0333    82.16   533.16  Unsustainable
  baseline                             1.0000   1.0000    94.01    25.81  Reference
  bpt=pentium_m l1da=4 l1d=16 l1ia=4 l1i=16 l2a=4 l2=256 l3a=4 l3=2048 robc=2 robd=2 robw=256   2.6273   0.9999    40.99    15.36  Strongly Sust.
  Ran sniper 1 time this iteration (8 total).

=== Iteration 3 ===
  Evaluating 1 configuration(s) (top acquisition score of 400 candidates)...
  [mesmo] bpt=pentium_m l1da=4 l1d=16 l1ia=4 l1i=32 l2a=4 l2=256 l3a=4 l3=2048 robc=2 robd=2 robw=256  ASI= 2.6191  S=0.9998  A=  41.23  P= 15.39  [Strongly Sust.]
  Deleted 1 non-Pareto output directory.

  Pareto front after iteration 3 (5 points, HV=2.6302):
  Params                                  ASI  Speedup     Area  PeakPow  Region
  ──────────────────────────────────────────────────────────────────────────────
  bpt=nn l1da=8 l1d=32 l1ia=4 l1i=16 l2a=8 l2=512 l3a=16 l3=2048 nnbl=32 nnlr=0.0005 robc=4 robd=10 robw=1024  -0.0061   1.0591   246.19  2631.76  Unsustainable
  bp=1024 bpt=a53 l1da=8 l1d=16 l1ia=8 l1i=16 l2a=8 l2=512 l3a=16 l3=1024 nhist=3 robc=10 robd=8 robw=256   0.0545   1.0582    82.16   533.24  Unsustainable
  bpt=nn l1da=8 l1d=16 l1ia=8 l1i=16 l2a=8 l2=512 l3a=16 l3=1024 nnbl=32 nnlr=0.0005 robc=10 robd=8 robw=256   0.0545   1.0333    82.16   533.16  Unsustainable
  baseline                             1.0000   1.0000    94.01    25.81  Reference
  bpt=pentium_m l1da=4 l1d=16 l1ia=4 l1i=16 l2a=4 l2=256 l3a=4 l3=2048 robc=2 robd=2 robw=256   2.6273   0.9999    40.99    15.36  Strongly Sust.
  Ran sniper 1 time this iteration (9 total).

=== Iteration 4 ===
  Evaluating 1 configuration(s) (top acquisition score of 400 candidates)...
  [mesmo] bp=512 bpt=a53 l1da=4 l1d=16 l1ia=4 l1i=16 l2a=4 l2=256 l3a=4 l3=2048 nhist=4 robc=2 robd=2 robw=256  ASI= 2.6273  S=0.9997  A=  40.99  P= 15.36  [Strongly Sust.]

  Pareto front after iteration 4 (6 points, HV=2.6302):
  Params                                  ASI  Speedup     Area  PeakPow  Region
  ──────────────────────────────────────────────────────────────────────────────
  bpt=nn l1da=8 l1d=32 l1ia=4 l1i=16 l2a=8 l2=512 l3a=16 l3=2048 nnbl=32 nnlr=0.0005 robc=4 robd=10 robw=1024  -0.0061   1.0591   246.19  2631.76  Unsustainable
  bp=1024 bpt=a53 l1da=8 l1d=16 l1ia=8 l1i=16 l2a=8 l2=512 l3a=16 l3=1024 nhist=3 robc=10 robd=8 robw=256   0.0545   1.0582    82.16   533.24  Unsustainable
  bpt=nn l1da=8 l1d=16 l1ia=8 l1i=16 l2a=8 l2=512 l3a=16 l3=1024 nnbl=32 nnlr=0.0005 robc=10 robd=8 robw=256   0.0545   1.0333    82.16   533.16  Unsustainable
  baseline                             1.0000   1.0000    94.01    25.81  Reference
  bpt=pentium_m l1da=4 l1d=16 l1ia=4 l1i=16 l2a=4 l2=256 l3a=4 l3=2048 robc=2 robd=2 robw=256   2.6273   0.9999    40.99    15.36  Strongly Sust.
  bp=512 bpt=a53 l1da=4 l1d=16 l1ia=4 l1i=16 l2a=4 l2=256 l3a=4 l3=2048 nhist=4 robc=2 robd=2 robw=256   2.6273   0.9997    40.99    15.36  Strongly Sust.
  Ran sniper 1 time this iteration (10 total).

=== Iteration 5 ===
  Evaluating 1 configuration(s) (top acquisition score of 400 candidates)...
  [mesmo] bp=1024 bpt=a53 l1da=8 l1d=64 l1ia=8 l1i=16 l2a=8 l2=512 l3a=16 l3=1024 nhist=3 robc=10 robd=8 robw=256  ASI= 0.0537  S=1.0606  A=  83.61  P=533.35  [Unsustainable]
  Deleted 1 non-Pareto output directory.

  Pareto front after iteration 5 (6 points, HV=2.6304):
  Params                                  ASI  Speedup     Area  PeakPow  Region
  ──────────────────────────────────────────────────────────────────────────────
  bp=1024 bpt=a53 l1da=8 l1d=64 l1ia=8 l1i=16 l2a=8 l2=512 l3a=16 l3=1024 nhist=3 robc=10 robd=8 robw=256   0.0537   1.0606    83.61   533.35  Unsustainable
  bp=1024 bpt=a53 l1da=8 l1d=16 l1ia=8 l1i=16 l2a=8 l2=512 l3a=16 l3=1024 nhist=3 robc=10 robd=8 robw=256   0.0545   1.0582    82.16   533.24  Unsustainable
  bpt=nn l1da=8 l1d=16 l1ia=8 l1i=16 l2a=8 l2=512 l3a=16 l3=1024 nnbl=32 nnlr=0.0005 robc=10 robd=8 robw=256   0.0545   1.0333    82.16   533.16  Unsustainable
  baseline                             1.0000   1.0000    94.01    25.81  Reference
  bpt=pentium_m l1da=4 l1d=16 l1ia=4 l1i=16 l2a=4 l2=256 l3a=4 l3=2048 robc=2 robd=2 robw=256   2.6273   0.9999    40.99    15.36  Strongly Sust.
  bp=512 bpt=a53 l1da=4 l1d=16 l1ia=4 l1i=16 l2a=4 l2=256 l3a=4 l3=2048 nhist=4 robc=2 robd=2 robw=256   2.6273   0.9997    40.99    15.36  Strongly Sust.
  Ran sniper 1 time this iteration (11 total).

=== Iteration 6 ===
  Evaluating 1 configuration(s) (top acquisition score of 400 candidates)...
  [mesmo] bpt=tage l1da=8 l1d=64 l1ia=8 l1i=16 l2a=8 l2=512 l3a=16 l3=1024 robc=10 robd=8 robw=256  ASI= 0.0537  S=1.0607  A=  83.61  P=533.35  [Unsustainable]
  Deleted 1 non-Pareto output directory.

  Pareto front after iteration 6 (6 points, HV=2.6304):
  Params                                  ASI  Speedup     Area  PeakPow  Region
  ──────────────────────────────────────────────────────────────────────────────
  bpt=tage l1da=8 l1d=64 l1ia=8 l1i=16 l2a=8 l2=512 l3a=16 l3=1024 robc=10 robd=8 robw=256   0.0537   1.0607    83.61   533.35  Unsustainable
  bp=1024 bpt=a53 l1da=8 l1d=16 l1ia=8 l1i=16 l2a=8 l2=512 l3a=16 l3=1024 nhist=3 robc=10 robd=8 robw=256   0.0545   1.0582    82.16   533.24  Unsustainable
  bpt=nn l1da=8 l1d=16 l1ia=8 l1i=16 l2a=8 l2=512 l3a=16 l3=1024 nnbl=32 nnlr=0.0005 robc=10 robd=8 robw=256   0.0545   1.0333    82.16   533.16  Unsustainable
  baseline                             1.0000   1.0000    94.01    25.81  Reference
  bpt=pentium_m l1da=4 l1d=16 l1ia=4 l1i=16 l2a=4 l2=256 l3a=4 l3=2048 robc=2 robd=2 robw=256   2.6273   0.9999    40.99    15.36  Strongly Sust.
  bp=512 bpt=a53 l1da=4 l1d=16 l1ia=4 l1i=16 l2a=4 l2=256 l3a=4 l3=2048 nhist=4 robc=2 robd=2 robw=256   2.6273   0.9997    40.99    15.36  Strongly Sust.
  Ran sniper 1 time this iteration (12 total).

=== Iteration 7 ===
  Evaluating 1 configuration(s) (top acquisition score of 400 candidates)...
  [mesmo] bp=512 bpt=a53 l1da=4 l1d=16 l1ia=4 l1i=16 l2a=4 l2=256 l3a=4 l3=2048 nhist=2 robc=2 robd=2 robw=256  ASI= 2.6273  S=0.9997  A=  40.99  P= 15.36  [Strongly Sust.]
  Deleted 1 non-Pareto output directory.

  Pareto front after iteration 7 (6 points, HV=2.6304):
  Params                                  ASI  Speedup     Area  PeakPow  Region
  ──────────────────────────────────────────────────────────────────────────────
  bpt=tage l1da=8 l1d=64 l1ia=8 l1i=16 l2a=8 l2=512 l3a=16 l3=1024 robc=10 robd=8 robw=256   0.0537   1.0607    83.61   533.35  Unsustainable
  bp=1024 bpt=a53 l1da=8 l1d=16 l1ia=8 l1i=16 l2a=8 l2=512 l3a=16 l3=1024 nhist=3 robc=10 robd=8 robw=256   0.0545   1.0582    82.16   533.24  Unsustainable
  bpt=nn l1da=8 l1d=16 l1ia=8 l1i=16 l2a=8 l2=512 l3a=16 l3=1024 nnbl=32 nnlr=0.0005 robc=10 robd=8 robw=256   0.0545   1.0333    82.16   533.16  Unsustainable
  baseline                             1.0000   1.0000    94.01    25.81  Reference
  bpt=pentium_m l1da=4 l1d=16 l1ia=4 l1i=16 l2a=4 l2=256 l3a=4 l3=2048 robc=2 robd=2 robw=256   2.6273   0.9999    40.99    15.36  Strongly Sust.
  bp=512 bpt=a53 l1da=4 l1d=16 l1ia=4 l1i=16 l2a=4 l2=256 l3a=4 l3=2048 nhist=4 robc=2 robd=2 robw=256   2.6273   0.9997    40.99    15.36  Strongly Sust.
  Ran sniper 1 time this iteration (13 total).

=== Iteration 8 ===
  Evaluating 1 configuration(s) (top acquisition score of 400 candidates)...
  [mesmo] bpt=pentium_m l1da=8 l1d=64 l1ia=8 l1i=16 l2a=8 l2=512 l3a=16 l3=1024 robc=10 robd=8 robw=256  ASI= 0.0537  S=1.0608  A=  83.61  P=533.35  [Unsustainable]
  Deleted 1 non-Pareto output directory.

  Pareto front after iteration 8 (6 points, HV=2.6304):
  Params                                  ASI  Speedup     Area  PeakPow  Region
  ──────────────────────────────────────────────────────────────────────────────
  bpt=pentium_m l1da=8 l1d=64 l1ia=8 l1i=16 l2a=8 l2=512 l3a=16 l3=1024 robc=10 robd=8 robw=256   0.0537   1.0608    83.61   533.35  Unsustainable
  bp=1024 bpt=a53 l1da=8 l1d=16 l1ia=8 l1i=16 l2a=8 l2=512 l3a=16 l3=1024 nhist=3 robc=10 robd=8 robw=256   0.0545   1.0582    82.16   533.24  Unsustainable
  bpt=nn l1da=8 l1d=16 l1ia=8 l1i=16 l2a=8 l2=512 l3a=16 l3=1024 nnbl=32 nnlr=0.0005 robc=10 robd=8 robw=256   0.0545   1.0333    82.16   533.16  Unsustainable
  baseline                             1.0000   1.0000    94.01    25.81  Reference
  bpt=pentium_m l1da=4 l1d=16 l1ia=4 l1i=16 l2a=4 l2=256 l3a=4 l3=2048 robc=2 robd=2 robw=256   2.6273   0.9999    40.99    15.36  Strongly Sust.
  bp=512 bpt=a53 l1da=4 l1d=16 l1ia=4 l1i=16 l2a=4 l2=256 l3a=4 l3=2048 nhist=4 robc=2 robd=2 robw=256   2.6273   0.9997    40.99    15.36  Strongly Sust.
  Ran sniper 1 time this iteration (14 total).

=== Iteration 9 ===
  Evaluating 1 configuration(s) (top acquisition score of 400 candidates)...
  [mesmo] bpt=pentium_m l1da=8 l1d=64 l1ia=8 l1i=16 l2a=8 l2=512 l3a=16 l3=1024 robc=10 robd=2 robw=256  ASI= 2.2292  S=1.0605  A=  49.29  P= 17.08  [Strongly Sust.]
  Deleted 2 non-Pareto output directories.

  Pareto front after iteration 9 (4 points, HV=2.7622):
  Params                                  ASI  Speedup     Area  PeakPow  Region
  ──────────────────────────────────────────────────────────────────────────────
  bpt=pentium_m l1da=8 l1d=64 l1ia=8 l1i=16 l2a=8 l2=512 l3a=16 l3=1024 robc=10 robd=8 robw=256   0.0537   1.0608    83.61   533.35  Unsustainable
  bpt=pentium_m l1da=8 l1d=64 l1ia=8 l1i=16 l2a=8 l2=512 l3a=16 l3=1024 robc=10 robd=2 robw=256   2.2292   1.0605    49.29    17.08  Strongly Sust.
  bpt=pentium_m l1da=4 l1d=16 l1ia=4 l1i=16 l2a=4 l2=256 l3a=4 l3=2048 robc=2 robd=2 robw=256   2.6273   0.9999    40.99    15.36  Strongly Sust.
  bp=512 bpt=a53 l1da=4 l1d=16 l1ia=4 l1i=16 l2a=4 l2=256 l3a=4 l3=2048 nhist=4 robc=2 robd=2 robw=256   2.6273   0.9997    40.99    15.36  Strongly Sust.
  Ran sniper 1 time this iteration (15 total).

=== Iteration 10 ===
  Evaluating 1 configuration(s) (top acquisition score of 151 candidates)...
  [mesmo] bp=512 bpt=a53 l1da=8 l1d=64 l1ia=8 l1i=16 l2a=8 l2=512 l3a=16 l3=1024 nhist=2 robc=10 robd=2 robw=256  ASI= 2.2291  S=1.0606  A=  49.29  P= 17.09  [Strongly Sust.]

  Pareto front after iteration 10 (5 points, HV=2.7623):
  Params                                  ASI  Speedup     Area  PeakPow  Region
  ──────────────────────────────────────────────────────────────────────────────
  bpt=pentium_m l1da=8 l1d=64 l1ia=8 l1i=16 l2a=8 l2=512 l3a=16 l3=1024 robc=10 robd=8 robw=256   0.0537   1.0608    83.61   533.35  Unsustainable
  bp=512 bpt=a53 l1da=8 l1d=64 l1ia=8 l1i=16 l2a=8 l2=512 l3a=16 l3=1024 nhist=2 robc=10 robd=2 robw=256   2.2291   1.0606    49.29    17.09  Strongly Sust.
  bpt=pentium_m l1da=8 l1d=64 l1ia=8 l1i=16 l2a=8 l2=512 l3a=16 l3=1024 robc=10 robd=2 robw=256   2.2292   1.0605    49.29    17.08  Strongly Sust.
  bpt=pentium_m l1da=4 l1d=16 l1ia=4 l1i=16 l2a=4 l2=256 l3a=4 l3=2048 robc=2 robd=2 robw=256   2.6273   0.9999    40.99    15.36  Strongly Sust.
  bp=512 bpt=a53 l1da=4 l1d=16 l1ia=4 l1i=16 l2a=4 l2=256 l3a=4 l3=2048 nhist=4 robc=2 robd=2 robw=256   2.6273   0.9997    40.99    15.36  Strongly Sust.
  Ran sniper 1 time this iteration (16 total).

=== Iteration 11 ===
  Evaluating 1 configuration(s) (top acquisition score of 175 candidates)...
  [mesmo] bpt=pentium_m l1da=4 l1d=16 l1ia=4 l1i=16 l2a=4 l2=256 l3a=4 l3=4096 robc=2 robd=2 robw=256  ASI= 2.1795  S=0.9999  A=  53.43  P= 16.95  [Strongly Sust.]
  Deleted 1 non-Pareto output directory.

  Pareto front after iteration 11 (5 points, HV=2.7623):
  Params                                  ASI  Speedup     Area  PeakPow  Region
  ──────────────────────────────────────────────────────────────────────────────
  bpt=pentium_m l1da=8 l1d=64 l1ia=8 l1i=16 l2a=8 l2=512 l3a=16 l3=1024 robc=10 robd=8 robw=256   0.0537   1.0608    83.61   533.35  Unsustainable
  bp=512 bpt=a53 l1da=8 l1d=64 l1ia=8 l1i=16 l2a=8 l2=512 l3a=16 l3=1024 nhist=2 robc=10 robd=2 robw=256   2.2291   1.0606    49.29    17.09  Strongly Sust.
  bpt=pentium_m l1da=8 l1d=64 l1ia=8 l1i=16 l2a=8 l2=512 l3a=16 l3=1024 robc=10 robd=2 robw=256   2.2292   1.0605    49.29    17.08  Strongly Sust.
  bpt=pentium_m l1da=4 l1d=16 l1ia=4 l1i=16 l2a=4 l2=256 l3a=4 l3=2048 robc=2 robd=2 robw=256   2.6273   0.9999    40.99    15.36  Strongly Sust.
  bp=512 bpt=a53 l1da=4 l1d=16 l1ia=4 l1i=16 l2a=4 l2=256 l3a=4 l3=2048 nhist=4 robc=2 robd=2 robw=256   2.6273   0.9997    40.99    15.36  Strongly Sust.
  Ran sniper 1 time this iteration (17 total).

=== Iteration 12 ===
  Evaluating 1 configuration(s) (top acquisition score of 173 candidates)...
  [mesmo] bpt=nn l1da=8 l1d=64 l1ia=8 l1i=16 l2a=8 l2=512 l3a=16 l3=1024 nnbl=16 nnlr=0.005 robc=10 robd=2 robw=256  ASI= 2.2293  S=1.0602  A=  49.29  P= 17.08  [Strongly Sust.]

  Pareto front after iteration 12 (6 points, HV=2.7623):
  Params                                  ASI  Speedup     Area  PeakPow  Region
  ──────────────────────────────────────────────────────────────────────────────
  bpt=pentium_m l1da=8 l1d=64 l1ia=8 l1i=16 l2a=8 l2=512 l3a=16 l3=1024 robc=10 robd=8 robw=256   0.0537   1.0608    83.61   533.35  Unsustainable
  bp=512 bpt=a53 l1da=8 l1d=64 l1ia=8 l1i=16 l2a=8 l2=512 l3a=16 l3=1024 nhist=2 robc=10 robd=2 robw=256   2.2291   1.0606    49.29    17.09  Strongly Sust.
  bpt=pentium_m l1da=8 l1d=64 l1ia=8 l1i=16 l2a=8 l2=512 l3a=16 l3=1024 robc=10 robd=2 robw=256   2.2292   1.0605    49.29    17.08  Strongly Sust.
  bpt=nn l1da=8 l1d=64 l1ia=8 l1i=16 l2a=8 l2=512 l3a=16 l3=1024 nnbl=16 nnlr=0.005 robc=10 robd=2 robw=256   2.2293   1.0602    49.29    17.08  Strongly Sust.
  bpt=pentium_m l1da=4 l1d=16 l1ia=4 l1i=16 l2a=4 l2=256 l3a=4 l3=2048 robc=2 robd=2 robw=256   2.6273   0.9999    40.99    15.36  Strongly Sust.
  bp=512 bpt=a53 l1da=4 l1d=16 l1ia=4 l1i=16 l2a=4 l2=256 l3a=4 l3=2048 nhist=4 robc=2 robd=2 robw=256   2.6273   0.9997    40.99    15.36  Strongly Sust.
  Ran sniper 1 time this iteration (18 total).

=== Iteration 13 ===
  Evaluating 1 configuration(s) (top acquisition score of 198 candidates)...
  [mesmo] bpt=nn l1da=8 l1d=64 l1ia=8 l1i=16 l2a=8 l2=512 l3a=16 l3=1024 nnbl=16 nnlr=0.005 robc=10 robd=10 robw=256  ASI= 0.0238  S=1.0602  A= 101.95  P=994.55  [Unsustainable]
  Deleted 1 non-Pareto output directory.

  Pareto front after iteration 13 (6 points, HV=2.7623):
  Params                                  ASI  Speedup     Area  PeakPow  Region
  ──────────────────────────────────────────────────────────────────────────────
  bpt=pentium_m l1da=8 l1d=64 l1ia=8 l1i=16 l2a=8 l2=512 l3a=16 l3=1024 robc=10 robd=8 robw=256   0.0537   1.0608    83.61   533.35  Unsustainable
  bp=512 bpt=a53 l1da=8 l1d=64 l1ia=8 l1i=16 l2a=8 l2=512 l3a=16 l3=1024 nhist=2 robc=10 robd=2 robw=256   2.2291   1.0606    49.29    17.09  Strongly Sust.
  bpt=pentium_m l1da=8 l1d=64 l1ia=8 l1i=16 l2a=8 l2=512 l3a=16 l3=1024 robc=10 robd=2 robw=256   2.2292   1.0605    49.29    17.08  Strongly Sust.
  bpt=nn l1da=8 l1d=64 l1ia=8 l1i=16 l2a=8 l2=512 l3a=16 l3=1024 nnbl=16 nnlr=0.005 robc=10 robd=2 robw=256   2.2293   1.0602    49.29    17.08  Strongly Sust.
  bpt=pentium_m l1da=4 l1d=16 l1ia=4 l1i=16 l2a=4 l2=256 l3a=4 l3=2048 robc=2 robd=2 robw=256   2.6273   0.9999    40.99    15.36  Strongly Sust.
  bp=512 bpt=a53 l1da=4 l1d=16 l1ia=4 l1i=16 l2a=4 l2=256 l3a=4 l3=2048 nhist=4 robc=2 robd=2 robw=256   2.6273   0.9997    40.99    15.36  Strongly Sust.
  Ran sniper 1 time this iteration (19 total).

=== Iteration 14 ===
  Evaluating 1 configuration(s) (top acquisition score of 197 candidates)...
  [mesmo] bp=512 bpt=a53 l1da=4 l1d=64 l1ia=4 l1i=16 l2a=4 l2=256 l3a=4 l3=2048 nhist=4 robc=2 robd=2 robw=256  ASI= 2.6064  S=1.0018  A=  41.36  P= 15.45  [Strongly Sust.]

  Pareto front after iteration 14 (7 points, HV=2.7631):
  Params                                  ASI  Speedup     Area  PeakPow  Region
  ──────────────────────────────────────────────────────────────────────────────
  bpt=pentium_m l1da=8 l1d=64 l1ia=8 l1i=16 l2a=8 l2=512 l3a=16 l3=1024 robc=10 robd=8 robw=256   0.0537   1.0608    83.61   533.35  Unsustainable
  bp=512 bpt=a53 l1da=8 l1d=64 l1ia=8 l1i=16 l2a=8 l2=512 l3a=16 l3=1024 nhist=2 robc=10 robd=2 robw=256   2.2291   1.0606    49.29    17.09  Strongly Sust.
  bpt=pentium_m l1da=8 l1d=64 l1ia=8 l1i=16 l2a=8 l2=512 l3a=16 l3=1024 robc=10 robd=2 robw=256   2.2292   1.0605    49.29    17.08  Strongly Sust.
  bpt=nn l1da=8 l1d=64 l1ia=8 l1i=16 l2a=8 l2=512 l3a=16 l3=1024 nnbl=16 nnlr=0.005 robc=10 robd=2 robw=256   2.2293   1.0602    49.29    17.08  Strongly Sust.
  bp=512 bpt=a53 l1da=4 l1d=64 l1ia=4 l1i=16 l2a=4 l2=256 l3a=4 l3=2048 nhist=4 robc=2 robd=2 robw=256   2.6064   1.0018    41.36    15.45  Strongly Sust.
  bpt=pentium_m l1da=4 l1d=16 l1ia=4 l1i=16 l2a=4 l2=256 l3a=4 l3=2048 robc=2 robd=2 robw=256   2.6273   0.9999    40.99    15.36  Strongly Sust.
  bp=512 bpt=a53 l1da=4 l1d=16 l1ia=4 l1i=16 l2a=4 l2=256 l3a=4 l3=2048 nhist=4 robc=2 robd=2 robw=256   2.6273   0.9997    40.99    15.36  Strongly Sust.
  Ran sniper 1 time this iteration (20 total).

=== Iteration 15 ===
  Evaluating 1 configuration(s) (top acquisition score of 400 candidates)...
  [mesmo] bp=1024 bpt=a53 l1da=8 l1d=64 l1ia=8 l1i=16 l2a=4 l2=512 l3a=16 l3=8192 nhist=2 robc=8 robd=2 robw=512  ASI= 0.7894  S=1.0604  A= 100.33  P= 30.50  [Unsustainable]
  Deleted 1 non-Pareto output directory.

  Pareto front after iteration 15 (7 points, HV=2.7631):
  Params                                  ASI  Speedup     Area  PeakPow  Region
  ──────────────────────────────────────────────────────────────────────────────
  bpt=pentium_m l1da=8 l1d=64 l1ia=8 l1i=16 l2a=8 l2=512 l3a=16 l3=1024 robc=10 robd=8 robw=256   0.0537   1.0608    83.61   533.35  Unsustainable
  bp=512 bpt=a53 l1da=8 l1d=64 l1ia=8 l1i=16 l2a=8 l2=512 l3a=16 l3=1024 nhist=2 robc=10 robd=2 robw=256   2.2291   1.0606    49.29    17.09  Strongly Sust.
  bpt=pentium_m l1da=8 l1d=64 l1ia=8 l1i=16 l2a=8 l2=512 l3a=16 l3=1024 robc=10 robd=2 robw=256   2.2292   1.0605    49.29    17.08  Strongly Sust.
  bpt=nn l1da=8 l1d=64 l1ia=8 l1i=16 l2a=8 l2=512 l3a=16 l3=1024 nnbl=16 nnlr=0.005 robc=10 robd=2 robw=256   2.2293   1.0602    49.29    17.08  Strongly Sust.
  bp=512 bpt=a53 l1da=4 l1d=64 l1ia=4 l1i=16 l2a=4 l2=256 l3a=4 l3=2048 nhist=4 robc=2 robd=2 robw=256   2.6064   1.0018    41.36    15.45  Strongly Sust.
  bpt=pentium_m l1da=4 l1d=16 l1ia=4 l1i=16 l2a=4 l2=256 l3a=4 l3=2048 robc=2 robd=2 robw=256   2.6273   0.9999    40.99    15.36  Strongly Sust.
  bp=512 bpt=a53 l1da=4 l1d=16 l1ia=4 l1i=16 l2a=4 l2=256 l3a=4 l3=2048 nhist=4 robc=2 robd=2 robw=256   2.6273   0.9997    40.99    15.36  Strongly Sust.
  Ran sniper 1 time this iteration (21 total).

=== Iteration 16 ===
  Evaluating 1 configuration(s) (top acquisition score of 400 candidates)...
  [mesmo] bpt=nn l1da=4 l1d=64 l1ia=4 l1i=16 l2a=4 l2=256 l3a=4 l3=2048 nnbl=16 nnlr=0.0005 robc=2 robd=2 robw=256  ASI= 2.6071  S=1.0001  A=  41.36  P= 15.44  [Strongly Sust.]

  Pareto front after iteration 16 (8 points, HV=2.7631):
  Params                                  ASI  Speedup     Area  PeakPow  Region
  ──────────────────────────────────────────────────────────────────────────────
  bpt=pentium_m l1da=8 l1d=64 l1ia=8 l1i=16 l2a=8 l2=512 l3a=16 l3=1024 robc=10 robd=8 robw=256   0.0537   1.0608    83.61   533.35  Unsustainable
  bp=512 bpt=a53 l1da=8 l1d=64 l1ia=8 l1i=16 l2a=8 l2=512 l3a=16 l3=1024 nhist=2 robc=10 robd=2 robw=256   2.2291   1.0606    49.29    17.09  Strongly Sust.
  bpt=pentium_m l1da=8 l1d=64 l1ia=8 l1i=16 l2a=8 l2=512 l3a=16 l3=1024 robc=10 robd=2 robw=256   2.2292   1.0605    49.29    17.08  Strongly Sust.
  bpt=nn l1da=8 l1d=64 l1ia=8 l1i=16 l2a=8 l2=512 l3a=16 l3=1024 nnbl=16 nnlr=0.005 robc=10 robd=2 robw=256   2.2293   1.0602    49.29    17.08  Strongly Sust.
  bp=512 bpt=a53 l1da=4 l1d=64 l1ia=4 l1i=16 l2a=4 l2=256 l3a=4 l3=2048 nhist=4 robc=2 robd=2 robw=256   2.6064   1.0018    41.36    15.45  Strongly Sust.
  bpt=nn l1da=4 l1d=64 l1ia=4 l1i=16 l2a=4 l2=256 l3a=4 l3=2048 nnbl=16 nnlr=0.0005 robc=2 robd=2 robw=256   2.6071   1.0001    41.36    15.44  Strongly Sust.
  bpt=pentium_m l1da=4 l1d=16 l1ia=4 l1i=16 l2a=4 l2=256 l3a=4 l3=2048 robc=2 robd=2 robw=256   2.6273   0.9999    40.99    15.36  Strongly Sust.
  bp=512 bpt=a53 l1da=4 l1d=16 l1ia=4 l1i=16 l2a=4 l2=256 l3a=4 l3=2048 nhist=4 robc=2 robd=2 robw=256   2.6273   0.9997    40.99    15.36  Strongly Sust.
  Ran sniper 1 time this iteration (22 total).

=== Iteration 17 ===
  Evaluating 1 configuration(s) (top acquisition score of 400 candidates)...
  [mesmo] bp=512 bpt=a53 l1da=4 l1d=16 l1ia=4 l1i=32 l2a=8 l2=128 l3a=4 l3=1024 nhist=4 robc=4 robd=2 robw=32  ASI= 3.0672  S=0.9723  A=  33.09  P= 13.87  [Strongly Sust.]

  Pareto front after iteration 17 (9 points, HV=3.1908):
  Params                                  ASI  Speedup     Area  PeakPow  Region
  ──────────────────────────────────────────────────────────────────────────────
  bpt=pentium_m l1da=8 l1d=64 l1ia=8 l1i=16 l2a=8 l2=512 l3a=16 l3=1024 robc=10 robd=8 robw=256   0.0537   1.0608    83.61   533.35  Unsustainable
  bp=512 bpt=a53 l1da=8 l1d=64 l1ia=8 l1i=16 l2a=8 l2=512 l3a=16 l3=1024 nhist=2 robc=10 robd=2 robw=256   2.2291   1.0606    49.29    17.09  Strongly Sust.
  bpt=pentium_m l1da=8 l1d=64 l1ia=8 l1i=16 l2a=8 l2=512 l3a=16 l3=1024 robc=10 robd=2 robw=256   2.2292   1.0605    49.29    17.08  Strongly Sust.
  bpt=nn l1da=8 l1d=64 l1ia=8 l1i=16 l2a=8 l2=512 l3a=16 l3=1024 nnbl=16 nnlr=0.005 robc=10 robd=2 robw=256   2.2293   1.0602    49.29    17.08  Strongly Sust.
  bp=512 bpt=a53 l1da=4 l1d=64 l1ia=4 l1i=16 l2a=4 l2=256 l3a=4 l3=2048 nhist=4 robc=2 robd=2 robw=256   2.6064   1.0018    41.36    15.45  Strongly Sust.
  bpt=nn l1da=4 l1d=64 l1ia=4 l1i=16 l2a=4 l2=256 l3a=4 l3=2048 nnbl=16 nnlr=0.0005 robc=2 robd=2 robw=256   2.6071   1.0001    41.36    15.44  Strongly Sust.
  bpt=pentium_m l1da=4 l1d=16 l1ia=4 l1i=16 l2a=4 l2=256 l3a=4 l3=2048 robc=2 robd=2 robw=256   2.6273   0.9999    40.99    15.36  Strongly Sust.
  bp=512 bpt=a53 l1da=4 l1d=16 l1ia=4 l1i=16 l2a=4 l2=256 l3a=4 l3=2048 nhist=4 robc=2 robd=2 robw=256   2.6273   0.9997    40.99    15.36  Strongly Sust.
  bp=512 bpt=a53 l1da=4 l1d=16 l1ia=4 l1i=32 l2a=8 l2=128 l3a=4 l3=1024 nhist=4 robc=4 robd=2 robw=32   3.0672   0.9723    33.09    13.87  Strongly Sust.
  Ran sniper 1 time this iteration (23 total).

=== Iteration 18 ===
  Evaluating 1 configuration(s) (top acquisition score of 400 candidates)...
  [mesmo] bp=512 bpt=a53 l1da=4 l1d=16 l1ia=4 l1i=32 l2a=8 l2=128 l3a=4 l3=1024 nhist=4 robc=2 robd=2 robw=32  ASI= 3.0672  S=0.9723  A=  33.09  P= 13.87  [Strongly Sust.]

  Pareto front after iteration 18 (10 points, HV=3.1908):
  Params                                  ASI  Speedup     Area  PeakPow  Region
  ──────────────────────────────────────────────────────────────────────────────
  bpt=pentium_m l1da=8 l1d=64 l1ia=8 l1i=16 l2a=8 l2=512 l3a=16 l3=1024 robc=10 robd=8 robw=256   0.0537   1.0608    83.61   533.35  Unsustainable
  bp=512 bpt=a53 l1da=8 l1d=64 l1ia=8 l1i=16 l2a=8 l2=512 l3a=16 l3=1024 nhist=2 robc=10 robd=2 robw=256   2.2291   1.0606    49.29    17.09  Strongly Sust.
  bpt=pentium_m l1da=8 l1d=64 l1ia=8 l1i=16 l2a=8 l2=512 l3a=16 l3=1024 robc=10 robd=2 robw=256   2.2292   1.0605    49.29    17.08  Strongly Sust.
  bpt=nn l1da=8 l1d=64 l1ia=8 l1i=16 l2a=8 l2=512 l3a=16 l3=1024 nnbl=16 nnlr=0.005 robc=10 robd=2 robw=256   2.2293   1.0602    49.29    17.08  Strongly Sust.
  bp=512 bpt=a53 l1da=4 l1d=64 l1ia=4 l1i=16 l2a=4 l2=256 l3a=4 l3=2048 nhist=4 robc=2 robd=2 robw=256   2.6064   1.0018    41.36    15.45  Strongly Sust.
  bpt=nn l1da=4 l1d=64 l1ia=4 l1i=16 l2a=4 l2=256 l3a=4 l3=2048 nnbl=16 nnlr=0.0005 robc=2 robd=2 robw=256   2.6071   1.0001    41.36    15.44  Strongly Sust.
  bpt=pentium_m l1da=4 l1d=16 l1ia=4 l1i=16 l2a=4 l2=256 l3a=4 l3=2048 robc=2 robd=2 robw=256   2.6273   0.9999    40.99    15.36  Strongly Sust.
  bp=512 bpt=a53 l1da=4 l1d=16 l1ia=4 l1i=16 l2a=4 l2=256 l3a=4 l3=2048 nhist=4 robc=2 robd=2 robw=256   2.6273   0.9997    40.99    15.36  Strongly Sust.
  bp=512 bpt=a53 l1da=4 l1d=16 l1ia=4 l1i=32 l2a=8 l2=128 l3a=4 l3=1024 nhist=4 robc=4 robd=2 robw=32   3.0672   0.9723    33.09    13.87  Strongly Sust.
  bp=512 bpt=a53 l1da=4 l1d=16 l1ia=4 l1i=32 l2a=8 l2=128 l3a=4 l3=1024 nhist=4 robc=2 robd=2 robw=32   3.0672   0.9723    33.09    13.87  Strongly Sust.
  Ran sniper 1 time this iteration (24 total).

=== Iteration 19 ===
  Evaluating 1 configuration(s) (top acquisition score of 400 candidates)...
  [mesmo] bp=512 bpt=a53 l1da=8 l1d=64 l1ia=8 l1i=16 l2a=8 l2=512 l3a=16 l3=1024 nhist=4 robc=10 robd=2 robw=256  ASI= 2.2292  S=1.0605  A=  49.29  P= 17.08  [Strongly Sust.]
  Deleted 1 non-Pareto output directory.

  Pareto front after iteration 19 (10 points, HV=3.1908):
  Params                                  ASI  Speedup     Area  PeakPow  Region
  ──────────────────────────────────────────────────────────────────────────────
  bpt=pentium_m l1da=8 l1d=64 l1ia=8 l1i=16 l2a=8 l2=512 l3a=16 l3=1024 robc=10 robd=8 robw=256   0.0537   1.0608    83.61   533.35  Unsustainable
  bp=512 bpt=a53 l1da=8 l1d=64 l1ia=8 l1i=16 l2a=8 l2=512 l3a=16 l3=1024 nhist=2 robc=10 robd=2 robw=256   2.2291   1.0606    49.29    17.09  Strongly Sust.
  bpt=pentium_m l1da=8 l1d=64 l1ia=8 l1i=16 l2a=8 l2=512 l3a=16 l3=1024 robc=10 robd=2 robw=256   2.2292   1.0605    49.29    17.08  Strongly Sust.
  bpt=nn l1da=8 l1d=64 l1ia=8 l1i=16 l2a=8 l2=512 l3a=16 l3=1024 nnbl=16 nnlr=0.005 robc=10 robd=2 robw=256   2.2293   1.0602    49.29    17.08  Strongly Sust.
  bp=512 bpt=a53 l1da=4 l1d=64 l1ia=4 l1i=16 l2a=4 l2=256 l3a=4 l3=2048 nhist=4 robc=2 robd=2 robw=256   2.6064   1.0018    41.36    15.45  Strongly Sust.
  bpt=nn l1da=4 l1d=64 l1ia=4 l1i=16 l2a=4 l2=256 l3a=4 l3=2048 nnbl=16 nnlr=0.0005 robc=2 robd=2 robw=256   2.6071   1.0001    41.36    15.44  Strongly Sust.
  bpt=pentium_m l1da=4 l1d=16 l1ia=4 l1i=16 l2a=4 l2=256 l3a=4 l3=2048 robc=2 robd=2 robw=256   2.6273   0.9999    40.99    15.36  Strongly Sust.
  bp=512 bpt=a53 l1da=4 l1d=16 l1ia=4 l1i=16 l2a=4 l2=256 l3a=4 l3=2048 nhist=4 robc=2 robd=2 robw=256   2.6273   0.9997    40.99    15.36  Strongly Sust.
  bp=512 bpt=a53 l1da=4 l1d=16 l1ia=4 l1i=32 l2a=8 l2=128 l3a=4 l3=1024 nhist=4 robc=4 robd=2 robw=32   3.0672   0.9723    33.09    13.87  Strongly Sust.
  bp=512 bpt=a53 l1da=4 l1d=16 l1ia=4 l1i=32 l2a=8 l2=128 l3a=4 l3=1024 nhist=4 robc=2 robd=2 robw=32   3.0672   0.9723    33.09    13.87  Strongly Sust.
  Ran sniper 1 time this iteration (25 total).

=== Iteration 20 ===
  Evaluating 1 configuration(s) (top acquisition score of 400 candidates)...
  [mesmo] bp=512 bpt=a53 l1da=4 l1d=16 l1ia=4 l1i=32 l2a=8 l2=128 l3a=4 l3=1024 nhist=4 robc=2 robd=2 robw=256  ASI= 2.9545  S=0.9724  A=  33.33  P= 14.37  [Strongly Sust.]

  Pareto front after iteration 20 (11 points, HV=3.1908):
  Params                                  ASI  Speedup     Area  PeakPow  Region
  ──────────────────────────────────────────────────────────────────────────────
  bpt=pentium_m l1da=8 l1d=64 l1ia=8 l1i=16 l2a=8 l2=512 l3a=16 l3=1024 robc=10 robd=8 robw=256   0.0537   1.0608    83.61   533.35  Unsustainable
  bp=512 bpt=a53 l1da=8 l1d=64 l1ia=8 l1i=16 l2a=8 l2=512 l3a=16 l3=1024 nhist=2 robc=10 robd=2 robw=256   2.2291   1.0606    49.29    17.09  Strongly Sust.
  bpt=pentium_m l1da=8 l1d=64 l1ia=8 l1i=16 l2a=8 l2=512 l3a=16 l3=1024 robc=10 robd=2 robw=256   2.2292   1.0605    49.29    17.08  Strongly Sust.
  bpt=nn l1da=8 l1d=64 l1ia=8 l1i=16 l2a=8 l2=512 l3a=16 l3=1024 nnbl=16 nnlr=0.005 robc=10 robd=2 robw=256   2.2293   1.0602    49.29    17.08  Strongly Sust.
  bp=512 bpt=a53 l1da=4 l1d=64 l1ia=4 l1i=16 l2a=4 l2=256 l3a=4 l3=2048 nhist=4 robc=2 robd=2 robw=256   2.6064   1.0018    41.36    15.45  Strongly Sust.
  bpt=nn l1da=4 l1d=64 l1ia=4 l1i=16 l2a=4 l2=256 l3a=4 l3=2048 nnbl=16 nnlr=0.0005 robc=2 robd=2 robw=256   2.6071   1.0001    41.36    15.44  Strongly Sust.
  bpt=pentium_m l1da=4 l1d=16 l1ia=4 l1i=16 l2a=4 l2=256 l3a=4 l3=2048 robc=2 robd=2 robw=256   2.6273   0.9999    40.99    15.36  Strongly Sust.
  bp=512 bpt=a53 l1da=4 l1d=16 l1ia=4 l1i=16 l2a=4 l2=256 l3a=4 l3=2048 nhist=4 robc=2 robd=2 robw=256   2.6273   0.9997    40.99    15.36  Strongly Sust.
  bp=512 bpt=a53 l1da=4 l1d=16 l1ia=4 l1i=32 l2a=8 l2=128 l3a=4 l3=1024 nhist=4 robc=2 robd=2 robw=256   2.9545   0.9724    33.33    14.37  Strongly Sust.
  bp=512 bpt=a53 l1da=4 l1d=16 l1ia=4 l1i=32 l2a=8 l2=128 l3a=4 l3=1024 nhist=4 robc=4 robd=2 robw=32   3.0672   0.9723    33.09    13.87  Strongly Sust.
  bp=512 bpt=a53 l1da=4 l1d=16 l1ia=4 l1i=32 l2a=8 l2=128 l3a=4 l3=1024 nhist=4 robc=2 robd=2 robw=32   3.0672   0.9723    33.09    13.87  Strongly Sust.
  Ran sniper 1 time this iteration (26 total).

Final cleanup: removed 3 stale output directories.
Total sniper runs: 26
Final hypervolume: 3.1908

Plot saved → /home/jaco/school/stage/asi/asi-output/pareto_history.png
Plot saved → /home/jaco/school/stage/asi/asi-output/pareto_final.png
=== Final Pareto Front ===
  Params                                  ASI  Speedup     Area  PeakPow  Region
  ──────────────────────────────────────────────────────────────────────────────
  bpt=pentium_m l1da=8 l1d=64 l1ia=8 l1i=16 l2a=8 l2=512 l3a=16 l3=1024 robc=10 robd=8 robw=256   0.0537   1.0608    83.61   533.35  Unsustainable
  bp=512 bpt=a53 l1da=8 l1d=64 l1ia=8 l1i=16 l2a=8 l2=512 l3a=16 l3=1024 nhist=2 robc=10 robd=2 robw=256   2.2291   1.0606    49.29    17.09  Strongly Sust.
  bpt=pentium_m l1da=8 l1d=64 l1ia=8 l1i=16 l2a=8 l2=512 l3a=16 l3=1024 robc=10 robd=2 robw=256   2.2292   1.0605    49.29    17.08  Strongly Sust.
  bpt=nn l1da=8 l1d=64 l1ia=8 l1i=16 l2a=8 l2=512 l3a=16 l3=1024 nnbl=16 nnlr=0.005 robc=10 robd=2 robw=256   2.2293   1.0602    49.29    17.08  Strongly Sust.
  bp=512 bpt=a53 l1da=4 l1d=64 l1ia=4 l1i=16 l2a=4 l2=256 l3a=4 l3=2048 nhist=4 robc=2 robd=2 robw=256   2.6064   1.0018    41.36    15.45  Strongly Sust.
  bpt=nn l1da=4 l1d=64 l1ia=4 l1i=16 l2a=4 l2=256 l3a=4 l3=2048 nnbl=16 nnlr=0.0005 robc=2 robd=2 robw=256   2.6071   1.0001    41.36    15.44  Strongly Sust.
  bpt=pentium_m l1da=4 l1d=16 l1ia=4 l1i=16 l2a=4 l2=256 l3a=4 l3=2048 robc=2 robd=2 robw=256   2.6273   0.9999    40.99    15.36  Strongly Sust.
  bp=512 bpt=a53 l1da=4 l1d=16 l1ia=4 l1i=16 l2a=4 l2=256 l3a=4 l3=2048 nhist=4 robc=2 robd=2 robw=256   2.6273   0.9997    40.99    15.36  Strongly Sust.
  bp=512 bpt=a53 l1da=4 l1d=16 l1ia=4 l1i=32 l2a=8 l2=128 l3a=4 l3=1024 nhist=4 robc=2 robd=2 robw=256   2.9545   0.9724    33.33    14.37  Strongly Sust.
  bp=512 bpt=a53 l1da=4 l1d=16 l1ia=4 l1i=32 l2a=8 l2=128 l3a=4 l3=1024 nhist=4 robc=4 robd=2 robw=32   3.0672   0.9723    33.09    13.87  Strongly Sust.
  bp=512 bpt=a53 l1da=4 l1d=16 l1ia=4 l1i=32 l2a=8 l2=128 l3a=4 l3=1024 nhist=4 robc=2 robd=2 robw=32   3.0672   0.9723    33.09    13.87  Strongly Sust.
