Logging to /home/jaco/school/stage/asi/asi-output/run.log

Benchmarks: ML2 (./libs/benchmarks/ML2/bench), CCl (./libs/benchmarks/CCl/bench), MIP (./libs/benchmarks/MIP/bench), EI (./libs/benchmarks/EI/bench)

Saved search state at /home/jaco/school/stage/asi/asi-output/search_state.json was written by strategy 'greedy', not 'spea2' — starting fresh.

Running baseline...
  Area=94.01 mm²  PeakPow=27.56 W
    ML2: Time=2074126 ns
    CCl: Time=187235 ns
    MIP: Time=289704 ns
    EI: Time=142440 ns

=== Generation 0 (initializing 3 populations of 20 entities) ===
  [pop0] baseline                          ASI= 1.0000  S=1.0000  A=  94.01  P= 27.56  [Reference]  [ML2=1.00x, CCl=1.00x, MIP=1.00x, EI=1.00x]
  [pop0] bpt=pentium_m l1da=4 l1d=16 l1ia=8 l1i=16 l2a=4 l2=256 l3a=4 l3=2048 robc=2 robd=2 robw=256  ASI= 2.4281  S=0.9935  A=  42.61  P= 17.56  [Strongly Sust.]  [ML2=1.00x, CCl=1.00x, MIP=0.98x, EI=0.99x]
  [pop0] bp=2048 bpt=a53 l1da=4 l1d=32 l1ia=4 l1i=16 l2a=8 l2=256 l3a=8 l3=2048 nhist=3 robc=10 robd=8 robw=1024  ASI= 0.0087  S=1.0026  A= 152.68  P=1188.33  [Unsustainable]  [ML2=1.00x, CCl=1.00x, MIP=1.01x, EI=1.00x]
  [pop0] bp=2048 bpt=a53 l1da=4 l1d=16 l1ia=8 l1i=16 l2a=4 l2=128 l3a=16 l3=1024 nhist=2 robc=4 robd=10 robw=128  ASI= 0.0766  S=0.9953  A=  67.03  P=463.02  [Unsustainable]  [ML2=0.97x, CCl=1.00x, MIP=1.01x, EI=1.00x]
  [pop0] bpt=nn l1da=8 l1d=32 l1ia=4 l1i=16 l2a=8 l2=512 l3a=16 l3=2048 nnbl=32 nnlr=0.0005 robc=4 robd=10 robw=1024  ASI=-0.0065  S=1.0025  A= 246.19  P=2633.45  [Unsustainable]  [ML2=1.05x, CCl=1.00x, MIP=1.01x, EI=0.95x]
  [pop0] bpt=nn l1da=8 l1d=16 l1ia=8 l1i=64 l2a=4 l2=256 l3a=8 l3=2048 nnbl=32 nnlr=0.005 robc=10 robd=8 robw=1024  ASI= 0.0075  S=0.9986  A= 157.56  P=1189.83  [Unsustainable]  [ML2=1.00x, CCl=1.00x, MIP=1.01x, EI=0.99x]
  [pop0] bp=1024 bpt=a53 l1da=8 l1d=16 l1ia=8 l1i=16 l2a=8 l2=512 l3a=16 l3=1024 nhist=3 robc=10 robd=8 robw=256  ASI= 0.0580  S=1.0163  A=  82.16  P=535.13  [Unsustainable]  [ML2=1.06x, CCl=1.00x, MIP=1.01x, EI=1.00x]
  [pop0] bpt=nn l1da=4 l1d=32 l1ia=4 l1i=64 l2a=4 l2=256 l3a=8 l3=8192 nnbl=64 nnlr=0.0005 robc=10 robd=2 robw=1024  ASI= 0.7209  S=0.9598  A=  91.28  P= 39.35  [Unsustainable]  [ML2=1.00x, CCl=1.00x, MIP=0.98x, EI=0.86x]
  [pop0] bpt=pentium_m l1da=4 l1d=16 l1ia=4 l1i=16 l2a=8 l2=512 l3a=4 l3=2048 robc=2 robd=2 robw=1024  ASI= 1.1150  S=1.0082  A=  52.22  P= 35.71  [Strongly Sust.]  [ML2=1.06x, CCl=1.00x, MIP=0.98x, EI=0.99x]
  [pop0] bpt=tage l1da=4 l1d=64 l1ia=4 l1i=32 l2a=8 l2=128 l3a=4 l3=8192 robc=4 robd=4 robw=1024  ASI= 0.1686  S=0.9942  A= 103.75  P=146.57  [Unsustainable]  [ML2=0.97x, CCl=1.00x, MIP=1.00x, EI=1.00x]
  [pop0] bpt=nn l1da=8 l1d=64 l1ia=4 l1i=32 l2a=8 l2=256 l3a=8 l3=8192 nnbl=32 nnlr=0.0005 robc=10 robd=4 robw=256  ASI= 0.4397  S=0.9874  A=  96.86  P= 60.79  [Unsustainable]  [ML2=1.00x, CCl=1.00x, MIP=1.00x, EI=0.95x]
  [pop0] bpt=nn l1da=8 l1d=32 l1ia=4 l1i=32 l2a=8 l2=512 l3a=4 l3=8192 nnbl=64 nnlr=0.0005 robc=4 robd=4 robw=512  ASI= 0.2355  S=0.9774  A= 106.00  P=102.11  [Unsustainable]  [ML2=1.06x, CCl=1.00x, MIP=1.00x, EI=0.86x]
  [pop0] bpt=tage l1da=8 l1d=32 l1ia=4 l1i=64 l2a=4 l2=128 l3a=4 l3=8192 robc=10 robd=4 robw=16  ASI= 1.1010  S=0.9646  A=  91.22  P= 25.78  [Strongly Sust.]  [ML2=0.97x, CCl=0.98x, MIP=0.95x, EI=0.96x]
  [pop0] bpt=tage l1da=4 l1d=64 l1ia=4 l1i=32 l2a=4 l2=256 l3a=8 l3=4096 robc=2 robd=2 robw=1024  ASI= 1.0430  S=0.9943  A=  58.48  P= 36.42  [Strongly Sust.]  [ML2=1.00x, CCl=1.00x, MIP=0.98x, EI=0.99x]
  [pop0] bpt=tage l1da=4 l1d=64 l1ia=8 l1i=32 l2a=8 l2=256 l3a=8 l3=1024 robc=4 robd=2 robw=512  ASI= 1.7557  S=0.9938  A=  38.40  P= 24.98  [Strongly Sust.]  [ML2=1.00x, CCl=1.00x, MIP=0.98x, EI=0.99x]
  [pop0] bp=2048 bpt=a53 l1da=4 l1d=64 l1ia=8 l1i=16 l2a=4 l2=128 l3a=16 l3=2048 nhist=3 robc=8 robd=4 robw=64  ASI= 1.8871  S=0.9934  A=  44.82  P= 22.25  [Strongly Sust.]  [ML2=0.97x, CCl=1.00x, MIP=1.00x, EI=1.00x]
  [pop0] bpt=pentium_m l1da=4 l1d=16 l1ia=8 l1i=64 l2a=4 l2=256 l3a=8 l3=1024 robc=8 robd=2 robw=256  ASI= 2.6426  S=0.9934  A=  36.31  P= 16.83  [Strongly Sust.]  [ML2=1.00x, CCl=1.00x, MIP=0.98x, EI=0.99x]
  [pop0] bpt=nn l1da=8 l1d=64 l1ia=4 l1i=16 l2a=4 l2=128 l3a=16 l3=8192 nnbl=64 nnlr=0.005 robc=10 robd=10 robw=16  ASI= 0.4083  S=0.9489  A= 105.00  P= 59.61  [Unsustainable]  [ML2=0.97x, CCl=0.94x, MIP=0.95x, EI=0.93x]
  [pop0] bp=2048 bpt=a53 l1da=8 l1d=16 l1ia=8 l1i=64 l2a=8 l2=256 l3a=4 l3=4096 nhist=2 robc=10 robd=2 robw=32  ASI= 1.9521  S=0.9833  A=  59.35  P= 19.33  [Strongly Sust.]  [ML2=1.00x, CCl=0.98x, MIP=0.97x, EI=0.98x]
  [pop0] bp=2048 bpt=a53 l1da=4 l1d=64 l1ia=8 l1i=64 l2a=4 l2=256 l3a=4 l3=8192 nhist=4 robc=2 robd=10 robw=1024  ASI=-0.0104  S=1.0011  A= 281.13  P=2637.23  [Unsustainable]  [ML2=1.00x, CCl=1.00x, MIP=1.01x, EI=0.99x]
  [pop1] baseline                          ASI= 1.0000  S=1.0000  A=  94.01  P= 27.56  [Reference]  [ML2=1.00x, CCl=1.00x, MIP=1.00x, EI=1.00x]
  [pop1] bpt=nn l1da=4 l1d=64 l1ia=8 l1i=32 l2a=4 l2=256 l3a=16 l3=8192 nnbl=32 nnlr=0.001 robc=4 robd=4 robw=128  ASI= 1.0371  S=0.9632  A=  91.11  P= 27.40  [Weakly S-FT]  [ML2=1.00x, CCl=1.00x, MIP=1.00x, EI=0.86x]
  [pop1] bpt=tage l1da=8 l1d=64 l1ia=8 l1i=64 l2a=8 l2=256 l3a=4 l3=2048 robc=4 robd=4 robw=512  ASI= 0.3888  S=1.0006  A=  58.64  P= 97.56  [Unsustainable]  [ML2=1.00x, CCl=1.00x, MIP=1.00x, EI=1.00x]
  [pop1] bpt=pentium_m l1da=4 l1d=16 l1ia=4 l1i=16 l2a=8 l2=256 l3a=16 l3=2048 robc=4 robd=4 robw=1024  ASI= 0.2619  S=1.0008  A=  61.12  P=142.08  [Unsustainable]  [ML2=1.00x, CCl=1.00x, MIP=1.00x, EI=1.00x]
  [pop1] bpt=tage l1da=4 l1d=32 l1ia=8 l1i=32 l2a=8 l2=512 l3a=8 l3=2048 robc=10 robd=10 robw=512  ASI= 0.0102  S=1.0173  A= 137.99  P=1435.65  [Unsustainable]  [ML2=1.06x, CCl=1.00x, MIP=1.01x, EI=1.00x]
  [pop1] bpt=nn l1da=4 l1d=64 l1ia=8 l1i=16 l2a=8 l2=256 l3a=16 l3=1024 nnbl=16 nnlr=0.005 robc=8 robd=8 robw=32  ASI= 0.9809  S=0.9799  A=  49.89  P= 41.29  [Unsustainable]  [ML2=0.99x, CCl=0.97x, MIP=0.97x, EI=0.99x]
  [pop1] bpt=pentium_m l1da=4 l1d=16 l1ia=4 l1i=32 l2a=8 l2=512 l3a=16 l3=8192 robc=2 robd=10 robw=32  ASI= 0.3626  S=1.0028  A= 109.70  P= 63.33  [Unsustainable]  [ML2=1.06x, CCl=0.99x, MIP=0.97x, EI=0.99x]
  [pop1] bp=512 bpt=a53 l1da=4 l1d=32 l1ia=4 l1i=16 l2a=8 l2=128 l3a=8 l3=1024 nhist=2 robc=8 robd=10 robw=32  ASI= 0.7143  S=0.9797  A=  50.23  P= 56.56  [Unsustainable]  [ML2=0.97x, CCl=0.98x, MIP=0.97x, EI=0.99x]
  [pop1] bpt=tage l1da=4 l1d=32 l1ia=8 l1i=32 l2a=4 l2=512 l3a=16 l3=4096 robc=10 robd=10 robw=128  ASI= 0.0603  S=1.0170  A=  92.12  P=466.61  [Unsustainable]  [ML2=1.06x, CCl=1.00x, MIP=1.01x, EI=1.00x]
  [pop1] bp=512 bpt=a53 l1da=4 l1d=16 l1ia=4 l1i=32 l2a=8 l2=128 l3a=16 l3=1024 nhist=3 robc=4 robd=2 robw=16  ASI= 2.9808  S=0.9627  A=  35.08  P= 15.04  [Strongly Sust.]  [ML2=0.97x, CCl=0.97x, MIP=0.95x, EI=0.96x]
  [pop1] bp=2048 bpt=a53 l1da=4 l1d=16 l1ia=8 l1i=32 l2a=8 l2=512 l3a=4 l3=2048 nhist=3 robc=8 robd=2 robw=32  ASI= 2.2473  S=1.0004  A=  49.49  P= 18.07  [Strongly Sust.]  [ML2=1.06x, CCl=1.00x, MIP=0.97x, EI=0.98x]
  [pop1] bpt=nn l1da=8 l1d=32 l1ia=4 l1i=16 l2a=4 l2=128 l3a=8 l3=8192 nnbl=16 nnlr=0.001 robc=10 robd=10 robw=128  ASI= 0.0429  S=0.9589  A= 119.52  P=468.10  [Unsustainable]  [ML2=0.97x, CCl=1.00x, MIP=1.01x, EI=0.86x]
  [pop1] bpt=pentium_m l1da=8 l1d=32 l1ia=4 l1i=64 l2a=4 l2=256 l3a=4 l3=1024 robc=4 robd=2 robw=256  ASI= 2.5740  S=0.9936  A=  39.32  P= 16.94  [Strongly Sust.]  [ML2=1.00x, CCl=1.00x, MIP=0.98x, EI=0.99x]
  [pop1] bpt=tage l1da=4 l1d=16 l1ia=8 l1i=64 l2a=4 l2=256 l3a=4 l3=4096 robc=2 robd=2 robw=512  ASI= 1.4159  S=0.9934  A=  57.19  P= 27.09  [Strongly Sust.]  [ML2=1.00x, CCl=1.00x, MIP=0.98x, EI=0.99x]
  [pop1] bpt=nn l1da=8 l1d=16 l1ia=8 l1i=32 l2a=8 l2=512 l3a=4 l3=2048 nnbl=64 nnlr=0.005 robc=8 robd=10 robw=1024  ASI=-0.0066  S=1.0080  A= 247.05  P=2634.25  [Unsustainable]  [ML2=1.06x, CCl=1.00x, MIP=1.01x, EI=0.97x]
  [pop1] bpt=pentium_m l1da=8 l1d=32 l1ia=4 l1i=16 l2a=8 l2=256 l3a=16 l3=8192 robc=8 robd=10 robw=128  ASI= 0.0419  S=1.0027  A= 121.01  P=468.76  [Unsustainable]  [ML2=1.00x, CCl=1.00x, MIP=1.01x, EI=1.00x]
  [pop1] bp=1024 bpt=a53 l1da=4 l1d=32 l1ia=8 l1i=32 l2a=8 l2=512 l3a=8 l3=4096 nhist=2 robc=10 robd=4 robw=512  ASI= 0.3411  S=1.0146  A=  72.38  P= 99.39  [Unsustainable]  [ML2=1.06x, CCl=1.00x, MIP=1.00x, EI=1.00x]
  [pop1] bp=2048 bpt=a53 l1da=8 l1d=64 l1ia=8 l1i=64 l2a=8 l2=128 l3a=8 l3=4096 nhist=4 robc=8 robd=2 robw=512  ASI= 1.3424  S=0.9869  A=  61.01  P= 27.74  [Strongly Sust.]  [ML2=0.97x, CCl=1.00x, MIP=0.98x, EI=0.99x]
  [pop1] bpt=tage l1da=4 l1d=16 l1ia=8 l1i=16 l2a=4 l2=256 l3a=4 l3=4096 robc=2 robd=2 robw=128  ASI= 2.0595  S=0.9931  A=  54.93  P= 18.95  [Strongly Sust.]  [ML2=1.00x, CCl=1.00x, MIP=0.98x, EI=0.99x]
  [pop1] bpt=nn l1da=8 l1d=16 l1ia=4 l1i=32 l2a=4 l2=512 l3a=4 l3=2048 nnbl=16 nnlr=0.0005 robc=2 robd=4 robw=64  ASI= 1.6925  S=1.0045  A=  54.09  P= 23.20  [Strongly Sust.]  [ML2=1.06x, CCl=1.00x, MIP=1.00x, EI=0.96x]
  [pop2] baseline                          ASI= 1.0000  S=1.0000  A=  94.01  P= 27.56  [Reference]  [ML2=1.00x, CCl=1.00x, MIP=1.00x, EI=1.00x]
  [pop2] bpt=nn l1da=8 l1d=64 l1ia=8 l1i=32 l2a=8 l2=128 l3a=4 l3=4096 nnbl=64 nnlr=0.0005 robc=2 robd=4 robw=128  ASI= 1.4972  S=0.9510  A=  62.24  P= 24.63  [Strongly Sust.]  [ML2=0.95x, CCl=1.00x, MIP=1.00x, EI=0.86x]
  [pop2] bp=2048 bpt=a53 l1da=4 l1d=64 l1ia=4 l1i=32 l2a=4 l2=512 l3a=16 l3=2048 nhist=3 robc=8 robd=10 robw=256  ASI= 0.0256  S=1.0174  A= 100.93  P=995.54  [Unsustainable]  [ML2=1.06x, CCl=1.00x, MIP=1.01x, EI=1.00x]
  [pop2] bp=512 bpt=a53 l1da=4 l1d=64 l1ia=4 l1i=64 l2a=4 l2=512 l3a=8 l3=2048 nhist=2 robc=4 robd=2 robw=256  ASI= 2.3073  S=1.0078  A=  47.11  P= 17.91  [Strongly Sust.]  [ML2=1.06x, CCl=1.00x, MIP=0.98x, EI=0.99x]
  [pop2] bpt=pentium_m l1da=8 l1d=32 l1ia=4 l1i=16 l2a=8 l2=128 l3a=4 l3=2048 robc=2 robd=2 robw=128  ASI= 2.4615  S=0.9866  A=  44.38  P= 17.11  [Strongly Sust.]  [ML2=0.97x, CCl=1.00x, MIP=0.98x, EI=0.99x]
  [pop2] bpt=tage l1da=8 l1d=64 l1ia=8 l1i=32 l2a=8 l2=512 l3a=4 l3=4096 robc=10 robd=4 robw=128  ASI= 1.3184  S=1.0148  A=  69.95  P= 26.26  [Strongly Sust.]  [ML2=1.06x, CCl=1.00x, MIP=1.00x, EI=1.00x]
  [pop2] bpt=tage l1da=4 l1d=32 l1ia=4 l1i=32 l2a=4 l2=128 l3a=8 l3=1024 robc=8 robd=10 robw=128  ASI= 0.0788  S=0.9957  A=  63.78  P=462.20  [Unsustainable]  [ML2=0.97x, CCl=1.00x, MIP=1.01x, EI=1.00x]
  [pop2] bp=1024 bpt=a53 l1da=8 l1d=16 l1ia=4 l1i=64 l2a=4 l2=256 l3a=8 l3=2048 nhist=3 robc=2 robd=8 robw=32  ASI= 0.9333  S=0.9887  A=  54.66  P= 41.89  [Unsustainable]  [ML2=1.00x, CCl=0.99x, MIP=0.97x, EI=0.99x]
  [pop2] bp=512 bpt=a53 l1da=8 l1d=32 l1ia=4 l1i=16 l2a=8 l2=512 l3a=8 l3=1024 nhist=4 robc=8 robd=4 robw=512  ASI= 0.4011  S=1.0148  A=  55.31  P= 97.00  [Unsustainable]  [ML2=1.06x, CCl=1.00x, MIP=1.00x, EI=1.00x]
  [pop2] bpt=pentium_m l1da=4 l1d=64 l1ia=4 l1i=32 l2a=8 l2=256 l3a=4 l3=1024 robc=2 robd=8 robw=512  ASI= 0.0366  S=1.0002  A=  93.13  P=760.48  [Unsustainable]  [ML2=1.00x, CCl=1.00x, MIP=1.01x, EI=0.99x]
  [pop2] bpt=pentium_m l1da=4 l1d=32 l1ia=8 l1i=32 l2a=4 l2=128 l3a=8 l3=2048 robc=4 robd=4 robw=16  ASI= 2.0172  S=0.9633  A=  42.84  P= 21.10  [Strongly Sust.]  [ML2=0.97x, CCl=0.97x, MIP=0.95x, EI=0.96x]
  [pop2] bpt=pentium_m l1da=8 l1d=64 l1ia=8 l1i=64 l2a=8 l2=128 l3a=16 l3=1024 robc=2 robd=2 robw=256  ASI= 2.4404  S=0.9870  A=  42.23  P= 17.51  [Strongly Sust.]  [ML2=0.97x, CCl=1.00x, MIP=0.98x, EI=0.99x]
  [pop2] bp=512 bpt=a53 l1da=8 l1d=16 l1ia=4 l1i=32 l2a=8 l2=128 l3a=4 l3=4096 nhist=2 robc=2 robd=4 robw=512  ASI= 0.3650  S=0.9907  A=  66.10  P= 97.93  [Unsustainable]  [ML2=0.97x, CCl=1.00x, MIP=1.00x, EI=0.99x]
  [pop2] bpt=nn l1da=4 l1d=16 l1ia=8 l1i=64 l2a=4 l2=512 l3a=16 l3=1024 nnbl=16 nnlr=0.0005 robc=4 robd=8 robw=64  ASI= 0.8865  S=1.0068  A=  56.89  P= 43.37  [Unsustainable]  [ML2=1.06x, CCl=1.00x, MIP=1.01x, EI=0.97x]
  [pop2] bpt=tage l1da=8 l1d=16 l1ia=8 l1i=32 l2a=4 l2=512 l3a=4 l3=2048 robc=4 robd=2 robw=128  ASI= 2.0701  S=1.0073  A=  52.87  P= 19.14  [Strongly Sust.]  [ML2=1.06x, CCl=1.00x, MIP=0.98x, EI=0.99x]
  [pop2] bpt=tage l1da=4 l1d=32 l1ia=8 l1i=16 l2a=8 l2=512 l3a=4 l3=1024 robc=10 robd=2 robw=16  ASI= 2.4955  S=0.9850  A=  42.29  P= 17.12  [Strongly Sust.]  [ML2=1.06x, CCl=0.98x, MIP=0.95x, EI=0.96x]
  [pop2] bpt=pentium_m l1da=8 l1d=64 l1ia=8 l1i=16 l2a=4 l2=256 l3a=16 l3=2048 robc=10 robd=10 robw=128  ASI= 0.0696  S=1.0031  A=  77.65  P=464.88  [Unsustainable]  [ML2=1.00x, CCl=1.00x, MIP=1.01x, EI=1.00x]
  [pop2] bpt=tage l1da=8 l1d=32 l1ia=8 l1i=32 l2a=4 l2=128 l3a=8 l3=8192 robc=2 robd=10 robw=128  ASI= 0.0416  S=0.9932  A= 121.48  P=469.25  [Unsustainable]  [ML2=0.97x, CCl=1.00x, MIP=1.01x, EI=0.99x]
  [pop2] bpt=pentium_m l1da=4 l1d=16 l1ia=4 l1i=64 l2a=8 l2=128 l3a=16 l3=8192 robc=10 robd=10 robw=64  ASI= 0.3869  S=0.9955  A= 103.50  P= 64.04  [Unsustainable]  [ML2=0.97x, CCl=1.00x, MIP=1.01x, EI=1.00x]
  [pop2] bp=2048 bpt=a53 l1da=8 l1d=64 l1ia=8 l1i=32 l2a=8 l2=128 l3a=16 l3=2048 nhist=2 robc=8 robd=8 robw=1024  ASI= 0.0070  S=0.9960  A= 159.49  P=1189.82  [Unsustainable]  [ML2=0.97x, CCl=1.00x, MIP=1.01x, EI=1.00x]

  Combined Pareto front after generation 0 (7 points, HV=2.9934):
  Params                                  ASI  Speedup     Area  PeakPow  Region
  ──────────────────────────────────────────────────────────────────────────────
  bp=2048 bpt=a53 l1da=4 l1d=64 l1ia=4 l1i=32 l2a=4 l2=512 l3a=16 l3=2048 nhist=3 robc=8 robd=10 robw=256   0.0256   1.0174   100.93   995.54  Unsustainable
  bpt=tage l1da=4 l1d=32 l1ia=8 l1i=32 l2a=4 l2=512 l3a=16 l3=4096 robc=10 robd=10 robw=128   0.0603   1.0170    92.12   466.61  Unsustainable
  bpt=tage l1da=8 l1d=64 l1ia=8 l1i=32 l2a=8 l2=512 l3a=4 l3=4096 robc=10 robd=4 robw=128   1.3184   1.0148    69.95    26.26  Strongly Sust.
  bp=512 bpt=a53 l1da=4 l1d=64 l1ia=4 l1i=64 l2a=4 l2=512 l3a=8 l3=2048 nhist=2 robc=4 robd=2 robw=256   2.3073   1.0078    47.11    17.91  Strongly Sust.
  bpt=pentium_m l1da=8 l1d=32 l1ia=4 l1i=64 l2a=4 l2=256 l3a=4 l3=1024 robc=4 robd=2 robw=256   2.5740   0.9936    39.32    16.94  Strongly Sust.
  bpt=pentium_m l1da=4 l1d=16 l1ia=8 l1i=64 l2a=4 l2=256 l3a=8 l3=1024 robc=8 robd=2 robw=256   2.6426   0.9934    36.31    16.83  Strongly Sust.
  bp=512 bpt=a53 l1da=4 l1d=16 l1ia=4 l1i=32 l2a=8 l2=128 l3a=16 l3=1024 nhist=3 robc=4 robd=2 robw=16   2.9808   0.9627    35.08    15.04  Strongly Sust.
  Ran sniper 57 times this generation (57 total).

=== Generation 1 ===
  Evaluating population 0 (20 entities)...
  [pop0] bp=1024 bpt=a53 l1da=8 l1d=64 l1ia=4 l1i=32 l2a=4 l2=256 l3a=8 l3=4096 nhist=3 robc=10 robd=2 robw=256  ASI= 1.9761  S=0.9936  A=  58.44  P= 19.23  [Strongly Sust.]  [ML2=1.00x, CCl=1.00x, MIP=0.98x, EI=0.99x]
  [pop0] bpt=pentium_m l1da=4 l1d=16 l1ia=8 l1i=16 l2a=4 l2=256 l3a=4 l3=2048 robc=2 robd=2 robw=256  ASI= 2.4281  S=0.9935  A=  42.61  P= 17.56  [Strongly Sust.]  [ML2=1.00x, CCl=1.00x, MIP=0.98x, EI=0.99x]
  [pop0] bpt=pentium_m l1da=4 l1d=16 l1ia=8 l1i=64 l2a=4 l2=256 l3a=8 l3=1024 robc=8 robd=2 robw=256  ASI= 2.6426  S=0.9934  A=  36.31  P= 16.83  [Strongly Sust.]  [ML2=1.00x, CCl=1.00x, MIP=0.98x, EI=0.99x]
  [pop0] bpt=pentium_m l1da=4 l1d=16 l1ia=8 l1i=16 l2a=4 l2=256 l3a=4 l3=2048 robc=2 robd=2 robw=1024  ASI= 1.1632  S=0.9940  A=  47.07  P= 35.53  [Strongly Sust.]  [ML2=1.00x, CCl=1.00x, MIP=0.98x, EI=0.99x]
  [pop0] bp=1024 bpt=a53 l1da=8 l1d=64 l1ia=8 l1i=32 l2a=8 l2=512 l3a=8 l3=1024 nhist=3 robc=4 robd=8 robw=512  ASI= 0.0317  S=1.0171  A= 105.48  P=763.17  [Unsustainable]  [ML2=1.06x, CCl=1.00x, MIP=1.01x, EI=1.00x]
  [pop0] bpt=pentium_m l1da=4 l1d=16 l1ia=8 l1i=16 l2a=4 l2=256 l3a=4 l3=2048 robc=2 robd=2 robw=256  ASI= 2.4281  S=0.9935  A=  42.61  P= 17.56  [Strongly Sust.]  [ML2=1.00x, CCl=1.00x, MIP=0.98x, EI=0.99x]
  [pop0] bpt=tage l1da=4 l1d=16 l1ia=8 l1i=32 l2a=4 l2=256 l3a=8 l3=2048 robc=2 robd=2 robw=256  ASI= 2.4451  S=0.9932  A=  41.21  P= 17.60  [Strongly Sust.]  [ML2=1.00x, CCl=1.00x, MIP=0.98x, EI=0.99x]
  [pop0] bp=1024 bpt=a53 l1da=8 l1d=16 l1ia=8 l1i=16 l2a=4 l2=256 l3a=16 l3=2048 nhist=3 robc=10 robd=2 robw=256  ASI= 2.2679  S=0.9931  A=  45.94  P= 18.37  [Strongly Sust.]  [ML2=1.00x, CCl=1.00x, MIP=0.98x, EI=0.99x]
  [pop0] bpt=pentium_m l1da=4 l1d=16 l1ia=8 l1i=16 l2a=4 l2=256 l3a=4 l3=2048 robc=2 robd=2 robw=1024  ASI= 1.1632  S=0.9940  A=  47.07  P= 35.53  [Strongly Sust.]  [ML2=1.00x, CCl=1.00x, MIP=0.98x, EI=0.99x]
  [pop0] bp=1024 bpt=a53 l1da=4 l1d=16 l1ia=8 l1i=32 l2a=8 l2=256 l3a=16 l3=1024 nhist=3 robc=10 robd=2 robw=512  ASI= 1.7398  S=0.9931  A=  40.12  P= 24.93  [Strongly Sust.]  [ML2=1.00x, CCl=1.00x, MIP=0.98x, EI=0.99x]
  [pop0] bp=1024 bpt=a53 l1da=8 l1d=16 l1ia=8 l1i=16 l2a=4 l2=256 l3a=4 l3=2048 nhist=3 robc=10 robd=2 robw=256  ASI= 2.2740  S=0.9930  A=  45.95  P= 18.32  [Strongly Sust.]  [ML2=1.00x, CCl=1.00x, MIP=0.98x, EI=0.99x]
  [pop0] bpt=pentium_m l1da=4 l1d=16 l1ia=8 l1i=16 l2a=8 l2=256 l3a=4 l3=1024 robc=10 robd=2 robw=256  ASI= 2.6403  S=0.9933  A=  36.19  P= 16.86  [Strongly Sust.]  [ML2=1.00x, CCl=1.00x, MIP=0.98x, EI=0.99x]
  [pop0] bpt=tage l1da=8 l1d=64 l1ia=8 l1i=32 l2a=8 l2=512 l3a=16 l3=1024 robc=10 robd=8 robw=256  ASI= 0.0570  S=1.0169  A=  83.96  P=535.29  [Unsustainable]  [ML2=1.06x, CCl=1.00x, MIP=1.01x, EI=1.00x]
  [pop0] bpt=pentium_m l1da=4 l1d=16 l1ia=4 l1i=16 l2a=8 l2=512 l3a=4 l3=2048 robc=2 robd=2 robw=1024  ASI= 1.1150  S=1.0082  A=  52.22  P= 35.71  [Strongly Sust.]  [ML2=1.06x, CCl=1.00x, MIP=0.98x, EI=0.99x]
  [pop0] bpt=pentium_m l1da=8 l1d=64 l1ia=8 l1i=64 l2a=8 l2=128 l3a=16 l3=1024 robc=2 robd=2 robw=256  ASI= 2.4404  S=0.9870  A=  42.23  P= 17.51  [Strongly Sust.]  [ML2=0.97x, CCl=1.00x, MIP=0.98x, EI=0.99x]
  [pop0] bpt=tage l1da=4 l1d=16 l1ia=8 l1i=16 l2a=8 l2=512 l3a=4 l3=1024 robc=2 robd=2 robw=512  ASI= 1.6342  S=1.0076  A=  43.91  P= 25.85  [Strongly Sust.]  [ML2=1.06x, CCl=1.00x, MIP=0.98x, EI=0.99x]
  [pop0] bpt=pentium_m l1da=4 l1d=16 l1ia=8 l1i=16 l2a=4 l2=256 l3a=8 l3=1024 robc=2 robd=2 robw=256  ASI= 2.6499  S=0.9935  A=  35.65  P= 16.86  [Strongly Sust.]  [ML2=1.00x, CCl=1.00x, MIP=0.98x, EI=0.99x]
  [pop0] bpt=pentium_m l1da=4 l1d=16 l1ia=8 l1i=16 l2a=4 l2=256 l3a=4 l3=1024 robc=8 robd=2 robw=256  ASI= 2.6515  S=0.9935  A=  35.65  P= 16.85  [Strongly Sust.]  [ML2=1.00x, CCl=1.00x, MIP=0.98x, EI=0.99x]
  [pop0] bpt=pentium_m l1da=4 l1d=16 l1ia=4 l1i=32 l2a=4 l2=256 l3a=16 l3=1024 robc=4 robd=4 robw=128  ASI= 2.0516  S=0.9999  A=  39.37  P= 21.24  [Strongly Sust.]  [ML2=1.00x, CCl=1.00x, MIP=1.00x, EI=1.00x]
  [pop0] bpt=pentium_m l1da=4 l1d=16 l1ia=8 l1i=16 l2a=4 l2=512 l3a=4 l3=2048 robc=2 robd=2 robw=256  ASI= 2.1941  S=1.0076  A=  49.28  P= 18.54  [Strongly Sust.]  [ML2=1.06x, CCl=1.00x, MIP=0.98x, EI=0.99x]
  Evaluating population 1 (20 entities)...
  [pop1] bpt=pentium_m l1da=8 l1d=16 l1ia=8 l1i=64 l2a=8 l2=512 l3a=16 l3=2048 robc=2 robd=2 robw=256  ASI= 2.0376  S=1.0076  A=  53.37  P= 19.37  [Strongly Sust.]  [ML2=1.06x, CCl=1.00x, MIP=0.98x, EI=0.99x]
  [pop1] bp=1024 bpt=a53 l1da=4 l1d=16 l1ia=8 l1i=32 l2a=8 l2=512 l3a=4 l3=4096 nhist=2 robc=8 robd=4 robw=512  ASI= 0.3419  S=1.0144  A=  72.20  P= 99.32  [Unsustainable]  [ML2=1.06x, CCl=1.00x, MIP=1.00x, EI=1.00x]
  [pop1] bpt=tage l1da=4 l1d=32 l1ia=8 l1i=32 l2a=8 l2=512 l3a=8 l3=4096 robc=10 robd=4 robw=512  ASI= 0.3411  S=1.0146  A=  72.38  P= 99.39  [Unsustainable]  [ML2=1.06x, CCl=1.00x, MIP=1.00x, EI=1.00x]
  [pop1] bp=1024 bpt=a53 l1da=4 l1d=32 l1ia=8 l1i=32 l2a=8 l2=512 l3a=8 l3=4096 nhist=2 robc=10 robd=4 robw=512  ASI= 0.3411  S=1.0146  A=  72.38  P= 99.39  [Unsustainable]  [ML2=1.06x, CCl=1.00x, MIP=1.00x, EI=1.00x]
  [pop1] bpt=nn l1da=8 l1d=16 l1ia=4 l1i=32 l2a=4 l2=128 l3a=16 l3=2048 nnbl=16 nnlr=0.0005 robc=2 robd=2 robw=16  ASI= 2.5875  S=0.9503  A=  43.27  P= 16.40  [Strongly Sust.]  [ML2=0.97x, CCl=0.95x, MIP=0.95x, EI=0.93x]
  [pop1] bp=512 bpt=a53 l1da=4 l1d=32 l1ia=4 l1i=32 l2a=4 l2=128 l3a=16 l3=1024 nhist=3 robc=4 robd=2 robw=256  ASI= 2.8159  S=0.9865  A=  35.58  P= 15.87  [Strongly Sust.]  [ML2=0.97x, CCl=1.00x, MIP=0.98x, EI=0.99x]
  [pop1] bp=512 bpt=a53 l1da=4 l1d=32 l1ia=4 l1i=64 l2a=8 l2=128 l3a=16 l3=1024 nhist=3 robc=4 robd=2 robw=16  ASI= 2.9423  S=0.9629  A=  35.87  P= 15.16  [Strongly Sust.]  [ML2=0.97x, CCl=0.97x, MIP=0.95x, EI=0.96x]
  [pop1] bpt=pentium_m l1da=8 l1d=16 l1ia=4 l1i=32 l2a=4 l2=256 l3a=16 l3=1024 robc=4 robd=2 robw=256  ASI= 2.5808  S=0.9934  A=  39.70  P= 16.85  [Strongly Sust.]  [ML2=1.00x, CCl=1.00x, MIP=0.98x, EI=0.99x]
  [pop1] bp=1024 bpt=a53 l1da=4 l1d=16 l1ia=8 l1i=32 l2a=8 l2=512 l3a=8 l3=2048 nhist=3 robc=8 robd=4 robw=32  ASI= 1.7510  S=1.0029  A=  50.65  P= 23.00  [Strongly Sust.]  [ML2=1.06x, CCl=0.99x, MIP=0.97x, EI=0.99x]
  [pop1] bp=2048 bpt=a53 l1da=4 l1d=16 l1ia=4 l1i=32 l2a=8 l2=512 l3a=16 l3=2048 nhist=3 robc=4 robd=2 robw=32  ASI= 2.3813  S=1.0005  A=  47.75  P= 17.27  [Strongly Sust.]  [ML2=1.06x, CCl=1.00x, MIP=0.97x, EI=0.98x]
  [pop1] bpt=tage l1da=4 l1d=32 l1ia=8 l1i=32 l2a=8 l2=512 l3a=8 l3=2048 robc=10 robd=10 robw=512  ASI= 0.0102  S=1.0173  A= 137.99  P=1435.65  [Unsustainable]  [ML2=1.06x, CCl=1.00x, MIP=1.01x, EI=1.00x]
  [pop1] bp=1024 bpt=a53 l1da=4 l1d=32 l1ia=8 l1i=32 l2a=8 l2=512 l3a=8 l3=4096 nhist=2 robc=10 robd=4 robw=512  ASI= 0.3411  S=1.0146  A=  72.38  P= 99.39  [Unsustainable]  [ML2=1.06x, CCl=1.00x, MIP=1.00x, EI=1.00x]
  [pop1] bp=512 bpt=a53 l1da=4 l1d=64 l1ia=4 l1i=32 l2a=8 l2=128 l3a=16 l3=1024 nhist=3 robc=4 robd=2 robw=256  ASI= 2.7998  S=0.9868  A=  35.77  P= 15.94  [Strongly Sust.]  [ML2=0.97x, CCl=1.00x, MIP=0.98x, EI=0.99x]
  [pop1] bp=512 bpt=a53 l1da=4 l1d=16 l1ia=4 l1i=32 l2a=8 l2=512 l3a=16 l3=1024 nhist=2 robc=10 robd=2 robw=16  ASI= 2.6123  S=0.9787  A=  42.80  P= 16.30  [Strongly Sust.]  [ML2=1.06x, CCl=0.96x, MIP=0.95x, EI=0.96x]
  [pop1] bp=2048 bpt=a53 l1da=4 l1d=64 l1ia=4 l1i=32 l2a=4 l2=512 l3a=16 l3=2048 nhist=3 robc=8 robd=10 robw=256  ASI= 0.0256  S=1.0174  A= 100.93  P=995.54  [Unsustainable]  [ML2=1.06x, CCl=1.00x, MIP=1.01x, EI=1.00x]
  [pop1] bp=2048 bpt=a53 l1da=4 l1d=64 l1ia=4 l1i=32 l2a=4 l2=512 l3a=16 l3=2048 nhist=3 robc=8 robd=10 robw=512  ASI= 0.0102  S=1.0176  A= 138.09  P=1434.83  [Unsustainable]  [ML2=1.06x, CCl=1.00x, MIP=1.01x, EI=1.00x]
  [pop1] bp=1024 bpt=a53 l1da=4 l1d=32 l1ia=8 l1i=64 l2a=8 l2=512 l3a=8 l3=2048 nhist=2 robc=10 robd=10 robw=512  ASI= 0.0102  S=1.0172  A= 138.30  P=1435.60  [Unsustainable]  [ML2=1.06x, CCl=1.00x, MIP=1.01x, EI=1.00x]
  [pop1] bp=1024 bpt=a53 l1da=4 l1d=64 l1ia=4 l1i=32 l2a=4 l2=512 l3a=16 l3=4096 nhist=3 robc=10 robd=10 robw=256  ASI= 0.0221  S=1.0174  A= 112.96  P=997.10  [Unsustainable]  [ML2=1.06x, CCl=1.00x, MIP=1.01x, EI=1.00x]
  [pop1] bp=512 bpt=a53 l1da=4 l1d=16 l1ia=8 l1i=32 l2a=8 l2=128 l3a=4 l3=2048 nhist=3 robc=4 robd=2 robw=16  ASI= 2.5967  S=0.9627  A=  41.69  P= 16.52  [Strongly Sust.]  [ML2=0.97x, CCl=0.97x, MIP=0.95x, EI=0.96x]
  [pop1] bp=1024 bpt=a53 l1da=4 l1d=32 l1ia=4 l1i=32 l2a=8 l2=512 l3a=8 l3=4096 nhist=3 robc=4 robd=2 robw=16  ASI= 2.0116  S=0.9846  A=  60.29  P= 18.62  [Strongly Sust.]  [ML2=1.06x, CCl=0.98x, MIP=0.95x, EI=0.96x]
  Evaluating population 2 (20 entities)...
  [pop2] bpt=pentium_m l1da=8 l1d=64 l1ia=8 l1i=64 l2a=8 l2=128 l3a=16 l3=1024 robc=2 robd=2 robw=128  ASI= 2.4694  S=0.9868  A=  42.12  P= 17.32  [Strongly Sust.]  [ML2=0.97x, CCl=1.00x, MIP=0.98x, EI=0.99x]
  [pop2] bp=2048 bpt=a53 l1da=4 l1d=32 l1ia=8 l1i=32 l2a=4 l2=512 l3a=4 l3=2048 nhist=3 robc=8 robd=10 robw=16  ASI= 0.6407  S=0.9852  A=  65.27  P= 56.18  [Unsustainable]  [ML2=1.06x, CCl=0.98x, MIP=0.95x, EI=0.96x]
  [pop2] bp=512 bpt=a53 l1da=4 l1d=32 l1ia=4 l1i=16 l2a=8 l2=512 l3a=8 l3=2048 nhist=2 robc=4 robd=2 robw=128  ASI= 2.3633  S=1.0074  A=  46.09  P= 17.61  [Strongly Sust.]  [ML2=1.06x, CCl=1.00x, MIP=0.98x, EI=0.99x]
  [pop2] bpt=pentium_m l1da=8 l1d=32 l1ia=8 l1i=16 l2a=8 l2=512 l3a=4 l3=4096 robc=2 robd=2 robw=128  ASI= 1.7166  S=1.0076  A=  66.14  P= 20.82  [Strongly Sust.]  [ML2=1.06x, CCl=1.00x, MIP=0.98x, EI=0.99x]
  [pop2] bpt=tage l1da=4 l1d=32 l1ia=8 l1i=16 l2a=8 l2=512 l3a=16 l3=1024 robc=10 robd=2 robw=16  ASI= 2.4513  S=0.9850  A=  44.37  P= 17.18  [Strongly Sust.]  [ML2=1.06x, CCl=0.98x, MIP=0.95x, EI=0.96x]
  [pop2] bpt=tage l1da=4 l1d=64 l1ia=4 l1i=16 l2a=4 l2=512 l3a=4 l3=1024 robc=10 robd=10 robw=16  ASI= 0.7053  S=0.9856  A=  56.52  P= 54.66  [Unsustainable]  [ML2=1.06x, CCl=0.98x, MIP=0.95x, EI=0.96x]
  [pop2] bp=512 bpt=a53 l1da=8 l1d=64 l1ia=4 l1i=64 l2a=8 l2=128 l3a=16 l3=1024 nhist=2 robc=2 robd=2 robw=256  ASI= 2.5706  S=0.9868  A=  40.78  P= 16.79  [Strongly Sust.]  [ML2=0.97x, CCl=1.00x, MIP=0.98x, EI=0.99x]
  [pop2] bpt=pentium_m l1da=8 l1d=32 l1ia=4 l1i=16 l2a=8 l2=128 l3a=4 l3=2048 robc=2 robd=2 robw=128  ASI= 2.4615  S=0.9866  A=  44.38  P= 17.11  [Strongly Sust.]  [ML2=0.97x, CCl=1.00x, MIP=0.98x, EI=0.99x]
  [pop2] bpt=tage l1da=8 l1d=64 l1ia=4 l1i=32 l2a=4 l2=512 l3a=8 l3=2048 robc=4 robd=4 robw=128  ASI= 1.6527  S=1.0150  A=  53.96  P= 23.78  [Strongly Sust.]  [ML2=1.06x, CCl=1.00x, MIP=1.00x, EI=1.00x]
  [pop2] bpt=pentium_m l1da=8 l1d=32 l1ia=4 l1i=16 l2a=8 l2=128 l3a=4 l3=2048 robc=2 robd=2 robw=128  ASI= 2.4615  S=0.9866  A=  44.38  P= 17.11  [Strongly Sust.]  [ML2=0.97x, CCl=1.00x, MIP=0.98x, EI=0.99x]
  [pop2] bpt=tage l1da=4 l1d=64 l1ia=8 l1i=32 l2a=8 l2=512 l3a=4 l3=4096 robc=10 robd=4 robw=128  ASI= 1.4100  S=1.0148  A=  65.53  P= 25.47  [Strongly Sust.]  [ML2=1.06x, CCl=1.00x, MIP=1.00x, EI=1.00x]
  [pop2] bp=2048 bpt=a53 l1da=4 l1d=64 l1ia=4 l1i=64 l2a=4 l2=512 l3a=4 l3=1024 nhist=3 robc=8 robd=10 robw=16  ASI= 0.6997  S=0.9856  A=  57.35  P= 54.75  [Unsustainable]  [ML2=1.06x, CCl=0.98x, MIP=0.95x, EI=0.96x]
  [pop2] bp=512 bpt=a53 l1da=4 l1d=32 l1ia=4 l1i=16 l2a=8 l2=512 l3a=8 l3=1024 nhist=4 robc=8 robd=4 robw=256  ASI= 0.7463  S=1.0146  A=  46.50  P= 55.60  [Unsustainable]  [ML2=1.06x, CCl=1.00x, MIP=1.00x, EI=1.00x]
  [pop2] bpt=pentium_m l1da=4 l1d=64 l1ia=4 l1i=64 l2a=4 l2=128 l3a=16 l3=2048 robc=8 robd=2 robw=256  ASI= 2.5768  S=0.9871  A=  41.20  P= 16.70  [Strongly Sust.]  [ML2=0.97x, CCl=1.00x, MIP=0.98x, EI=0.99x]
  [pop2] bpt=tage l1da=4 l1d=32 l1ia=8 l1i=32 l2a=8 l2=512 l3a=4 l3=4096 robc=10 robd=4 robw=16  ASI= 1.5078  S=0.9853  A=  64.76  P= 23.97  [Strongly Sust.]  [ML2=1.06x, CCl=0.98x, MIP=0.95x, EI=0.96x]
  [pop2] bpt=tage l1da=4 l1d=32 l1ia=8 l1i=16 l2a=8 l2=512 l3a=4 l3=1024 robc=10 robd=2 robw=16  ASI= 2.4955  S=0.9850  A=  42.29  P= 17.12  [Strongly Sust.]  [ML2=1.06x, CCl=0.98x, MIP=0.95x, EI=0.96x]
  [pop2] bp=512 bpt=a53 l1da=8 l1d=32 l1ia=4 l1i=16 l2a=8 l2=512 l3a=4 l3=1024 nhist=4 robc=8 robd=4 robw=512  ASI= 0.4011  S=1.0148  A=  55.31  P= 97.00  [Unsustainable]  [ML2=1.06x, CCl=1.00x, MIP=1.00x, EI=1.00x]
  [pop2] bpt=pentium_m l1da=8 l1d=32 l1ia=8 l1i=16 l2a=8 l2=512 l3a=16 l3=1024 robc=8 robd=2 robw=256  ASI= 2.1711  S=1.0080  A=  48.95  P= 18.78  [Strongly Sust.]  [ML2=1.06x, CCl=1.00x, MIP=0.98x, EI=0.99x]
  [pop2] bp=2048 bpt=a53 l1da=4 l1d=32 l1ia=4 l1i=32 l2a=8 l2=512 l3a=4 l3=1024 nhist=3 robc=10 robd=10 robw=256  ASI= 0.0277  S=1.0170  A=  93.92  P=994.77  [Unsustainable]  [ML2=1.06x, CCl=1.00x, MIP=1.01x, EI=1.00x]
  [pop2] bpt=pentium_m l1da=8 l1d=32 l1ia=4 l1i=16 l2a=8 l2=128 l3a=4 l3=2048 robc=10 robd=2 robw=128  ASI= 2.4615  S=0.9865  A=  44.38  P= 17.11  [Strongly Sust.]  [ML2=0.97x, CCl=1.00x, MIP=0.98x, EI=0.99x]
  Deleted 43 discarded output directories.

  Combined Pareto front after generation 1 (16 points, HV=3.0013):
  Params                                  ASI  Speedup     Area  PeakPow  Region
  ──────────────────────────────────────────────────────────────────────────────
  bp=2048 bpt=a53 l1da=4 l1d=64 l1ia=4 l1i=32 l2a=4 l2=512 l3a=16 l3=2048 nhist=3 robc=8 robd=10 robw=512   0.0102   1.0176   138.09  1434.83  Unsustainable
  bp=2048 bpt=a53 l1da=4 l1d=64 l1ia=4 l1i=32 l2a=4 l2=512 l3a=16 l3=2048 nhist=3 robc=8 robd=10 robw=256   0.0256   1.0174   100.93   995.54  Unsustainable
  bp=1024 bpt=a53 l1da=8 l1d=64 l1ia=8 l1i=32 l2a=8 l2=512 l3a=8 l3=1024 nhist=3 robc=4 robd=8 robw=512   0.0317   1.0171   105.48   763.17  Unsustainable
  bpt=tage l1da=4 l1d=32 l1ia=8 l1i=32 l2a=4 l2=512 l3a=16 l3=4096 robc=10 robd=10 robw=128   0.0603   1.0170    92.12   466.61  Unsustainable
  bpt=tage l1da=8 l1d=64 l1ia=4 l1i=32 l2a=4 l2=512 l3a=8 l3=2048 robc=4 robd=4 robw=128   1.6527   1.0150    53.96    23.78  Strongly Sust.
  bpt=pentium_m l1da=8 l1d=32 l1ia=8 l1i=16 l2a=8 l2=512 l3a=16 l3=1024 robc=8 robd=2 robw=256   2.1711   1.0080    48.95    18.78  Strongly Sust.
  bp=512 bpt=a53 l1da=4 l1d=64 l1ia=4 l1i=64 l2a=4 l2=512 l3a=8 l3=2048 nhist=2 robc=4 robd=2 robw=256   2.3073   1.0078    47.11    17.91  Strongly Sust.
  bp=512 bpt=a53 l1da=4 l1d=32 l1ia=4 l1i=16 l2a=8 l2=512 l3a=8 l3=2048 nhist=2 robc=4 robd=2 robw=128   2.3633   1.0074    46.09    17.61  Strongly Sust.
  bp=2048 bpt=a53 l1da=4 l1d=16 l1ia=4 l1i=32 l2a=8 l2=512 l3a=16 l3=2048 nhist=3 robc=4 robd=2 robw=32   2.3813   1.0005    47.75    17.27  Strongly Sust.
  bpt=pentium_m l1da=8 l1d=32 l1ia=4 l1i=64 l2a=4 l2=256 l3a=4 l3=1024 robc=4 robd=2 robw=256   2.5740   0.9936    39.32    16.94  Strongly Sust.
  bpt=pentium_m l1da=4 l1d=16 l1ia=8 l1i=16 l2a=4 l2=256 l3a=8 l3=1024 robc=2 robd=2 robw=256   2.6499   0.9935    35.65    16.86  Strongly Sust.
  bpt=pentium_m l1da=4 l1d=16 l1ia=8 l1i=16 l2a=4 l2=256 l3a=4 l3=1024 robc=8 robd=2 robw=256   2.6515   0.9935    35.65    16.85  Strongly Sust.
  bp=512 bpt=a53 l1da=4 l1d=64 l1ia=4 l1i=32 l2a=8 l2=128 l3a=16 l3=1024 nhist=3 robc=4 robd=2 robw=256   2.7998   0.9868    35.77    15.94  Strongly Sust.
  bp=512 bpt=a53 l1da=4 l1d=32 l1ia=4 l1i=32 l2a=4 l2=128 l3a=16 l3=1024 nhist=3 robc=4 robd=2 robw=256   2.8159   0.9865    35.58    15.87  Strongly Sust.
  bp=512 bpt=a53 l1da=4 l1d=32 l1ia=4 l1i=64 l2a=8 l2=128 l3a=16 l3=1024 nhist=3 robc=4 robd=2 robw=16   2.9423   0.9629    35.87    15.16  Strongly Sust.
  bp=512 bpt=a53 l1da=4 l1d=16 l1ia=4 l1i=32 l2a=8 l2=128 l3a=16 l3=1024 nhist=3 robc=4 robd=2 robw=16   2.9808   0.9627    35.08    15.04  Strongly Sust.
  Ran sniper 47 times this generation (104 total).

=== Generation 2 ===
  Evaluating population 0 (20 entities)...
  [pop0] bpt=pentium_m l1da=4 l1d=16 l1ia=8 l1i=16 l2a=4 l2=256 l3a=4 l3=1024 robc=8 robd=2 robw=256  ASI= 2.6515  S=0.9935  A=  35.65  P= 16.85  [Strongly Sust.]  [ML2=1.00x, CCl=1.00x, MIP=0.98x, EI=0.99x]
  [pop0] bp=512 bpt=a53 l1da=8 l1d=64 l1ia=4 l1i=32 l2a=8 l2=512 l3a=8 l3=1024 nhist=2 robc=4 robd=2 robw=512  ASI= 1.5911  S=1.0080  A=  47.32  P= 25.93  [Strongly Sust.]  [ML2=1.06x, CCl=1.00x, MIP=0.98x, EI=0.99x]
  [pop0] bpt=pentium_m l1da=4 l1d=16 l1ia=4 l1i=16 l2a=4 l2=512 l3a=4 l3=1024 robc=8 robd=2 robw=1024  ASI= 1.1983  S=1.0080  A=  45.18  P= 34.95  [Strongly Sust.]  [ML2=1.06x, CCl=1.00x, MIP=0.98x, EI=0.99x]
  [pop0] bpt=pentium_m l1da=4 l1d=16 l1ia=8 l1i=16 l2a=4 l2=256 l3a=4 l3=1024 robc=8 robd=2 robw=256  ASI= 2.6515  S=0.9935  A=  35.65  P= 16.85  [Strongly Sust.]  [ML2=1.00x, CCl=1.00x, MIP=0.98x, EI=0.99x]
  [pop0] bpt=pentium_m l1da=4 l1d=16 l1ia=8 l1i=64 l2a=8 l2=128 l3a=16 l3=1024 robc=8 robd=2 robw=16  ASI= 2.7966  S=0.9630  A=  37.12  P= 15.82  [Strongly Sust.]  [ML2=0.97x, CCl=0.97x, MIP=0.95x, EI=0.96x]
  [pop0] bpt=pentium_m l1da=4 l1d=16 l1ia=8 l1i=16 l2a=4 l2=256 l3a=4 l3=1024 robc=8 robd=2 robw=256  ASI= 2.6515  S=0.9935  A=  35.65  P= 16.85  [Strongly Sust.]  [ML2=1.00x, CCl=1.00x, MIP=0.98x, EI=0.99x]
  [pop0] bpt=tage l1da=8 l1d=64 l1ia=8 l1i=32 l2a=8 l2=512 l3a=16 l3=1024 robc=10 robd=8 robw=256  ASI= 0.0570  S=1.0169  A=  83.96  P=535.29  [Unsustainable]  [ML2=1.06x, CCl=1.00x, MIP=1.01x, EI=1.00x]
  [pop0] bpt=pentium_m l1da=4 l1d=16 l1ia=8 l1i=16 l2a=4 l2=512 l3a=4 l3=2048 robc=8 robd=2 robw=256  ASI= 2.1941  S=1.0076  A=  49.28  P= 18.54  [Strongly Sust.]  [ML2=1.06x, CCl=1.00x, MIP=0.98x, EI=0.99x]
  [pop0] bpt=pentium_m l1da=4 l1d=16 l1ia=8 l1i=16 l2a=4 l2=256 l3a=8 l3=1024 robc=2 robd=2 robw=256  ASI= 2.6499  S=0.9935  A=  35.65  P= 16.86  [Strongly Sust.]  [ML2=1.00x, CCl=1.00x, MIP=0.98x, EI=0.99x]
  [pop0] bpt=pentium_m l1da=8 l1d=16 l1ia=8 l1i=32 l2a=4 l2=256 l3a=8 l3=1024 robc=2 robd=8 robw=256  ASI= 0.0628  S=0.9994  A=  73.67  P=534.06  [Unsustainable]  [ML2=1.00x, CCl=1.00x, MIP=1.01x, EI=0.99x]
  [pop0] bpt=pentium_m l1da=8 l1d=16 l1ia=8 l1i=16 l2a=4 l2=512 l3a=16 l3=2048 robc=4 robd=8 robw=256  ASI= 0.0553  S=1.0165  A=  86.93  P=535.79  [Unsustainable]  [ML2=1.06x, CCl=1.00x, MIP=1.01x, EI=1.00x]
  [pop0] bpt=tage l1da=4 l1d=64 l1ia=8 l1i=16 l2a=8 l2=256 l3a=4 l3=1024 robc=8 robd=2 robw=256  ASI= 2.6172  S=0.9936  A=  36.56  P= 16.97  [Strongly Sust.]  [ML2=1.00x, CCl=1.00x, MIP=0.98x, EI=0.99x]
  [pop0] bpt=pentium_m l1da=4 l1d=16 l1ia=8 l1i=16 l2a=8 l2=512 l3a=8 l3=1024 robc=2 robd=8 robw=1024  ASI= 0.0081  S=1.0145  A= 155.11  P=1189.41  [Unsustainable]  [ML2=1.06x, CCl=1.00x, MIP=1.01x, EI=0.99x]
  [pop0] bpt=pentium_m l1da=4 l1d=16 l1ia=8 l1i=16 l2a=4 l2=512 l3a=4 l3=2048 robc=2 robd=2 robw=256  ASI= 2.1941  S=1.0076  A=  49.28  P= 18.54  [Strongly Sust.]  [ML2=1.06x, CCl=1.00x, MIP=0.98x, EI=0.99x]
  [pop0] bpt=pentium_m l1da=4 l1d=16 l1ia=8 l1i=16 l2a=4 l2=256 l3a=4 l3=1024 robc=8 robd=2 robw=256  ASI= 2.6515  S=0.9935  A=  35.65  P= 16.85  [Strongly Sust.]  [ML2=1.00x, CCl=1.00x, MIP=0.98x, EI=0.99x]
  [pop0] bp=512 bpt=a53 l1da=4 l1d=64 l1ia=8 l1i=16 l2a=4 l2=256 l3a=8 l3=1024 nhist=2 robc=8 robd=2 robw=256  ASI= 2.6271  S=0.9936  A=  36.02  P= 16.96  [Strongly Sust.]  [ML2=1.00x, CCl=1.00x, MIP=0.98x, EI=0.99x]
  [pop0] bpt=pentium_m l1da=4 l1d=16 l1ia=8 l1i=16 l2a=4 l2=512 l3a=8 l3=1024 robc=2 robd=2 robw=256  ASI= 2.3945  S=1.0076  A=  42.33  P= 17.84  [Strongly Sust.]  [ML2=1.06x, CCl=1.00x, MIP=0.98x, EI=0.99x]
  [pop0] bpt=pentium_m l1da=4 l1d=16 l1ia=8 l1i=16 l2a=4 l2=256 l3a=4 l3=1024 robc=8 robd=2 robw=256  ASI= 2.6515  S=0.9935  A=  35.65  P= 16.85  [Strongly Sust.]  [ML2=1.00x, CCl=1.00x, MIP=0.98x, EI=0.99x]
  [pop0] bpt=pentium_m l1da=4 l1d=16 l1ia=4 l1i=16 l2a=4 l2=512 l3a=4 l3=2048 robc=8 robd=2 robw=256  ASI= 2.3262  S=1.0077  A=  47.67  P= 17.69  [Strongly Sust.]  [ML2=1.06x, CCl=1.00x, MIP=0.98x, EI=0.99x]
  [pop0] bpt=nn l1da=4 l1d=16 l1ia=8 l1i=16 l2a=8 l2=512 l3a=4 l3=2048 nnbl=32 nnlr=0.0005 robc=4 robd=2 robw=256  ASI= 2.1955  S=0.9974  A=  49.37  P= 18.51  [Strongly Sust.]  [ML2=1.06x, CCl=1.00x, MIP=0.98x, EI=0.95x]
  Evaluating population 1 (20 entities)...
  [pop1] bpt=pentium_m l1da=4 l1d=16 l1ia=4 l1i=32 l2a=4 l2=512 l3a=16 l3=1024 robc=2 robd=2 robw=256  ASI= 2.4915  S=1.0076  A=  43.04  P= 17.06  [Strongly Sust.]  [ML2=1.06x, CCl=1.00x, MIP=0.98x, EI=0.99x]
  [pop1] bp=512 bpt=a53 l1da=4 l1d=64 l1ia=4 l1i=32 l2a=8 l2=128 l3a=16 l3=2048 nhist=3 robc=4 robd=2 robw=256  ASI= 2.5962  S=0.9868  A=  40.64  P= 16.64  [Strongly Sust.]  [ML2=0.97x, CCl=1.00x, MIP=0.98x, EI=0.99x]
  [pop1] bp=512 bpt=a53 l1da=4 l1d=64 l1ia=4 l1i=32 l2a=4 l2=128 l3a=16 l3=2048 nhist=3 robc=8 robd=10 robw=512  ASI= 0.0118  S=0.9963  A= 130.43  P=1433.59  [Unsustainable]  [ML2=0.97x, CCl=1.00x, MIP=1.01x, EI=1.00x]
  [pop1] bp=512 bpt=a53 l1da=4 l1d=32 l1ia=4 l1i=32 l2a=4 l2=128 l3a=16 l3=1024 nhist=3 robc=4 robd=2 robw=256  ASI= 2.8159  S=0.9865  A=  35.58  P= 15.87  [Strongly Sust.]  [ML2=0.97x, CCl=1.00x, MIP=0.98x, EI=0.99x]
  [pop1] bp=1024 bpt=a53 l1da=4 l1d=64 l1ia=8 l1i=32 l2a=4 l2=512 l3a=16 l3=4096 nhist=3 robc=8 robd=4 robw=512  ASI= 0.3419  S=1.0150  A=  72.08  P= 99.41  [Unsustainable]  [ML2=1.06x, CCl=1.00x, MIP=1.00x, EI=1.00x]
  [pop1] bp=2048 bpt=a53 l1da=4 l1d=64 l1ia=4 l1i=32 l2a=4 l2=512 l3a=16 l3=2048 nhist=3 robc=8 robd=10 robw=512  ASI= 0.0102  S=1.0176  A= 138.09  P=1434.83  [Unsustainable]  [ML2=1.06x, CCl=1.00x, MIP=1.01x, EI=1.00x]
  [pop1] bpt=pentium_m l1da=4 l1d=16 l1ia=4 l1i=64 l2a=8 l2=512 l3a=16 l3=1024 robc=2 robd=2 robw=256  ASI= 2.4626  S=1.0077  A=  43.71  P= 17.18  [Strongly Sust.]  [ML2=1.06x, CCl=1.00x, MIP=0.98x, EI=0.99x]
  [pop1] bp=1024 bpt=a53 l1da=4 l1d=64 l1ia=8 l1i=32 l2a=8 l2=512 l3a=4 l3=2048 nhist=3 robc=8 robd=4 robw=512  ASI= 0.3832  S=1.0150  A=  60.14  P= 97.85  [Unsustainable]  [ML2=1.06x, CCl=1.00x, MIP=1.00x, EI=1.00x]
  [pop1] bpt=pentium_m l1da=4 l1d=16 l1ia=4 l1i=64 l2a=8 l2=128 l3a=16 l3=1024 robc=8 robd=2 robw=256  ASI= 2.8020  S=0.9866  A=  35.99  P= 15.91  [Strongly Sust.]  [ML2=0.97x, CCl=1.00x, MIP=0.98x, EI=0.99x]
  [pop1] bp=512 bpt=a53 l1da=4 l1d=16 l1ia=4 l1i=32 l2a=8 l2=128 l3a=16 l3=1024 nhist=3 robc=4 robd=2 robw=16  ASI= 2.9808  S=0.9627  A=  35.08  P= 15.04  [Strongly Sust.]  [ML2=0.97x, CCl=0.97x, MIP=0.95x, EI=0.96x]
  [pop1] bp=512 bpt=a53 l1da=4 l1d=32 l1ia=4 l1i=16 l2a=8 l2=512 l3a=8 l3=1024 nhist=3 robc=4 robd=2 robw=128  ASI= 2.5538  S=1.0074  A=  40.89  P= 16.89  [Strongly Sust.]  [ML2=1.06x, CCl=1.00x, MIP=0.98x, EI=0.99x]
  [pop1] bp=2048 bpt=a53 l1da=4 l1d=32 l1ia=4 l1i=32 l2a=8 l2=512 l3a=16 l3=2048 nhist=3 robc=8 robd=2 robw=32  ASI= 2.3713  S=1.0006  A=  47.95  P= 17.32  [Strongly Sust.]  [ML2=1.06x, CCl=1.00x, MIP=0.97x, EI=0.98x]
  [pop1] bp=512 bpt=a53 l1da=4 l1d=16 l1ia=4 l1i=32 l2a=8 l2=512 l3a=16 l3=1024 nhist=3 robc=4 robd=2 robw=16  ASI= 2.6096  S=0.9833  A=  42.80  P= 16.32  [Strongly Sust.]  [ML2=1.06x, CCl=0.97x, MIP=0.95x, EI=0.96x]
  [pop1] bp=512 bpt=a53 l1da=4 l1d=32 l1ia=4 l1i=32 l2a=4 l2=512 l3a=8 l3=2048 nhist=3 robc=4 robd=2 robw=512  ASI= 1.5960  S=1.0077  A=  47.85  P= 25.75  [Strongly Sust.]  [ML2=1.06x, CCl=1.00x, MIP=0.98x, EI=0.99x]
  [pop1] bpt=pentium_m l1da=4 l1d=64 l1ia=4 l1i=64 l2a=4 l2=128 l3a=16 l3=2048 robc=8 robd=10 robw=256  ASI= 0.0278  S=0.9964  A=  93.88  P=994.38  [Unsustainable]  [ML2=0.97x, CCl=1.00x, MIP=1.01x, EI=1.00x]
  [pop1] bp=512 bpt=a53 l1da=4 l1d=32 l1ia=4 l1i=32 l2a=4 l2=128 l3a=16 l3=1024 nhist=3 robc=4 robd=2 robw=256  ASI= 2.8159  S=0.9865  A=  35.58  P= 15.87  [Strongly Sust.]  [ML2=0.97x, CCl=1.00x, MIP=0.98x, EI=0.99x]
  [pop1] bpt=pentium_m l1da=4 l1d=16 l1ia=8 l1i=64 l2a=4 l2=512 l3a=16 l3=2048 robc=8 robd=10 robw=256  ASI= 0.0251  S=1.0172  A= 102.60  P=996.24  [Unsustainable]  [ML2=1.06x, CCl=1.00x, MIP=1.01x, EI=1.00x]
  [pop1] bp=512 bpt=a53 l1da=4 l1d=32 l1ia=4 l1i=32 l2a=4 l2=128 l3a=16 l3=1024 nhist=3 robc=4 robd=2 robw=16  ASI= 2.9703  S=0.9628  A=  35.25  P= 15.08  [Strongly Sust.]  [ML2=0.97x, CCl=0.97x, MIP=0.95x, EI=0.96x]
  [pop1] bp=512 bpt=a53 l1da=4 l1d=64 l1ia=4 l1i=32 l2a=4 l2=512 l3a=16 l3=2048 nhist=3 robc=8 robd=2 robw=256  ASI= 2.2932  S=1.0078  A=  48.27  P= 17.87  [Strongly Sust.]  [ML2=1.06x, CCl=1.00x, MIP=0.98x, EI=0.99x]
  [pop1] bpt=pentium_m l1da=4 l1d=32 l1ia=8 l1i=64 l2a=4 l2=128 l3a=16 l3=2048 robc=10 robd=10 robw=256  ASI= 0.0274  S=0.9961  A=  95.15  P=995.04  [Unsustainable]  [ML2=0.97x, CCl=1.00x, MIP=1.01x, EI=1.00x]
  Evaluating population 2 (20 entities)...
  [pop2] bpt=tage l1da=8 l1d=64 l1ia=4 l1i=32 l2a=4 l2=512 l3a=8 l3=2048 robc=4 robd=4 robw=128  ASI= 1.6527  S=1.0150  A=  53.96  P= 23.78  [Strongly Sust.]  [ML2=1.06x, CCl=1.00x, MIP=1.00x, EI=1.00x]
  [pop2] bp=512 bpt=a53 l1da=8 l1d=64 l1ia=4 l1i=64 l2a=4 l2=128 l3a=16 l3=2048 nhist=2 robc=8 robd=2 robw=256  ASI= 2.3880  S=0.9867  A=  45.63  P= 17.48  [Strongly Sust.]  [ML2=0.97x, CCl=1.00x, MIP=0.98x, EI=0.99x]
  [pop2] bpt=tage l1da=8 l1d=64 l1ia=4 l1i=32 l2a=4 l2=512 l3a=8 l3=2048 robc=4 robd=4 robw=128  ASI= 1.6527  S=1.0150  A=  53.96  P= 23.78  [Strongly Sust.]  [ML2=1.06x, CCl=1.00x, MIP=1.00x, EI=1.00x]
  [pop2] bpt=pentium_m l1da=4 l1d=64 l1ia=4 l1i=32 l2a=4 l2=256 l3a=16 l3=1024 robc=4 robd=4 robw=256  ASI= 0.7814  S=1.0008  A=  42.23  P= 54.71  [Unsustainable]  [ML2=1.00x, CCl=1.00x, MIP=1.00x, EI=1.00x]
  [pop2] bpt=tage l1da=4 l1d=64 l1ia=4 l1i=32 l2a=4 l2=128 l3a=8 l3=2048 robc=4 robd=4 robw=256  ASI= 0.7642  S=0.9937  A=  44.38  P= 55.11  [Unsustainable]  [ML2=0.97x, CCl=1.00x, MIP=1.00x, EI=1.00x]
  [pop2] bp=512 bpt=a53 l1da=4 l1d=64 l1ia=4 l1i=32 l2a=8 l2=128 l3a=16 l3=2048 nhist=3 robc=8 robd=2 robw=256  ASI= 2.5962  S=0.9868  A=  40.64  P= 16.64  [Strongly Sust.]  [ML2=0.97x, CCl=1.00x, MIP=0.98x, EI=0.99x]
  [pop2] bpt=tage l1da=8 l1d=64 l1ia=4 l1i=32 l2a=4 l2=512 l3a=8 l3=2048 robc=4 robd=4 robw=128  ASI= 1.6527  S=1.0150  A=  53.96  P= 23.78  [Strongly Sust.]  [ML2=1.06x, CCl=1.00x, MIP=1.00x, EI=1.00x]
  [pop2] bpt=pentium_m l1da=4 l1d=64 l1ia=4 l1i=32 l2a=8 l2=512 l3a=16 l3=1024 robc=8 robd=2 robw=256  ASI= 2.4611  S=1.0082  A=  43.49  P= 17.22  [Strongly Sust.]  [ML2=1.06x, CCl=1.00x, MIP=0.98x, EI=0.99x]
  [pop2] bpt=tage l1da=4 l1d=64 l1ia=4 l1i=32 l2a=4 l2=512 l3a=16 l3=2048 robc=8 robd=2 robw=256  ASI= 2.2930  S=1.0080  A=  48.27  P= 17.87  [Strongly Sust.]  [ML2=1.06x, CCl=1.00x, MIP=0.98x, EI=0.99x]
  [pop2] bp=512 bpt=a53 l1da=4 l1d=64 l1ia=4 l1i=32 l2a=8 l2=256 l3a=16 l3=1024 nhist=3 robc=4 robd=4 robw=128  ASI= 2.0275  S=1.0003  A=  40.27  P= 21.36  [Strongly Sust.]  [ML2=1.00x, CCl=1.00x, MIP=1.00x, EI=1.00x]
  [pop2] bpt=pentium_m l1da=4 l1d=64 l1ia=4 l1i=32 l2a=8 l2=128 l3a=16 l3=2048 robc=8 robd=2 robw=256  ASI= 2.5960  S=0.9872  A=  40.64  P= 16.64  [Strongly Sust.]  [ML2=0.97x, CCl=1.00x, MIP=0.98x, EI=0.99x]
  [pop2] bp=512 bpt=a53 l1da=4 l1d=64 l1ia=4 l1i=32 l2a=8 l2=128 l3a=16 l3=2048 nhist=2 robc=4 robd=2 robw=128  ASI= 2.6286  S=0.9867  A=  40.53  P= 16.45  [Strongly Sust.]  [ML2=0.97x, CCl=1.00x, MIP=0.98x, EI=0.99x]
  [pop2] bpt=pentium_m l1da=4 l1d=64 l1ia=4 l1i=64 l2a=4 l2=512 l3a=16 l3=2048 robc=8 robd=2 robw=256  ASI= 2.2741  S=1.0084  A=  48.86  P= 17.94  [Strongly Sust.]  [ML2=1.06x, CCl=1.00x, MIP=0.98x, EI=0.99x]
  [pop2] bpt=pentium_m l1da=4 l1d=32 l1ia=4 l1i=32 l2a=4 l2=128 l3a=16 l3=2048 robc=10 robd=10 robw=256  ASI= 0.0280  S=0.9961  A=  93.12  P=994.25  [Unsustainable]  [ML2=0.97x, CCl=1.00x, MIP=1.01x, EI=1.00x]
  [pop2] bpt=pentium_m l1da=4 l1d=64 l1ia=4 l1i=64 l2a=4 l2=512 l3a=16 l3=2048 robc=8 robd=2 robw=256  ASI= 2.2741  S=1.0084  A=  48.86  P= 17.94  [Strongly Sust.]  [ML2=1.06x, CCl=1.00x, MIP=0.98x, EI=0.99x]
  [pop2] bpt=pentium_m l1da=4 l1d=32 l1ia=4 l1i=32 l2a=8 l2=512 l3a=16 l3=2048 robc=10 robd=10 robw=256  ASI= 0.0257  S=1.0174  A= 100.85  P=995.53  [Unsustainable]  [ML2=1.06x, CCl=1.00x, MIP=1.01x, EI=1.00x]
  [pop2] bpt=tage l1da=8 l1d=64 l1ia=4 l1i=32 l2a=4 l2=512 l3a=16 l3=2048 robc=4 robd=4 robw=128  ASI= 1.6289  S=1.0150  A=  55.70  P= 23.82  [Strongly Sust.]  [ML2=1.06x, CCl=1.00x, MIP=1.00x, EI=1.00x]
  [pop2] bp=512 bpt=a53 l1da=4 l1d=64 l1ia=4 l1i=32 l2a=8 l2=128 l3a=16 l3=2048 nhist=3 robc=4 robd=2 robw=256  ASI= 2.5962  S=0.9868  A=  40.64  P= 16.64  [Strongly Sust.]  [ML2=0.97x, CCl=1.00x, MIP=0.98x, EI=0.99x]
  [pop2] bp=512 bpt=a53 l1da=4 l1d=64 l1ia=4 l1i=64 l2a=4 l2=512 l3a=8 l3=2048 nhist=2 robc=4 robd=2 robw=256  ASI= 2.3073  S=1.0078  A=  47.11  P= 17.91  [Strongly Sust.]  [ML2=1.06x, CCl=1.00x, MIP=0.98x, EI=0.99x]
  [pop2] bp=2048 bpt=a53 l1da=4 l1d=64 l1ia=4 l1i=64 l2a=4 l2=512 l3a=16 l3=2048 nhist=3 robc=10 robd=10 robw=256  ASI= 0.0255  S=1.0174  A= 101.52  P=995.62  [Unsustainable]  [ML2=1.06x, CCl=1.00x, MIP=1.01x, EI=1.00x]
  Deleted 45 discarded output directories.

  Combined Pareto front after generation 2 (16 points, HV=3.0042):
  Params                                  ASI  Speedup     Area  PeakPow  Region
  ──────────────────────────────────────────────────────────────────────────────
  bp=2048 bpt=a53 l1da=4 l1d=64 l1ia=4 l1i=32 l2a=4 l2=512 l3a=16 l3=2048 nhist=3 robc=8 robd=10 robw=512   0.0102   1.0176   138.09  1434.83  Unsustainable
  bp=2048 bpt=a53 l1da=4 l1d=64 l1ia=4 l1i=32 l2a=4 l2=512 l3a=16 l3=2048 nhist=3 robc=8 robd=10 robw=256   0.0256   1.0174   100.93   995.54  Unsustainable
  bpt=pentium_m l1da=4 l1d=32 l1ia=4 l1i=32 l2a=8 l2=512 l3a=16 l3=2048 robc=10 robd=10 robw=256   0.0257   1.0174   100.85   995.53  Unsustainable
  bp=1024 bpt=a53 l1da=8 l1d=64 l1ia=8 l1i=32 l2a=8 l2=512 l3a=8 l3=1024 nhist=3 robc=4 robd=8 robw=512   0.0317   1.0171   105.48   763.17  Unsustainable
  bpt=tage l1da=4 l1d=32 l1ia=8 l1i=32 l2a=4 l2=512 l3a=16 l3=4096 robc=10 robd=10 robw=128   0.0603   1.0170    92.12   466.61  Unsustainable
  bp=1024 bpt=a53 l1da=4 l1d=64 l1ia=8 l1i=32 l2a=8 l2=512 l3a=4 l3=2048 nhist=3 robc=8 robd=4 robw=512   0.3832   1.0150    60.14    97.85  Unsustainable
  bpt=tage l1da=8 l1d=64 l1ia=4 l1i=32 l2a=4 l2=512 l3a=8 l3=2048 robc=4 robd=4 robw=128   1.6527   1.0150    53.96    23.78  Strongly Sust.
  bpt=pentium_m l1da=4 l1d=64 l1ia=4 l1i=64 l2a=4 l2=512 l3a=16 l3=2048 robc=8 robd=2 robw=256   2.2741   1.0084    48.86    17.94  Strongly Sust.
  bpt=pentium_m l1da=4 l1d=64 l1ia=4 l1i=32 l2a=8 l2=512 l3a=16 l3=1024 robc=8 robd=2 robw=256   2.4611   1.0082    43.49    17.22  Strongly Sust.
  bpt=pentium_m l1da=4 l1d=16 l1ia=4 l1i=64 l2a=8 l2=512 l3a=16 l3=1024 robc=2 robd=2 robw=256   2.4626   1.0077    43.71    17.18  Strongly Sust.
  bp=512 bpt=a53 l1da=4 l1d=32 l1ia=4 l1i=16 l2a=8 l2=512 l3a=8 l3=1024 nhist=3 robc=4 robd=2 robw=128   2.5538   1.0074    40.89    16.89  Strongly Sust.
  bpt=pentium_m l1da=8 l1d=32 l1ia=4 l1i=64 l2a=4 l2=256 l3a=4 l3=1024 robc=4 robd=2 robw=256   2.5740   0.9936    39.32    16.94  Strongly Sust.
  bpt=tage l1da=4 l1d=64 l1ia=8 l1i=16 l2a=8 l2=256 l3a=4 l3=1024 robc=8 robd=2 robw=256   2.6172   0.9936    36.56    16.97  Strongly Sust.
  bpt=pentium_m l1da=4 l1d=16 l1ia=8 l1i=16 l2a=4 l2=256 l3a=4 l3=1024 robc=8 robd=2 robw=256   2.6515   0.9935    35.65    16.85  Strongly Sust.
  bp=512 bpt=a53 l1da=4 l1d=32 l1ia=4 l1i=32 l2a=4 l2=128 l3a=16 l3=1024 nhist=3 robc=4 robd=2 robw=256   2.8159   0.9865    35.58    15.87  Strongly Sust.
  bp=512 bpt=a53 l1da=4 l1d=16 l1ia=4 l1i=32 l2a=8 l2=128 l3a=16 l3=1024 nhist=3 robc=4 robd=2 robw=16   2.9808   0.9627    35.08    15.04  Strongly Sust.
  Ran sniper 42 times this generation (146 total).

  No hypervolume improvement for 1 generations — converged.

Total sniper runs: 146
Final hypervolume: 3.0042

Plot saved → /home/jaco/school/stage/asi/asi-output/pareto_history.png
Plot saved → /home/jaco/school/stage/asi/asi-output/pareto_final.png
=== Final Pareto Front ===
  Params                                  ASI  Speedup     Area  PeakPow  Region
  ──────────────────────────────────────────────────────────────────────────────
  bp=2048 bpt=a53 l1da=4 l1d=64 l1ia=4 l1i=32 l2a=4 l2=512 l3a=16 l3=2048 nhist=3 robc=8 robd=10 robw=512   0.0102   1.0176   138.09  1434.83  Unsustainable
  bp=2048 bpt=a53 l1da=4 l1d=64 l1ia=4 l1i=32 l2a=4 l2=512 l3a=16 l3=2048 nhist=3 robc=8 robd=10 robw=256   0.0256   1.0174   100.93   995.54  Unsustainable
  bpt=pentium_m l1da=4 l1d=32 l1ia=4 l1i=32 l2a=8 l2=512 l3a=16 l3=2048 robc=10 robd=10 robw=256   0.0257   1.0174   100.85   995.53  Unsustainable
  bp=1024 bpt=a53 l1da=8 l1d=64 l1ia=8 l1i=32 l2a=8 l2=512 l3a=8 l3=1024 nhist=3 robc=4 robd=8 robw=512   0.0317   1.0171   105.48   763.17  Unsustainable
  bpt=tage l1da=4 l1d=32 l1ia=8 l1i=32 l2a=4 l2=512 l3a=16 l3=4096 robc=10 robd=10 robw=128   0.0603   1.0170    92.12   466.61  Unsustainable
  bp=1024 bpt=a53 l1da=4 l1d=64 l1ia=8 l1i=32 l2a=8 l2=512 l3a=4 l3=2048 nhist=3 robc=8 robd=4 robw=512   0.3832   1.0150    60.14    97.85  Unsustainable
  bpt=tage l1da=8 l1d=64 l1ia=4 l1i=32 l2a=4 l2=512 l3a=8 l3=2048 robc=4 robd=4 robw=128   1.6527   1.0150    53.96    23.78  Strongly Sust.
  bpt=pentium_m l1da=4 l1d=64 l1ia=4 l1i=64 l2a=4 l2=512 l3a=16 l3=2048 robc=8 robd=2 robw=256   2.2741   1.0084    48.86    17.94  Strongly Sust.
  bpt=pentium_m l1da=4 l1d=64 l1ia=4 l1i=32 l2a=8 l2=512 l3a=16 l3=1024 robc=8 robd=2 robw=256   2.4611   1.0082    43.49    17.22  Strongly Sust.
  bpt=pentium_m l1da=4 l1d=16 l1ia=4 l1i=64 l2a=8 l2=512 l3a=16 l3=1024 robc=2 robd=2 robw=256   2.4626   1.0077    43.71    17.18  Strongly Sust.
  bp=512 bpt=a53 l1da=4 l1d=32 l1ia=4 l1i=16 l2a=8 l2=512 l3a=8 l3=1024 nhist=3 robc=4 robd=2 robw=128   2.5538   1.0074    40.89    16.89  Strongly Sust.
  bpt=pentium_m l1da=8 l1d=32 l1ia=4 l1i=64 l2a=4 l2=256 l3a=4 l3=1024 robc=4 robd=2 robw=256   2.5740   0.9936    39.32    16.94  Strongly Sust.
  bpt=tage l1da=4 l1d=64 l1ia=8 l1i=16 l2a=8 l2=256 l3a=4 l3=1024 robc=8 robd=2 robw=256   2.6172   0.9936    36.56    16.97  Strongly Sust.
  bpt=pentium_m l1da=4 l1d=16 l1ia=8 l1i=16 l2a=4 l2=256 l3a=4 l3=1024 robc=8 robd=2 robw=256   2.6515   0.9935    35.65    16.85  Strongly Sust.
  bp=512 bpt=a53 l1da=4 l1d=32 l1ia=4 l1i=32 l2a=4 l2=128 l3a=16 l3=1024 nhist=3 robc=4 robd=2 robw=256   2.8159   0.9865    35.58    15.87  Strongly Sust.
  bp=512 bpt=a53 l1da=4 l1d=16 l1ia=4 l1i=32 l2a=8 l2=128 l3a=16 l3=1024 nhist=3 robc=4 robd=2 robw=16   2.9808   0.9627    35.08    15.04  Strongly Sust.
