Logging to /home/jaco/school/stage/asi/asi-output/run.log

Benchmarks: ML2 (./libs/benchmarks/ML2/bench), CCl (./libs/benchmarks/CCl/bench), MIP (./libs/benchmarks/MIP/bench), EI (./libs/benchmarks/EI/bench)

Running baseline...
  Area=94.01 mm²  PeakPow=27.56 W
    ML2: Time=2074224 ns
    CCl: Time=187239 ns
    MIP: Time=289703 ns
    EI: Time=142440 ns

=== Initial design (7 points: baseline + 6 random configurations) ===
  [mesmo] baseline                          ASI= 1.0000  S=1.0000  A=  94.01  P= 27.56  [Reference]  [ML2=1.00x, CCl=1.00x, MIP=1.00x, EI=1.00x]
  [mesmo] bpt=pentium_m l1da=4 l1d=16 l1ia=8 l1i=16 l2a=4 l2=256 l3a=4 l3=2048 robc=2 robd=2 robw=256  ASI= 2.4281  S=0.9935  A=  42.61  P= 17.56  [Strongly Sust.]  [ML2=1.00x, CCl=1.00x, MIP=0.98x, EI=0.99x]
  [mesmo] bp=2048 bpt=a53 l1da=4 l1d=32 l1ia=4 l1i=16 l2a=8 l2=256 l3a=8 l3=2048 nhist=3 robc=10 robd=8 robw=1024  ASI= 0.0087  S=1.0026  A= 152.68  P=1188.33  [Unsustainable]  [ML2=1.00x, CCl=1.00x, MIP=1.01x, EI=1.00x]
  [mesmo] bp=2048 bpt=a53 l1da=4 l1d=16 l1ia=8 l1i=16 l2a=4 l2=128 l3a=16 l3=1024 nhist=2 robc=4 robd=10 robw=128  ASI= 0.0766  S=0.9953  A=  67.03  P=463.02  [Unsustainable]  [ML2=0.97x, CCl=1.00x, MIP=1.01x, EI=1.00x]
  [mesmo] bpt=nn l1da=8 l1d=32 l1ia=4 l1i=16 l2a=8 l2=512 l3a=16 l3=2048 nnbl=32 nnlr=0.0005 robc=4 robd=10 robw=1024  ASI=-0.0065  S=0.9866  A= 246.19  P=2633.32  [Unsustainable]  [ML2=1.06x, CCl=1.00x, MIP=1.01x, EI=0.89x]
  [mesmo] bpt=nn l1da=8 l1d=16 l1ia=8 l1i=64 l2a=4 l2=256 l3a=8 l3=2048 nnbl=32 nnlr=0.005 robc=10 robd=8 robw=1024  ASI= 0.0075  S=0.9844  A= 157.56  P=1189.69  [Unsustainable]  [ML2=1.00x, CCl=1.00x, MIP=1.01x, EI=0.93x]
  [mesmo] bp=1024 bpt=a53 l1da=8 l1d=16 l1ia=8 l1i=16 l2a=8 l2=512 l3a=16 l3=1024 nhist=3 robc=10 robd=8 robw=256  ASI= 0.0580  S=1.0164  A=  82.16  P=535.13  [Unsustainable]  [ML2=1.06x, CCl=1.00x, MIP=1.01x, EI=1.00x]

  Pareto front after initial design (3 points, HV=2.4198):
  Params                                  ASI  Speedup     Area  PeakPow  Region
  ──────────────────────────────────────────────────────────────────────────────
  bp=1024 bpt=a53 l1da=8 l1d=16 l1ia=8 l1i=16 l2a=8 l2=512 l3a=16 l3=1024 nhist=3 robc=10 robd=8 robw=256   0.0580   1.0164    82.16   535.13  Unsustainable
  baseline                             1.0000   1.0000    94.01    27.56  Reference
  bpt=pentium_m l1da=4 l1d=16 l1ia=8 l1i=16 l2a=4 l2=256 l3a=4 l3=2048 robc=2 robd=2 robw=256   2.4281   0.9935    42.61    17.56  Strongly Sust.
  Ran sniper 6 times this step (6 total).

=== Iteration 1 ===
  Evaluating 1 configuration(s) (top acquisition score of 153 candidates)...
  [mesmo] bpt=pentium_m l1da=4 l1d=16 l1ia=8 l1i=16 l2a=4 l2=256 l3a=4 l3=2048 robc=2 robd=2 robw=64  ASI= 2.4779  S=0.9931  A=  42.43  P= 17.23  [Strongly Sust.]  [ML2=1.00x, CCl=1.00x, MIP=0.98x, EI=0.99x]

  Pareto front after iteration 1 (4 points, HV=2.4692):
  Params                                  ASI  Speedup     Area  PeakPow  Region
  ──────────────────────────────────────────────────────────────────────────────
  bp=1024 bpt=a53 l1da=8 l1d=16 l1ia=8 l1i=16 l2a=8 l2=512 l3a=16 l3=1024 nhist=3 robc=10 robd=8 robw=256   0.0580   1.0164    82.16   535.13  Unsustainable
  baseline                             1.0000   1.0000    94.01    27.56  Reference
  bpt=pentium_m l1da=4 l1d=16 l1ia=8 l1i=16 l2a=4 l2=256 l3a=4 l3=2048 robc=2 robd=2 robw=256   2.4281   0.9935    42.61    17.56  Strongly Sust.
  bpt=pentium_m l1da=4 l1d=16 l1ia=8 l1i=16 l2a=4 l2=256 l3a=4 l3=2048 robc=2 robd=2 robw=64   2.4779   0.9931    42.43    17.23  Strongly Sust.
  Ran sniper 1 time this iteration (7 total).

=== Iteration 2 ===
  Evaluating 1 configuration(s) (top acquisition score of 188 candidates)...
  [mesmo] bp=512 bpt=a53 l1da=8 l1d=16 l1ia=8 l1i=16 l2a=8 l2=512 l3a=16 l3=1024 nhist=4 robc=10 robd=8 robw=256  ASI= 0.0580  S=1.0166  A=  82.16  P=535.14  [Unsustainable]  [ML2=1.06x, CCl=1.00x, MIP=1.01x, EI=1.00x]

  Pareto front after iteration 2 (5 points, HV=2.4692):
  Params                                  ASI  Speedup     Area  PeakPow  Region
  ──────────────────────────────────────────────────────────────────────────────
  bp=512 bpt=a53 l1da=8 l1d=16 l1ia=8 l1i=16 l2a=8 l2=512 l3a=16 l3=1024 nhist=4 robc=10 robd=8 robw=256   0.0580   1.0166    82.16   535.14  Unsustainable
  bp=1024 bpt=a53 l1da=8 l1d=16 l1ia=8 l1i=16 l2a=8 l2=512 l3a=16 l3=1024 nhist=3 robc=10 robd=8 robw=256   0.0580   1.0164    82.16   535.13  Unsustainable
  baseline                             1.0000   1.0000    94.01    27.56  Reference
  bpt=pentium_m l1da=4 l1d=16 l1ia=8 l1i=16 l2a=4 l2=256 l3a=4 l3=2048 robc=2 robd=2 robw=256   2.4281   0.9935    42.61    17.56  Strongly Sust.
  bpt=pentium_m l1da=4 l1d=16 l1ia=8 l1i=16 l2a=4 l2=256 l3a=4 l3=2048 robc=2 robd=2 robw=64   2.4779   0.9931    42.43    17.23  Strongly Sust.
  Ran sniper 1 time this iteration (8 total).

=== Iteration 3 ===
  Evaluating 1 configuration(s) (top acquisition score of 400 candidates)...
  [mesmo] bpt=pentium_m l1da=4 l1d=64 l1ia=8 l1i=16 l2a=4 l2=256 l3a=4 l3=2048 robc=2 robd=2 robw=64  ASI= 2.4560  S=0.9938  A=  42.80  P= 17.34  [Strongly Sust.]  [ML2=1.00x, CCl=1.00x, MIP=0.98x, EI=0.99x]
  Deleted 1 non-Pareto output directory.

  Pareto front after iteration 3 (5 points, HV=2.4697):
  Params                                  ASI  Speedup     Area  PeakPow  Region
  ──────────────────────────────────────────────────────────────────────────────
  bp=512 bpt=a53 l1da=8 l1d=16 l1ia=8 l1i=16 l2a=8 l2=512 l3a=16 l3=1024 nhist=4 robc=10 robd=8 robw=256   0.0580   1.0166    82.16   535.14  Unsustainable
  bp=1024 bpt=a53 l1da=8 l1d=16 l1ia=8 l1i=16 l2a=8 l2=512 l3a=16 l3=1024 nhist=3 robc=10 robd=8 robw=256   0.0580   1.0164    82.16   535.13  Unsustainable
  baseline                             1.0000   1.0000    94.01    27.56  Reference
  bpt=pentium_m l1da=4 l1d=64 l1ia=8 l1i=16 l2a=4 l2=256 l3a=4 l3=2048 robc=2 robd=2 robw=64   2.4560   0.9938    42.80    17.34  Strongly Sust.
  bpt=pentium_m l1da=4 l1d=16 l1ia=8 l1i=16 l2a=4 l2=256 l3a=4 l3=2048 robc=2 robd=2 robw=64   2.4779   0.9931    42.43    17.23  Strongly Sust.
  Ran sniper 1 time this iteration (9 total).

=== Iteration 4 ===
  Evaluating 1 configuration(s) (top acquisition score of 400 candidates)...
  [mesmo] bp=2048 bpt=a53 l1da=8 l1d=16 l1ia=8 l1i=16 l2a=8 l2=512 l3a=16 l3=1024 nhist=4 robc=10 robd=8 robw=256  ASI= 0.0580  S=1.0163  A=  82.16  P=535.13  [Unsustainable]  [ML2=1.06x, CCl=1.00x, MIP=1.01x, EI=1.00x]

  Pareto front after iteration 4 (6 points, HV=2.4697):
  Params                                  ASI  Speedup     Area  PeakPow  Region
  ──────────────────────────────────────────────────────────────────────────────
  bp=512 bpt=a53 l1da=8 l1d=16 l1ia=8 l1i=16 l2a=8 l2=512 l3a=16 l3=1024 nhist=4 robc=10 robd=8 robw=256   0.0580   1.0166    82.16   535.14  Unsustainable
  bp=1024 bpt=a53 l1da=8 l1d=16 l1ia=8 l1i=16 l2a=8 l2=512 l3a=16 l3=1024 nhist=3 robc=10 robd=8 robw=256   0.0580   1.0164    82.16   535.13  Unsustainable
  bp=2048 bpt=a53 l1da=8 l1d=16 l1ia=8 l1i=16 l2a=8 l2=512 l3a=16 l3=1024 nhist=4 robc=10 robd=8 robw=256   0.0580   1.0163    82.16   535.13  Unsustainable
  baseline                             1.0000   1.0000    94.01    27.56  Reference
  bpt=pentium_m l1da=4 l1d=64 l1ia=8 l1i=16 l2a=4 l2=256 l3a=4 l3=2048 robc=2 robd=2 robw=64   2.4560   0.9938    42.80    17.34  Strongly Sust.
  bpt=pentium_m l1da=4 l1d=16 l1ia=8 l1i=16 l2a=4 l2=256 l3a=4 l3=2048 robc=2 robd=2 robw=64   2.4779   0.9931    42.43    17.23  Strongly Sust.
  Ran sniper 1 time this iteration (10 total).

=== Iteration 5 ===
  Evaluating 1 configuration(s) (top acquisition score of 400 candidates)...
  [mesmo] bpt=pentium_m l1da=4 l1d=16 l1ia=8 l1i=32 l2a=4 l2=256 l3a=4 l3=2048 robc=2 robd=2 robw=64  ASI= 2.4675  S=0.9931  A=  42.78  P= 17.26  [Strongly Sust.]  [ML2=1.00x, CCl=1.00x, MIP=0.98x, EI=0.99x]

  Pareto front after iteration 5 (7 points, HV=2.4697):
  Params                                  ASI  Speedup     Area  PeakPow  Region
  ──────────────────────────────────────────────────────────────────────────────
  bp=512 bpt=a53 l1da=8 l1d=16 l1ia=8 l1i=16 l2a=8 l2=512 l3a=16 l3=1024 nhist=4 robc=10 robd=8 robw=256   0.0580   1.0166    82.16   535.14  Unsustainable
  bp=1024 bpt=a53 l1da=8 l1d=16 l1ia=8 l1i=16 l2a=8 l2=512 l3a=16 l3=1024 nhist=3 robc=10 robd=8 robw=256   0.0580   1.0164    82.16   535.13  Unsustainable
  bp=2048 bpt=a53 l1da=8 l1d=16 l1ia=8 l1i=16 l2a=8 l2=512 l3a=16 l3=1024 nhist=4 robc=10 robd=8 robw=256   0.0580   1.0163    82.16   535.13  Unsustainable
  baseline                             1.0000   1.0000    94.01    27.56  Reference
  bpt=pentium_m l1da=4 l1d=64 l1ia=8 l1i=16 l2a=4 l2=256 l3a=4 l3=2048 robc=2 robd=2 robw=64   2.4560   0.9938    42.80    17.34  Strongly Sust.
  bpt=pentium_m l1da=4 l1d=16 l1ia=8 l1i=32 l2a=4 l2=256 l3a=4 l3=2048 robc=2 robd=2 robw=64   2.4675   0.9931    42.78    17.26  Strongly Sust.
  bpt=pentium_m l1da=4 l1d=16 l1ia=8 l1i=16 l2a=4 l2=256 l3a=4 l3=2048 robc=2 robd=2 robw=64   2.4779   0.9931    42.43    17.23  Strongly Sust.
  Ran sniper 1 time this iteration (11 total).

=== Iteration 6 ===
  Evaluating 1 configuration(s) (top acquisition score of 400 candidates)...
  [mesmo] bp=512 bpt=a53 l1da=8 l1d=64 l1ia=8 l1i=16 l2a=8 l2=512 l3a=16 l3=1024 nhist=4 robc=10 robd=8 robw=256  ASI= 0.0572  S=1.0171  A=  83.61  P=535.26  [Unsustainable]  [ML2=1.06x, CCl=1.00x, MIP=1.01x, EI=1.00x]

  Pareto front after iteration 6 (8 points, HV=2.4698):
  Params                                  ASI  Speedup     Area  PeakPow  Region
  ──────────────────────────────────────────────────────────────────────────────
  bp=512 bpt=a53 l1da=8 l1d=64 l1ia=8 l1i=16 l2a=8 l2=512 l3a=16 l3=1024 nhist=4 robc=10 robd=8 robw=256   0.0572   1.0171    83.61   535.26  Unsustainable
  bp=512 bpt=a53 l1da=8 l1d=16 l1ia=8 l1i=16 l2a=8 l2=512 l3a=16 l3=1024 nhist=4 robc=10 robd=8 robw=256   0.0580   1.0166    82.16   535.14  Unsustainable
  bp=1024 bpt=a53 l1da=8 l1d=16 l1ia=8 l1i=16 l2a=8 l2=512 l3a=16 l3=1024 nhist=3 robc=10 robd=8 robw=256   0.0580   1.0164    82.16   535.13  Unsustainable
  bp=2048 bpt=a53 l1da=8 l1d=16 l1ia=8 l1i=16 l2a=8 l2=512 l3a=16 l3=1024 nhist=4 robc=10 robd=8 robw=256   0.0580   1.0163    82.16   535.13  Unsustainable
  baseline                             1.0000   1.0000    94.01    27.56  Reference
  bpt=pentium_m l1da=4 l1d=64 l1ia=8 l1i=16 l2a=4 l2=256 l3a=4 l3=2048 robc=2 robd=2 robw=64   2.4560   0.9938    42.80    17.34  Strongly Sust.
  bpt=pentium_m l1da=4 l1d=16 l1ia=8 l1i=32 l2a=4 l2=256 l3a=4 l3=2048 robc=2 robd=2 robw=64   2.4675   0.9931    42.78    17.26  Strongly Sust.
  bpt=pentium_m l1da=4 l1d=16 l1ia=8 l1i=16 l2a=4 l2=256 l3a=4 l3=2048 robc=2 robd=2 robw=64   2.4779   0.9931    42.43    17.23  Strongly Sust.
  Ran sniper 1 time this iteration (12 total).

=== Iteration 7 ===
  Evaluating 1 configuration(s) (top acquisition score of 400 candidates)...
  [mesmo] bpt=pentium_m l1da=4 l1d=64 l1ia=8 l1i=16 l2a=4 l2=256 l3a=4 l3=4096 robc=2 robd=2 robw=64  ASI= 2.0581  S=0.9936  A=  55.23  P= 18.92  [Strongly Sust.]  [ML2=1.00x, CCl=1.00x, MIP=0.98x, EI=0.99x]
  Deleted 1 non-Pareto output directory.

  Pareto front after iteration 7 (8 points, HV=2.4698):
  Params                                  ASI  Speedup     Area  PeakPow  Region
  ──────────────────────────────────────────────────────────────────────────────
  bp=512 bpt=a53 l1da=8 l1d=64 l1ia=8 l1i=16 l2a=8 l2=512 l3a=16 l3=1024 nhist=4 robc=10 robd=8 robw=256   0.0572   1.0171    83.61   535.26  Unsustainable
  bp=512 bpt=a53 l1da=8 l1d=16 l1ia=8 l1i=16 l2a=8 l2=512 l3a=16 l3=1024 nhist=4 robc=10 robd=8 robw=256   0.0580   1.0166    82.16   535.14  Unsustainable
  bp=1024 bpt=a53 l1da=8 l1d=16 l1ia=8 l1i=16 l2a=8 l2=512 l3a=16 l3=1024 nhist=3 robc=10 robd=8 robw=256   0.0580   1.0164    82.16   535.13  Unsustainable
  bp=2048 bpt=a53 l1da=8 l1d=16 l1ia=8 l1i=16 l2a=8 l2=512 l3a=16 l3=1024 nhist=4 robc=10 robd=8 robw=256   0.0580   1.0163    82.16   535.13  Unsustainable
  baseline                             1.0000   1.0000    94.01    27.56  Reference
  bpt=pentium_m l1da=4 l1d=64 l1ia=8 l1i=16 l2a=4 l2=256 l3a=4 l3=2048 robc=2 robd=2 robw=64   2.4560   0.9938    42.80    17.34  Strongly Sust.
  bpt=pentium_m l1da=4 l1d=16 l1ia=8 l1i=32 l2a=4 l2=256 l3a=4 l3=2048 robc=2 robd=2 robw=64   2.4675   0.9931    42.78    17.26  Strongly Sust.
  bpt=pentium_m l1da=4 l1d=16 l1ia=8 l1i=16 l2a=4 l2=256 l3a=4 l3=2048 robc=2 robd=2 robw=64   2.4779   0.9931    42.43    17.23  Strongly Sust.
  Ran sniper 1 time this iteration (13 total).

=== Iteration 8 ===
  Evaluating 1 configuration(s) (top acquisition score of 400 candidates)...
  [mesmo] bp=512 bpt=a53 l1da=8 l1d=64 l1ia=8 l1i=16 l2a=8 l2=512 l3a=16 l3=1024 nhist=2 robc=10 robd=8 robw=256  ASI= 0.0572  S=1.0170  A=  83.61  P=535.26  [Unsustainable]  [ML2=1.06x, CCl=1.00x, MIP=1.01x, EI=1.00x]

  Pareto front after iteration 8 (9 points, HV=2.4698):
  Params                                  ASI  Speedup     Area  PeakPow  Region
  ──────────────────────────────────────────────────────────────────────────────
  bp=512 bpt=a53 l1da=8 l1d=64 l1ia=8 l1i=16 l2a=8 l2=512 l3a=16 l3=1024 nhist=4 robc=10 robd=8 robw=256   0.0572   1.0171    83.61   535.26  Unsustainable
  bp=512 bpt=a53 l1da=8 l1d=64 l1ia=8 l1i=16 l2a=8 l2=512 l3a=16 l3=1024 nhist=2 robc=10 robd=8 robw=256   0.0572   1.0170    83.61   535.26  Unsustainable
  bp=512 bpt=a53 l1da=8 l1d=16 l1ia=8 l1i=16 l2a=8 l2=512 l3a=16 l3=1024 nhist=4 robc=10 robd=8 robw=256   0.0580   1.0166    82.16   535.14  Unsustainable
  bp=1024 bpt=a53 l1da=8 l1d=16 l1ia=8 l1i=16 l2a=8 l2=512 l3a=16 l3=1024 nhist=3 robc=10 robd=8 robw=256   0.0580   1.0164    82.16   535.13  Unsustainable
  bp=2048 bpt=a53 l1da=8 l1d=16 l1ia=8 l1i=16 l2a=8 l2=512 l3a=16 l3=1024 nhist=4 robc=10 robd=8 robw=256   0.0580   1.0163    82.16   535.13  Unsustainable
  baseline                             1.0000   1.0000    94.01    27.56  Reference
  bpt=pentium_m l1da=4 l1d=64 l1ia=8 l1i=16 l2a=4 l2=256 l3a=4 l3=2048 robc=2 robd=2 robw=64   2.4560   0.9938    42.80    17.34  Strongly Sust.
  bpt=pentium_m l1da=4 l1d=16 l1ia=8 l1i=32 l2a=4 l2=256 l3a=4 l3=2048 robc=2 robd=2 robw=64   2.4675   0.9931    42.78    17.26  Strongly Sust.
  bpt=pentium_m l1da=4 l1d=16 l1ia=8 l1i=16 l2a=4 l2=256 l3a=4 l3=2048 robc=2 robd=2 robw=64   2.4779   0.9931    42.43    17.23  Strongly Sust.
  Ran sniper 1 time this iteration (14 total).

=== Iteration 9 ===
  Evaluating 1 configuration(s) (top acquisition score of 400 candidates)...
  [mesmo] bpt=nn l1da=4 l1d=16 l1ia=8 l1i=32 l2a=4 l2=256 l3a=4 l3=2048 nnbl=64 nnlr=0.005 robc=2 robd=2 robw=64  ASI= 2.4940  S=0.9671  A=  42.78  P= 17.07  [Strongly Sust.]  [ML2=0.99x, CCl=1.00x, MIP=0.98x, EI=0.90x]

  Pareto front after iteration 9 (10 points, HV=2.4853):
  Params                                  ASI  Speedup     Area  PeakPow  Region
  ──────────────────────────────────────────────────────────────────────────────
  bp=512 bpt=a53 l1da=8 l1d=64 l1ia=8 l1i=16 l2a=8 l2=512 l3a=16 l3=1024 nhist=4 robc=10 robd=8 robw=256   0.0572   1.0171    83.61   535.26  Unsustainable
  bp=512 bpt=a53 l1da=8 l1d=64 l1ia=8 l1i=16 l2a=8 l2=512 l3a=16 l3=1024 nhist=2 robc=10 robd=8 robw=256   0.0572   1.0170    83.61   535.26  Unsustainable
  bp=512 bpt=a53 l1da=8 l1d=16 l1ia=8 l1i=16 l2a=8 l2=512 l3a=16 l3=1024 nhist=4 robc=10 robd=8 robw=256   0.0580   1.0166    82.16   535.14  Unsustainable
  bp=1024 bpt=a53 l1da=8 l1d=16 l1ia=8 l1i=16 l2a=8 l2=512 l3a=16 l3=1024 nhist=3 robc=10 robd=8 robw=256   0.0580   1.0164    82.16   535.13  Unsustainable
  bp=2048 bpt=a53 l1da=8 l1d=16 l1ia=8 l1i=16 l2a=8 l2=512 l3a=16 l3=1024 nhist=4 robc=10 robd=8 robw=256   0.0580   1.0163    82.16   535.13  Unsustainable
  baseline                             1.0000   1.0000    94.01    27.56  Reference
  bpt=pentium_m l1da=4 l1d=64 l1ia=8 l1i=16 l2a=4 l2=256 l3a=4 l3=2048 robc=2 robd=2 robw=64   2.4560   0.9938    42.80    17.34  Strongly Sust.
  bpt=pentium_m l1da=4 l1d=16 l1ia=8 l1i=32 l2a=4 l2=256 l3a=4 l3=2048 robc=2 robd=2 robw=64   2.4675   0.9931    42.78    17.26  Strongly Sust.
  bpt=pentium_m l1da=4 l1d=16 l1ia=8 l1i=16 l2a=4 l2=256 l3a=4 l3=2048 robc=2 robd=2 robw=64   2.4779   0.9931    42.43    17.23  Strongly Sust.
  bpt=nn l1da=4 l1d=16 l1ia=8 l1i=32 l2a=4 l2=256 l3a=4 l3=2048 nnbl=64 nnlr=0.005 robc=2 robd=2 robw=64   2.4940   0.9671    42.78    17.07  Strongly Sust.
  Ran sniper 1 time this iteration (15 total).

=== Iteration 10 ===
  Evaluating 1 configuration(s) (top acquisition score of 400 candidates)...
  [mesmo] bpt=tage l1da=8 l1d=64 l1ia=4 l1i=16 l2a=4 l2=512 l3a=8 l3=1024 robc=10 robd=8 robw=32  ASI= 0.9122  S=1.0039  A=  56.76  P= 42.19  [Unsustainable]  [ML2=1.06x, CCl=1.00x, MIP=0.97x, EI=0.99x]

  Pareto front after iteration 10 (11 points, HV=2.4886):
  Params                                  ASI  Speedup     Area  PeakPow  Region
  ──────────────────────────────────────────────────────────────────────────────
  bp=512 bpt=a53 l1da=8 l1d=64 l1ia=8 l1i=16 l2a=8 l2=512 l3a=16 l3=1024 nhist=4 robc=10 robd=8 robw=256   0.0572   1.0171    83.61   535.26  Unsustainable
  bp=512 bpt=a53 l1da=8 l1d=64 l1ia=8 l1i=16 l2a=8 l2=512 l3a=16 l3=1024 nhist=2 robc=10 robd=8 robw=256   0.0572   1.0170    83.61   535.26  Unsustainable
  bp=512 bpt=a53 l1da=8 l1d=16 l1ia=8 l1i=16 l2a=8 l2=512 l3a=16 l3=1024 nhist=4 robc=10 robd=8 robw=256   0.0580   1.0166    82.16   535.14  Unsustainable
  bp=1024 bpt=a53 l1da=8 l1d=16 l1ia=8 l1i=16 l2a=8 l2=512 l3a=16 l3=1024 nhist=3 robc=10 robd=8 robw=256   0.0580   1.0164    82.16   535.13  Unsustainable
  bp=2048 bpt=a53 l1da=8 l1d=16 l1ia=8 l1i=16 l2a=8 l2=512 l3a=16 l3=1024 nhist=4 robc=10 robd=8 robw=256   0.0580   1.0163    82.16   535.13  Unsustainable
  bpt=tage l1da=8 l1d=64 l1ia=4 l1i=16 l2a=4 l2=512 l3a=8 l3=1024 robc=10 robd=8 robw=32   0.9122   1.0039    56.76    42.19  Unsustainable
  baseline                             1.0000   1.0000    94.01    27.56  Reference
  bpt=pentium_m l1da=4 l1d=64 l1ia=8 l1i=16 l2a=4 l2=256 l3a=4 l3=2048 robc=2 robd=2 robw=64   2.4560   0.9938    42.80    17.34  Strongly Sust.
  bpt=pentium_m l1da=4 l1d=16 l1ia=8 l1i=32 l2a=4 l2=256 l3a=4 l3=2048 robc=2 robd=2 robw=64   2.4675   0.9931    42.78    17.26  Strongly Sust.
  bpt=pentium_m l1da=4 l1d=16 l1ia=8 l1i=16 l2a=4 l2=256 l3a=4 l3=2048 robc=2 robd=2 robw=64   2.4779   0.9931    42.43    17.23  Strongly Sust.
  bpt=nn l1da=4 l1d=16 l1ia=8 l1i=32 l2a=4 l2=256 l3a=4 l3=2048 nnbl=64 nnlr=0.005 robc=2 robd=2 robw=64   2.4940   0.9671    42.78    17.07  Strongly Sust.
  Ran sniper 1 time this iteration (16 total).

=== Iteration 11 ===
  Evaluating 1 configuration(s) (top acquisition score of 400 candidates)...
  [mesmo] bpt=tage l1da=4 l1d=16 l1ia=8 l1i=32 l2a=4 l2=256 l3a=4 l3=2048 robc=2 robd=2 robw=64  ASI= 2.4675  S=0.9930  A=  42.78  P= 17.26  [Strongly Sust.]  [ML2=1.00x, CCl=1.00x, MIP=0.98x, EI=0.99x]
  Deleted 1 non-Pareto output directory.

  Pareto front after iteration 11 (11 points, HV=2.4886):
  Params                                  ASI  Speedup     Area  PeakPow  Region
  ──────────────────────────────────────────────────────────────────────────────
  bp=512 bpt=a53 l1da=8 l1d=64 l1ia=8 l1i=16 l2a=8 l2=512 l3a=16 l3=1024 nhist=4 robc=10 robd=8 robw=256   0.0572   1.0171    83.61   535.26  Unsustainable
  bp=512 bpt=a53 l1da=8 l1d=64 l1ia=8 l1i=16 l2a=8 l2=512 l3a=16 l3=1024 nhist=2 robc=10 robd=8 robw=256   0.0572   1.0170    83.61   535.26  Unsustainable
  bp=512 bpt=a53 l1da=8 l1d=16 l1ia=8 l1i=16 l2a=8 l2=512 l3a=16 l3=1024 nhist=4 robc=10 robd=8 robw=256   0.0580   1.0166    82.16   535.14  Unsustainable
  bp=1024 bpt=a53 l1da=8 l1d=16 l1ia=8 l1i=16 l2a=8 l2=512 l3a=16 l3=1024 nhist=3 robc=10 robd=8 robw=256   0.0580   1.0164    82.16   535.13  Unsustainable
  bp=2048 bpt=a53 l1da=8 l1d=16 l1ia=8 l1i=16 l2a=8 l2=512 l3a=16 l3=1024 nhist=4 robc=10 robd=8 robw=256   0.0580   1.0163    82.16   535.13  Unsustainable
  bpt=tage l1da=8 l1d=64 l1ia=4 l1i=16 l2a=4 l2=512 l3a=8 l3=1024 robc=10 robd=8 robw=32   0.9122   1.0039    56.76    42.19  Unsustainable
  baseline                             1.0000   1.0000    94.01    27.56  Reference
  bpt=pentium_m l1da=4 l1d=64 l1ia=8 l1i=16 l2a=4 l2=256 l3a=4 l3=2048 robc=2 robd=2 robw=64   2.4560   0.9938    42.80    17.34  Strongly Sust.
  bpt=pentium_m l1da=4 l1d=16 l1ia=8 l1i=32 l2a=4 l2=256 l3a=4 l3=2048 robc=2 robd=2 robw=64   2.4675   0.9931    42.78    17.26  Strongly Sust.
  bpt=pentium_m l1da=4 l1d=16 l1ia=8 l1i=16 l2a=4 l2=256 l3a=4 l3=2048 robc=2 robd=2 robw=64   2.4779   0.9931    42.43    17.23  Strongly Sust.
  bpt=nn l1da=4 l1d=16 l1ia=8 l1i=32 l2a=4 l2=256 l3a=4 l3=2048 nnbl=64 nnlr=0.005 robc=2 robd=2 robw=64   2.4940   0.9671    42.78    17.07  Strongly Sust.
  Ran sniper 1 time this iteration (17 total).

=== Iteration 12 ===
  Evaluating 1 configuration(s) (top acquisition score of 400 candidates)...
  [mesmo] bp=512 bpt=a53 l1da=8 l1d=64 l1ia=8 l1i=16 l2a=8 l2=128 l3a=16 l3=1024 nhist=4 robc=10 robd=8 robw=256  ASI= 0.0616  S=0.9958  A=  75.90  P=533.97  [Unsustainable]  [ML2=0.97x, CCl=1.00x, MIP=1.01x, EI=1.00x]
  Deleted 1 non-Pareto output directory.

  Pareto front after iteration 12 (11 points, HV=2.4886):
  Params                                  ASI  Speedup     Area  PeakPow  Region
  ──────────────────────────────────────────────────────────────────────────────
  bp=512 bpt=a53 l1da=8 l1d=64 l1ia=8 l1i=16 l2a=8 l2=512 l3a=16 l3=1024 nhist=4 robc=10 robd=8 robw=256   0.0572   1.0171    83.61   535.26  Unsustainable
  bp=512 bpt=a53 l1da=8 l1d=64 l1ia=8 l1i=16 l2a=8 l2=512 l3a=16 l3=1024 nhist=2 robc=10 robd=8 robw=256   0.0572   1.0170    83.61   535.26  Unsustainable
  bp=512 bpt=a53 l1da=8 l1d=16 l1ia=8 l1i=16 l2a=8 l2=512 l3a=16 l3=1024 nhist=4 robc=10 robd=8 robw=256   0.0580   1.0166    82.16   535.14  Unsustainable
  bp=1024 bpt=a53 l1da=8 l1d=16 l1ia=8 l1i=16 l2a=8 l2=512 l3a=16 l3=1024 nhist=3 robc=10 robd=8 robw=256   0.0580   1.0164    82.16   535.13  Unsustainable
  bp=2048 bpt=a53 l1da=8 l1d=16 l1ia=8 l1i=16 l2a=8 l2=512 l3a=16 l3=1024 nhist=4 robc=10 robd=8 robw=256   0.0580   1.0163    82.16   535.13  Unsustainable
  bpt=tage l1da=8 l1d=64 l1ia=4 l1i=16 l2a=4 l2=512 l3a=8 l3=1024 robc=10 robd=8 robw=32   0.9122   1.0039    56.76    42.19  Unsustainable
  baseline                             1.0000   1.0000    94.01    27.56  Reference
  bpt=pentium_m l1da=4 l1d=64 l1ia=8 l1i=16 l2a=4 l2=256 l3a=4 l3=2048 robc=2 robd=2 robw=64   2.4560   0.9938    42.80    17.34  Strongly Sust.
  bpt=pentium_m l1da=4 l1d=16 l1ia=8 l1i=32 l2a=4 l2=256 l3a=4 l3=2048 robc=2 robd=2 robw=64   2.4675   0.9931    42.78    17.26  Strongly Sust.
  bpt=pentium_m l1da=4 l1d=16 l1ia=8 l1i=16 l2a=4 l2=256 l3a=4 l3=2048 robc=2 robd=2 robw=64   2.4779   0.9931    42.43    17.23  Strongly Sust.
  bpt=nn l1da=4 l1d=16 l1ia=8 l1i=32 l2a=4 l2=256 l3a=4 l3=2048 nnbl=64 nnlr=0.005 robc=2 robd=2 robw=64   2.4940   0.9671    42.78    17.07  Strongly Sust.
  Ran sniper 1 time this iteration (18 total).

=== Iteration 13 ===
  Evaluating 1 configuration(s) (top acquisition score of 400 candidates)...
  [mesmo] bpt=pentium_m l1da=8 l1d=64 l1ia=8 l1i=16 l2a=8 l2=512 l3a=16 l3=1024 robc=10 robd=8 robw=256  ASI= 0.0572  S=1.0171  A=  83.61  P=535.26  [Unsustainable]  [ML2=1.06x, CCl=1.00x, MIP=1.01x, EI=1.00x]
  Deleted 1 non-Pareto output directory.

  Pareto front after iteration 13 (11 points, HV=2.4886):
  Params                                  ASI  Speedup     Area  PeakPow  Region
  ──────────────────────────────────────────────────────────────────────────────
  bpt=pentium_m l1da=8 l1d=64 l1ia=8 l1i=16 l2a=8 l2=512 l3a=16 l3=1024 robc=10 robd=8 robw=256   0.0572   1.0171    83.61   535.26  Unsustainable
  bp=512 bpt=a53 l1da=8 l1d=64 l1ia=8 l1i=16 l2a=8 l2=512 l3a=16 l3=1024 nhist=2 robc=10 robd=8 robw=256   0.0572   1.0170    83.61   535.26  Unsustainable
  bp=512 bpt=a53 l1da=8 l1d=16 l1ia=8 l1i=16 l2a=8 l2=512 l3a=16 l3=1024 nhist=4 robc=10 robd=8 robw=256   0.0580   1.0166    82.16   535.14  Unsustainable
  bp=1024 bpt=a53 l1da=8 l1d=16 l1ia=8 l1i=16 l2a=8 l2=512 l3a=16 l3=1024 nhist=3 robc=10 robd=8 robw=256   0.0580   1.0164    82.16   535.13  Unsustainable
  bp=2048 bpt=a53 l1da=8 l1d=16 l1ia=8 l1i=16 l2a=8 l2=512 l3a=16 l3=1024 nhist=4 robc=10 robd=8 robw=256   0.0580   1.0163    82.16   535.13  Unsustainable
  bpt=tage l1da=8 l1d=64 l1ia=4 l1i=16 l2a=4 l2=512 l3a=8 l3=1024 robc=10 robd=8 robw=32   0.9122   1.0039    56.76    42.19  Unsustainable
  baseline                             1.0000   1.0000    94.01    27.56  Reference
  bpt=pentium_m l1da=4 l1d=64 l1ia=8 l1i=16 l2a=4 l2=256 l3a=4 l3=2048 robc=2 robd=2 robw=64   2.4560   0.9938    42.80    17.34  Strongly Sust.
  bpt=pentium_m l1da=4 l1d=16 l1ia=8 l1i=32 l2a=4 l2=256 l3a=4 l3=2048 robc=2 robd=2 robw=64   2.4675   0.9931    42.78    17.26  Strongly Sust.
  bpt=pentium_m l1da=4 l1d=16 l1ia=8 l1i=16 l2a=4 l2=256 l3a=4 l3=2048 robc=2 robd=2 robw=64   2.4779   0.9931    42.43    17.23  Strongly Sust.
  bpt=nn l1da=4 l1d=16 l1ia=8 l1i=32 l2a=4 l2=256 l3a=4 l3=2048 nnbl=64 nnlr=0.005 robc=2 robd=2 robw=64   2.4940   0.9671    42.78    17.07  Strongly Sust.
  Ran sniper 1 time this iteration (19 total).

=== Iteration 14 ===
  Evaluating 1 configuration(s) (top acquisition score of 400 candidates)...
  [mesmo] bp=512 bpt=a53 l1da=4 l1d=64 l1ia=8 l1i=16 l2a=8 l2=512 l3a=16 l3=1024 nhist=2 robc=10 robd=8 robw=256  ASI= 0.0597  S=1.0170  A=  79.19  P=534.47  [Unsustainable]  [ML2=1.06x, CCl=1.00x, MIP=1.01x, EI=1.00x]
  Deleted 3 non-Pareto output directories.

  Pareto front after iteration 14 (9 points, HV=2.4886):
  Params                                  ASI  Speedup     Area  PeakPow  Region
  ──────────────────────────────────────────────────────────────────────────────
  bpt=pentium_m l1da=8 l1d=64 l1ia=8 l1i=16 l2a=8 l2=512 l3a=16 l3=1024 robc=10 robd=8 robw=256   0.0572   1.0171    83.61   535.26  Unsustainable
  bp=512 bpt=a53 l1da=8 l1d=64 l1ia=8 l1i=16 l2a=8 l2=512 l3a=16 l3=1024 nhist=2 robc=10 robd=8 robw=256   0.0572   1.0170    83.61   535.26  Unsustainable
  bp=512 bpt=a53 l1da=4 l1d=64 l1ia=8 l1i=16 l2a=8 l2=512 l3a=16 l3=1024 nhist=2 robc=10 robd=8 robw=256   0.0597   1.0170    79.19   534.47  Unsustainable
  bpt=tage l1da=8 l1d=64 l1ia=4 l1i=16 l2a=4 l2=512 l3a=8 l3=1024 robc=10 robd=8 robw=32   0.9122   1.0039    56.76    42.19  Unsustainable
  baseline                             1.0000   1.0000    94.01    27.56  Reference
  bpt=pentium_m l1da=4 l1d=64 l1ia=8 l1i=16 l2a=4 l2=256 l3a=4 l3=2048 robc=2 robd=2 robw=64   2.4560   0.9938    42.80    17.34  Strongly Sust.
  bpt=pentium_m l1da=4 l1d=16 l1ia=8 l1i=32 l2a=4 l2=256 l3a=4 l3=2048 robc=2 robd=2 robw=64   2.4675   0.9931    42.78    17.26  Strongly Sust.
  bpt=pentium_m l1da=4 l1d=16 l1ia=8 l1i=16 l2a=4 l2=256 l3a=4 l3=2048 robc=2 robd=2 robw=64   2.4779   0.9931    42.43    17.23  Strongly Sust.
  bpt=nn l1da=4 l1d=16 l1ia=8 l1i=32 l2a=4 l2=256 l3a=4 l3=2048 nnbl=64 nnlr=0.005 robc=2 robd=2 robw=64   2.4940   0.9671    42.78    17.07  Strongly Sust.
  Ran sniper 1 time this iteration (20 total).

=== Iteration 15 ===
  Evaluating 1 configuration(s) (top acquisition score of 400 candidates)...
  [mesmo] bp=512 bpt=a53 l1da=8 l1d=64 l1ia=8 l1i=16 l2a=8 l2=512 l3a=16 l3=1024 nhist=2 robc=2 robd=8 robw=256  ASI= 0.0572  S=1.0144  A=  83.61  P=535.24  [Unsustainable]  [ML2=1.06x, CCl=1.00x, MIP=1.01x, EI=0.99x]
  Deleted 1 non-Pareto output directory.

  Pareto front after iteration 15 (9 points, HV=2.4886):
  Params                                  ASI  Speedup     Area  PeakPow  Region
  ──────────────────────────────────────────────────────────────────────────────
  bpt=pentium_m l1da=8 l1d=64 l1ia=8 l1i=16 l2a=8 l2=512 l3a=16 l3=1024 robc=10 robd=8 robw=256   0.0572   1.0171    83.61   535.26  Unsustainable
  bp=512 bpt=a53 l1da=8 l1d=64 l1ia=8 l1i=16 l2a=8 l2=512 l3a=16 l3=1024 nhist=2 robc=10 robd=8 robw=256   0.0572   1.0170    83.61   535.26  Unsustainable
  bp=512 bpt=a53 l1da=4 l1d=64 l1ia=8 l1i=16 l2a=8 l2=512 l3a=16 l3=1024 nhist=2 robc=10 robd=8 robw=256   0.0597   1.0170    79.19   534.47  Unsustainable
  bpt=tage l1da=8 l1d=64 l1ia=4 l1i=16 l2a=4 l2=512 l3a=8 l3=1024 robc=10 robd=8 robw=32   0.9122   1.0039    56.76    42.19  Unsustainable
  baseline                             1.0000   1.0000    94.01    27.56  Reference
  bpt=pentium_m l1da=4 l1d=64 l1ia=8 l1i=16 l2a=4 l2=256 l3a=4 l3=2048 robc=2 robd=2 robw=64   2.4560   0.9938    42.80    17.34  Strongly Sust.
  bpt=pentium_m l1da=4 l1d=16 l1ia=8 l1i=32 l2a=4 l2=256 l3a=4 l3=2048 robc=2 robd=2 robw=64   2.4675   0.9931    42.78    17.26  Strongly Sust.
  bpt=pentium_m l1da=4 l1d=16 l1ia=8 l1i=16 l2a=4 l2=256 l3a=4 l3=2048 robc=2 robd=2 robw=64   2.4779   0.9931    42.43    17.23  Strongly Sust.
  bpt=nn l1da=4 l1d=16 l1ia=8 l1i=32 l2a=4 l2=256 l3a=4 l3=2048 nnbl=64 nnlr=0.005 robc=2 robd=2 robw=64   2.4940   0.9671    42.78    17.07  Strongly Sust.
  Ran sniper 1 time this iteration (21 total).

=== Iteration 16 ===
  Evaluating 1 configuration(s) (top acquisition score of 400 candidates)...
  [mesmo] bpt=pentium_m l1da=4 l1d=64 l1ia=4 l1i=16 l2a=8 l2=512 l3a=8 l3=4096 robc=8 robd=8 robw=512  ASI= 0.0267  S=1.0174  A= 118.45  P=763.80  [Unsustainable]  [ML2=1.06x, CCl=1.00x, MIP=1.01x, EI=1.00x]

  Pareto front after iteration 16 (10 points, HV=2.4887):
  Params                                  ASI  Speedup     Area  PeakPow  Region
  ──────────────────────────────────────────────────────────────────────────────
  bpt=pentium_m l1da=4 l1d=64 l1ia=4 l1i=16 l2a=8 l2=512 l3a=8 l3=4096 robc=8 robd=8 robw=512   0.0267   1.0174   118.45   763.80  Unsustainable
  bpt=pentium_m l1da=8 l1d=64 l1ia=8 l1i=16 l2a=8 l2=512 l3a=16 l3=1024 robc=10 robd=8 robw=256   0.0572   1.0171    83.61   535.26  Unsustainable
  bp=512 bpt=a53 l1da=8 l1d=64 l1ia=8 l1i=16 l2a=8 l2=512 l3a=16 l3=1024 nhist=2 robc=10 robd=8 robw=256   0.0572   1.0170    83.61   535.26  Unsustainable
  bp=512 bpt=a53 l1da=4 l1d=64 l1ia=8 l1i=16 l2a=8 l2=512 l3a=16 l3=1024 nhist=2 robc=10 robd=8 robw=256   0.0597   1.0170    79.19   534.47  Unsustainable
  bpt=tage l1da=8 l1d=64 l1ia=4 l1i=16 l2a=4 l2=512 l3a=8 l3=1024 robc=10 robd=8 robw=32   0.9122   1.0039    56.76    42.19  Unsustainable
  baseline                             1.0000   1.0000    94.01    27.56  Reference
  bpt=pentium_m l1da=4 l1d=64 l1ia=8 l1i=16 l2a=4 l2=256 l3a=4 l3=2048 robc=2 robd=2 robw=64   2.4560   0.9938    42.80    17.34  Strongly Sust.
  bpt=pentium_m l1da=4 l1d=16 l1ia=8 l1i=32 l2a=4 l2=256 l3a=4 l3=2048 robc=2 robd=2 robw=64   2.4675   0.9931    42.78    17.26  Strongly Sust.
  bpt=pentium_m l1da=4 l1d=16 l1ia=8 l1i=16 l2a=4 l2=256 l3a=4 l3=2048 robc=2 robd=2 robw=64   2.4779   0.9931    42.43    17.23  Strongly Sust.
  bpt=nn l1da=4 l1d=16 l1ia=8 l1i=32 l2a=4 l2=256 l3a=4 l3=2048 nnbl=64 nnlr=0.005 robc=2 robd=2 robw=64   2.4940   0.9671    42.78    17.07  Strongly Sust.
  Ran sniper 1 time this iteration (22 total).

=== Iteration 17 ===
  Evaluating 1 configuration(s) (top acquisition score of 400 candidates)...
  [mesmo] bpt=nn l1da=4 l1d=16 l1ia=8 l1i=32 l2a=4 l2=256 l3a=4 l3=2048 nnbl=16 nnlr=0.005 robc=2 robd=2 robw=64  ASI= 2.4683  S=0.9922  A=  42.78  P= 17.25  [Strongly Sust.]  [ML2=1.00x, CCl=1.00x, MIP=0.98x, EI=0.99x]
  Deleted 1 non-Pareto output directory.

  Pareto front after iteration 17 (10 points, HV=2.4887):
  Params                                  ASI  Speedup     Area  PeakPow  Region
  ──────────────────────────────────────────────────────────────────────────────
  bpt=pentium_m l1da=4 l1d=64 l1ia=4 l1i=16 l2a=8 l2=512 l3a=8 l3=4096 robc=8 robd=8 robw=512   0.0267   1.0174   118.45   763.80  Unsustainable
  bpt=pentium_m l1da=8 l1d=64 l1ia=8 l1i=16 l2a=8 l2=512 l3a=16 l3=1024 robc=10 robd=8 robw=256   0.0572   1.0171    83.61   535.26  Unsustainable
  bp=512 bpt=a53 l1da=8 l1d=64 l1ia=8 l1i=16 l2a=8 l2=512 l3a=16 l3=1024 nhist=2 robc=10 robd=8 robw=256   0.0572   1.0170    83.61   535.26  Unsustainable
  bp=512 bpt=a53 l1da=4 l1d=64 l1ia=8 l1i=16 l2a=8 l2=512 l3a=16 l3=1024 nhist=2 robc=10 robd=8 robw=256   0.0597   1.0170    79.19   534.47  Unsustainable
  bpt=tage l1da=8 l1d=64 l1ia=4 l1i=16 l2a=4 l2=512 l3a=8 l3=1024 robc=10 robd=8 robw=32   0.9122   1.0039    56.76    42.19  Unsustainable
  baseline                             1.0000   1.0000    94.01    27.56  Reference
  bpt=pentium_m l1da=4 l1d=64 l1ia=8 l1i=16 l2a=4 l2=256 l3a=4 l3=2048 robc=2 robd=2 robw=64   2.4560   0.9938    42.80    17.34  Strongly Sust.
  bpt=pentium_m l1da=4 l1d=16 l1ia=8 l1i=32 l2a=4 l2=256 l3a=4 l3=2048 robc=2 robd=2 robw=64   2.4675   0.9931    42.78    17.26  Strongly Sust.
  bpt=pentium_m l1da=4 l1d=16 l1ia=8 l1i=16 l2a=4 l2=256 l3a=4 l3=2048 robc=2 robd=2 robw=64   2.4779   0.9931    42.43    17.23  Strongly Sust.
  bpt=nn l1da=4 l1d=16 l1ia=8 l1i=32 l2a=4 l2=256 l3a=4 l3=2048 nnbl=64 nnlr=0.005 robc=2 robd=2 robw=64   2.4940   0.9671    42.78    17.07  Strongly Sust.
  Ran sniper 1 time this iteration (23 total).

=== Iteration 18 ===
  Evaluating 1 configuration(s) (top acquisition score of 400 candidates)...
  [mesmo] bpt=pentium_m l1da=8 l1d=64 l1ia=4 l1i=32 l2a=8 l2=512 l3a=8 l3=1024 robc=2 robd=10 robw=64  ASI= 0.6014  S=1.0147  A=  63.70  P= 60.61  [Unsustainable]  [ML2=1.06x, CCl=1.00x, MIP=1.01x, EI=0.99x]

  Pareto front after iteration 18 (11 points, HV=2.4945):
  Params                                  ASI  Speedup     Area  PeakPow  Region
  ──────────────────────────────────────────────────────────────────────────────
  bpt=pentium_m l1da=4 l1d=64 l1ia=4 l1i=16 l2a=8 l2=512 l3a=8 l3=4096 robc=8 robd=8 robw=512   0.0267   1.0174   118.45   763.80  Unsustainable
  bpt=pentium_m l1da=8 l1d=64 l1ia=8 l1i=16 l2a=8 l2=512 l3a=16 l3=1024 robc=10 robd=8 robw=256   0.0572   1.0171    83.61   535.26  Unsustainable
  bp=512 bpt=a53 l1da=8 l1d=64 l1ia=8 l1i=16 l2a=8 l2=512 l3a=16 l3=1024 nhist=2 robc=10 robd=8 robw=256   0.0572   1.0170    83.61   535.26  Unsustainable
  bp=512 bpt=a53 l1da=4 l1d=64 l1ia=8 l1i=16 l2a=8 l2=512 l3a=16 l3=1024 nhist=2 robc=10 robd=8 robw=256   0.0597   1.0170    79.19   534.47  Unsustainable
  bpt=pentium_m l1da=8 l1d=64 l1ia=4 l1i=32 l2a=8 l2=512 l3a=8 l3=1024 robc=2 robd=10 robw=64   0.6014   1.0147    63.70    60.61  Unsustainable
  bpt=tage l1da=8 l1d=64 l1ia=4 l1i=16 l2a=4 l2=512 l3a=8 l3=1024 robc=10 robd=8 robw=32   0.9122   1.0039    56.76    42.19  Unsustainable
  baseline                             1.0000   1.0000    94.01    27.56  Reference
  bpt=pentium_m l1da=4 l1d=64 l1ia=8 l1i=16 l2a=4 l2=256 l3a=4 l3=2048 robc=2 robd=2 robw=64   2.4560   0.9938    42.80    17.34  Strongly Sust.
  bpt=pentium_m l1da=4 l1d=16 l1ia=8 l1i=32 l2a=4 l2=256 l3a=4 l3=2048 robc=2 robd=2 robw=64   2.4675   0.9931    42.78    17.26  Strongly Sust.
  bpt=pentium_m l1da=4 l1d=16 l1ia=8 l1i=16 l2a=4 l2=256 l3a=4 l3=2048 robc=2 robd=2 robw=64   2.4779   0.9931    42.43    17.23  Strongly Sust.
  bpt=nn l1da=4 l1d=16 l1ia=8 l1i=32 l2a=4 l2=256 l3a=4 l3=2048 nnbl=64 nnlr=0.005 robc=2 robd=2 robw=64   2.4940   0.9671    42.78    17.07  Strongly Sust.
  Ran sniper 1 time this iteration (24 total).

=== Iteration 19 ===
  Evaluating 1 configuration(s) (top acquisition score of 400 candidates)...
  [mesmo] bp=512 bpt=a53 l1da=8 l1d=64 l1ia=8 l1i=16 l2a=8 l2=512 l3a=16 l3=1024 nhist=2 robc=10 robd=8 robw=512  ASI= 0.0310  S=1.0172  A= 107.21  P=763.19  [Unsustainable]  [ML2=1.06x, CCl=1.00x, MIP=1.01x, EI=1.00x]

  Pareto front after iteration 19 (12 points, HV=2.4945):
  Params                                  ASI  Speedup     Area  PeakPow  Region
  ──────────────────────────────────────────────────────────────────────────────
  bpt=pentium_m l1da=4 l1d=64 l1ia=4 l1i=16 l2a=8 l2=512 l3a=8 l3=4096 robc=8 robd=8 robw=512   0.0267   1.0174   118.45   763.80  Unsustainable
  bp=512 bpt=a53 l1da=8 l1d=64 l1ia=8 l1i=16 l2a=8 l2=512 l3a=16 l3=1024 nhist=2 robc=10 robd=8 robw=512   0.0310   1.0172   107.21   763.19  Unsustainable
  bpt=pentium_m l1da=8 l1d=64 l1ia=8 l1i=16 l2a=8 l2=512 l3a=16 l3=1024 robc=10 robd=8 robw=256   0.0572   1.0171    83.61   535.26  Unsustainable
  bp=512 bpt=a53 l1da=8 l1d=64 l1ia=8 l1i=16 l2a=8 l2=512 l3a=16 l3=1024 nhist=2 robc=10 robd=8 robw=256   0.0572   1.0170    83.61   535.26  Unsustainable
  bp=512 bpt=a53 l1da=4 l1d=64 l1ia=8 l1i=16 l2a=8 l2=512 l3a=16 l3=1024 nhist=2 robc=10 robd=8 robw=256   0.0597   1.0170    79.19   534.47  Unsustainable
  bpt=pentium_m l1da=8 l1d=64 l1ia=4 l1i=32 l2a=8 l2=512 l3a=8 l3=1024 robc=2 robd=10 robw=64   0.6014   1.0147    63.70    60.61  Unsustainable
  bpt=tage l1da=8 l1d=64 l1ia=4 l1i=16 l2a=4 l2=512 l3a=8 l3=1024 robc=10 robd=8 robw=32   0.9122   1.0039    56.76    42.19  Unsustainable
  baseline                             1.0000   1.0000    94.01    27.56  Reference
  bpt=pentium_m l1da=4 l1d=64 l1ia=8 l1i=16 l2a=4 l2=256 l3a=4 l3=2048 robc=2 robd=2 robw=64   2.4560   0.9938    42.80    17.34  Strongly Sust.
  bpt=pentium_m l1da=4 l1d=16 l1ia=8 l1i=32 l2a=4 l2=256 l3a=4 l3=2048 robc=2 robd=2 robw=64   2.4675   0.9931    42.78    17.26  Strongly Sust.
  bpt=pentium_m l1da=4 l1d=16 l1ia=8 l1i=16 l2a=4 l2=256 l3a=4 l3=2048 robc=2 robd=2 robw=64   2.4779   0.9931    42.43    17.23  Strongly Sust.
  bpt=nn l1da=4 l1d=16 l1ia=8 l1i=32 l2a=4 l2=256 l3a=4 l3=2048 nnbl=64 nnlr=0.005 robc=2 robd=2 robw=64   2.4940   0.9671    42.78    17.07  Strongly Sust.
  Ran sniper 1 time this iteration (25 total).

=== Iteration 20 ===
  Evaluating 1 configuration(s) (top acquisition score of 400 candidates)...
  [mesmo] bp=1024 bpt=a53 l1da=4 l1d=16 l1ia=4 l1i=16 l2a=8 l2=512 l3a=8 l3=1024 nhist=4 robc=8 robd=8 robw=16  ASI= 1.0227  S=0.9847  A=  51.07  P= 39.26  [Strongly Sust.]  [ML2=1.06x, CCl=0.98x, MIP=0.95x, EI=0.96x]
  Deleted 1 non-Pareto output directory.

  Pareto front after iteration 20 (12 points, HV=2.4945):
  Params                                  ASI  Speedup     Area  PeakPow  Region
  ──────────────────────────────────────────────────────────────────────────────
  bpt=pentium_m l1da=4 l1d=64 l1ia=4 l1i=16 l2a=8 l2=512 l3a=8 l3=4096 robc=8 robd=8 robw=512   0.0267   1.0174   118.45   763.80  Unsustainable
  bp=512 bpt=a53 l1da=8 l1d=64 l1ia=8 l1i=16 l2a=8 l2=512 l3a=16 l3=1024 nhist=2 robc=10 robd=8 robw=512   0.0310   1.0172   107.21   763.19  Unsustainable
  bpt=pentium_m l1da=8 l1d=64 l1ia=8 l1i=16 l2a=8 l2=512 l3a=16 l3=1024 robc=10 robd=8 robw=256   0.0572   1.0171    83.61   535.26  Unsustainable
  bp=512 bpt=a53 l1da=8 l1d=64 l1ia=8 l1i=16 l2a=8 l2=512 l3a=16 l3=1024 nhist=2 robc=10 robd=8 robw=256   0.0572   1.0170    83.61   535.26  Unsustainable
  bp=512 bpt=a53 l1da=4 l1d=64 l1ia=8 l1i=16 l2a=8 l2=512 l3a=16 l3=1024 nhist=2 robc=10 robd=8 robw=256   0.0597   1.0170    79.19   534.47  Unsustainable
  bpt=pentium_m l1da=8 l1d=64 l1ia=4 l1i=32 l2a=8 l2=512 l3a=8 l3=1024 robc=2 robd=10 robw=64   0.6014   1.0147    63.70    60.61  Unsustainable
  bpt=tage l1da=8 l1d=64 l1ia=4 l1i=16 l2a=4 l2=512 l3a=8 l3=1024 robc=10 robd=8 robw=32   0.9122   1.0039    56.76    42.19  Unsustainable
  baseline                             1.0000   1.0000    94.01    27.56  Reference
  bpt=pentium_m l1da=4 l1d=64 l1ia=8 l1i=16 l2a=4 l2=256 l3a=4 l3=2048 robc=2 robd=2 robw=64   2.4560   0.9938    42.80    17.34  Strongly Sust.
  bpt=pentium_m l1da=4 l1d=16 l1ia=8 l1i=32 l2a=4 l2=256 l3a=4 l3=2048 robc=2 robd=2 robw=64   2.4675   0.9931    42.78    17.26  Strongly Sust.
  bpt=pentium_m l1da=4 l1d=16 l1ia=8 l1i=16 l2a=4 l2=256 l3a=4 l3=2048 robc=2 robd=2 robw=64   2.4779   0.9931    42.43    17.23  Strongly Sust.
  bpt=nn l1da=4 l1d=16 l1ia=8 l1i=32 l2a=4 l2=256 l3a=4 l3=2048 nnbl=64 nnlr=0.005 robc=2 robd=2 robw=64   2.4940   0.9671    42.78    17.07  Strongly Sust.
  Ran sniper 1 time this iteration (26 total).

Final cleanup: removed 4 stale output directories.
Total sniper runs: 26
Final hypervolume: 2.4945

Plot saved → /home/jaco/school/stage/asi/asi-output/pareto_history.png
Plot saved → /home/jaco/school/stage/asi/asi-output/pareto_final.png
=== Final Pareto Front ===
  Params                                  ASI  Speedup     Area  PeakPow  Region
  ──────────────────────────────────────────────────────────────────────────────
  bpt=pentium_m l1da=4 l1d=64 l1ia=4 l1i=16 l2a=8 l2=512 l3a=8 l3=4096 robc=8 robd=8 robw=512   0.0267   1.0174   118.45   763.80  Unsustainable
  bp=512 bpt=a53 l1da=8 l1d=64 l1ia=8 l1i=16 l2a=8 l2=512 l3a=16 l3=1024 nhist=2 robc=10 robd=8 robw=512   0.0310   1.0172   107.21   763.19  Unsustainable
  bpt=pentium_m l1da=8 l1d=64 l1ia=8 l1i=16 l2a=8 l2=512 l3a=16 l3=1024 robc=10 robd=8 robw=256   0.0572   1.0171    83.61   535.26  Unsustainable
  bp=512 bpt=a53 l1da=8 l1d=64 l1ia=8 l1i=16 l2a=8 l2=512 l3a=16 l3=1024 nhist=2 robc=10 robd=8 robw=256   0.0572   1.0170    83.61   535.26  Unsustainable
  bp=512 bpt=a53 l1da=4 l1d=64 l1ia=8 l1i=16 l2a=8 l2=512 l3a=16 l3=1024 nhist=2 robc=10 robd=8 robw=256   0.0597   1.0170    79.19   534.47  Unsustainable
  bpt=pentium_m l1da=8 l1d=64 l1ia=4 l1i=32 l2a=8 l2=512 l3a=8 l3=1024 robc=2 robd=10 robw=64   0.6014   1.0147    63.70    60.61  Unsustainable
  bpt=tage l1da=8 l1d=64 l1ia=4 l1i=16 l2a=4 l2=512 l3a=8 l3=1024 robc=10 robd=8 robw=32   0.9122   1.0039    56.76    42.19  Unsustainable
  baseline                             1.0000   1.0000    94.01    27.56  Reference
  bpt=pentium_m l1da=4 l1d=64 l1ia=8 l1i=16 l2a=4 l2=256 l3a=4 l3=2048 robc=2 robd=2 robw=64   2.4560   0.9938    42.80    17.34  Strongly Sust.
  bpt=pentium_m l1da=4 l1d=16 l1ia=8 l1i=32 l2a=4 l2=256 l3a=4 l3=2048 robc=2 robd=2 robw=64   2.4675   0.9931    42.78    17.26  Strongly Sust.
  bpt=pentium_m l1da=4 l1d=16 l1ia=8 l1i=16 l2a=4 l2=256 l3a=4 l3=2048 robc=2 robd=2 robw=64   2.4779   0.9931    42.43    17.23  Strongly Sust.
  bpt=nn l1da=4 l1d=16 l1ia=8 l1i=32 l2a=4 l2=256 l3a=4 l3=2048 nnbl=64 nnlr=0.005 robc=2 robd=2 robw=64   2.4940   0.9671    42.78    17.07  Strongly Sust.
