Logging to /home/jaco/school/stage/asi/asi-output/run.log

Benchmarks: ML2 (./libs/benchmarks/ML2/bench), CCl (./libs/benchmarks/CCl/bench)

Resuming MESMO search from iteration 40 (found /home/jaco/school/stage/asi/asi-output/search_state.json)

=== Iteration 41 ===
  Evaluating 1 configuration(s) (top acquisition score of 400 candidates)...
  [mesmo] bpt=pentium_m l1da=8 l1d=64 l1ia=4 l1i=16 l2a=4 l2=512 l3a=4 l3=4096 robc=10 robd=8 robw=512  ASI= 0.0242  S=1.0301  A= 122.80  P=763.60  [Unsustainable]  [ML2=1.06x, CCl=1.00x]
  Deleted 1 non-Pareto output directory.

  Pareto front after iteration 41 (12 points, HV=2.9982):
  Params                                  ASI  Speedup     Area  PeakPow  Region
  ──────────────────────────────────────────────────────────────────────────────
  bpt=pentium_m l1da=8 l1d=64 l1ia=4 l1i=32 l2a=4 l2=512 l3a=4 l3=4096 robc=8 robd=2 robw=256   1.7997   1.0302    65.13    19.37  Strongly Sust.
  bpt=pentium_m l1da=8 l1d=64 l1ia=4 l1i=32 l2a=4 l2=512 l3a=4 l3=4096 robc=2 robd=2 robw=256   1.7997   1.0301    65.13    19.37  Strongly Sust.
  bp=512 bpt=a53 l1da=8 l1d=64 l1ia=4 l1i=32 l2a=4 l2=512 l3a=4 l3=4096 nhist=4 robc=2 robd=2 robw=256   1.7998   1.0298    65.13    19.37  Strongly Sust.
  bp=512 bpt=a53 l1da=8 l1d=64 l1ia=4 l1i=32 l2a=4 l2=512 l3a=4 l3=4096 nhist=4 robc=10 robd=2 robw=256   1.7998   1.0298    65.13    19.37  Strongly Sust.
  bpt=nn l1da=8 l1d=64 l1ia=4 l1i=32 l2a=4 l2=512 l3a=4 l3=4096 nnbl=16 nnlr=0.001 robc=2 robd=2 robw=256   1.8013   1.0235    65.13    19.35  Strongly Sust.
  bpt=pentium_m l1da=4 l1d=32 l1ia=8 l1i=16 l2a=4 l2=256 l3a=4 l3=2048 robc=2 robd=2 robw=256   2.4315   1.0005    42.80    16.94  Strongly Sust.
  bpt=pentium_m l1da=4 l1d=32 l1ia=8 l1i=16 l2a=4 l2=256 l3a=4 l3=1024 robc=2 robd=2 robw=256   2.6597   1.0005    35.85    16.23  Strongly Sust.
  bpt=nn l1da=4 l1d=32 l1ia=8 l1i=16 l2a=4 l2=256 l3a=4 l3=1024 nnbl=16 nnlr=0.005 robc=2 robd=2 robw=32   2.7519   0.9982    35.61    15.71  Strongly Sust.
  bp=2048 bpt=a53 l1da=4 l1d=32 l1ia=4 l1i=64 l2a=4 l2=256 l3a=4 l3=1024 nhist=4 robc=2 robd=2 robw=32   2.8998   0.9981    34.82    14.99  Strongly Sust.
  bp=2048 bpt=a53 l1da=4 l1d=32 l1ia=4 l1i=16 l2a=4 l2=256 l3a=4 l3=1024 nhist=4 robc=2 robd=2 robw=32   2.9337   0.9980    34.00    14.89  Strongly Sust.
  bp=1024 bpt=a53 l1da=4 l1d=32 l1ia=4 l1i=16 l2a=4 l2=256 l3a=4 l3=1024 nhist=4 robc=2 robd=2 robw=32   2.9341   0.9975    34.00    14.89  Strongly Sust.
  bp=2048 bpt=a53 l1da=4 l1d=32 l1ia=4 l1i=64 l2a=4 l2=256 l3a=4 l3=1024 nhist=4 robc=2 robd=2 robw=16   2.9440   0.9902    34.74    14.77  Strongly Sust.
  Ran sniper 1 time this iteration (47 total).

=== Iteration 42 ===
  Evaluating 1 configuration(s) (top acquisition score of 400 candidates)...
  [mesmo] bpt=pentium_m l1da=8 l1d=64 l1ia=8 l1i=32 l2a=8 l2=512 l3a=16 l3=2048 robc=8 robd=2 robw=128  ASI= 2.0450  S=1.0299  A=  54.39  P= 18.54  [Strongly Sust.]  [ML2=1.06x, CCl=1.00x]
  Deleted 3 non-Pareto output directories.

  Pareto front after iteration 42 (10 points, HV=3.0053):
  Params                                  ASI  Speedup     Area  PeakPow  Region
  ──────────────────────────────────────────────────────────────────────────────
  bpt=pentium_m l1da=8 l1d=64 l1ia=4 l1i=32 l2a=4 l2=512 l3a=4 l3=4096 robc=8 robd=2 robw=256   1.7997   1.0302    65.13    19.37  Strongly Sust.
  bpt=pentium_m l1da=8 l1d=64 l1ia=4 l1i=32 l2a=4 l2=512 l3a=4 l3=4096 robc=2 robd=2 robw=256   1.7997   1.0301    65.13    19.37  Strongly Sust.
  bpt=pentium_m l1da=8 l1d=64 l1ia=8 l1i=32 l2a=8 l2=512 l3a=16 l3=2048 robc=8 robd=2 robw=128   2.0450   1.0299    54.39    18.54  Strongly Sust.
  bpt=pentium_m l1da=4 l1d=32 l1ia=8 l1i=16 l2a=4 l2=256 l3a=4 l3=2048 robc=2 robd=2 robw=256   2.4315   1.0005    42.80    16.94  Strongly Sust.
  bpt=pentium_m l1da=4 l1d=32 l1ia=8 l1i=16 l2a=4 l2=256 l3a=4 l3=1024 robc=2 robd=2 robw=256   2.6597   1.0005    35.85    16.23  Strongly Sust.
  bpt=nn l1da=4 l1d=32 l1ia=8 l1i=16 l2a=4 l2=256 l3a=4 l3=1024 nnbl=16 nnlr=0.005 robc=2 robd=2 robw=32   2.7519   0.9982    35.61    15.71  Strongly Sust.
  bp=2048 bpt=a53 l1da=4 l1d=32 l1ia=4 l1i=64 l2a=4 l2=256 l3a=4 l3=1024 nhist=4 robc=2 robd=2 robw=32   2.8998   0.9981    34.82    14.99  Strongly Sust.
  bp=2048 bpt=a53 l1da=4 l1d=32 l1ia=4 l1i=16 l2a=4 l2=256 l3a=4 l3=1024 nhist=4 robc=2 robd=2 robw=32   2.9337   0.9980    34.00    14.89  Strongly Sust.
  bp=1024 bpt=a53 l1da=4 l1d=32 l1ia=4 l1i=16 l2a=4 l2=256 l3a=4 l3=1024 nhist=4 robc=2 robd=2 robw=32   2.9341   0.9975    34.00    14.89  Strongly Sust.
  bp=2048 bpt=a53 l1da=4 l1d=32 l1ia=4 l1i=64 l2a=4 l2=256 l3a=4 l3=1024 nhist=4 robc=2 robd=2 robw=16   2.9440   0.9902    34.74    14.77  Strongly Sust.
  Ran sniper 1 time this iteration (48 total).

=== Iteration 43 ===
  Evaluating 1 configuration(s) (top acquisition score of 400 candidates)...
  [mesmo] bpt=pentium_m l1da=4 l1d=32 l1ia=4 l1i=64 l2a=4 l2=256 l3a=4 l3=1024 robc=2 robd=2 robw=16  ASI= 2.9461  S=0.9874  A=  34.74  P= 14.76  [Strongly Sust.]  [ML2=1.00x, CCl=0.97x]

  Pareto front after iteration 43 (11 points, HV=3.0074):
  Params                                  ASI  Speedup     Area  PeakPow  Region
  ──────────────────────────────────────────────────────────────────────────────
  bpt=pentium_m l1da=8 l1d=64 l1ia=4 l1i=32 l2a=4 l2=512 l3a=4 l3=4096 robc=8 robd=2 robw=256   1.7997   1.0302    65.13    19.37  Strongly Sust.
  bpt=pentium_m l1da=8 l1d=64 l1ia=4 l1i=32 l2a=4 l2=512 l3a=4 l3=4096 robc=2 robd=2 robw=256   1.7997   1.0301    65.13    19.37  Strongly Sust.
  bpt=pentium_m l1da=8 l1d=64 l1ia=8 l1i=32 l2a=8 l2=512 l3a=16 l3=2048 robc=8 robd=2 robw=128   2.0450   1.0299    54.39    18.54  Strongly Sust.
  bpt=pentium_m l1da=4 l1d=32 l1ia=8 l1i=16 l2a=4 l2=256 l3a=4 l3=2048 robc=2 robd=2 robw=256   2.4315   1.0005    42.80    16.94  Strongly Sust.
  bpt=pentium_m l1da=4 l1d=32 l1ia=8 l1i=16 l2a=4 l2=256 l3a=4 l3=1024 robc=2 robd=2 robw=256   2.6597   1.0005    35.85    16.23  Strongly Sust.
  bpt=nn l1da=4 l1d=32 l1ia=8 l1i=16 l2a=4 l2=256 l3a=4 l3=1024 nnbl=16 nnlr=0.005 robc=2 robd=2 robw=32   2.7519   0.9982    35.61    15.71  Strongly Sust.
  bp=2048 bpt=a53 l1da=4 l1d=32 l1ia=4 l1i=64 l2a=4 l2=256 l3a=4 l3=1024 nhist=4 robc=2 robd=2 robw=32   2.8998   0.9981    34.82    14.99  Strongly Sust.
  bp=2048 bpt=a53 l1da=4 l1d=32 l1ia=4 l1i=16 l2a=4 l2=256 l3a=4 l3=1024 nhist=4 robc=2 robd=2 robw=32   2.9337   0.9980    34.00    14.89  Strongly Sust.
  bp=1024 bpt=a53 l1da=4 l1d=32 l1ia=4 l1i=16 l2a=4 l2=256 l3a=4 l3=1024 nhist=4 robc=2 robd=2 robw=32   2.9341   0.9975    34.00    14.89  Strongly Sust.
  bp=2048 bpt=a53 l1da=4 l1d=32 l1ia=4 l1i=64 l2a=4 l2=256 l3a=4 l3=1024 nhist=4 robc=2 robd=2 robw=16   2.9440   0.9902    34.74    14.77  Strongly Sust.
  bpt=pentium_m l1da=4 l1d=32 l1ia=4 l1i=64 l2a=4 l2=256 l3a=4 l3=1024 robc=2 robd=2 robw=16   2.9461   0.9874    34.74    14.76  Strongly Sust.
  Ran sniper 1 time this iteration (49 total).

=== Iteration 44 ===
  Evaluating 1 configuration(s) (top acquisition score of 400 candidates)...
  [mesmo] bp=2048 bpt=a53 l1da=8 l1d=64 l1ia=4 l1i=32 l2a=4 l2=512 l3a=4 l3=4096 nhist=2 robc=8 robd=2 robw=256  ASI= 1.7998  S=1.0297  A=  65.13  P= 19.37  [Strongly Sust.]  [ML2=1.06x, CCl=1.00x]
  Deleted 1 non-Pareto output directory.

  Pareto front after iteration 44 (11 points, HV=3.0074):
  Params                                  ASI  Speedup     Area  PeakPow  Region
  ──────────────────────────────────────────────────────────────────────────────
  bpt=pentium_m l1da=8 l1d=64 l1ia=4 l1i=32 l2a=4 l2=512 l3a=4 l3=4096 robc=8 robd=2 robw=256   1.7997   1.0302    65.13    19.37  Strongly Sust.
  bpt=pentium_m l1da=8 l1d=64 l1ia=4 l1i=32 l2a=4 l2=512 l3a=4 l3=4096 robc=2 robd=2 robw=256   1.7997   1.0301    65.13    19.37  Strongly Sust.
  bpt=pentium_m l1da=8 l1d=64 l1ia=8 l1i=32 l2a=8 l2=512 l3a=16 l3=2048 robc=8 robd=2 robw=128   2.0450   1.0299    54.39    18.54  Strongly Sust.
  bpt=pentium_m l1da=4 l1d=32 l1ia=8 l1i=16 l2a=4 l2=256 l3a=4 l3=2048 robc=2 robd=2 robw=256   2.4315   1.0005    42.80    16.94  Strongly Sust.
  bpt=pentium_m l1da=4 l1d=32 l1ia=8 l1i=16 l2a=4 l2=256 l3a=4 l3=1024 robc=2 robd=2 robw=256   2.6597   1.0005    35.85    16.23  Strongly Sust.
  bpt=nn l1da=4 l1d=32 l1ia=8 l1i=16 l2a=4 l2=256 l3a=4 l3=1024 nnbl=16 nnlr=0.005 robc=2 robd=2 robw=32   2.7519   0.9982    35.61    15.71  Strongly Sust.
  bp=2048 bpt=a53 l1da=4 l1d=32 l1ia=4 l1i=64 l2a=4 l2=256 l3a=4 l3=1024 nhist=4 robc=2 robd=2 robw=32   2.8998   0.9981    34.82    14.99  Strongly Sust.
  bp=2048 bpt=a53 l1da=4 l1d=32 l1ia=4 l1i=16 l2a=4 l2=256 l3a=4 l3=1024 nhist=4 robc=2 robd=2 robw=32   2.9337   0.9980    34.00    14.89  Strongly Sust.
  bp=1024 bpt=a53 l1da=4 l1d=32 l1ia=4 l1i=16 l2a=4 l2=256 l3a=4 l3=1024 nhist=4 robc=2 robd=2 robw=32   2.9341   0.9975    34.00    14.89  Strongly Sust.
  bp=2048 bpt=a53 l1da=4 l1d=32 l1ia=4 l1i=64 l2a=4 l2=256 l3a=4 l3=1024 nhist=4 robc=2 robd=2 robw=16   2.9440   0.9902    34.74    14.77  Strongly Sust.
  bpt=pentium_m l1da=4 l1d=32 l1ia=4 l1i=64 l2a=4 l2=256 l3a=4 l3=1024 robc=2 robd=2 robw=16   2.9461   0.9874    34.74    14.76  Strongly Sust.
  Ran sniper 1 time this iteration (50 total).

=== Iteration 45 ===
  Evaluating 1 configuration(s) (top acquisition score of 400 candidates)...
  [mesmo] bp=2048 bpt=a53 l1da=4 l1d=32 l1ia=4 l1i=16 l2a=4 l2=256 l3a=4 l3=1024 nhist=4 robc=2 robd=2 robw=1024  ASI= 1.2691  S=1.0007  A=  38.70  P= 33.38  [Strongly Sust.]  [ML2=1.00x, CCl=1.00x]
  Deleted 1 non-Pareto output directory.

  Pareto front after iteration 45 (11 points, HV=3.0074):
  Params                                  ASI  Speedup     Area  PeakPow  Region
  ──────────────────────────────────────────────────────────────────────────────
  bpt=pentium_m l1da=8 l1d=64 l1ia=4 l1i=32 l2a=4 l2=512 l3a=4 l3=4096 robc=8 robd=2 robw=256   1.7997   1.0302    65.13    19.37  Strongly Sust.
  bpt=pentium_m l1da=8 l1d=64 l1ia=4 l1i=32 l2a=4 l2=512 l3a=4 l3=4096 robc=2 robd=2 robw=256   1.7997   1.0301    65.13    19.37  Strongly Sust.
  bpt=pentium_m l1da=8 l1d=64 l1ia=8 l1i=32 l2a=8 l2=512 l3a=16 l3=2048 robc=8 robd=2 robw=128   2.0450   1.0299    54.39    18.54  Strongly Sust.
  bpt=pentium_m l1da=4 l1d=32 l1ia=8 l1i=16 l2a=4 l2=256 l3a=4 l3=2048 robc=2 robd=2 robw=256   2.4315   1.0005    42.80    16.94  Strongly Sust.
  bpt=pentium_m l1da=4 l1d=32 l1ia=8 l1i=16 l2a=4 l2=256 l3a=4 l3=1024 robc=2 robd=2 robw=256   2.6597   1.0005    35.85    16.23  Strongly Sust.
  bpt=nn l1da=4 l1d=32 l1ia=8 l1i=16 l2a=4 l2=256 l3a=4 l3=1024 nnbl=16 nnlr=0.005 robc=2 robd=2 robw=32   2.7519   0.9982    35.61    15.71  Strongly Sust.
  bp=2048 bpt=a53 l1da=4 l1d=32 l1ia=4 l1i=64 l2a=4 l2=256 l3a=4 l3=1024 nhist=4 robc=2 robd=2 robw=32   2.8998   0.9981    34.82    14.99  Strongly Sust.
  bp=2048 bpt=a53 l1da=4 l1d=32 l1ia=4 l1i=16 l2a=4 l2=256 l3a=4 l3=1024 nhist=4 robc=2 robd=2 robw=32   2.9337   0.9980    34.00    14.89  Strongly Sust.
  bp=1024 bpt=a53 l1da=4 l1d=32 l1ia=4 l1i=16 l2a=4 l2=256 l3a=4 l3=1024 nhist=4 robc=2 robd=2 robw=32   2.9341   0.9975    34.00    14.89  Strongly Sust.
  bp=2048 bpt=a53 l1da=4 l1d=32 l1ia=4 l1i=64 l2a=4 l2=256 l3a=4 l3=1024 nhist=4 robc=2 robd=2 robw=16   2.9440   0.9902    34.74    14.77  Strongly Sust.
  bpt=pentium_m l1da=4 l1d=32 l1ia=4 l1i=64 l2a=4 l2=256 l3a=4 l3=1024 robc=2 robd=2 robw=16   2.9461   0.9874    34.74    14.76  Strongly Sust.
  Ran sniper 1 time this iteration (51 total).

=== Iteration 46 ===
  Evaluating 1 configuration(s) (top acquisition score of 400 candidates)...
  [mesmo] bpt=pentium_m l1da=8 l1d=64 l1ia=8 l1i=32 l2a=8 l2=512 l3a=16 l3=2048 robc=8 robd=2 robw=512  ASI= 1.4025  S=1.0302  A=  56.00  P= 26.71  [Strongly Sust.]  [ML2=1.06x, CCl=1.00x]

  Pareto front after iteration 46 (12 points, HV=3.0075):
  Params                                  ASI  Speedup     Area  PeakPow  Region
  ──────────────────────────────────────────────────────────────────────────────
  bpt=pentium_m l1da=8 l1d=64 l1ia=8 l1i=32 l2a=8 l2=512 l3a=16 l3=2048 robc=8 robd=2 robw=512   1.4025   1.0302    56.00    26.71  Strongly Sust.
  bpt=pentium_m l1da=8 l1d=64 l1ia=4 l1i=32 l2a=4 l2=512 l3a=4 l3=4096 robc=8 robd=2 robw=256   1.7997   1.0302    65.13    19.37  Strongly Sust.
  bpt=pentium_m l1da=8 l1d=64 l1ia=4 l1i=32 l2a=4 l2=512 l3a=4 l3=4096 robc=2 robd=2 robw=256   1.7997   1.0301    65.13    19.37  Strongly Sust.
  bpt=pentium_m l1da=8 l1d=64 l1ia=8 l1i=32 l2a=8 l2=512 l3a=16 l3=2048 robc=8 robd=2 robw=128   2.0450   1.0299    54.39    18.54  Strongly Sust.
  bpt=pentium_m l1da=4 l1d=32 l1ia=8 l1i=16 l2a=4 l2=256 l3a=4 l3=2048 robc=2 robd=2 robw=256   2.4315   1.0005    42.80    16.94  Strongly Sust.
  bpt=pentium_m l1da=4 l1d=32 l1ia=8 l1i=16 l2a=4 l2=256 l3a=4 l3=1024 robc=2 robd=2 robw=256   2.6597   1.0005    35.85    16.23  Strongly Sust.
  bpt=nn l1da=4 l1d=32 l1ia=8 l1i=16 l2a=4 l2=256 l3a=4 l3=1024 nnbl=16 nnlr=0.005 robc=2 robd=2 robw=32   2.7519   0.9982    35.61    15.71  Strongly Sust.
  bp=2048 bpt=a53 l1da=4 l1d=32 l1ia=4 l1i=64 l2a=4 l2=256 l3a=4 l3=1024 nhist=4 robc=2 robd=2 robw=32   2.8998   0.9981    34.82    14.99  Strongly Sust.
  bp=2048 bpt=a53 l1da=4 l1d=32 l1ia=4 l1i=16 l2a=4 l2=256 l3a=4 l3=1024 nhist=4 robc=2 robd=2 robw=32   2.9337   0.9980    34.00    14.89  Strongly Sust.
  bp=1024 bpt=a53 l1da=4 l1d=32 l1ia=4 l1i=16 l2a=4 l2=256 l3a=4 l3=1024 nhist=4 robc=2 robd=2 robw=32   2.9341   0.9975    34.00    14.89  Strongly Sust.
  bp=2048 bpt=a53 l1da=4 l1d=32 l1ia=4 l1i=64 l2a=4 l2=256 l3a=4 l3=1024 nhist=4 robc=2 robd=2 robw=16   2.9440   0.9902    34.74    14.77  Strongly Sust.
  bpt=pentium_m l1da=4 l1d=32 l1ia=4 l1i=64 l2a=4 l2=256 l3a=4 l3=1024 robc=2 robd=2 robw=16   2.9461   0.9874    34.74    14.76  Strongly Sust.
  Ran sniper 1 time this iteration (52 total).

=== Iteration 47 ===
  Evaluating 1 configuration(s) (top acquisition score of 400 candidates)...
  [mesmo] bpt=tage l1da=8 l1d=64 l1ia=8 l1i=16 l2a=4 l2=512 l3a=4 l3=4096 robc=8 robd=2 robw=1024  ASI= 0.8705  S=1.0304  A=  70.96  P= 38.15  [Unsustainable]  [ML2=1.06x, CCl=1.00x]

  Pareto front after iteration 47 (13 points, HV=3.0076):
  Params                                  ASI  Speedup     Area  PeakPow  Region
  ──────────────────────────────────────────────────────────────────────────────
  bpt=tage l1da=8 l1d=64 l1ia=8 l1i=16 l2a=4 l2=512 l3a=4 l3=4096 robc=8 robd=2 robw=1024   0.8705   1.0304    70.96    38.15  Unsustainable
  bpt=pentium_m l1da=8 l1d=64 l1ia=8 l1i=32 l2a=8 l2=512 l3a=16 l3=2048 robc=8 robd=2 robw=512   1.4025   1.0302    56.00    26.71  Strongly Sust.
  bpt=pentium_m l1da=8 l1d=64 l1ia=4 l1i=32 l2a=4 l2=512 l3a=4 l3=4096 robc=8 robd=2 robw=256   1.7997   1.0302    65.13    19.37  Strongly Sust.
  bpt=pentium_m l1da=8 l1d=64 l1ia=4 l1i=32 l2a=4 l2=512 l3a=4 l3=4096 robc=2 robd=2 robw=256   1.7997   1.0301    65.13    19.37  Strongly Sust.
  bpt=pentium_m l1da=8 l1d=64 l1ia=8 l1i=32 l2a=8 l2=512 l3a=16 l3=2048 robc=8 robd=2 robw=128   2.0450   1.0299    54.39    18.54  Strongly Sust.
  bpt=pentium_m l1da=4 l1d=32 l1ia=8 l1i=16 l2a=4 l2=256 l3a=4 l3=2048 robc=2 robd=2 robw=256   2.4315   1.0005    42.80    16.94  Strongly Sust.
  bpt=pentium_m l1da=4 l1d=32 l1ia=8 l1i=16 l2a=4 l2=256 l3a=4 l3=1024 robc=2 robd=2 robw=256   2.6597   1.0005    35.85    16.23  Strongly Sust.
  bpt=nn l1da=4 l1d=32 l1ia=8 l1i=16 l2a=4 l2=256 l3a=4 l3=1024 nnbl=16 nnlr=0.005 robc=2 robd=2 robw=32   2.7519   0.9982    35.61    15.71  Strongly Sust.
  bp=2048 bpt=a53 l1da=4 l1d=32 l1ia=4 l1i=64 l2a=4 l2=256 l3a=4 l3=1024 nhist=4 robc=2 robd=2 robw=32   2.8998   0.9981    34.82    14.99  Strongly Sust.
  bp=2048 bpt=a53 l1da=4 l1d=32 l1ia=4 l1i=16 l2a=4 l2=256 l3a=4 l3=1024 nhist=4 robc=2 robd=2 robw=32   2.9337   0.9980    34.00    14.89  Strongly Sust.
  bp=1024 bpt=a53 l1da=4 l1d=32 l1ia=4 l1i=16 l2a=4 l2=256 l3a=4 l3=1024 nhist=4 robc=2 robd=2 robw=32   2.9341   0.9975    34.00    14.89  Strongly Sust.
  bp=2048 bpt=a53 l1da=4 l1d=32 l1ia=4 l1i=64 l2a=4 l2=256 l3a=4 l3=1024 nhist=4 robc=2 robd=2 robw=16   2.9440   0.9902    34.74    14.77  Strongly Sust.
  bpt=pentium_m l1da=4 l1d=32 l1ia=4 l1i=64 l2a=4 l2=256 l3a=4 l3=1024 robc=2 robd=2 robw=16   2.9461   0.9874    34.74    14.76  Strongly Sust.
  Ran sniper 1 time this iteration (53 total).

=== Iteration 48 ===
  Evaluating 1 configuration(s) (top acquisition score of 400 candidates)...
  [mesmo] bp=2048 bpt=a53 l1da=4 l1d=32 l1ia=4 l1i=64 l2a=4 l2=256 l3a=4 l3=1024 nhist=2 robc=2 robd=2 robw=32  ASI= 2.9042  S=0.9920  A=  34.82  P= 14.96  [Strongly Sust.]  [ML2=1.00x, CCl=0.98x]
  Deleted 1 non-Pareto output directory.

  Pareto front after iteration 48 (13 points, HV=3.0076):
  Params                                  ASI  Speedup     Area  PeakPow  Region
  ──────────────────────────────────────────────────────────────────────────────
  bpt=tage l1da=8 l1d=64 l1ia=8 l1i=16 l2a=4 l2=512 l3a=4 l3=4096 robc=8 robd=2 robw=1024   0.8705   1.0304    70.96    38.15  Unsustainable
  bpt=pentium_m l1da=8 l1d=64 l1ia=8 l1i=32 l2a=8 l2=512 l3a=16 l3=2048 robc=8 robd=2 robw=512   1.4025   1.0302    56.00    26.71  Strongly Sust.
  bpt=pentium_m l1da=8 l1d=64 l1ia=4 l1i=32 l2a=4 l2=512 l3a=4 l3=4096 robc=8 robd=2 robw=256   1.7997   1.0302    65.13    19.37  Strongly Sust.
  bpt=pentium_m l1da=8 l1d=64 l1ia=4 l1i=32 l2a=4 l2=512 l3a=4 l3=4096 robc=2 robd=2 robw=256   1.7997   1.0301    65.13    19.37  Strongly Sust.
  bpt=pentium_m l1da=8 l1d=64 l1ia=8 l1i=32 l2a=8 l2=512 l3a=16 l3=2048 robc=8 robd=2 robw=128   2.0450   1.0299    54.39    18.54  Strongly Sust.
  bpt=pentium_m l1da=4 l1d=32 l1ia=8 l1i=16 l2a=4 l2=256 l3a=4 l3=2048 robc=2 robd=2 robw=256   2.4315   1.0005    42.80    16.94  Strongly Sust.
  bpt=pentium_m l1da=4 l1d=32 l1ia=8 l1i=16 l2a=4 l2=256 l3a=4 l3=1024 robc=2 robd=2 robw=256   2.6597   1.0005    35.85    16.23  Strongly Sust.
  bpt=nn l1da=4 l1d=32 l1ia=8 l1i=16 l2a=4 l2=256 l3a=4 l3=1024 nnbl=16 nnlr=0.005 robc=2 robd=2 robw=32   2.7519   0.9982    35.61    15.71  Strongly Sust.
  bp=2048 bpt=a53 l1da=4 l1d=32 l1ia=4 l1i=64 l2a=4 l2=256 l3a=4 l3=1024 nhist=4 robc=2 robd=2 robw=32   2.8998   0.9981    34.82    14.99  Strongly Sust.
  bp=2048 bpt=a53 l1da=4 l1d=32 l1ia=4 l1i=16 l2a=4 l2=256 l3a=4 l3=1024 nhist=4 robc=2 robd=2 robw=32   2.9337   0.9980    34.00    14.89  Strongly Sust.
  bp=1024 bpt=a53 l1da=4 l1d=32 l1ia=4 l1i=16 l2a=4 l2=256 l3a=4 l3=1024 nhist=4 robc=2 robd=2 robw=32   2.9341   0.9975    34.00    14.89  Strongly Sust.
  bp=2048 bpt=a53 l1da=4 l1d=32 l1ia=4 l1i=64 l2a=4 l2=256 l3a=4 l3=1024 nhist=4 robc=2 robd=2 robw=16   2.9440   0.9902    34.74    14.77  Strongly Sust.
  bpt=pentium_m l1da=4 l1d=32 l1ia=4 l1i=64 l2a=4 l2=256 l3a=4 l3=1024 robc=2 robd=2 robw=16   2.9461   0.9874    34.74    14.76  Strongly Sust.
  Ran sniper 1 time this iteration (54 total).

=== Iteration 49 ===
  Evaluating 1 configuration(s) (top acquisition score of 400 candidates)...
  [mesmo] bpt=pentium_m l1da=8 l1d=64 l1ia=8 l1i=32 l2a=8 l2=512 l3a=16 l3=2048 robc=10 robd=2 robw=512  ASI= 1.4025  S=1.0302  A=  56.00  P= 26.71  [Strongly Sust.]  [ML2=1.06x, CCl=1.00x]

  Pareto front after iteration 49 (14 points, HV=3.0076):
  Params                                  ASI  Speedup     Area  PeakPow  Region
  ──────────────────────────────────────────────────────────────────────────────
  bpt=tage l1da=8 l1d=64 l1ia=8 l1i=16 l2a=4 l2=512 l3a=4 l3=4096 robc=8 robd=2 robw=1024   0.8705   1.0304    70.96    38.15  Unsustainable
  bpt=pentium_m l1da=8 l1d=64 l1ia=8 l1i=32 l2a=8 l2=512 l3a=16 l3=2048 robc=10 robd=2 robw=512   1.4025   1.0302    56.00    26.71  Strongly Sust.
  bpt=pentium_m l1da=8 l1d=64 l1ia=8 l1i=32 l2a=8 l2=512 l3a=16 l3=2048 robc=8 robd=2 robw=512   1.4025   1.0302    56.00    26.71  Strongly Sust.
  bpt=pentium_m l1da=8 l1d=64 l1ia=4 l1i=32 l2a=4 l2=512 l3a=4 l3=4096 robc=8 robd=2 robw=256   1.7997   1.0302    65.13    19.37  Strongly Sust.
  bpt=pentium_m l1da=8 l1d=64 l1ia=4 l1i=32 l2a=4 l2=512 l3a=4 l3=4096 robc=2 robd=2 robw=256   1.7997   1.0301    65.13    19.37  Strongly Sust.
  bpt=pentium_m l1da=8 l1d=64 l1ia=8 l1i=32 l2a=8 l2=512 l3a=16 l3=2048 robc=8 robd=2 robw=128   2.0450   1.0299    54.39    18.54  Strongly Sust.
  bpt=pentium_m l1da=4 l1d=32 l1ia=8 l1i=16 l2a=4 l2=256 l3a=4 l3=2048 robc=2 robd=2 robw=256   2.4315   1.0005    42.80    16.94  Strongly Sust.
  bpt=pentium_m l1da=4 l1d=32 l1ia=8 l1i=16 l2a=4 l2=256 l3a=4 l3=1024 robc=2 robd=2 robw=256   2.6597   1.0005    35.85    16.23  Strongly Sust.
  bpt=nn l1da=4 l1d=32 l1ia=8 l1i=16 l2a=4 l2=256 l3a=4 l3=1024 nnbl=16 nnlr=0.005 robc=2 robd=2 robw=32   2.7519   0.9982    35.61    15.71  Strongly Sust.
  bp=2048 bpt=a53 l1da=4 l1d=32 l1ia=4 l1i=64 l2a=4 l2=256 l3a=4 l3=1024 nhist=4 robc=2 robd=2 robw=32   2.8998   0.9981    34.82    14.99  Strongly Sust.
  bp=2048 bpt=a53 l1da=4 l1d=32 l1ia=4 l1i=16 l2a=4 l2=256 l3a=4 l3=1024 nhist=4 robc=2 robd=2 robw=32   2.9337   0.9980    34.00    14.89  Strongly Sust.
  bp=1024 bpt=a53 l1da=4 l1d=32 l1ia=4 l1i=16 l2a=4 l2=256 l3a=4 l3=1024 nhist=4 robc=2 robd=2 robw=32   2.9341   0.9975    34.00    14.89  Strongly Sust.
  bp=2048 bpt=a53 l1da=4 l1d=32 l1ia=4 l1i=64 l2a=4 l2=256 l3a=4 l3=1024 nhist=4 robc=2 robd=2 robw=16   2.9440   0.9902    34.74    14.77  Strongly Sust.
  bpt=pentium_m l1da=4 l1d=32 l1ia=4 l1i=64 l2a=4 l2=256 l3a=4 l3=1024 robc=2 robd=2 robw=16   2.9461   0.9874    34.74    14.76  Strongly Sust.
  Ran sniper 1 time this iteration (55 total).

=== Iteration 50 ===
  Evaluating 1 configuration(s) (top acquisition score of 400 candidates)...
  [mesmo] bpt=nn l1da=4 l1d=32 l1ia=4 l1i=64 l2a=4 l2=256 l3a=4 l3=1024 nnbl=64 nnlr=0.001 robc=2 robd=2 robw=16  ASI= 2.9679  S=0.9577  A=  34.74  P= 14.65  [Strongly Sust.]  [ML2=1.00x, CCl=0.92x]

  Pareto front after iteration 50 (15 points, HV=3.0285):
  Params                                  ASI  Speedup     Area  PeakPow  Region
  ──────────────────────────────────────────────────────────────────────────────
  bpt=tage l1da=8 l1d=64 l1ia=8 l1i=16 l2a=4 l2=512 l3a=4 l3=4096 robc=8 robd=2 robw=1024   0.8705   1.0304    70.96    38.15  Unsustainable
  bpt=pentium_m l1da=8 l1d=64 l1ia=8 l1i=32 l2a=8 l2=512 l3a=16 l3=2048 robc=10 robd=2 robw=512   1.4025   1.0302    56.00    26.71  Strongly Sust.
  bpt=pentium_m l1da=8 l1d=64 l1ia=8 l1i=32 l2a=8 l2=512 l3a=16 l3=2048 robc=8 robd=2 robw=512   1.4025   1.0302    56.00    26.71  Strongly Sust.
  bpt=pentium_m l1da=8 l1d=64 l1ia=4 l1i=32 l2a=4 l2=512 l3a=4 l3=4096 robc=8 robd=2 robw=256   1.7997   1.0302    65.13    19.37  Strongly Sust.
  bpt=pentium_m l1da=8 l1d=64 l1ia=4 l1i=32 l2a=4 l2=512 l3a=4 l3=4096 robc=2 robd=2 robw=256   1.7997   1.0301    65.13    19.37  Strongly Sust.
  bpt=pentium_m l1da=8 l1d=64 l1ia=8 l1i=32 l2a=8 l2=512 l3a=16 l3=2048 robc=8 robd=2 robw=128   2.0450   1.0299    54.39    18.54  Strongly Sust.
  bpt=pentium_m l1da=4 l1d=32 l1ia=8 l1i=16 l2a=4 l2=256 l3a=4 l3=2048 robc=2 robd=2 robw=256   2.4315   1.0005    42.80    16.94  Strongly Sust.
  bpt=pentium_m l1da=4 l1d=32 l1ia=8 l1i=16 l2a=4 l2=256 l3a=4 l3=1024 robc=2 robd=2 robw=256   2.6597   1.0005    35.85    16.23  Strongly Sust.
  bpt=nn l1da=4 l1d=32 l1ia=8 l1i=16 l2a=4 l2=256 l3a=4 l3=1024 nnbl=16 nnlr=0.005 robc=2 robd=2 robw=32   2.7519   0.9982    35.61    15.71  Strongly Sust.
  bp=2048 bpt=a53 l1da=4 l1d=32 l1ia=4 l1i=64 l2a=4 l2=256 l3a=4 l3=1024 nhist=4 robc=2 robd=2 robw=32   2.8998   0.9981    34.82    14.99  Strongly Sust.
  bp=2048 bpt=a53 l1da=4 l1d=32 l1ia=4 l1i=16 l2a=4 l2=256 l3a=4 l3=1024 nhist=4 robc=2 robd=2 robw=32   2.9337   0.9980    34.00    14.89  Strongly Sust.
  bp=1024 bpt=a53 l1da=4 l1d=32 l1ia=4 l1i=16 l2a=4 l2=256 l3a=4 l3=1024 nhist=4 robc=2 robd=2 robw=32   2.9341   0.9975    34.00    14.89  Strongly Sust.
  bp=2048 bpt=a53 l1da=4 l1d=32 l1ia=4 l1i=64 l2a=4 l2=256 l3a=4 l3=1024 nhist=4 robc=2 robd=2 robw=16   2.9440   0.9902    34.74    14.77  Strongly Sust.
  bpt=pentium_m l1da=4 l1d=32 l1ia=4 l1i=64 l2a=4 l2=256 l3a=4 l3=1024 robc=2 robd=2 robw=16   2.9461   0.9874    34.74    14.76  Strongly Sust.
  bpt=nn l1da=4 l1d=32 l1ia=4 l1i=64 l2a=4 l2=256 l3a=4 l3=1024 nnbl=64 nnlr=0.001 robc=2 robd=2 robw=16   2.9679   0.9577    34.74    14.65  Strongly Sust.
  Ran sniper 1 time this iteration (56 total).

Total sniper runs: 56
Final hypervolume: 3.0285

Plot saved → /home/jaco/school/stage/asi/asi-output/pareto_history.png
Plot saved → /home/jaco/school/stage/asi/asi-output/pareto_final.png
=== Final Pareto Front ===
  Params                                  ASI  Speedup     Area  PeakPow  Region
  ──────────────────────────────────────────────────────────────────────────────
  bpt=tage l1da=8 l1d=64 l1ia=8 l1i=16 l2a=4 l2=512 l3a=4 l3=4096 robc=8 robd=2 robw=1024   0.8705   1.0304    70.96    38.15  Unsustainable
  bpt=pentium_m l1da=8 l1d=64 l1ia=8 l1i=32 l2a=8 l2=512 l3a=16 l3=2048 robc=10 robd=2 robw=512   1.4025   1.0302    56.00    26.71  Strongly Sust.
  bpt=pentium_m l1da=8 l1d=64 l1ia=8 l1i=32 l2a=8 l2=512 l3a=16 l3=2048 robc=8 robd=2 robw=512   1.4025   1.0302    56.00    26.71  Strongly Sust.
  bpt=pentium_m l1da=8 l1d=64 l1ia=4 l1i=32 l2a=4 l2=512 l3a=4 l3=4096 robc=8 robd=2 robw=256   1.7997   1.0302    65.13    19.37  Strongly Sust.
  bpt=pentium_m l1da=8 l1d=64 l1ia=4 l1i=32 l2a=4 l2=512 l3a=4 l3=4096 robc=2 robd=2 robw=256   1.7997   1.0301    65.13    19.37  Strongly Sust.
  bpt=pentium_m l1da=8 l1d=64 l1ia=8 l1i=32 l2a=8 l2=512 l3a=16 l3=2048 robc=8 robd=2 robw=128   2.0450   1.0299    54.39    18.54  Strongly Sust.
  bpt=pentium_m l1da=4 l1d=32 l1ia=8 l1i=16 l2a=4 l2=256 l3a=4 l3=2048 robc=2 robd=2 robw=256   2.4315   1.0005    42.80    16.94  Strongly Sust.
  bpt=pentium_m l1da=4 l1d=32 l1ia=8 l1i=16 l2a=4 l2=256 l3a=4 l3=1024 robc=2 robd=2 robw=256   2.6597   1.0005    35.85    16.23  Strongly Sust.
  bpt=nn l1da=4 l1d=32 l1ia=8 l1i=16 l2a=4 l2=256 l3a=4 l3=1024 nnbl=16 nnlr=0.005 robc=2 robd=2 robw=32   2.7519   0.9982    35.61    15.71  Strongly Sust.
  bp=2048 bpt=a53 l1da=4 l1d=32 l1ia=4 l1i=64 l2a=4 l2=256 l3a=4 l3=1024 nhist=4 robc=2 robd=2 robw=32   2.8998   0.9981    34.82    14.99  Strongly Sust.
  bp=2048 bpt=a53 l1da=4 l1d=32 l1ia=4 l1i=16 l2a=4 l2=256 l3a=4 l3=1024 nhist=4 robc=2 robd=2 robw=32   2.9337   0.9980    34.00    14.89  Strongly Sust.
  bp=1024 bpt=a53 l1da=4 l1d=32 l1ia=4 l1i=16 l2a=4 l2=256 l3a=4 l3=1024 nhist=4 robc=2 robd=2 robw=32   2.9341   0.9975    34.00    14.89  Strongly Sust.
  bp=2048 bpt=a53 l1da=4 l1d=32 l1ia=4 l1i=64 l2a=4 l2=256 l3a=4 l3=1024 nhist=4 robc=2 robd=2 robw=16   2.9440   0.9902    34.74    14.77  Strongly Sust.
  bpt=pentium_m l1da=4 l1d=32 l1ia=4 l1i=64 l2a=4 l2=256 l3a=4 l3=1024 robc=2 robd=2 robw=16   2.9461   0.9874    34.74    14.76  Strongly Sust.
  bpt=nn l1da=4 l1d=32 l1ia=4 l1i=64 l2a=4 l2=256 l3a=4 l3=1024 nnbl=64 nnlr=0.001 robc=2 robd=2 robw=16   2.9679   0.9577    34.74    14.65  Strongly Sust.
