Logging to /home/jaco/school/stage/asi/asi-output/run.log

Benchmarks: ML2 (./libs/benchmarks/ML2/bench), CCl (./libs/benchmarks/CCl/bench)

Running baseline...
  Area=94.01 mm²  PeakPow=26.29 W
    ML2: Time=2006631 ns
    CCl: Time=232340 ns

=== Iteration 0 ===
  Evaluating 13 configurations...
  l1i=16                            ASI= 1.0034  S=1.0000  A=  93.77  P= 26.27  [Strongly Sust.]  [ML2=1.00x, CCl=1.00x]
  l1i=64                            ASI= 0.9911  S=1.0000  A=  94.60  P= 26.36  [Unsustainable]  [ML2=1.00x, CCl=1.00x]
  l1d=16                            ASI= 1.0143  S=0.9997  A=  92.90  P= 26.23  [Strongly Sust.]  [ML2=1.00x, CCl=1.00x]
  l1d=64                            ASI= 0.9947  S=1.0005  A=  94.34  P= 26.34  [Unsustainable]  [ML2=1.00x, CCl=1.00x]
  l2=128                            ASI= 1.0268  S=0.9865  A=  92.52  P= 26.01  [Strongly Sust.]  [ML2=0.97x, CCl=1.00x]
  l2=512                            ASI= 0.8981  S=1.0288  A= 100.23  P= 27.34  [Unsustainable]  [ML2=1.06x, CCl=1.00x]
  l3=1024                           ASI= 1.9299  S=1.0000  A=  44.36  P= 20.82  [Strongly Sust.]  [ML2=1.00x, CCl=1.00x]
  l3=2048                           ASI= 1.8037  S=1.0000  A=  49.23  P= 21.52  [Strongly Sust.]  [ML2=1.00x, CCl=1.00x]
  l3=4096                           ASI= 1.5358  S=1.0000  A=  61.27  P= 23.08  [Strongly Sust.]  [ML2=1.00x, CCl=1.00x]
  l1ia=8                            ASI= 0.9543  S=1.0000  A=  95.74  P= 27.05  [Unsustainable]  [ML2=1.00x, CCl=1.00x]
  l1da=4                            ASI= 1.0671  S=1.0000  A=  89.76  P= 25.75  [Strongly Sust.]  [ML2=1.00x, CCl=1.00x]
  bp=512                            ASI= 1.0042  S=0.9682  A=  94.01  P= 26.18  [Weakly S-FT]  [ML2=1.00x, CCl=0.94x]
  bp=2048                           ASI= 0.9980  S=1.0145  A=  94.01  P= 26.34  [Weakly S-FW]  [ML2=1.00x, CCl=1.03x]
  Deleted 9 non-Pareto output directories.

  Pareto front after iteration 0 (5 points):
  Params                                  ASI  Speedup     Area  PeakPow  Region
  ──────────────────────────────────────────────────────────────────────────────
  l2=512                               0.8981   1.0288   100.23    27.34  Unsustainable
  bp=2048                              0.9980   1.0145    94.01    26.34  Weakly S-FW
  baseline                             1.0000   1.0000    94.01    26.29  Reference
  l1da=4                               1.0671   1.0000    89.76    25.75  Strongly Sust.
  l3=1024                              1.9299   1.0000    44.36    20.82  Strongly Sust.

=== Iteration 1 ===
  Evaluating 38 configurations...
  l1i=16 l2=512                     ASI= 0.9013  S=1.0288  A=  99.99  P= 27.31  [Unsustainable]  [ML2=1.06x, CCl=1.00x]
  l1i=64 l2=512                     ASI= 0.8898  S=1.0288  A= 100.82  P= 27.41  [Unsustainable]  [ML2=1.06x, CCl=1.00x]
  l1d=16 l2=512                     ASI= 0.9116  S=1.0286  A=  99.12  P= 27.27  [Unsustainable]  [ML2=1.06x, CCl=1.00x]
  l1d=64 l2=512                     ASI= 0.8931  S=1.0293  A= 100.56  P= 27.38  [Unsustainable]  [ML2=1.06x, CCl=1.00x]
  l2=512 l3=1024                    ASI= 1.7575  S=1.0288  A=  50.59  P= 21.87  [Strongly Sust.]  [ML2=1.06x, CCl=1.00x]
  l2=512 l3=2048                    ASI= 1.6426  S=1.0288  A=  55.45  P= 22.57  [Strongly Sust.]  [ML2=1.06x, CCl=1.00x]
  l2=512 l3=4096                    ASI= 1.3969  S=1.0288  A=  67.49  P= 24.13  [Strongly Sust.]  [ML2=1.06x, CCl=1.00x]
  l1ia=8 l2=512                     ASI= 0.8563  S=1.0288  A= 101.95  P= 28.11  [Unsustainable]  [ML2=1.06x, CCl=1.00x]
  l1da=4 l2=512                     ASI= 0.9608  S=1.0288  A=  95.97  P= 26.79  [Unsustainable]  [ML2=1.06x, CCl=1.00x]
  bp=512 l2=512                     ASI= 0.9017  S=0.9961  A= 100.23  P= 27.23  [Unsustainable]  [ML2=1.06x, CCl=0.94x]
  bp=2048 l2=512                    ASI= 0.8964  S=1.0436  A= 100.23  P= 27.39  [Unsustainable]  [ML2=1.06x, CCl=1.03x]
  l1i=16 l3=1024                    ASI= 1.9352  S=1.0000  A=  44.12  P= 20.79  [Strongly Sust.]  [ML2=1.00x, CCl=1.00x]
  l1i=64 l3=1024                    ASI= 1.9156  S=1.0000  A=  44.95  P= 20.89  [Strongly Sust.]  [ML2=1.00x, CCl=1.00x]
  l1d=16 l3=1024                    ASI= 1.9508  S=0.9998  A=  43.25  P= 20.75  [Strongly Sust.]  [ML2=1.00x, CCl=1.00x]
  l1d=64 l3=1024                    ASI= 1.9211  S=1.0004  A=  44.70  P= 20.86  [Strongly Sust.]  [ML2=1.00x, CCl=1.00x]
  l2=128 l3=1024                    ASI= 1.9767  S=0.9864  A=  42.87  P= 20.53  [Strongly Sust.]  [ML2=0.97x, CCl=1.00x]
  l1ia=8 l3=1024                    ASI= 1.8400  S=0.9999  A=  46.09  P= 21.57  [Strongly Sust.]  [ML2=1.00x, CCl=1.00x]
  l1da=4 l3=1024                    ASI= 2.0400  S=1.0000  A=  40.10  P= 20.28  [Strongly Sust.]  [ML2=1.00x, CCl=1.00x]
  bp=512 l3=1024                    ASI= 1.9402  S=0.9683  A=  44.36  P= 20.71  [Strongly Sust.]  [ML2=1.00x, CCl=0.94x]
  bp=2048 l3=1024                   ASI= 1.9251  S=1.0145  A=  44.36  P= 20.87  [Strongly Sust.]  [ML2=1.00x, CCl=1.03x]
  l1da=4 l1i=16                     ASI= 1.0707  S=1.0000  A=  89.52  P= 25.73  [Strongly Sust.]  [ML2=1.00x, CCl=1.00x]
  l1da=4 l1i=64                     ASI= 1.0579  S=1.0000  A=  90.34  P= 25.82  [Strongly Sust.]  [ML2=1.00x, CCl=1.00x]
  l1da=4 l1d=16                     ASI= 1.0708  S=0.9998  A=  89.56  P= 25.71  [Strongly Sust.]  [ML2=1.00x, CCl=1.00x]
  l1da=4 l1d=64                     ASI= 1.0631  S=1.0004  A=  89.93  P= 25.80  [Strongly Sust.]  [ML2=1.00x, CCl=1.00x]
  l1da=4 l2=128                     ASI= 1.0951  S=0.9865  A=  88.27  P= 25.48  [Strongly Sust.]  [ML2=0.97x, CCl=1.00x]
  l1da=4 l3=2048                    ASI= 1.9069  S=1.0000  A=  44.97  P= 20.98  [Strongly Sust.]  [ML2=1.00x, CCl=1.00x]
  l1da=4 l3=4096                    ASI= 1.6253  S=1.0000  A=  57.01  P= 22.54  [Strongly Sust.]  [ML2=1.00x, CCl=1.00x]
  l1da=4 l1ia=8                     ASI= 1.0185  S=1.0000  A=  91.48  P= 26.51  [Strongly Sust.]  [ML2=1.00x, CCl=1.00x]
  bp=512 l1da=4                     ASI= 1.0712  S=0.9683  A=  89.76  P= 25.65  [Strongly Sust.]  [ML2=1.00x, CCl=0.94x]
  bp=2048 l1da=4                    ASI= 1.0652  S=1.0145  A=  89.76  P= 25.80  [Strongly Sust.]  [ML2=1.00x, CCl=1.03x]
  bp=2048 l1i=16                    ASI= 1.0015  S=1.0145  A=  93.77  P= 26.32  [Strongly Sust.]  [ML2=1.00x, CCl=1.03x]
  bp=2048 l1i=64                    ASI= 0.9892  S=1.0145  A=  94.60  P= 26.41  [Weakly S-FW]  [ML2=1.00x, CCl=1.03x]
  bp=2048 l1d=16                    ASI= 1.0123  S=1.0143  A=  92.90  P= 26.28  [Strongly Sust.]  [ML2=1.00x, CCl=1.03x]
  bp=2048 l1d=64                    ASI= 0.9927  S=1.0150  A=  94.34  P= 26.39  [Weakly S-FW]  [ML2=1.00x, CCl=1.03x]
  bp=2048 l2=128                    ASI= 1.0248  S=1.0008  A=  92.52  P= 26.06  [Strongly Sust.]  [ML2=0.97x, CCl=1.03x]
  bp=2048 l3=2048                   ASI= 1.7994  S=1.0145  A=  49.23  P= 21.57  [Strongly Sust.]  [ML2=1.00x, CCl=1.03x]
  bp=2048 l3=4096                   ASI= 1.5324  S=1.0145  A=  61.27  P= 23.13  [Strongly Sust.]  [ML2=1.00x, CCl=1.03x]
  bp=2048 l1ia=8                    ASI= 0.9521  S=1.0145  A=  95.74  P= 27.11  [Unsustainable]  [ML2=1.00x, CCl=1.03x]
  Freezing 'l1i_size' for 2 iterations (backoff ×1)
  Freezing 'l1d_size' for 2 iterations (backoff ×1)
  Freezing 'l1i_assoc' for 2 iterations (backoff ×1)
  Freezing 'branch_predictor_size' for 2 iterations (backoff ×1)
  Deleted 33 non-Pareto output directories.

  Pareto front after iteration 1 (9 points):
  Params                                  ASI  Speedup     Area  PeakPow  Region
  ──────────────────────────────────────────────────────────────────────────────
  bp=2048 l2=512                       0.8964   1.0436   100.23    27.39  Unsustainable
  l1da=4 l2=512                        0.9608   1.0288    95.97    26.79  Unsustainable
  l2=512 l3=4096                       1.3969   1.0288    67.49    24.13  Strongly Sust.
  l2=512 l3=2048                       1.6426   1.0288    55.45    22.57  Strongly Sust.
  l2=512 l3=1024                       1.7575   1.0288    50.59    21.87  Strongly Sust.
  bp=2048 l3=2048                      1.7994   1.0145    49.23    21.57  Strongly Sust.
  bp=2048 l3=1024                      1.9251   1.0145    44.36    20.87  Strongly Sust.
  l1i=16 l3=1024                       1.9352   1.0000    44.12    20.79  Strongly Sust.
  l1da=4 l3=1024                       2.0400   1.0000    40.10    20.28  Strongly Sust.

=== Iteration 2 ===
  Evaluating 15 configurations...
  l1da=4 l2=512 l3=1024             ASI= 1.8584  S=1.0288  A=  46.33  P= 21.32  [Strongly Sust.]  [ML2=1.06x, CCl=1.00x]
  l1da=4 l2=512 l3=2048             ASI= 1.7374  S=1.0288  A=  51.20  P= 22.02  [Strongly Sust.]  [ML2=1.06x, CCl=1.00x]
  l1da=4 l2=512 l3=4096             ASI= 1.4797  S=1.0288  A=  63.24  P= 23.58  [Strongly Sust.]  [ML2=1.06x, CCl=1.00x]
  bp=2048 l2=512 l3=1024            ASI= 1.7534  S=1.0436  A=  50.59  P= 21.92  [Strongly Sust.]  [ML2=1.06x, CCl=1.03x]
  bp=2048 l2=512 l3=2048            ASI= 1.6389  S=1.0437  A=  55.45  P= 22.62  [Strongly Sust.]  [ML2=1.06x, CCl=1.03x]
  bp=2048 l2=512 l3=4096            ASI= 1.3939  S=1.0437  A=  67.49  P= 24.18  [Strongly Sust.]  [ML2=1.06x, CCl=1.03x]
  bp=2048 l1da=4 l2=512             ASI= 0.9592  S=1.0437  A=  95.97  P= 26.84  [Weakly S-FW]  [ML2=1.06x, CCl=1.03x]
  l1i=16 l2=128 l3=1024             ASI= 1.9822  S=0.9865  A=  42.63  P= 20.51  [Strongly Sust.]  [ML2=0.97x, CCl=1.00x]
  l1i=16 l2=512 l3=1024             ASI= 1.7624  S=1.0287  A=  50.35  P= 21.85  [Strongly Sust.]  [ML2=1.06x, CCl=1.00x]
  l1da=4 l1i=16 l3=1024             ASI= 2.0456  S=1.0000  A=  39.86  P= 20.25  [Strongly Sust.]  [ML2=1.00x, CCl=1.00x]
  l1da=4 l2=128 l3=1024             ASI= 2.0893  S=0.9865  A=  38.61  P= 20.00  [Strongly Sust.]  [ML2=0.97x, CCl=1.00x]
  bp=2048 l2=128 l3=1024            ASI= 1.9718  S=1.0008  A=  42.87  P= 20.59  [Strongly Sust.]  [ML2=0.97x, CCl=1.03x]
  bp=2048 l1da=4 l3=1024            ASI= 2.0354  S=1.0145  A=  40.10  P= 20.32  [Strongly Sust.]  [ML2=1.00x, CCl=1.03x]
  bp=2048 l2=128 l3=2048            ASI= 1.8428  S=1.0008  A=  47.74  P= 21.29  [Strongly Sust.]  [ML2=0.97x, CCl=1.03x]
  bp=2048 l1da=4 l3=2048            ASI= 1.9027  S=1.0145  A=  44.97  P= 21.03  [Strongly Sust.]  [ML2=1.00x, CCl=1.03x]
  Deleted 15 non-Pareto output directories.

  Pareto front after iteration 2 (9 points):
  Params                                  ASI  Speedup     Area  PeakPow  Region
  ──────────────────────────────────────────────────────────────────────────────
  bp=2048 l2=512 l3=4096               1.3939   1.0437    67.49    24.18  Strongly Sust.
  bp=2048 l2=512 l3=2048               1.6389   1.0437    55.45    22.62  Strongly Sust.
  bp=2048 l2=512 l3=1024               1.7534   1.0436    50.59    21.92  Strongly Sust.
  l2=512 l3=1024                       1.7575   1.0288    50.59    21.87  Strongly Sust.
  l1da=4 l2=512 l3=1024                1.8584   1.0288    46.33    21.32  Strongly Sust.
  bp=2048 l1da=4 l3=2048               1.9027   1.0145    44.97    21.03  Strongly Sust.
  bp=2048 l1da=4 l3=1024               2.0354   1.0145    40.10    20.32  Strongly Sust.
  l1da=4 l1i=16 l3=1024                2.0456   1.0000    39.86    20.25  Strongly Sust.
  l1da=4 l2=128 l3=1024                2.0893   0.9865    38.61    20.00  Strongly Sust.

=== Iteration 3 ===
  Evaluating 7 configurations...
  bp=2048 l1da=4 l2=512 l3=1024     ASI= 1.8544  S=1.0437  A=  46.33  P= 21.37  [Strongly Sust.]  [ML2=1.06x, CCl=1.03x]
  bp=2048 l1da=4 l2=512 l3=2048     ASI= 1.7338  S=1.0437  A=  51.20  P= 22.07  [Strongly Sust.]  [ML2=1.06x, CCl=1.03x]
  bp=2048 l1da=4 l2=512 l3=4096     ASI= 1.4768  S=1.0437  A=  63.24  P= 23.63  [Strongly Sust.]  [ML2=1.06x, CCl=1.03x]
  l1da=4 l1i=16 l2=128 l3=1024      ASI= 2.0951  S=0.9864  A=  38.37  P= 19.98  [Strongly Sust.]  [ML2=0.97x, CCl=1.00x]
  l1da=4 l1i=16 l2=512 l3=1024      ASI= 1.8635  S=1.0287  A=  46.09  P= 21.30  [Strongly Sust.]  [ML2=1.06x, CCl=1.00x]
  bp=2048 l1da=4 l2=128 l3=1024     ASI= 2.0846  S=1.0008  A=  38.61  P= 20.04  [Strongly Sust.]  [ML2=0.97x, CCl=1.03x]
  bp=2048 l1da=4 l2=128 l3=2048     ASI= 1.9484  S=1.0008  A=  43.48  P= 20.75  [Strongly Sust.]  [ML2=0.97x, CCl=1.03x]
  Deleted 7 non-Pareto output directories.

  Pareto front after iteration 3 (9 points):
  Params                                  ASI  Speedup     Area  PeakPow  Region
  ──────────────────────────────────────────────────────────────────────────────
  bp=2048 l1da=4 l2=512 l3=2048        1.7338   1.0437    51.20    22.07  Strongly Sust.
  bp=2048 l1da=4 l2=512 l3=1024        1.8544   1.0437    46.33    21.37  Strongly Sust.
  l1da=4 l2=512 l3=1024                1.8584   1.0288    46.33    21.32  Strongly Sust.
  l1da=4 l1i=16 l2=512 l3=1024         1.8635   1.0287    46.09    21.30  Strongly Sust.
  bp=2048 l1da=4 l3=2048               1.9027   1.0145    44.97    21.03  Strongly Sust.
  bp=2048 l1da=4 l3=1024               2.0354   1.0145    40.10    20.32  Strongly Sust.
  bp=2048 l1da=4 l2=128 l3=1024        2.0846   1.0008    38.61    20.04  Strongly Sust.
  l1da=4 l2=128 l3=1024                2.0893   0.9865    38.61    20.00  Strongly Sust.
  l1da=4 l1i=16 l2=128 l3=1024         2.0951   0.9864    38.37    19.98  Strongly Sust.

=== Iteration 4 ===
  Evaluating 23 configurations...
  bp=2048 l1da=4 l1i=16 l2=512 l3=1024  ASI= 1.8595  S=1.0436  A=  46.09  P= 21.35  [Strongly Sust.]  [ML2=1.06x, CCl=1.03x]
  bp=2048 l1da=4 l1i=64 l2=512 l3=1024  ASI= 1.8407  S=1.0436  A=  46.92  P= 21.44  [Strongly Sust.]  [ML2=1.06x, CCl=1.03x]
  bp=2048 l1da=4 l1d=16 l2=512 l3=1024  ASI= 1.8602  S=1.0435  A=  46.13  P= 21.33  [Strongly Sust.]  [ML2=1.06x, CCl=1.03x]
  bp=2048 l1da=4 l1d=64 l2=512 l3=1024  ASI= 1.8476  S=1.0442  A=  46.50  P= 21.42  [Strongly Sust.]  [ML2=1.06x, CCl=1.03x]
  bp=2048 l1da=4 l1ia=8 l2=512 l3=1024  ASI= 1.7672  S=1.0437  A=  48.06  P= 22.15  [Strongly Sust.]  [ML2=1.06x, CCl=1.03x]
  bp=2048 l1da=4 l1i=16 l2=512 l3=2048  ASI= 1.7386  S=1.0437  A=  50.96  P= 22.05  [Strongly Sust.]  [ML2=1.06x, CCl=1.03x]
  bp=2048 l1da=4 l1i=64 l2=512 l3=2048  ASI= 1.7209  S=1.0437  A=  51.78  P= 22.14  [Strongly Sust.]  [ML2=1.06x, CCl=1.03x]
  bp=2048 l1da=4 l1d=16 l2=512 l3=2048  ASI= 1.7393  S=1.0435  A=  51.00  P= 22.03  [Strongly Sust.]  [ML2=1.06x, CCl=1.03x]
  bp=2048 l1da=4 l1d=64 l2=512 l3=2048  ASI= 1.7276  S=1.0442  A=  51.37  P= 22.12  [Strongly Sust.]  [ML2=1.06x, CCl=1.03x]
  bp=2048 l1da=4 l1ia=8 l2=512 l3=2048  ASI= 1.6534  S=1.0437  A=  52.92  P= 22.85  [Strongly Sust.]  [ML2=1.06x, CCl=1.03x]
  l1da=4 l1d=16 l1i=16 l2=128 l3=1024  ASI= 2.1017  S=0.9862  A=  38.17  P= 19.94  [Strongly Sust.]  [ML2=0.97x, CCl=1.00x]
  l1da=4 l1d=64 l1i=16 l2=128 l3=1024  ASI= 2.0872  S=0.9870  A=  38.54  P= 20.03  [Strongly Sust.]  [ML2=0.97x, CCl=1.00x]
  l1da=4 l1ia=8 l1i=16 l2=128 l3=1024  ASI= 1.9985  S=0.9865  A=  39.98  P= 20.71  [Strongly Sust.]  [ML2=0.97x, CCl=1.00x]
  bp=512 l1da=4 l1i=16 l2=128 l3=1024  ASI= 2.1054  S=0.9551  A=  38.37  P= 19.88  [Strongly Sust.]  [ML2=0.97x, CCl=0.94x]
  bp=2048 l1da=4 l1i=16 l2=128 l3=1024  ASI= 2.0903  S=1.0008  A=  38.37  P= 20.02  [Strongly Sust.]  [ML2=0.97x, CCl=1.03x]
  l1da=4 l1d=16 l1i=16 l2=512 l3=1024  ASI= 1.8693  S=1.0285  A=  45.89  P= 21.26  [Strongly Sust.]  [ML2=1.06x, CCl=1.00x]
  l1da=4 l1d=64 l1i=16 l2=512 l3=1024  ASI= 1.8567  S=1.0293  A=  46.26  P= 21.35  [Strongly Sust.]  [ML2=1.06x, CCl=1.00x]
  l1da=4 l1ia=8 l1i=16 l2=512 l3=1024  ASI= 1.7786  S=1.0287  A=  47.70  P= 22.06  [Strongly Sust.]  [ML2=1.06x, CCl=1.00x]
  bp=512 l1da=4 l1i=16 l2=512 l3=1024  ASI= 1.8721  S=0.9961  A=  46.09  P= 21.20  [Strongly Sust.]  [ML2=1.06x, CCl=0.94x]
  bp=2048 l1da=4 l1i=64 l2=128 l3=1024  ASI= 2.0692  S=1.0007  A=  39.20  P= 20.11  [Strongly Sust.]  [ML2=0.97x, CCl=1.03x]
  bp=2048 l1da=4 l1d=16 l2=128 l3=1024  ASI= 2.0912  S=1.0006  A=  38.41  P= 20.01  [Strongly Sust.]  [ML2=0.97x, CCl=1.03x]
  bp=2048 l1da=4 l1d=64 l2=128 l3=1024  ASI= 2.0768  S=1.0012  A=  38.78  P= 20.10  [Strongly Sust.]  [ML2=0.97x, CCl=1.03x]
  bp=2048 l1da=4 l1ia=8 l2=128 l3=1024  ASI= 1.9855  S=1.0007  A=  40.34  P= 20.80  [Strongly Sust.]  [ML2=0.97x, CCl=1.03x]
  Freezing 'l1i_size' for 4 iterations (backoff ×2)
  Freezing 'l1d_size' for 4 iterations (backoff ×2)
  Freezing 'l1i_assoc' for 4 iterations (backoff ×2)
  Freezing 'branch_predictor_size' for 4 iterations (backoff ×2)
  Deleted 16 non-Pareto output directories.

  Pareto front after iteration 4 (16 points):
  Params                                  ASI  Speedup     Area  PeakPow  Region
  ──────────────────────────────────────────────────────────────────────────────
  bp=2048 l1da=4 l1d=64 l2=512 l3=2048   1.7276   1.0442    51.37    22.12  Strongly Sust.
  bp=2048 l1da=4 l1d=64 l2=512 l3=1024   1.8476   1.0442    46.50    21.42  Strongly Sust.
  bp=2048 l1da=4 l2=512 l3=1024        1.8544   1.0437    46.33    21.37  Strongly Sust.
  bp=2048 l1da=4 l1i=16 l2=512 l3=1024   1.8595   1.0436    46.09    21.35  Strongly Sust.
  bp=2048 l1da=4 l1d=16 l2=512 l3=1024   1.8602   1.0435    46.13    21.33  Strongly Sust.
  l1da=4 l1i=16 l2=512 l3=1024         1.8635   1.0287    46.09    21.30  Strongly Sust.
  l1da=4 l1d=16 l1i=16 l2=512 l3=1024   1.8693   1.0285    45.89    21.26  Strongly Sust.
  bp=2048 l1da=4 l3=2048               1.9027   1.0145    44.97    21.03  Strongly Sust.
  bp=2048 l1da=4 l3=1024               2.0354   1.0145    40.10    20.32  Strongly Sust.
  bp=2048 l1da=4 l1d=64 l2=128 l3=1024   2.0768   1.0012    38.78    20.10  Strongly Sust.
  bp=2048 l1da=4 l2=128 l3=1024        2.0846   1.0008    38.61    20.04  Strongly Sust.
  bp=2048 l1da=4 l1i=16 l2=128 l3=1024   2.0903   1.0008    38.37    20.02  Strongly Sust.
  bp=2048 l1da=4 l1d=16 l2=128 l3=1024   2.0912   1.0006    38.41    20.01  Strongly Sust.
  l1da=4 l1i=16 l2=128 l3=1024         2.0951   0.9864    38.37    19.98  Strongly Sust.
  l1da=4 l1d=16 l1i=16 l2=128 l3=1024   2.1017   0.9862    38.17    19.94  Strongly Sust.
  bp=512 l1da=4 l1i=16 l2=128 l3=1024   2.1054   0.9551    38.37    19.88  Strongly Sust.

=== Iteration 5 ===
  Search set empty — terminating early.

=== Final Pareto Front ===
  Params                                  ASI  Speedup     Area  PeakPow  Region
  ──────────────────────────────────────────────────────────────────────────────
  bp=2048 l1da=4 l1d=64 l2=512 l3=2048   1.7276   1.0442    51.37    22.12  Strongly Sust.
  bp=2048 l1da=4 l1d=64 l2=512 l3=1024   1.8476   1.0442    46.50    21.42  Strongly Sust.
  bp=2048 l1da=4 l2=512 l3=1024        1.8544   1.0437    46.33    21.37  Strongly Sust.
  bp=2048 l1da=4 l1i=16 l2=512 l3=1024   1.8595   1.0436    46.09    21.35  Strongly Sust.
  bp=2048 l1da=4 l1d=16 l2=512 l3=1024   1.8602   1.0435    46.13    21.33  Strongly Sust.
  l1da=4 l1i=16 l2=512 l3=1024         1.8635   1.0287    46.09    21.30  Strongly Sust.
  l1da=4 l1d=16 l1i=16 l2=512 l3=1024   1.8693   1.0285    45.89    21.26  Strongly Sust.
  bp=2048 l1da=4 l3=2048               1.9027   1.0145    44.97    21.03  Strongly Sust.
  bp=2048 l1da=4 l3=1024               2.0354   1.0145    40.10    20.32  Strongly Sust.
  bp=2048 l1da=4 l1d=64 l2=128 l3=1024   2.0768   1.0012    38.78    20.10  Strongly Sust.
  bp=2048 l1da=4 l2=128 l3=1024        2.0846   1.0008    38.61    20.04  Strongly Sust.
  bp=2048 l1da=4 l1i=16 l2=128 l3=1024   2.0903   1.0008    38.37    20.02  Strongly Sust.
  bp=2048 l1da=4 l1d=16 l2=128 l3=1024   2.0912   1.0006    38.41    20.01  Strongly Sust.
  l1da=4 l1i=16 l2=128 l3=1024         2.0951   0.9864    38.37    19.98  Strongly Sust.
  l1da=4 l1d=16 l1i=16 l2=128 l3=1024   2.1017   0.9862    38.17    19.94  Strongly Sust.
  bp=512 l1da=4 l1i=16 l2=128 l3=1024   2.1054   0.9551    38.37    19.88  Strongly Sust.
