Logging to /home/jaco/school/stage/asi/asi-output/run.log

Benchmarks: ML2 (./libs/benchmarks/ML2/bench), CCl (./libs/benchmarks/CCl/bench)

Running baseline...
  Area=94.01 mm²  PeakPow=26.67 W
    ML2: Time=2074129 ns
    CCl: Time=187240 ns

=== Initial design (7 points: baseline + 6 random configurations) ===
  [mesmo] baseline                          ASI= 1.0000  S=1.0000  A=  94.01  P= 26.67  [Reference]  [ML2=1.00x, CCl=1.00x]
  [mesmo] bpt=pentium_m l1da=4 l1d=16 l1ia=8 l1i=16 l2a=4 l2=256 l3a=4 l3=2048 robc=2 robd=2 robw=256  ASI= 2.4405  S=1.0002  A=  42.61  P= 16.90  [Strongly Sust.]  [ML2=1.00x, CCl=1.00x]
  [mesmo] bp=2048 bpt=a53 l1da=4 l1d=32 l1ia=4 l1i=16 l2a=8 l2=256 l3a=8 l3=2048 nhist=3 robc=10 robd=8 robw=1024  ASI= 0.0084  S=1.0007  A= 152.68  P=1187.59  [Unsustainable]  [ML2=1.00x, CCl=1.00x]
  [mesmo] bp=2048 bpt=a53 l1da=4 l1d=16 l1ia=8 l1i=16 l2a=4 l2=128 l3a=16 l3=1024 nhist=2 robc=4 robd=10 robw=128  ASI= 0.0743  S=0.9858  A=  67.03  P=462.21  [Unsustainable]  [ML2=0.97x, CCl=1.00x]
  [mesmo] bpt=nn l1da=8 l1d=32 l1ia=4 l1i=16 l2a=8 l2=512 l3a=16 l3=2048 nnbl=32 nnlr=0.0005 robc=4 robd=10 robw=1024  ASI=-0.0063  S=1.0279  A= 246.19  P=2632.63  [Unsustainable]  [ML2=1.06x, CCl=1.00x]
  [mesmo] bpt=nn l1da=8 l1d=16 l1ia=8 l1i=64 l2a=4 l2=256 l3a=8 l3=2048 nnbl=32 nnlr=0.005 robc=10 robd=8 robw=1024  ASI= 0.0073  S=1.0000  A= 157.56  P=1188.88  [Unsustainable]  [ML2=1.00x, CCl=1.00x]
  [mesmo] bp=1024 bpt=a53 l1da=8 l1d=16 l1ia=8 l1i=16 l2a=8 l2=512 l3a=16 l3=1024 nhist=3 robc=10 robd=8 robw=256  ASI= 0.0562  S=1.0287  A=  82.16  P=534.21  [Unsustainable]  [ML2=1.06x, CCl=1.00x]

  Pareto front after initial design (2 points, HV=2.4425):
  Params                                  ASI  Speedup     Area  PeakPow  Region
  ──────────────────────────────────────────────────────────────────────────────
  bp=1024 bpt=a53 l1da=8 l1d=16 l1ia=8 l1i=16 l2a=8 l2=512 l3a=16 l3=1024 nhist=3 robc=10 robd=8 robw=256   0.0562   1.0287    82.16   534.21  Unsustainable
  bpt=pentium_m l1da=4 l1d=16 l1ia=8 l1i=16 l2a=4 l2=256 l3a=4 l3=2048 robc=2 robd=2 robw=256   2.4405   1.0002    42.61    16.90  Strongly Sust.
  Ran sniper 6 times this step (6 total).

=== Iteration 1 ===
  Evaluating 1 configuration(s) (top acquisition score of 90 candidates)...
  [mesmo] bpt=nn l1da=8 l1d=16 l1ia=8 l1i=16 l2a=8 l2=512 l3a=16 l3=1024 nnbl=32 nnlr=0.0005 robc=10 robd=8 robw=256  ASI= 0.0562  S=1.0205  A=  82.16  P=534.18  [Unsustainable]  [ML2=1.04x, CCl=1.00x]

  Pareto front after iteration 1 (3 points, HV=2.4425):
  Params                                  ASI  Speedup     Area  PeakPow  Region
  ──────────────────────────────────────────────────────────────────────────────
  bp=1024 bpt=a53 l1da=8 l1d=16 l1ia=8 l1i=16 l2a=8 l2=512 l3a=16 l3=1024 nhist=3 robc=10 robd=8 robw=256   0.0562   1.0287    82.16   534.21  Unsustainable
  bpt=nn l1da=8 l1d=16 l1ia=8 l1i=16 l2a=8 l2=512 l3a=16 l3=1024 nnbl=32 nnlr=0.0005 robc=10 robd=8 robw=256   0.0562   1.0205    82.16   534.18  Unsustainable
  bpt=pentium_m l1da=4 l1d=16 l1ia=8 l1i=16 l2a=4 l2=256 l3a=4 l3=2048 robc=2 robd=2 robw=256   2.4405   1.0002    42.61    16.90  Strongly Sust.
  Ran sniper 1 time this iteration (7 total).

=== Iteration 2 ===
  Evaluating 1 configuration(s) (top acquisition score of 115 candidates)...
  [mesmo] bp=512 bpt=a53 l1da=8 l1d=16 l1ia=8 l1i=16 l2a=8 l2=512 l3a=16 l3=1024 nhist=4 robc=10 robd=8 robw=256  ASI= 0.0562  S=1.0287  A=  82.16  P=534.21  [Unsustainable]  [ML2=1.06x, CCl=1.00x]
  Deleted 1 non-Pareto output directory.

  Pareto front after iteration 2 (3 points, HV=2.4425):
  Params                                  ASI  Speedup     Area  PeakPow  Region
  ──────────────────────────────────────────────────────────────────────────────
  bp=1024 bpt=a53 l1da=8 l1d=16 l1ia=8 l1i=16 l2a=8 l2=512 l3a=16 l3=1024 nhist=3 robc=10 robd=8 robw=256   0.0562   1.0287    82.16   534.21  Unsustainable
  bpt=nn l1da=8 l1d=16 l1ia=8 l1i=16 l2a=8 l2=512 l3a=16 l3=1024 nnbl=32 nnlr=0.0005 robc=10 robd=8 robw=256   0.0562   1.0205    82.16   534.18  Unsustainable
  bpt=pentium_m l1da=4 l1d=16 l1ia=8 l1i=16 l2a=4 l2=256 l3a=4 l3=2048 robc=2 robd=2 robw=256   2.4405   1.0002    42.61    16.90  Strongly Sust.
  Ran sniper 1 time this iteration (8 total).

=== Iteration 3 ===
  Evaluating 1 configuration(s) (top acquisition score of 114 candidates)...
  [mesmo] bp=1024 bpt=a53 l1da=8 l1d=16 l1ia=8 l1i=16 l2a=8 l2=512 l3a=16 l3=4096 nhist=3 robc=10 robd=8 robw=256  ASI= 0.0470  S=1.0287  A=  99.05  P=536.47  [Unsustainable]  [ML2=1.06x, CCl=1.00x]
  Deleted 1 non-Pareto output directory.

  Pareto front after iteration 3 (3 points, HV=2.4425):
  Params                                  ASI  Speedup     Area  PeakPow  Region
  ──────────────────────────────────────────────────────────────────────────────
  bp=1024 bpt=a53 l1da=8 l1d=16 l1ia=8 l1i=16 l2a=8 l2=512 l3a=16 l3=1024 nhist=3 robc=10 robd=8 robw=256   0.0562   1.0287    82.16   534.21  Unsustainable
  bpt=nn l1da=8 l1d=16 l1ia=8 l1i=16 l2a=8 l2=512 l3a=16 l3=1024 nnbl=32 nnlr=0.0005 robc=10 robd=8 robw=256   0.0562   1.0205    82.16   534.18  Unsustainable
  bpt=pentium_m l1da=4 l1d=16 l1ia=8 l1i=16 l2a=4 l2=256 l3a=4 l3=2048 robc=2 robd=2 robw=256   2.4405   1.0002    42.61    16.90  Strongly Sust.
  Ran sniper 1 time this iteration (9 total).

=== Iteration 4 ===
  Evaluating 1 configuration(s) (top acquisition score of 113 candidates)...
  [mesmo] bpt=pentium_m l1da=4 l1d=32 l1ia=8 l1i=16 l2a=4 l2=256 l3a=4 l3=2048 robc=2 robd=2 robw=256  ASI= 2.4315  S=1.0005  A=  42.80  P= 16.94  [Strongly Sust.]  [ML2=1.00x, CCl=1.00x]

  Pareto front after iteration 4 (4 points, HV=2.4434):
  Params                                  ASI  Speedup     Area  PeakPow  Region
  ──────────────────────────────────────────────────────────────────────────────
  bp=1024 bpt=a53 l1da=8 l1d=16 l1ia=8 l1i=16 l2a=8 l2=512 l3a=16 l3=1024 nhist=3 robc=10 robd=8 robw=256   0.0562   1.0287    82.16   534.21  Unsustainable
  bpt=nn l1da=8 l1d=16 l1ia=8 l1i=16 l2a=8 l2=512 l3a=16 l3=1024 nnbl=32 nnlr=0.0005 robc=10 robd=8 robw=256   0.0562   1.0205    82.16   534.18  Unsustainable
  bpt=pentium_m l1da=4 l1d=32 l1ia=8 l1i=16 l2a=4 l2=256 l3a=4 l3=2048 robc=2 robd=2 robw=256   2.4315   1.0005    42.80    16.94  Strongly Sust.
  bpt=pentium_m l1da=4 l1d=16 l1ia=8 l1i=16 l2a=4 l2=256 l3a=4 l3=2048 robc=2 robd=2 robw=256   2.4405   1.0002    42.61    16.90  Strongly Sust.
  Ran sniper 1 time this iteration (10 total).

=== Iteration 5 ===
  Evaluating 1 configuration(s) (top acquisition score of 154 candidates)...
  [mesmo] bp=512 bpt=a53 l1da=8 l1d=16 l1ia=8 l1i=16 l2a=8 l2=512 l3a=16 l3=1024 nhist=3 robc=10 robd=8 robw=256  ASI= 0.0562  S=1.0287  A=  82.16  P=534.21  [Unsustainable]  [ML2=1.06x, CCl=1.00x]
  Deleted 1 non-Pareto output directory.

  Pareto front after iteration 5 (4 points, HV=2.4434):
  Params                                  ASI  Speedup     Area  PeakPow  Region
  ──────────────────────────────────────────────────────────────────────────────
  bp=1024 bpt=a53 l1da=8 l1d=16 l1ia=8 l1i=16 l2a=8 l2=512 l3a=16 l3=1024 nhist=3 robc=10 robd=8 robw=256   0.0562   1.0287    82.16   534.21  Unsustainable
  bpt=nn l1da=8 l1d=16 l1ia=8 l1i=16 l2a=8 l2=512 l3a=16 l3=1024 nnbl=32 nnlr=0.0005 robc=10 robd=8 robw=256   0.0562   1.0205    82.16   534.18  Unsustainable
  bpt=pentium_m l1da=4 l1d=32 l1ia=8 l1i=16 l2a=4 l2=256 l3a=4 l3=2048 robc=2 robd=2 robw=256   2.4315   1.0005    42.80    16.94  Strongly Sust.
  bpt=pentium_m l1da=4 l1d=16 l1ia=8 l1i=16 l2a=4 l2=256 l3a=4 l3=2048 robc=2 robd=2 robw=256   2.4405   1.0002    42.61    16.90  Strongly Sust.
  Ran sniper 1 time this iteration (11 total).

=== Iteration 6 ===
  Evaluating 1 configuration(s) (top acquisition score of 153 candidates)...
  [mesmo] bpt=tage l1da=8 l1d=16 l1ia=8 l1i=16 l2a=8 l2=512 l3a=16 l3=1024 robc=10 robd=8 robw=256  ASI= 0.0562  S=1.0287  A=  82.16  P=534.21  [Unsustainable]  [ML2=1.06x, CCl=1.00x]

  Pareto front after iteration 6 (5 points, HV=2.4434):
  Params                                  ASI  Speedup     Area  PeakPow  Region
  ──────────────────────────────────────────────────────────────────────────────
  bp=1024 bpt=a53 l1da=8 l1d=16 l1ia=8 l1i=16 l2a=8 l2=512 l3a=16 l3=1024 nhist=3 robc=10 robd=8 robw=256   0.0562   1.0287    82.16   534.21  Unsustainable
  bpt=tage l1da=8 l1d=16 l1ia=8 l1i=16 l2a=8 l2=512 l3a=16 l3=1024 robc=10 robd=8 robw=256   0.0562   1.0287    82.16   534.21  Unsustainable
  bpt=nn l1da=8 l1d=16 l1ia=8 l1i=16 l2a=8 l2=512 l3a=16 l3=1024 nnbl=32 nnlr=0.0005 robc=10 robd=8 robw=256   0.0562   1.0205    82.16   534.18  Unsustainable
  bpt=pentium_m l1da=4 l1d=32 l1ia=8 l1i=16 l2a=4 l2=256 l3a=4 l3=2048 robc=2 robd=2 robw=256   2.4315   1.0005    42.80    16.94  Strongly Sust.
  bpt=pentium_m l1da=4 l1d=16 l1ia=8 l1i=16 l2a=4 l2=256 l3a=4 l3=2048 robc=2 robd=2 robw=256   2.4405   1.0002    42.61    16.90  Strongly Sust.
  Ran sniper 1 time this iteration (12 total).

=== Iteration 7 ===
  Evaluating 1 configuration(s) (top acquisition score of 177 candidates)...
  [mesmo] bpt=pentium_m l1da=4 l1d=16 l1ia=8 l1i=64 l2a=4 l2=256 l3a=4 l3=2048 robc=2 robd=2 robw=256  ASI= 2.4326  S=1.0002  A=  43.27  P= 16.88  [Strongly Sust.]  [ML2=1.00x, CCl=1.00x]

  Pareto front after iteration 7 (6 points, HV=2.4434):
  Params                                  ASI  Speedup     Area  PeakPow  Region
  ──────────────────────────────────────────────────────────────────────────────
  bp=1024 bpt=a53 l1da=8 l1d=16 l1ia=8 l1i=16 l2a=8 l2=512 l3a=16 l3=1024 nhist=3 robc=10 robd=8 robw=256   0.0562   1.0287    82.16   534.21  Unsustainable
  bpt=tage l1da=8 l1d=16 l1ia=8 l1i=16 l2a=8 l2=512 l3a=16 l3=1024 robc=10 robd=8 robw=256   0.0562   1.0287    82.16   534.21  Unsustainable
  bpt=nn l1da=8 l1d=16 l1ia=8 l1i=16 l2a=8 l2=512 l3a=16 l3=1024 nnbl=32 nnlr=0.0005 robc=10 robd=8 robw=256   0.0562   1.0205    82.16   534.18  Unsustainable
  bpt=pentium_m l1da=4 l1d=32 l1ia=8 l1i=16 l2a=4 l2=256 l3a=4 l3=2048 robc=2 robd=2 robw=256   2.4315   1.0005    42.80    16.94  Strongly Sust.
  bpt=pentium_m l1da=4 l1d=16 l1ia=8 l1i=64 l2a=4 l2=256 l3a=4 l3=2048 robc=2 robd=2 robw=256   2.4326   1.0002    43.27    16.88  Strongly Sust.
  bpt=pentium_m l1da=4 l1d=16 l1ia=8 l1i=16 l2a=4 l2=256 l3a=4 l3=2048 robc=2 robd=2 robw=256   2.4405   1.0002    42.61    16.90  Strongly Sust.
  Ran sniper 1 time this iteration (13 total).

=== Iteration 8 ===
  Evaluating 1 configuration(s) (top acquisition score of 400 candidates)...
  [mesmo] bp=1024 bpt=a53 l1da=8 l1d=16 l1ia=8 l1i=16 l2a=8 l2=512 l3a=16 l3=2048 nhist=3 robc=10 robd=8 robw=256  ASI= 0.0536  S=1.0287  A=  87.02  P=534.91  [Unsustainable]  [ML2=1.06x, CCl=1.00x]
  Deleted 1 non-Pareto output directory.

  Pareto front after iteration 8 (6 points, HV=2.4434):
  Params                                  ASI  Speedup     Area  PeakPow  Region
  ──────────────────────────────────────────────────────────────────────────────
  bp=1024 bpt=a53 l1da=8 l1d=16 l1ia=8 l1i=16 l2a=8 l2=512 l3a=16 l3=1024 nhist=3 robc=10 robd=8 robw=256   0.0562   1.0287    82.16   534.21  Unsustainable
  bpt=tage l1da=8 l1d=16 l1ia=8 l1i=16 l2a=8 l2=512 l3a=16 l3=1024 robc=10 robd=8 robw=256   0.0562   1.0287    82.16   534.21  Unsustainable
  bpt=nn l1da=8 l1d=16 l1ia=8 l1i=16 l2a=8 l2=512 l3a=16 l3=1024 nnbl=32 nnlr=0.0005 robc=10 robd=8 robw=256   0.0562   1.0205    82.16   534.18  Unsustainable
  bpt=pentium_m l1da=4 l1d=32 l1ia=8 l1i=16 l2a=4 l2=256 l3a=4 l3=2048 robc=2 robd=2 robw=256   2.4315   1.0005    42.80    16.94  Strongly Sust.
  bpt=pentium_m l1da=4 l1d=16 l1ia=8 l1i=64 l2a=4 l2=256 l3a=4 l3=2048 robc=2 robd=2 robw=256   2.4326   1.0002    43.27    16.88  Strongly Sust.
  bpt=pentium_m l1da=4 l1d=16 l1ia=8 l1i=16 l2a=4 l2=256 l3a=4 l3=2048 robc=2 robd=2 robw=256   2.4405   1.0002    42.61    16.90  Strongly Sust.
  Ran sniper 1 time this iteration (14 total).

=== Iteration 9 ===
  Evaluating 1 configuration(s) (top acquisition score of 400 candidates)...
  [mesmo] bp=512 bpt=a53 l1da=4 l1d=32 l1ia=8 l1i=16 l2a=4 l2=256 l3a=4 l3=2048 nhist=4 robc=2 robd=2 robw=256  ASI= 2.4317  S=1.0001  A=  42.80  P= 16.94  [Strongly Sust.]  [ML2=1.00x, CCl=1.00x]
  Deleted 1 non-Pareto output directory.

  Pareto front after iteration 9 (6 points, HV=2.4434):
  Params                                  ASI  Speedup     Area  PeakPow  Region
  ──────────────────────────────────────────────────────────────────────────────
  bp=1024 bpt=a53 l1da=8 l1d=16 l1ia=8 l1i=16 l2a=8 l2=512 l3a=16 l3=1024 nhist=3 robc=10 robd=8 robw=256   0.0562   1.0287    82.16   534.21  Unsustainable
  bpt=tage l1da=8 l1d=16 l1ia=8 l1i=16 l2a=8 l2=512 l3a=16 l3=1024 robc=10 robd=8 robw=256   0.0562   1.0287    82.16   534.21  Unsustainable
  bpt=nn l1da=8 l1d=16 l1ia=8 l1i=16 l2a=8 l2=512 l3a=16 l3=1024 nnbl=32 nnlr=0.0005 robc=10 robd=8 robw=256   0.0562   1.0205    82.16   534.18  Unsustainable
  bpt=pentium_m l1da=4 l1d=32 l1ia=8 l1i=16 l2a=4 l2=256 l3a=4 l3=2048 robc=2 robd=2 robw=256   2.4315   1.0005    42.80    16.94  Strongly Sust.
  bpt=pentium_m l1da=4 l1d=16 l1ia=8 l1i=64 l2a=4 l2=256 l3a=4 l3=2048 robc=2 robd=2 robw=256   2.4326   1.0002    43.27    16.88  Strongly Sust.
  bpt=pentium_m l1da=4 l1d=16 l1ia=8 l1i=16 l2a=4 l2=256 l3a=4 l3=2048 robc=2 robd=2 robw=256   2.4405   1.0002    42.61    16.90  Strongly Sust.
  Ran sniper 1 time this iteration (15 total).

=== Iteration 10 ===
  Evaluating 1 configuration(s) (top acquisition score of 400 candidates)...
  [mesmo] bpt=pentium_m l1da=8 l1d=64 l1ia=4 l1i=32 l2a=4 l2=512 l3a=4 l3=4096 robc=2 robd=2 robw=256  ASI= 1.7997  S=1.0301  A=  65.13  P= 19.37  [Strongly Sust.]  [ML2=1.06x, CCl=1.00x]
  Deleted 3 non-Pareto output directories.

  Pareto front after iteration 10 (4 points, HV=2.4950):
  Params                                  ASI  Speedup     Area  PeakPow  Region
  ──────────────────────────────────────────────────────────────────────────────
  bpt=pentium_m l1da=8 l1d=64 l1ia=4 l1i=32 l2a=4 l2=512 l3a=4 l3=4096 robc=2 robd=2 robw=256   1.7997   1.0301    65.13    19.37  Strongly Sust.
  bpt=pentium_m l1da=4 l1d=32 l1ia=8 l1i=16 l2a=4 l2=256 l3a=4 l3=2048 robc=2 robd=2 robw=256   2.4315   1.0005    42.80    16.94  Strongly Sust.
  bpt=pentium_m l1da=4 l1d=16 l1ia=8 l1i=64 l2a=4 l2=256 l3a=4 l3=2048 robc=2 robd=2 robw=256   2.4326   1.0002    43.27    16.88  Strongly Sust.
  bpt=pentium_m l1da=4 l1d=16 l1ia=8 l1i=16 l2a=4 l2=256 l3a=4 l3=2048 robc=2 robd=2 robw=256   2.4405   1.0002    42.61    16.90  Strongly Sust.
  Ran sniper 1 time this iteration (16 total).

=== Iteration 11 ===
  Evaluating 1 configuration(s) (top acquisition score of 171 candidates)...
  [mesmo] bpt=nn l1da=8 l1d=64 l1ia=4 l1i=32 l2a=4 l2=512 l3a=4 l3=4096 nnbl=16 nnlr=0.001 robc=2 robd=2 robw=256  ASI= 1.8013  S=1.0235  A=  65.13  P= 19.35  [Strongly Sust.]  [ML2=1.05x, CCl=1.00x]

  Pareto front after iteration 11 (5 points, HV=2.4951):
  Params                                  ASI  Speedup     Area  PeakPow  Region
  ──────────────────────────────────────────────────────────────────────────────
  bpt=pentium_m l1da=8 l1d=64 l1ia=4 l1i=32 l2a=4 l2=512 l3a=4 l3=4096 robc=2 robd=2 robw=256   1.7997   1.0301    65.13    19.37  Strongly Sust.
  bpt=nn l1da=8 l1d=64 l1ia=4 l1i=32 l2a=4 l2=512 l3a=4 l3=4096 nnbl=16 nnlr=0.001 robc=2 robd=2 robw=256   1.8013   1.0235    65.13    19.35  Strongly Sust.
  bpt=pentium_m l1da=4 l1d=32 l1ia=8 l1i=16 l2a=4 l2=256 l3a=4 l3=2048 robc=2 robd=2 robw=256   2.4315   1.0005    42.80    16.94  Strongly Sust.
  bpt=pentium_m l1da=4 l1d=16 l1ia=8 l1i=64 l2a=4 l2=256 l3a=4 l3=2048 robc=2 robd=2 robw=256   2.4326   1.0002    43.27    16.88  Strongly Sust.
  bpt=pentium_m l1da=4 l1d=16 l1ia=8 l1i=16 l2a=4 l2=256 l3a=4 l3=2048 robc=2 robd=2 robw=256   2.4405   1.0002    42.61    16.90  Strongly Sust.
  Ran sniper 1 time this iteration (17 total).

=== Iteration 12 ===
  Evaluating 1 configuration(s) (top acquisition score of 195 candidates)...
  [mesmo] bp=512 bpt=a53 l1da=8 l1d=64 l1ia=4 l1i=32 l2a=4 l2=512 l3a=4 l3=4096 nhist=4 robc=2 robd=2 robw=256  ASI= 1.7998  S=1.0298  A=  65.13  P= 19.37  [Strongly Sust.]  [ML2=1.06x, CCl=1.00x]

  Pareto front after iteration 12 (6 points, HV=2.4951):
  Params                                  ASI  Speedup     Area  PeakPow  Region
  ──────────────────────────────────────────────────────────────────────────────
  bpt=pentium_m l1da=8 l1d=64 l1ia=4 l1i=32 l2a=4 l2=512 l3a=4 l3=4096 robc=2 robd=2 robw=256   1.7997   1.0301    65.13    19.37  Strongly Sust.
  bp=512 bpt=a53 l1da=8 l1d=64 l1ia=4 l1i=32 l2a=4 l2=512 l3a=4 l3=4096 nhist=4 robc=2 robd=2 robw=256   1.7998   1.0298    65.13    19.37  Strongly Sust.
  bpt=nn l1da=8 l1d=64 l1ia=4 l1i=32 l2a=4 l2=512 l3a=4 l3=4096 nnbl=16 nnlr=0.001 robc=2 robd=2 robw=256   1.8013   1.0235    65.13    19.35  Strongly Sust.
  bpt=pentium_m l1da=4 l1d=32 l1ia=8 l1i=16 l2a=4 l2=256 l3a=4 l3=2048 robc=2 robd=2 robw=256   2.4315   1.0005    42.80    16.94  Strongly Sust.
  bpt=pentium_m l1da=4 l1d=16 l1ia=8 l1i=64 l2a=4 l2=256 l3a=4 l3=2048 robc=2 robd=2 robw=256   2.4326   1.0002    43.27    16.88  Strongly Sust.
  bpt=pentium_m l1da=4 l1d=16 l1ia=8 l1i=16 l2a=4 l2=256 l3a=4 l3=2048 robc=2 robd=2 robw=256   2.4405   1.0002    42.61    16.90  Strongly Sust.
  Ran sniper 1 time this iteration (18 total).

=== Iteration 13 ===
  Evaluating 1 configuration(s) (top acquisition score of 400 candidates)...
  [mesmo] bpt=pentium_m l1da=8 l1d=64 l1ia=4 l1i=32 l2a=4 l2=512 l3a=4 l3=4096 robc=2 robd=8 robw=256  ASI= 0.0469  S=1.0299  A=  99.44  P=535.69  [Unsustainable]  [ML2=1.06x, CCl=1.00x]
  Deleted 1 non-Pareto output directory.

  Pareto front after iteration 13 (6 points, HV=2.4951):
  Params                                  ASI  Speedup     Area  PeakPow  Region
  ──────────────────────────────────────────────────────────────────────────────
  bpt=pentium_m l1da=8 l1d=64 l1ia=4 l1i=32 l2a=4 l2=512 l3a=4 l3=4096 robc=2 robd=2 robw=256   1.7997   1.0301    65.13    19.37  Strongly Sust.
  bp=512 bpt=a53 l1da=8 l1d=64 l1ia=4 l1i=32 l2a=4 l2=512 l3a=4 l3=4096 nhist=4 robc=2 robd=2 robw=256   1.7998   1.0298    65.13    19.37  Strongly Sust.
  bpt=nn l1da=8 l1d=64 l1ia=4 l1i=32 l2a=4 l2=512 l3a=4 l3=4096 nnbl=16 nnlr=0.001 robc=2 robd=2 robw=256   1.8013   1.0235    65.13    19.35  Strongly Sust.
  bpt=pentium_m l1da=4 l1d=32 l1ia=8 l1i=16 l2a=4 l2=256 l3a=4 l3=2048 robc=2 robd=2 robw=256   2.4315   1.0005    42.80    16.94  Strongly Sust.
  bpt=pentium_m l1da=4 l1d=16 l1ia=8 l1i=64 l2a=4 l2=256 l3a=4 l3=2048 robc=2 robd=2 robw=256   2.4326   1.0002    43.27    16.88  Strongly Sust.
  bpt=pentium_m l1da=4 l1d=16 l1ia=8 l1i=16 l2a=4 l2=256 l3a=4 l3=2048 robc=2 robd=2 robw=256   2.4405   1.0002    42.61    16.90  Strongly Sust.
  Ran sniper 1 time this iteration (19 total).

=== Iteration 14 ===
  Evaluating 1 configuration(s) (top acquisition score of 400 candidates)...
  [mesmo] bpt=pentium_m l1da=4 l1d=32 l1ia=8 l1i=16 l2a=4 l2=256 l3a=4 l3=1024 robc=2 robd=2 robw=256  ASI= 2.6597  S=1.0005  A=  35.85  P= 16.23  [Strongly Sust.]  [ML2=1.00x, CCl=1.00x]
  Deleted 2 non-Pareto output directories.

  Pareto front after iteration 14 (5 points, HV=2.7144):
  Params                                  ASI  Speedup     Area  PeakPow  Region
  ──────────────────────────────────────────────────────────────────────────────
  bpt=pentium_m l1da=8 l1d=64 l1ia=4 l1i=32 l2a=4 l2=512 l3a=4 l3=4096 robc=2 robd=2 robw=256   1.7997   1.0301    65.13    19.37  Strongly Sust.
  bp=512 bpt=a53 l1da=8 l1d=64 l1ia=4 l1i=32 l2a=4 l2=512 l3a=4 l3=4096 nhist=4 robc=2 robd=2 robw=256   1.7998   1.0298    65.13    19.37  Strongly Sust.
  bpt=nn l1da=8 l1d=64 l1ia=4 l1i=32 l2a=4 l2=512 l3a=4 l3=4096 nnbl=16 nnlr=0.001 robc=2 robd=2 robw=256   1.8013   1.0235    65.13    19.35  Strongly Sust.
  bpt=pentium_m l1da=4 l1d=32 l1ia=8 l1i=16 l2a=4 l2=256 l3a=4 l3=2048 robc=2 robd=2 robw=256   2.4315   1.0005    42.80    16.94  Strongly Sust.
  bpt=pentium_m l1da=4 l1d=32 l1ia=8 l1i=16 l2a=4 l2=256 l3a=4 l3=1024 robc=2 robd=2 robw=256   2.6597   1.0005    35.85    16.23  Strongly Sust.
  Ran sniper 1 time this iteration (20 total).

=== Iteration 15 ===
  Evaluating 1 configuration(s) (top acquisition score of 176 candidates)...
  [mesmo] bpt=pentium_m l1da=4 l1d=32 l1ia=8 l1i=16 l2a=4 l2=256 l3a=4 l3=1024 robc=2 robd=2 robw=32  ASI= 2.7531  S=0.9967  A=  35.61  P= 15.71  [Strongly Sust.]  [ML2=1.00x, CCl=0.99x]

  Pareto front after iteration 15 (6 points, HV=2.8075):
  Params                                  ASI  Speedup     Area  PeakPow  Region
  ──────────────────────────────────────────────────────────────────────────────
  bpt=pentium_m l1da=8 l1d=64 l1ia=4 l1i=32 l2a=4 l2=512 l3a=4 l3=4096 robc=2 robd=2 robw=256   1.7997   1.0301    65.13    19.37  Strongly Sust.
  bp=512 bpt=a53 l1da=8 l1d=64 l1ia=4 l1i=32 l2a=4 l2=512 l3a=4 l3=4096 nhist=4 robc=2 robd=2 robw=256   1.7998   1.0298    65.13    19.37  Strongly Sust.
  bpt=nn l1da=8 l1d=64 l1ia=4 l1i=32 l2a=4 l2=512 l3a=4 l3=4096 nnbl=16 nnlr=0.001 robc=2 robd=2 robw=256   1.8013   1.0235    65.13    19.35  Strongly Sust.
  bpt=pentium_m l1da=4 l1d=32 l1ia=8 l1i=16 l2a=4 l2=256 l3a=4 l3=2048 robc=2 robd=2 robw=256   2.4315   1.0005    42.80    16.94  Strongly Sust.
  bpt=pentium_m l1da=4 l1d=32 l1ia=8 l1i=16 l2a=4 l2=256 l3a=4 l3=1024 robc=2 robd=2 robw=256   2.6597   1.0005    35.85    16.23  Strongly Sust.
  bpt=pentium_m l1da=4 l1d=32 l1ia=8 l1i=16 l2a=4 l2=256 l3a=4 l3=1024 robc=2 robd=2 robw=32   2.7531   0.9967    35.61    15.71  Strongly Sust.
  Ran sniper 1 time this iteration (21 total).

=== Iteration 16 ===
  Evaluating 1 configuration(s) (top acquisition score of 400 candidates)...
  [mesmo] bp=512 bpt=a53 l1da=8 l1d=64 l1ia=4 l1i=32 l2a=4 l2=512 l3a=4 l3=4096 nhist=4 robc=10 robd=2 robw=256  ASI= 1.7998  S=1.0298  A=  65.13  P= 19.37  [Strongly Sust.]  [ML2=1.06x, CCl=1.00x]

  Pareto front after iteration 16 (7 points, HV=2.8075):
  Params                                  ASI  Speedup     Area  PeakPow  Region
  ──────────────────────────────────────────────────────────────────────────────
  bpt=pentium_m l1da=8 l1d=64 l1ia=4 l1i=32 l2a=4 l2=512 l3a=4 l3=4096 robc=2 robd=2 robw=256   1.7997   1.0301    65.13    19.37  Strongly Sust.
  bp=512 bpt=a53 l1da=8 l1d=64 l1ia=4 l1i=32 l2a=4 l2=512 l3a=4 l3=4096 nhist=4 robc=2 robd=2 robw=256   1.7998   1.0298    65.13    19.37  Strongly Sust.
  bp=512 bpt=a53 l1da=8 l1d=64 l1ia=4 l1i=32 l2a=4 l2=512 l3a=4 l3=4096 nhist=4 robc=10 robd=2 robw=256   1.7998   1.0298    65.13    19.37  Strongly Sust.
  bpt=nn l1da=8 l1d=64 l1ia=4 l1i=32 l2a=4 l2=512 l3a=4 l3=4096 nnbl=16 nnlr=0.001 robc=2 robd=2 robw=256   1.8013   1.0235    65.13    19.35  Strongly Sust.
  bpt=pentium_m l1da=4 l1d=32 l1ia=8 l1i=16 l2a=4 l2=256 l3a=4 l3=2048 robc=2 robd=2 robw=256   2.4315   1.0005    42.80    16.94  Strongly Sust.
  bpt=pentium_m l1da=4 l1d=32 l1ia=8 l1i=16 l2a=4 l2=256 l3a=4 l3=1024 robc=2 robd=2 robw=256   2.6597   1.0005    35.85    16.23  Strongly Sust.
  bpt=pentium_m l1da=4 l1d=32 l1ia=8 l1i=16 l2a=4 l2=256 l3a=4 l3=1024 robc=2 robd=2 robw=32   2.7531   0.9967    35.61    15.71  Strongly Sust.
  Ran sniper 1 time this iteration (22 total).

=== Iteration 17 ===
  Evaluating 1 configuration(s) (top acquisition score of 400 candidates)...
  [mesmo] bpt=nn l1da=8 l1d=64 l1ia=4 l1i=32 l2a=4 l2=512 l3a=4 l3=4096 nnbl=64 nnlr=0.0005 robc=10 robd=2 robw=256  ASI= 1.7997  S=1.0301  A=  65.13  P= 19.37  [Strongly Sust.]  [ML2=1.06x, CCl=1.00x]
  Deleted 1 non-Pareto output directory.

  Pareto front after iteration 17 (7 points, HV=2.8075):
  Params                                  ASI  Speedup     Area  PeakPow  Region
  ──────────────────────────────────────────────────────────────────────────────
  bpt=pentium_m l1da=8 l1d=64 l1ia=4 l1i=32 l2a=4 l2=512 l3a=4 l3=4096 robc=2 robd=2 robw=256   1.7997   1.0301    65.13    19.37  Strongly Sust.
  bp=512 bpt=a53 l1da=8 l1d=64 l1ia=4 l1i=32 l2a=4 l2=512 l3a=4 l3=4096 nhist=4 robc=2 robd=2 robw=256   1.7998   1.0298    65.13    19.37  Strongly Sust.
  bp=512 bpt=a53 l1da=8 l1d=64 l1ia=4 l1i=32 l2a=4 l2=512 l3a=4 l3=4096 nhist=4 robc=10 robd=2 robw=256   1.7998   1.0298    65.13    19.37  Strongly Sust.
  bpt=nn l1da=8 l1d=64 l1ia=4 l1i=32 l2a=4 l2=512 l3a=4 l3=4096 nnbl=16 nnlr=0.001 robc=2 robd=2 robw=256   1.8013   1.0235    65.13    19.35  Strongly Sust.
  bpt=pentium_m l1da=4 l1d=32 l1ia=8 l1i=16 l2a=4 l2=256 l3a=4 l3=2048 robc=2 robd=2 robw=256   2.4315   1.0005    42.80    16.94  Strongly Sust.
  bpt=pentium_m l1da=4 l1d=32 l1ia=8 l1i=16 l2a=4 l2=256 l3a=4 l3=1024 robc=2 robd=2 robw=256   2.6597   1.0005    35.85    16.23  Strongly Sust.
  bpt=pentium_m l1da=4 l1d=32 l1ia=8 l1i=16 l2a=4 l2=256 l3a=4 l3=1024 robc=2 robd=2 robw=32   2.7531   0.9967    35.61    15.71  Strongly Sust.
  Ran sniper 1 time this iteration (23 total).

=== Iteration 18 ===
  Evaluating 1 configuration(s) (top acquisition score of 400 candidates)...
  [mesmo] bp=1024 bpt=a53 l1da=8 l1d=64 l1ia=4 l1i=64 l2a=8 l2=512 l3a=8 l3=4096 nhist=4 robc=8 robd=10 robw=64  ASI= 0.4771  S=1.0296  A=  83.64  P= 62.06  [Unsustainable]  [ML2=1.06x, CCl=1.00x]
  Deleted 1 non-Pareto output directory.

  Pareto front after iteration 18 (7 points, HV=2.8075):
  Params                                  ASI  Speedup     Area  PeakPow  Region
  ──────────────────────────────────────────────────────────────────────────────
  bpt=pentium_m l1da=8 l1d=64 l1ia=4 l1i=32 l2a=4 l2=512 l3a=4 l3=4096 robc=2 robd=2 robw=256   1.7997   1.0301    65.13    19.37  Strongly Sust.
  bp=512 bpt=a53 l1da=8 l1d=64 l1ia=4 l1i=32 l2a=4 l2=512 l3a=4 l3=4096 nhist=4 robc=2 robd=2 robw=256   1.7998   1.0298    65.13    19.37  Strongly Sust.
  bp=512 bpt=a53 l1da=8 l1d=64 l1ia=4 l1i=32 l2a=4 l2=512 l3a=4 l3=4096 nhist=4 robc=10 robd=2 robw=256   1.7998   1.0298    65.13    19.37  Strongly Sust.
  bpt=nn l1da=8 l1d=64 l1ia=4 l1i=32 l2a=4 l2=512 l3a=4 l3=4096 nnbl=16 nnlr=0.001 robc=2 robd=2 robw=256   1.8013   1.0235    65.13    19.35  Strongly Sust.
  bpt=pentium_m l1da=4 l1d=32 l1ia=8 l1i=16 l2a=4 l2=256 l3a=4 l3=2048 robc=2 robd=2 robw=256   2.4315   1.0005    42.80    16.94  Strongly Sust.
  bpt=pentium_m l1da=4 l1d=32 l1ia=8 l1i=16 l2a=4 l2=256 l3a=4 l3=1024 robc=2 robd=2 robw=256   2.6597   1.0005    35.85    16.23  Strongly Sust.
  bpt=pentium_m l1da=4 l1d=32 l1ia=8 l1i=16 l2a=4 l2=256 l3a=4 l3=1024 robc=2 robd=2 robw=32   2.7531   0.9967    35.61    15.71  Strongly Sust.
  Ran sniper 1 time this iteration (24 total).

=== Iteration 19 ===
  Evaluating 1 configuration(s) (top acquisition score of 400 candidates)...
  [mesmo] bp=512 bpt=a53 l1da=8 l1d=64 l1ia=4 l1i=32 l2a=8 l2=512 l3a=4 l3=4096 nhist=4 robc=10 robd=2 robw=256  ASI= 1.7940  S=1.0299  A=  65.22  P= 19.42  [Strongly Sust.]  [ML2=1.06x, CCl=1.00x]
  Deleted 1 non-Pareto output directory.

  Pareto front after iteration 19 (7 points, HV=2.8075):
  Params                                  ASI  Speedup     Area  PeakPow  Region
  ──────────────────────────────────────────────────────────────────────────────
  bpt=pentium_m l1da=8 l1d=64 l1ia=4 l1i=32 l2a=4 l2=512 l3a=4 l3=4096 robc=2 robd=2 robw=256   1.7997   1.0301    65.13    19.37  Strongly Sust.
  bp=512 bpt=a53 l1da=8 l1d=64 l1ia=4 l1i=32 l2a=4 l2=512 l3a=4 l3=4096 nhist=4 robc=2 robd=2 robw=256   1.7998   1.0298    65.13    19.37  Strongly Sust.
  bp=512 bpt=a53 l1da=8 l1d=64 l1ia=4 l1i=32 l2a=4 l2=512 l3a=4 l3=4096 nhist=4 robc=10 robd=2 robw=256   1.7998   1.0298    65.13    19.37  Strongly Sust.
  bpt=nn l1da=8 l1d=64 l1ia=4 l1i=32 l2a=4 l2=512 l3a=4 l3=4096 nnbl=16 nnlr=0.001 robc=2 robd=2 robw=256   1.8013   1.0235    65.13    19.35  Strongly Sust.
  bpt=pentium_m l1da=4 l1d=32 l1ia=8 l1i=16 l2a=4 l2=256 l3a=4 l3=2048 robc=2 robd=2 robw=256   2.4315   1.0005    42.80    16.94  Strongly Sust.
  bpt=pentium_m l1da=4 l1d=32 l1ia=8 l1i=16 l2a=4 l2=256 l3a=4 l3=1024 robc=2 robd=2 robw=256   2.6597   1.0005    35.85    16.23  Strongly Sust.
  bpt=pentium_m l1da=4 l1d=32 l1ia=8 l1i=16 l2a=4 l2=256 l3a=4 l3=1024 robc=2 robd=2 robw=32   2.7531   0.9967    35.61    15.71  Strongly Sust.
  Ran sniper 1 time this iteration (25 total).

=== Iteration 20 ===
  Evaluating 1 configuration(s) (top acquisition score of 400 candidates)...
  [mesmo] bpt=nn l1da=4 l1d=32 l1ia=8 l1i=16 l2a=4 l2=256 l3a=4 l3=1024 nnbl=16 nnlr=0.005 robc=2 robd=2 robw=32  ASI= 2.7519  S=0.9982  A=  35.61  P= 15.71  [Strongly Sust.]  [ML2=1.00x, CCl=1.00x]

  Pareto front after iteration 20 (8 points, HV=2.8076):
  Params                                  ASI  Speedup     Area  PeakPow  Region
  ──────────────────────────────────────────────────────────────────────────────
  bpt=pentium_m l1da=8 l1d=64 l1ia=4 l1i=32 l2a=4 l2=512 l3a=4 l3=4096 robc=2 robd=2 robw=256   1.7997   1.0301    65.13    19.37  Strongly Sust.
  bp=512 bpt=a53 l1da=8 l1d=64 l1ia=4 l1i=32 l2a=4 l2=512 l3a=4 l3=4096 nhist=4 robc=2 robd=2 robw=256   1.7998   1.0298    65.13    19.37  Strongly Sust.
  bp=512 bpt=a53 l1da=8 l1d=64 l1ia=4 l1i=32 l2a=4 l2=512 l3a=4 l3=4096 nhist=4 robc=10 robd=2 robw=256   1.7998   1.0298    65.13    19.37  Strongly Sust.
  bpt=nn l1da=8 l1d=64 l1ia=4 l1i=32 l2a=4 l2=512 l3a=4 l3=4096 nnbl=16 nnlr=0.001 robc=2 robd=2 robw=256   1.8013   1.0235    65.13    19.35  Strongly Sust.
  bpt=pentium_m l1da=4 l1d=32 l1ia=8 l1i=16 l2a=4 l2=256 l3a=4 l3=2048 robc=2 robd=2 robw=256   2.4315   1.0005    42.80    16.94  Strongly Sust.
  bpt=pentium_m l1da=4 l1d=32 l1ia=8 l1i=16 l2a=4 l2=256 l3a=4 l3=1024 robc=2 robd=2 robw=256   2.6597   1.0005    35.85    16.23  Strongly Sust.
  bpt=nn l1da=4 l1d=32 l1ia=8 l1i=16 l2a=4 l2=256 l3a=4 l3=1024 nnbl=16 nnlr=0.005 robc=2 robd=2 robw=32   2.7519   0.9982    35.61    15.71  Strongly Sust.
  bpt=pentium_m l1da=4 l1d=32 l1ia=8 l1i=16 l2a=4 l2=256 l3a=4 l3=1024 robc=2 robd=2 robw=32   2.7531   0.9967    35.61    15.71  Strongly Sust.
  Ran sniper 1 time this iteration (26 total).

Final cleanup: removed 4 stale output directories.
Total sniper runs: 26
Final hypervolume: 2.8076

Plot saved → /home/jaco/school/stage/asi/asi-output/pareto_history.png
Plot saved → /home/jaco/school/stage/asi/asi-output/pareto_final.png
=== Final Pareto Front ===
  Params                                  ASI  Speedup     Area  PeakPow  Region
  ──────────────────────────────────────────────────────────────────────────────
  bpt=pentium_m l1da=8 l1d=64 l1ia=4 l1i=32 l2a=4 l2=512 l3a=4 l3=4096 robc=2 robd=2 robw=256   1.7997   1.0301    65.13    19.37  Strongly Sust.
  bp=512 bpt=a53 l1da=8 l1d=64 l1ia=4 l1i=32 l2a=4 l2=512 l3a=4 l3=4096 nhist=4 robc=2 robd=2 robw=256   1.7998   1.0298    65.13    19.37  Strongly Sust.
  bp=512 bpt=a53 l1da=8 l1d=64 l1ia=4 l1i=32 l2a=4 l2=512 l3a=4 l3=4096 nhist=4 robc=10 robd=2 robw=256   1.7998   1.0298    65.13    19.37  Strongly Sust.
  bpt=nn l1da=8 l1d=64 l1ia=4 l1i=32 l2a=4 l2=512 l3a=4 l3=4096 nnbl=16 nnlr=0.001 robc=2 robd=2 robw=256   1.8013   1.0235    65.13    19.35  Strongly Sust.
  bpt=pentium_m l1da=4 l1d=32 l1ia=8 l1i=16 l2a=4 l2=256 l3a=4 l3=2048 robc=2 robd=2 robw=256   2.4315   1.0005    42.80    16.94  Strongly Sust.
  bpt=pentium_m l1da=4 l1d=32 l1ia=8 l1i=16 l2a=4 l2=256 l3a=4 l3=1024 robc=2 robd=2 robw=256   2.6597   1.0005    35.85    16.23  Strongly Sust.
  bpt=nn l1da=4 l1d=32 l1ia=8 l1i=16 l2a=4 l2=256 l3a=4 l3=1024 nnbl=16 nnlr=0.005 robc=2 robd=2 robw=32   2.7519   0.9982    35.61    15.71  Strongly Sust.
  bpt=pentium_m l1da=4 l1d=32 l1ia=8 l1i=16 l2a=4 l2=256 l3a=4 l3=1024 robc=2 robd=2 robw=32   2.7531   0.9967    35.61    15.71  Strongly Sust.
