Logging to /home/jaco/school/stage/asi/asi-output/run.log

Benchmarks: ML2 (./libs/benchmarks/ML2/bench), CCl (./libs/benchmarks/CCl/bench), MIP (./libs/benchmarks/MIP/bench), EI (./libs/benchmarks/EI/bench)

Running baseline...
  Area=94.01 mm²  PeakPow=27.56 W
    ML2: Time=2074229 ns
    CCl: Time=187240 ns
    MIP: Time=289707 ns
    EI: Time=142439 ns

=== Initial design (5 points: baseline + 4 random configurations) ===
  [mesmo] baseline                          ASI= 1.0000  S=1.0000  A=  94.01  P= 27.56  [Reference]  [ML2=1.00x, CCl=1.00x, MIP=1.00x, EI=1.00x]
  [mesmo] bpt=pentium_m l1da=4 l1d=16 l1ia=8 l1i=16 l2a=4 l2=256 l3a=4 l3=2048 robc=2 robd=2 robw=256  ASI= 2.4281  S=0.9935  A=  42.61  P= 17.56  [Strongly Sust.]  [ML2=1.00x, CCl=1.00x, MIP=0.98x, EI=0.99x]
  [mesmo] bp=2048 bpt=a53 l1da=4 l1d=32 l1ia=4 l1i=16 l2a=8 l2=256 l3a=8 l3=2048 nhist=3 robc=10 robd=8 robw=1024  ASI= 0.0087  S=1.0026  A= 152.68  P=1188.33  [Unsustainable]  [ML2=1.00x, CCl=1.00x, MIP=1.01x, EI=1.00x]
  [mesmo] bp=2048 bpt=a53 l1da=4 l1d=16 l1ia=8 l1i=16 l2a=4 l2=128 l3a=16 l3=1024 nhist=2 robc=4 robd=10 robw=128  ASI= 0.0766  S=0.9953  A=  67.03  P=463.02  [Unsustainable]  [ML2=0.97x, CCl=1.00x, MIP=1.01x, EI=1.00x]
  [mesmo] bpt=nn l1da=8 l1d=32 l1ia=4 l1i=16 l2a=8 l2=512 l3a=16 l3=2048 nnbl=32 nnlr=0.0005 robc=4 robd=10 robw=1024  ASI=-0.0065  S=0.9800  A= 246.19  P=2633.27  [Unsustainable]  [ML2=1.06x, CCl=1.00x, MIP=1.01x, EI=0.86x]

  Pareto front after initial design (3 points, HV=2.4188):
  Params                                  ASI  Speedup     Area  PeakPow  Region
  ──────────────────────────────────────────────────────────────────────────────
  bp=2048 bpt=a53 l1da=4 l1d=32 l1ia=4 l1i=16 l2a=8 l2=256 l3a=8 l3=2048 nhist=3 robc=10 robd=8 robw=1024   0.0087   1.0026   152.68  1188.33  Unsustainable
  baseline                             1.0000   1.0000    94.01    27.56  Reference
  bpt=pentium_m l1da=4 l1d=16 l1ia=8 l1i=16 l2a=4 l2=256 l3a=4 l3=2048 robc=2 robd=2 robw=256   2.4281   0.9935    42.61    17.56  Strongly Sust.
  Ran sniper 4 times this step (4 total).

=== Iteration 1 ===
  Evaluating 1 configuration(s) (top acquisition score of 200 candidates)...
  [mesmo] bp=2048 bpt=a53 l1da=4 l1d=32 l1ia=4 l1i=16 l2a=8 l2=256 l3a=8 l3=2048 nhist=3 robc=10 robd=8 robw=256  ASI= 0.0625  S=1.0021  A=  74.31  P=533.21  [Unsustainable]  [ML2=1.00x, CCl=1.00x, MIP=1.01x, EI=1.00x]

  Pareto front after iteration 1 (4 points, HV=2.4189):
  Params                                  ASI  Speedup     Area  PeakPow  Region
  ──────────────────────────────────────────────────────────────────────────────
  bp=2048 bpt=a53 l1da=4 l1d=32 l1ia=4 l1i=16 l2a=8 l2=256 l3a=8 l3=2048 nhist=3 robc=10 robd=8 robw=1024   0.0087   1.0026   152.68  1188.33  Unsustainable
  bp=2048 bpt=a53 l1da=4 l1d=32 l1ia=4 l1i=16 l2a=8 l2=256 l3a=8 l3=2048 nhist=3 robc=10 robd=8 robw=256   0.0625   1.0021    74.31   533.21  Unsustainable
  baseline                             1.0000   1.0000    94.01    27.56  Reference
  bpt=pentium_m l1da=4 l1d=16 l1ia=8 l1i=16 l2a=4 l2=256 l3a=4 l3=2048 robc=2 robd=2 robw=256   2.4281   0.9935    42.61    17.56  Strongly Sust.
  Ran sniper 1 time this iteration (5 total).

=== Iteration 2 ===
  Evaluating 1 configuration(s) (top acquisition score of 200 candidates)...
  [mesmo] bpt=pentium_m l1da=4 l1d=16 l1ia=8 l1i=16 l2a=4 l2=256 l3a=4 l3=4096 robc=2 robd=2 robw=256  ASI= 2.0370  S=0.9935  A=  55.04  P= 19.14  [Strongly Sust.]  [ML2=1.00x, CCl=1.00x, MIP=0.98x, EI=0.99x]

  Pareto front after iteration 2 (5 points, HV=2.4189):
  Params                                  ASI  Speedup     Area  PeakPow  Region
  ──────────────────────────────────────────────────────────────────────────────
  bp=2048 bpt=a53 l1da=4 l1d=32 l1ia=4 l1i=16 l2a=8 l2=256 l3a=8 l3=2048 nhist=3 robc=10 robd=8 robw=1024   0.0087   1.0026   152.68  1188.33  Unsustainable
  bp=2048 bpt=a53 l1da=4 l1d=32 l1ia=4 l1i=16 l2a=8 l2=256 l3a=8 l3=2048 nhist=3 robc=10 robd=8 robw=256   0.0625   1.0021    74.31   533.21  Unsustainable
  baseline                             1.0000   1.0000    94.01    27.56  Reference
  bpt=pentium_m l1da=4 l1d=16 l1ia=8 l1i=16 l2a=4 l2=256 l3a=4 l3=4096 robc=2 robd=2 robw=256   2.0370   0.9935    55.04    19.14  Strongly Sust.
  bpt=pentium_m l1da=4 l1d=16 l1ia=8 l1i=16 l2a=4 l2=256 l3a=4 l3=2048 robc=2 robd=2 robw=256   2.4281   0.9935    42.61    17.56  Strongly Sust.
  Ran sniper 1 time this iteration (6 total).

=== Iteration 3 ===
  Evaluating 1 configuration(s) (top acquisition score of 200 candidates)...
  [mesmo] bpt=pentium_m l1da=4 l1d=16 l1ia=8 l1i=64 l2a=4 l2=256 l3a=4 l3=2048 robc=2 robd=2 robw=256  ASI= 2.4206  S=0.9935  A=  43.27  P= 17.53  [Strongly Sust.]  [ML2=1.00x, CCl=1.00x, MIP=0.98x, EI=0.99x]
  Deleted 1 non-Pareto output directory.

  Pareto front after iteration 3 (5 points, HV=2.4189):
  Params                                  ASI  Speedup     Area  PeakPow  Region
  ──────────────────────────────────────────────────────────────────────────────
  bp=2048 bpt=a53 l1da=4 l1d=32 l1ia=4 l1i=16 l2a=8 l2=256 l3a=8 l3=2048 nhist=3 robc=10 robd=8 robw=1024   0.0087   1.0026   152.68  1188.33  Unsustainable
  bp=2048 bpt=a53 l1da=4 l1d=32 l1ia=4 l1i=16 l2a=8 l2=256 l3a=8 l3=2048 nhist=3 robc=10 robd=8 robw=256   0.0625   1.0021    74.31   533.21  Unsustainable
  baseline                             1.0000   1.0000    94.01    27.56  Reference
  bpt=pentium_m l1da=4 l1d=16 l1ia=8 l1i=16 l2a=4 l2=256 l3a=4 l3=4096 robc=2 robd=2 robw=256   2.0370   0.9935    55.04    19.14  Strongly Sust.
  bpt=pentium_m l1da=4 l1d=16 l1ia=8 l1i=16 l2a=4 l2=256 l3a=4 l3=2048 robc=2 robd=2 robw=256   2.4281   0.9935    42.61    17.56  Strongly Sust.
  Ran sniper 1 time this iteration (7 total).

=== Iteration 4 ===
  Evaluating 1 configuration(s) (top acquisition score of 200 candidates)...
  [mesmo] bp=2048 bpt=a53 l1da=4 l1d=32 l1ia=4 l1i=16 l2a=8 l2=256 l3a=8 l3=1024 nhist=3 robc=10 robd=8 robw=1024  ASI= 0.0100  S=1.0026  A= 147.47  P=1187.62  [Unsustainable]  [ML2=1.00x, CCl=1.00x, MIP=1.01x, EI=1.00x]
  Deleted 1 non-Pareto output directory.

  Pareto front after iteration 4 (5 points, HV=2.4189):
  Params                                  ASI  Speedup     Area  PeakPow  Region
  ──────────────────────────────────────────────────────────────────────────────
  bp=2048 bpt=a53 l1da=4 l1d=32 l1ia=4 l1i=16 l2a=8 l2=256 l3a=8 l3=1024 nhist=3 robc=10 robd=8 robw=1024   0.0100   1.0026   147.47  1187.62  Unsustainable
  bp=2048 bpt=a53 l1da=4 l1d=32 l1ia=4 l1i=16 l2a=8 l2=256 l3a=8 l3=2048 nhist=3 robc=10 robd=8 robw=256   0.0625   1.0021    74.31   533.21  Unsustainable
  baseline                             1.0000   1.0000    94.01    27.56  Reference
  bpt=pentium_m l1da=4 l1d=16 l1ia=8 l1i=16 l2a=4 l2=256 l3a=4 l3=4096 robc=2 robd=2 robw=256   2.0370   0.9935    55.04    19.14  Strongly Sust.
  bpt=pentium_m l1da=4 l1d=16 l1ia=8 l1i=16 l2a=4 l2=256 l3a=4 l3=2048 robc=2 robd=2 robw=256   2.4281   0.9935    42.61    17.56  Strongly Sust.
  Ran sniper 1 time this iteration (8 total).

=== Iteration 5 ===
  Evaluating 1 configuration(s) (top acquisition score of 200 candidates)...
  [mesmo] bp=2048 bpt=a53 l1da=4 l1d=32 l1ia=4 l1i=64 l2a=8 l2=256 l3a=8 l3=1024 nhist=3 robc=10 robd=8 robw=1024  ASI= 0.0098  S=1.0026  A= 148.30  P=1187.71  [Unsustainable]  [ML2=1.00x, CCl=1.00x, MIP=1.01x, EI=1.00x]
  Deleted 1 non-Pareto output directory.

  Pareto front after iteration 5 (5 points, HV=2.4189):
  Params                                  ASI  Speedup     Area  PeakPow  Region
  ──────────────────────────────────────────────────────────────────────────────
  bp=2048 bpt=a53 l1da=4 l1d=32 l1ia=4 l1i=16 l2a=8 l2=256 l3a=8 l3=1024 nhist=3 robc=10 robd=8 robw=1024   0.0100   1.0026   147.47  1187.62  Unsustainable
  bp=2048 bpt=a53 l1da=4 l1d=32 l1ia=4 l1i=16 l2a=8 l2=256 l3a=8 l3=2048 nhist=3 robc=10 robd=8 robw=256   0.0625   1.0021    74.31   533.21  Unsustainable
  baseline                             1.0000   1.0000    94.01    27.56  Reference
  bpt=pentium_m l1da=4 l1d=16 l1ia=8 l1i=16 l2a=4 l2=256 l3a=4 l3=4096 robc=2 robd=2 robw=256   2.0370   0.9935    55.04    19.14  Strongly Sust.
  bpt=pentium_m l1da=4 l1d=16 l1ia=8 l1i=16 l2a=4 l2=256 l3a=4 l3=2048 robc=2 robd=2 robw=256   2.4281   0.9935    42.61    17.56  Strongly Sust.
  Ran sniper 1 time this iteration (9 total).

=== Iteration 6 ===
  Evaluating 1 configuration(s) (top acquisition score of 200 candidates)...
  [mesmo] bpt=nn l1da=8 l1d=16 l1ia=4 l1i=32 l2a=8 l2=256 l3a=4 l3=1024 nnbl=64 nnlr=0.005 robc=10 robd=2 robw=64  ASI= 2.7008  S=0.9684  A=  37.99  P= 16.29  [Strongly Sust.]  [ML2=1.00x, CCl=1.00x, MIP=0.98x, EI=0.90x]

  Pareto front after iteration 6 (6 points, HV=2.6830):
  Params                                  ASI  Speedup     Area  PeakPow  Region
  ──────────────────────────────────────────────────────────────────────────────
  bp=2048 bpt=a53 l1da=4 l1d=32 l1ia=4 l1i=16 l2a=8 l2=256 l3a=8 l3=1024 nhist=3 robc=10 robd=8 robw=1024   0.0100   1.0026   147.47  1187.62  Unsustainable
  bp=2048 bpt=a53 l1da=4 l1d=32 l1ia=4 l1i=16 l2a=8 l2=256 l3a=8 l3=2048 nhist=3 robc=10 robd=8 robw=256   0.0625   1.0021    74.31   533.21  Unsustainable
  baseline                             1.0000   1.0000    94.01    27.56  Reference
  bpt=pentium_m l1da=4 l1d=16 l1ia=8 l1i=16 l2a=4 l2=256 l3a=4 l3=4096 robc=2 robd=2 robw=256   2.0370   0.9935    55.04    19.14  Strongly Sust.
  bpt=pentium_m l1da=4 l1d=16 l1ia=8 l1i=16 l2a=4 l2=256 l3a=4 l3=2048 robc=2 robd=2 robw=256   2.4281   0.9935    42.61    17.56  Strongly Sust.
  bpt=nn l1da=8 l1d=16 l1ia=4 l1i=32 l2a=8 l2=256 l3a=4 l3=1024 nnbl=64 nnlr=0.005 robc=10 robd=2 robw=64   2.7008   0.9684    37.99    16.29  Strongly Sust.
  Ran sniper 1 time this iteration (10 total).

=== Iteration 7 ===
  Evaluating 1 configuration(s) (top acquisition score of 200 candidates)...
  [mesmo] bpt=pentium_m l1da=4 l1d=16 l1ia=8 l1i=64 l2a=8 l2=256 l3a=8 l3=8192 robc=4 robd=8 robw=256  ASI= 0.0354  S=1.0021  A= 122.91  P=538.70  [Unsustainable]  [ML2=1.00x, CCl=1.00x, MIP=1.01x, EI=1.00x]
  Deleted 1 non-Pareto output directory.

  Pareto front after iteration 7 (6 points, HV=2.6830):
  Params                                  ASI  Speedup     Area  PeakPow  Region
  ──────────────────────────────────────────────────────────────────────────────
  bp=2048 bpt=a53 l1da=4 l1d=32 l1ia=4 l1i=16 l2a=8 l2=256 l3a=8 l3=1024 nhist=3 robc=10 robd=8 robw=1024   0.0100   1.0026   147.47  1187.62  Unsustainable
  bp=2048 bpt=a53 l1da=4 l1d=32 l1ia=4 l1i=16 l2a=8 l2=256 l3a=8 l3=2048 nhist=3 robc=10 robd=8 robw=256   0.0625   1.0021    74.31   533.21  Unsustainable
  baseline                             1.0000   1.0000    94.01    27.56  Reference
  bpt=pentium_m l1da=4 l1d=16 l1ia=8 l1i=16 l2a=4 l2=256 l3a=4 l3=4096 robc=2 robd=2 robw=256   2.0370   0.9935    55.04    19.14  Strongly Sust.
  bpt=pentium_m l1da=4 l1d=16 l1ia=8 l1i=16 l2a=4 l2=256 l3a=4 l3=2048 robc=2 robd=2 robw=256   2.4281   0.9935    42.61    17.56  Strongly Sust.
  bpt=nn l1da=8 l1d=16 l1ia=4 l1i=32 l2a=8 l2=256 l3a=4 l3=1024 nnbl=64 nnlr=0.005 robc=10 robd=2 robw=64   2.7008   0.9684    37.99    16.29  Strongly Sust.
  Ran sniper 1 time this iteration (11 total).

=== Iteration 8 ===
  Evaluating 1 configuration(s) (top acquisition score of 200 candidates)...
  [mesmo] bpt=pentium_m l1da=8 l1d=64 l1ia=4 l1i=32 l2a=8 l2=512 l3a=4 l3=2048 robc=2 robd=2 robw=512  ASI= 1.4726  S=1.0083  A=  54.28  P= 26.63  [Strongly Sust.]  [ML2=1.06x, CCl=1.00x, MIP=0.98x, EI=0.99x]
  Deleted 2 non-Pareto output directories.

  Pareto front after iteration 8 (4 points, HV=2.6982):
  Params                                  ASI  Speedup     Area  PeakPow  Region
  ──────────────────────────────────────────────────────────────────────────────
  bpt=pentium_m l1da=8 l1d=64 l1ia=4 l1i=32 l2a=8 l2=512 l3a=4 l3=2048 robc=2 robd=2 robw=512   1.4726   1.0083    54.28    26.63  Strongly Sust.
  bpt=pentium_m l1da=4 l1d=16 l1ia=8 l1i=16 l2a=4 l2=256 l3a=4 l3=4096 robc=2 robd=2 robw=256   2.0370   0.9935    55.04    19.14  Strongly Sust.
  bpt=pentium_m l1da=4 l1d=16 l1ia=8 l1i=16 l2a=4 l2=256 l3a=4 l3=2048 robc=2 robd=2 robw=256   2.4281   0.9935    42.61    17.56  Strongly Sust.
  bpt=nn l1da=8 l1d=16 l1ia=4 l1i=32 l2a=8 l2=256 l3a=4 l3=1024 nnbl=64 nnlr=0.005 robc=10 robd=2 robw=64   2.7008   0.9684    37.99    16.29  Strongly Sust.
  Ran sniper 1 time this iteration (12 total).

=== Iteration 9 ===
  Evaluating 1 configuration(s) (top acquisition score of 200 candidates)...
  [mesmo] bpt=nn l1da=4 l1d=16 l1ia=8 l1i=16 l2a=4 l2=256 l3a=4 l3=2048 nnbl=64 nnlr=0.005 robc=2 robd=2 robw=256  ASI= 2.4636  S=0.9571  A=  42.61  P= 17.31  [Strongly Sust.]  [ML2=0.99x, CCl=1.00x, MIP=0.98x, EI=0.86x]
  Deleted 1 non-Pareto output directory.

  Pareto front after iteration 9 (4 points, HV=2.6982):
  Params                                  ASI  Speedup     Area  PeakPow  Region
  ──────────────────────────────────────────────────────────────────────────────
  bpt=pentium_m l1da=8 l1d=64 l1ia=4 l1i=32 l2a=8 l2=512 l3a=4 l3=2048 robc=2 robd=2 robw=512   1.4726   1.0083    54.28    26.63  Strongly Sust.
  bpt=pentium_m l1da=4 l1d=16 l1ia=8 l1i=16 l2a=4 l2=256 l3a=4 l3=4096 robc=2 robd=2 robw=256   2.0370   0.9935    55.04    19.14  Strongly Sust.
  bpt=pentium_m l1da=4 l1d=16 l1ia=8 l1i=16 l2a=4 l2=256 l3a=4 l3=2048 robc=2 robd=2 robw=256   2.4281   0.9935    42.61    17.56  Strongly Sust.
  bpt=nn l1da=8 l1d=16 l1ia=4 l1i=32 l2a=8 l2=256 l3a=4 l3=1024 nnbl=64 nnlr=0.005 robc=10 robd=2 robw=64   2.7008   0.9684    37.99    16.29  Strongly Sust.
  Ran sniper 1 time this iteration (13 total).

=== Iteration 10 ===
  Evaluating 1 configuration(s) (top acquisition score of 200 candidates)...
  [mesmo] bpt=pentium_m l1da=8 l1d=64 l1ia=8 l1i=64 l2a=4 l2=256 l3a=16 l3=8192 robc=10 robd=8 robw=16  ASI= 0.5482  S=0.9705  A= 103.09  P= 45.42  [Unsustainable]  [ML2=1.00x, CCl=0.97x, MIP=0.95x, EI=0.96x]
  Deleted 1 non-Pareto output directory.

  Pareto front after iteration 10 (4 points, HV=2.6982):
  Params                                  ASI  Speedup     Area  PeakPow  Region
  ──────────────────────────────────────────────────────────────────────────────
  bpt=pentium_m l1da=8 l1d=64 l1ia=4 l1i=32 l2a=8 l2=512 l3a=4 l3=2048 robc=2 robd=2 robw=512   1.4726   1.0083    54.28    26.63  Strongly Sust.
  bpt=pentium_m l1da=4 l1d=16 l1ia=8 l1i=16 l2a=4 l2=256 l3a=4 l3=4096 robc=2 robd=2 robw=256   2.0370   0.9935    55.04    19.14  Strongly Sust.
  bpt=pentium_m l1da=4 l1d=16 l1ia=8 l1i=16 l2a=4 l2=256 l3a=4 l3=2048 robc=2 robd=2 robw=256   2.4281   0.9935    42.61    17.56  Strongly Sust.
  bpt=nn l1da=8 l1d=16 l1ia=4 l1i=32 l2a=8 l2=256 l3a=4 l3=1024 nnbl=64 nnlr=0.005 robc=10 robd=2 robw=64   2.7008   0.9684    37.99    16.29  Strongly Sust.
  Ran sniper 1 time this iteration (14 total).

=== Iteration 11 ===
  Evaluating 1 configuration(s) (top acquisition score of 200 candidates)...
  [mesmo] bp=2048 bpt=a53 l1da=4 l1d=32 l1ia=8 l1i=16 l2a=4 l2=128 l3a=8 l3=2048 nhist=4 robc=8 robd=8 robw=32  ASI= 0.9620  S=0.9824  A=  51.33  P= 41.66  [Unsustainable]  [ML2=0.97x, CCl=1.00x, MIP=0.97x, EI=0.99x]
  Deleted 1 non-Pareto output directory.

  Pareto front after iteration 11 (4 points, HV=2.6982):
  Params                                  ASI  Speedup     Area  PeakPow  Region
  ──────────────────────────────────────────────────────────────────────────────
  bpt=pentium_m l1da=8 l1d=64 l1ia=4 l1i=32 l2a=8 l2=512 l3a=4 l3=2048 robc=2 robd=2 robw=512   1.4726   1.0083    54.28    26.63  Strongly Sust.
  bpt=pentium_m l1da=4 l1d=16 l1ia=8 l1i=16 l2a=4 l2=256 l3a=4 l3=4096 robc=2 robd=2 robw=256   2.0370   0.9935    55.04    19.14  Strongly Sust.
  bpt=pentium_m l1da=4 l1d=16 l1ia=8 l1i=16 l2a=4 l2=256 l3a=4 l3=2048 robc=2 robd=2 robw=256   2.4281   0.9935    42.61    17.56  Strongly Sust.
  bpt=nn l1da=8 l1d=16 l1ia=4 l1i=32 l2a=8 l2=256 l3a=4 l3=1024 nnbl=64 nnlr=0.005 robc=10 robd=2 robw=64   2.7008   0.9684    37.99    16.29  Strongly Sust.
  Ran sniper 1 time this iteration (15 total).

=== Iteration 12 ===
  Evaluating 1 configuration(s) (top acquisition score of 200 candidates)...
  [mesmo] bpt=nn l1da=8 l1d=16 l1ia=4 l1i=32 l2a=8 l2=256 l3a=4 l3=1024 nnbl=64 nnlr=0.005 robc=2 robd=2 robw=64  ASI= 2.6838  S=0.9823  A=  37.99  P= 16.39  [Strongly Sust.]  [ML2=1.00x, CCl=1.00x, MIP=0.98x, EI=0.95x]

  Pareto front after iteration 12 (5 points, HV=2.7017):
  Params                                  ASI  Speedup     Area  PeakPow  Region
  ──────────────────────────────────────────────────────────────────────────────
  bpt=pentium_m l1da=8 l1d=64 l1ia=4 l1i=32 l2a=8 l2=512 l3a=4 l3=2048 robc=2 robd=2 robw=512   1.4726   1.0083    54.28    26.63  Strongly Sust.
  bpt=pentium_m l1da=4 l1d=16 l1ia=8 l1i=16 l2a=4 l2=256 l3a=4 l3=4096 robc=2 robd=2 robw=256   2.0370   0.9935    55.04    19.14  Strongly Sust.
  bpt=pentium_m l1da=4 l1d=16 l1ia=8 l1i=16 l2a=4 l2=256 l3a=4 l3=2048 robc=2 robd=2 robw=256   2.4281   0.9935    42.61    17.56  Strongly Sust.
  bpt=nn l1da=8 l1d=16 l1ia=4 l1i=32 l2a=8 l2=256 l3a=4 l3=1024 nnbl=64 nnlr=0.005 robc=2 robd=2 robw=64   2.6838   0.9823    37.99    16.39  Strongly Sust.
  bpt=nn l1da=8 l1d=16 l1ia=4 l1i=32 l2a=8 l2=256 l3a=4 l3=1024 nnbl=64 nnlr=0.005 robc=10 robd=2 robw=64   2.7008   0.9684    37.99    16.29  Strongly Sust.
  Ran sniper 1 time this iteration (16 total).

=== Iteration 13 ===
  Evaluating 1 configuration(s) (top acquisition score of 200 candidates)...
  [mesmo] bpt=pentium_m l1da=4 l1d=64 l1ia=4 l1i=32 l2a=8 l2=512 l3a=4 l3=2048 robc=2 robd=2 robw=512  ASI= 1.5674  S=1.0083  A=  49.86  P= 25.84  [Strongly Sust.]  [ML2=1.06x, CCl=1.00x, MIP=0.98x, EI=0.99x]
  Deleted 1 non-Pareto output directory.

  Pareto front after iteration 13 (5 points, HV=2.7031):
  Params                                  ASI  Speedup     Area  PeakPow  Region
  ──────────────────────────────────────────────────────────────────────────────
  bpt=pentium_m l1da=4 l1d=64 l1ia=4 l1i=32 l2a=8 l2=512 l3a=4 l3=2048 robc=2 robd=2 robw=512   1.5674   1.0083    49.86    25.84  Strongly Sust.
  bpt=pentium_m l1da=4 l1d=16 l1ia=8 l1i=16 l2a=4 l2=256 l3a=4 l3=4096 robc=2 robd=2 robw=256   2.0370   0.9935    55.04    19.14  Strongly Sust.
  bpt=pentium_m l1da=4 l1d=16 l1ia=8 l1i=16 l2a=4 l2=256 l3a=4 l3=2048 robc=2 robd=2 robw=256   2.4281   0.9935    42.61    17.56  Strongly Sust.
  bpt=nn l1da=8 l1d=16 l1ia=4 l1i=32 l2a=8 l2=256 l3a=4 l3=1024 nnbl=64 nnlr=0.005 robc=2 robd=2 robw=64   2.6838   0.9823    37.99    16.39  Strongly Sust.
  bpt=nn l1da=8 l1d=16 l1ia=4 l1i=32 l2a=8 l2=256 l3a=4 l3=1024 nnbl=64 nnlr=0.005 robc=10 robd=2 robw=64   2.7008   0.9684    37.99    16.29  Strongly Sust.
  Ran sniper 1 time this iteration (17 total).

=== Iteration 14 ===
  Evaluating 1 configuration(s) (top acquisition score of 200 candidates)...
  [mesmo] bpt=tage l1da=8 l1d=64 l1ia=4 l1i=32 l2a=8 l2=128 l3a=8 l3=2048 robc=2 robd=8 robw=1024  ASI= 0.0079  S=0.9938  A= 156.02  P=1188.91  [Unsustainable]  [ML2=0.97x, CCl=1.00x, MIP=1.01x, EI=0.99x]
  Deleted 1 non-Pareto output directory.

  Pareto front after iteration 14 (5 points, HV=2.7031):
  Params                                  ASI  Speedup     Area  PeakPow  Region
  ──────────────────────────────────────────────────────────────────────────────
  bpt=pentium_m l1da=4 l1d=64 l1ia=4 l1i=32 l2a=8 l2=512 l3a=4 l3=2048 robc=2 robd=2 robw=512   1.5674   1.0083    49.86    25.84  Strongly Sust.
  bpt=pentium_m l1da=4 l1d=16 l1ia=8 l1i=16 l2a=4 l2=256 l3a=4 l3=4096 robc=2 robd=2 robw=256   2.0370   0.9935    55.04    19.14  Strongly Sust.
  bpt=pentium_m l1da=4 l1d=16 l1ia=8 l1i=16 l2a=4 l2=256 l3a=4 l3=2048 robc=2 robd=2 robw=256   2.4281   0.9935    42.61    17.56  Strongly Sust.
  bpt=nn l1da=8 l1d=16 l1ia=4 l1i=32 l2a=8 l2=256 l3a=4 l3=1024 nnbl=64 nnlr=0.005 robc=2 robd=2 robw=64   2.6838   0.9823    37.99    16.39  Strongly Sust.
  bpt=nn l1da=8 l1d=16 l1ia=4 l1i=32 l2a=8 l2=256 l3a=4 l3=1024 nnbl=64 nnlr=0.005 robc=10 robd=2 robw=64   2.7008   0.9684    37.99    16.29  Strongly Sust.
  Ran sniper 1 time this iteration (18 total).

=== Iteration 15 ===
  Evaluating 1 configuration(s) (top acquisition score of 200 candidates)...
  [mesmo] bpt=pentium_m l1da=4 l1d=64 l1ia=4 l1i=32 l2a=8 l2=512 l3a=4 l3=1024 robc=2 robd=2 robw=512  ASI= 1.6928  S=1.0083  A=  42.91  P= 25.13  [Strongly Sust.]  [ML2=1.06x, CCl=1.00x, MIP=0.98x, EI=0.99x]

  Pareto front after iteration 15 (6 points, HV=2.7050):
  Params                                  ASI  Speedup     Area  PeakPow  Region
  ──────────────────────────────────────────────────────────────────────────────
  bpt=pentium_m l1da=4 l1d=64 l1ia=4 l1i=32 l2a=8 l2=512 l3a=4 l3=2048 robc=2 robd=2 robw=512   1.5674   1.0083    49.86    25.84  Strongly Sust.
  bpt=pentium_m l1da=4 l1d=64 l1ia=4 l1i=32 l2a=8 l2=512 l3a=4 l3=1024 robc=2 robd=2 robw=512   1.6928   1.0083    42.91    25.13  Strongly Sust.
  bpt=pentium_m l1da=4 l1d=16 l1ia=8 l1i=16 l2a=4 l2=256 l3a=4 l3=4096 robc=2 robd=2 robw=256   2.0370   0.9935    55.04    19.14  Strongly Sust.
  bpt=pentium_m l1da=4 l1d=16 l1ia=8 l1i=16 l2a=4 l2=256 l3a=4 l3=2048 robc=2 robd=2 robw=256   2.4281   0.9935    42.61    17.56  Strongly Sust.
  bpt=nn l1da=8 l1d=16 l1ia=4 l1i=32 l2a=8 l2=256 l3a=4 l3=1024 nnbl=64 nnlr=0.005 robc=2 robd=2 robw=64   2.6838   0.9823    37.99    16.39  Strongly Sust.
  bpt=nn l1da=8 l1d=16 l1ia=4 l1i=32 l2a=8 l2=256 l3a=4 l3=1024 nnbl=64 nnlr=0.005 robc=10 robd=2 robw=64   2.7008   0.9684    37.99    16.29  Strongly Sust.
  Ran sniper 1 time this iteration (19 total).

=== Iteration 16 ===
  Evaluating 1 configuration(s) (top acquisition score of 200 candidates)...
  [mesmo] bpt=pentium_m l1da=4 l1d=64 l1ia=4 l1i=32 l2a=8 l2=512 l3a=8 l3=2048 robc=2 robd=2 robw=512  ASI= 1.5862  S=1.0085  A=  48.11  P= 25.86  [Strongly Sust.]  [ML2=1.06x, CCl=1.00x, MIP=0.98x, EI=0.99x]
  Deleted 1 non-Pareto output directory.

  Pareto front after iteration 16 (6 points, HV=2.7053):
  Params                                  ASI  Speedup     Area  PeakPow  Region
  ──────────────────────────────────────────────────────────────────────────────
  bpt=pentium_m l1da=4 l1d=64 l1ia=4 l1i=32 l2a=8 l2=512 l3a=8 l3=2048 robc=2 robd=2 robw=512   1.5862   1.0085    48.11    25.86  Strongly Sust.
  bpt=pentium_m l1da=4 l1d=64 l1ia=4 l1i=32 l2a=8 l2=512 l3a=4 l3=1024 robc=2 robd=2 robw=512   1.6928   1.0083    42.91    25.13  Strongly Sust.
  bpt=pentium_m l1da=4 l1d=16 l1ia=8 l1i=16 l2a=4 l2=256 l3a=4 l3=4096 robc=2 robd=2 robw=256   2.0370   0.9935    55.04    19.14  Strongly Sust.
  bpt=pentium_m l1da=4 l1d=16 l1ia=8 l1i=16 l2a=4 l2=256 l3a=4 l3=2048 robc=2 robd=2 robw=256   2.4281   0.9935    42.61    17.56  Strongly Sust.
  bpt=nn l1da=8 l1d=16 l1ia=4 l1i=32 l2a=8 l2=256 l3a=4 l3=1024 nnbl=64 nnlr=0.005 robc=2 robd=2 robw=64   2.6838   0.9823    37.99    16.39  Strongly Sust.
  bpt=nn l1da=8 l1d=16 l1ia=4 l1i=32 l2a=8 l2=256 l3a=4 l3=1024 nnbl=64 nnlr=0.005 robc=10 robd=2 robw=64   2.7008   0.9684    37.99    16.29  Strongly Sust.
  Ran sniper 1 time this iteration (20 total).

=== Iteration 17 ===
  Evaluating 1 configuration(s) (top acquisition score of 200 candidates)...
  [mesmo] bpt=pentium_m l1da=4 l1d=64 l1ia=4 l1i=32 l2a=8 l2=512 l3a=4 l3=1024 robc=2 robd=2 robw=32  ASI= 2.5911  S=1.0004  A=  41.18  P= 16.62  [Strongly Sust.]  [ML2=1.06x, CCl=0.99x, MIP=0.97x, EI=0.98x]
  Deleted 2 non-Pareto output directories.

  Pareto front after iteration 17 (5 points, HV=2.7133):
  Params                                  ASI  Speedup     Area  PeakPow  Region
  ──────────────────────────────────────────────────────────────────────────────
  bpt=pentium_m l1da=4 l1d=64 l1ia=4 l1i=32 l2a=8 l2=512 l3a=8 l3=2048 robc=2 robd=2 robw=512   1.5862   1.0085    48.11    25.86  Strongly Sust.
  bpt=pentium_m l1da=4 l1d=64 l1ia=4 l1i=32 l2a=8 l2=512 l3a=4 l3=1024 robc=2 robd=2 robw=512   1.6928   1.0083    42.91    25.13  Strongly Sust.
  bpt=pentium_m l1da=4 l1d=64 l1ia=4 l1i=32 l2a=8 l2=512 l3a=4 l3=1024 robc=2 robd=2 robw=32   2.5911   1.0004    41.18    16.62  Strongly Sust.
  bpt=nn l1da=8 l1d=16 l1ia=4 l1i=32 l2a=8 l2=256 l3a=4 l3=1024 nnbl=64 nnlr=0.005 robc=2 robd=2 robw=64   2.6838   0.9823    37.99    16.39  Strongly Sust.
  bpt=nn l1da=8 l1d=16 l1ia=4 l1i=32 l2a=8 l2=256 l3a=4 l3=1024 nnbl=64 nnlr=0.005 robc=10 robd=2 robw=64   2.7008   0.9684    37.99    16.29  Strongly Sust.
  Ran sniper 1 time this iteration (21 total).

=== Iteration 18 ===
  Evaluating 1 configuration(s) (top acquisition score of 200 candidates)...
  [mesmo] bpt=pentium_m l1da=4 l1d=16 l1ia=4 l1i=32 l2a=8 l2=512 l3a=4 l3=1024 robc=2 robd=2 robw=32  ASI= 2.6146  S=0.9998  A=  40.81  P= 16.51  [Strongly Sust.]  [ML2=1.06x, CCl=0.99x, MIP=0.97x, EI=0.98x]

  Pareto front after iteration 18 (6 points, HV=2.7137):
  Params                                  ASI  Speedup     Area  PeakPow  Region
  ──────────────────────────────────────────────────────────────────────────────
  bpt=pentium_m l1da=4 l1d=64 l1ia=4 l1i=32 l2a=8 l2=512 l3a=8 l3=2048 robc=2 robd=2 robw=512   1.5862   1.0085    48.11    25.86  Strongly Sust.
  bpt=pentium_m l1da=4 l1d=64 l1ia=4 l1i=32 l2a=8 l2=512 l3a=4 l3=1024 robc=2 robd=2 robw=512   1.6928   1.0083    42.91    25.13  Strongly Sust.
  bpt=pentium_m l1da=4 l1d=64 l1ia=4 l1i=32 l2a=8 l2=512 l3a=4 l3=1024 robc=2 robd=2 robw=32   2.5911   1.0004    41.18    16.62  Strongly Sust.
  bpt=pentium_m l1da=4 l1d=16 l1ia=4 l1i=32 l2a=8 l2=512 l3a=4 l3=1024 robc=2 robd=2 robw=32   2.6146   0.9998    40.81    16.51  Strongly Sust.
  bpt=nn l1da=8 l1d=16 l1ia=4 l1i=32 l2a=8 l2=256 l3a=4 l3=1024 nnbl=64 nnlr=0.005 robc=2 robd=2 robw=64   2.6838   0.9823    37.99    16.39  Strongly Sust.
  bpt=nn l1da=8 l1d=16 l1ia=4 l1i=32 l2a=8 l2=256 l3a=4 l3=1024 nnbl=64 nnlr=0.005 robc=10 robd=2 robw=64   2.7008   0.9684    37.99    16.29  Strongly Sust.
  Ran sniper 1 time this iteration (22 total).

=== Iteration 19 ===
  Evaluating 1 configuration(s) (top acquisition score of 200 candidates)...
  [mesmo] bpt=pentium_m l1da=4 l1d=32 l1ia=4 l1i=32 l2a=8 l2=512 l3a=8 l3=2048 robc=2 robd=2 robw=512  ASI= 1.5918  S=1.0081  A=  47.93  P= 25.80  [Strongly Sust.]  [ML2=1.06x, CCl=1.00x, MIP=0.98x, EI=0.99x]
  Deleted 1 non-Pareto output directory.

  Pareto front after iteration 19 (6 points, HV=2.7137):
  Params                                  ASI  Speedup     Area  PeakPow  Region
  ──────────────────────────────────────────────────────────────────────────────
  bpt=pentium_m l1da=4 l1d=64 l1ia=4 l1i=32 l2a=8 l2=512 l3a=8 l3=2048 robc=2 robd=2 robw=512   1.5862   1.0085    48.11    25.86  Strongly Sust.
  bpt=pentium_m l1da=4 l1d=64 l1ia=4 l1i=32 l2a=8 l2=512 l3a=4 l3=1024 robc=2 robd=2 robw=512   1.6928   1.0083    42.91    25.13  Strongly Sust.
  bpt=pentium_m l1da=4 l1d=64 l1ia=4 l1i=32 l2a=8 l2=512 l3a=4 l3=1024 robc=2 robd=2 robw=32   2.5911   1.0004    41.18    16.62  Strongly Sust.
  bpt=pentium_m l1da=4 l1d=16 l1ia=4 l1i=32 l2a=8 l2=512 l3a=4 l3=1024 robc=2 robd=2 robw=32   2.6146   0.9998    40.81    16.51  Strongly Sust.
  bpt=nn l1da=8 l1d=16 l1ia=4 l1i=32 l2a=8 l2=256 l3a=4 l3=1024 nnbl=64 nnlr=0.005 robc=2 robd=2 robw=64   2.6838   0.9823    37.99    16.39  Strongly Sust.
  bpt=nn l1da=8 l1d=16 l1ia=4 l1i=32 l2a=8 l2=256 l3a=4 l3=1024 nnbl=64 nnlr=0.005 robc=10 robd=2 robw=64   2.7008   0.9684    37.99    16.29  Strongly Sust.
  Ran sniper 1 time this iteration (23 total).

=== Iteration 20 ===
  Evaluating 1 configuration(s) (top acquisition score of 200 candidates)...
  [mesmo] bpt=nn l1da=8 l1d=16 l1ia=4 l1i=32 l2a=8 l2=256 l3a=4 l3=1024 nnbl=64 nnlr=0.005 robc=2 robd=2 robw=32  ASI= 2.7184  S=0.9747  A=  37.93  P= 16.19  [Strongly Sust.]  [ML2=1.00x, CCl=0.98x, MIP=0.97x, EI=0.95x]
  Deleted 1 non-Pareto output directory.

  Pareto front after iteration 20 (6 points, HV=2.7310):
  Params                                  ASI  Speedup     Area  PeakPow  Region
  ──────────────────────────────────────────────────────────────────────────────
  bpt=pentium_m l1da=4 l1d=64 l1ia=4 l1i=32 l2a=8 l2=512 l3a=8 l3=2048 robc=2 robd=2 robw=512   1.5862   1.0085    48.11    25.86  Strongly Sust.
  bpt=pentium_m l1da=4 l1d=64 l1ia=4 l1i=32 l2a=8 l2=512 l3a=4 l3=1024 robc=2 robd=2 robw=512   1.6928   1.0083    42.91    25.13  Strongly Sust.
  bpt=pentium_m l1da=4 l1d=64 l1ia=4 l1i=32 l2a=8 l2=512 l3a=4 l3=1024 robc=2 robd=2 robw=32   2.5911   1.0004    41.18    16.62  Strongly Sust.
  bpt=pentium_m l1da=4 l1d=16 l1ia=4 l1i=32 l2a=8 l2=512 l3a=4 l3=1024 robc=2 robd=2 robw=32   2.6146   0.9998    40.81    16.51  Strongly Sust.
  bpt=nn l1da=8 l1d=16 l1ia=4 l1i=32 l2a=8 l2=256 l3a=4 l3=1024 nnbl=64 nnlr=0.005 robc=2 robd=2 robw=64   2.6838   0.9823    37.99    16.39  Strongly Sust.
  bpt=nn l1da=8 l1d=16 l1ia=4 l1i=32 l2a=8 l2=256 l3a=4 l3=1024 nnbl=64 nnlr=0.005 robc=2 robd=2 robw=32   2.7184   0.9747    37.93    16.19  Strongly Sust.
  Ran sniper 1 time this iteration (24 total).

Final cleanup: removed 2 stale output directories.
Total sniper runs: 24
Final hypervolume: 2.7310

Plot saved → /home/jaco/school/stage/asi/asi-output/pareto_history.png
Plot saved → /home/jaco/school/stage/asi/asi-output/pareto_final.png
=== Final Pareto Front ===
  Params                                  ASI  Speedup     Area  PeakPow  Region
  ──────────────────────────────────────────────────────────────────────────────
  bpt=pentium_m l1da=4 l1d=64 l1ia=4 l1i=32 l2a=8 l2=512 l3a=8 l3=2048 robc=2 robd=2 robw=512   1.5862   1.0085    48.11    25.86  Strongly Sust.
  bpt=pentium_m l1da=4 l1d=64 l1ia=4 l1i=32 l2a=8 l2=512 l3a=4 l3=1024 robc=2 robd=2 robw=512   1.6928   1.0083    42.91    25.13  Strongly Sust.
  bpt=pentium_m l1da=4 l1d=64 l1ia=4 l1i=32 l2a=8 l2=512 l3a=4 l3=1024 robc=2 robd=2 robw=32   2.5911   1.0004    41.18    16.62  Strongly Sust.
  bpt=pentium_m l1da=4 l1d=16 l1ia=4 l1i=32 l2a=8 l2=512 l3a=4 l3=1024 robc=2 robd=2 robw=32   2.6146   0.9998    40.81    16.51  Strongly Sust.
  bpt=nn l1da=8 l1d=16 l1ia=4 l1i=32 l2a=8 l2=256 l3a=4 l3=1024 nnbl=64 nnlr=0.005 robc=2 robd=2 robw=64   2.6838   0.9823    37.99    16.39  Strongly Sust.
  bpt=nn l1da=8 l1d=16 l1ia=4 l1i=32 l2a=8 l2=256 l3a=4 l3=1024 nnbl=64 nnlr=0.005 robc=2 robd=2 robw=32   2.7184   0.9747    37.93    16.19  Strongly Sust.
