Logging to /home/jaco/school/stage/asi/asi-output/run.log

Benchmarks: ML2 (./libs/benchmarks/ML2/bench), CCl (./libs/benchmarks/CCl/bench)

Resuming MESMO search from iteration 50 (found /home/jaco/school/stage/asi/asi-output/search_state.json)

=== Iteration 51 ===
  Evaluating 1 configuration(s) (top acquisition score of 400 candidates)...
  [mesmo] bpt=pentium_m l1da=4 l1d=64 l1ia=4 l1i=64 l2a=8 l2=512 l3a=8 l3=2048 robc=4 robd=8 robw=32  ASI= 0.8839  S=1.0263  A=  58.45  P= 41.58  [Unsustainable]  [ML2=1.06x, CCl=0.99x]
  Deleted 1 non-Pareto output directory.

  Pareto front after iteration 51 (15 points, HV=3.0285):
  Params                                  ASI  Speedup     Area  PeakPow  Region
  ──────────────────────────────────────────────────────────────────────────────
  bpt=tage l1da=8 l1d=64 l1ia=8 l1i=16 l2a=4 l2=512 l3a=4 l3=4096 robc=8 robd=2 robw=1024   0.8705   1.0304    70.96    38.15  Unsustainable
  bpt=pentium_m l1da=8 l1d=64 l1ia=8 l1i=32 l2a=8 l2=512 l3a=16 l3=2048 robc=10 robd=2 robw=512   1.4025   1.0302    56.00    26.71  Strongly Sust.
  bpt=pentium_m l1da=8 l1d=64 l1ia=8 l1i=32 l2a=8 l2=512 l3a=16 l3=2048 robc=8 robd=2 robw=512   1.4025   1.0302    56.00    26.71  Strongly Sust.
  bpt=pentium_m l1da=8 l1d=64 l1ia=4 l1i=32 l2a=4 l2=512 l3a=4 l3=4096 robc=8 robd=2 robw=256   1.7997   1.0302    65.13    19.37  Strongly Sust.
  bpt=pentium_m l1da=8 l1d=64 l1ia=4 l1i=32 l2a=4 l2=512 l3a=4 l3=4096 robc=2 robd=2 robw=256   1.7997   1.0301    65.13    19.37  Strongly Sust.
  bpt=pentium_m l1da=8 l1d=64 l1ia=8 l1i=32 l2a=8 l2=512 l3a=16 l3=2048 robc=8 robd=2 robw=128   2.0450   1.0299    54.39    18.54  Strongly Sust.
  bpt=pentium_m l1da=4 l1d=32 l1ia=8 l1i=16 l2a=4 l2=256 l3a=4 l3=2048 robc=2 robd=2 robw=256   2.4315   1.0005    42.80    16.94  Strongly Sust.
  bpt=pentium_m l1da=4 l1d=32 l1ia=8 l1i=16 l2a=4 l2=256 l3a=4 l3=1024 robc=2 robd=2 robw=256   2.6597   1.0005    35.85    16.23  Strongly Sust.
  bpt=nn l1da=4 l1d=32 l1ia=8 l1i=16 l2a=4 l2=256 l3a=4 l3=1024 nnbl=16 nnlr=0.005 robc=2 robd=2 robw=32   2.7519   0.9982    35.61    15.71  Strongly Sust.
  bp=2048 bpt=a53 l1da=4 l1d=32 l1ia=4 l1i=64 l2a=4 l2=256 l3a=4 l3=1024 nhist=4 robc=2 robd=2 robw=32   2.8998   0.9981    34.82    14.99  Strongly Sust.
  bp=2048 bpt=a53 l1da=4 l1d=32 l1ia=4 l1i=16 l2a=4 l2=256 l3a=4 l3=1024 nhist=4 robc=2 robd=2 robw=32   2.9337   0.9980    34.00    14.89  Strongly Sust.
  bp=1024 bpt=a53 l1da=4 l1d=32 l1ia=4 l1i=16 l2a=4 l2=256 l3a=4 l3=1024 nhist=4 robc=2 robd=2 robw=32   2.9341   0.9975    34.00    14.89  Strongly Sust.
  bp=2048 bpt=a53 l1da=4 l1d=32 l1ia=4 l1i=64 l2a=4 l2=256 l3a=4 l3=1024 nhist=4 robc=2 robd=2 robw=16   2.9440   0.9902    34.74    14.77  Strongly Sust.
  bpt=pentium_m l1da=4 l1d=32 l1ia=4 l1i=64 l2a=4 l2=256 l3a=4 l3=1024 robc=2 robd=2 robw=16   2.9461   0.9874    34.74    14.76  Strongly Sust.
  bpt=nn l1da=4 l1d=32 l1ia=4 l1i=64 l2a=4 l2=256 l3a=4 l3=1024 nnbl=64 nnlr=0.001 robc=2 robd=2 robw=16   2.9679   0.9577    34.74    14.65  Strongly Sust.
  Ran sniper 1 time this iteration (57 total).

=== Iteration 52 ===
  Evaluating 1 configuration(s) (top acquisition score of 400 candidates)...
  [mesmo] bp=2048 bpt=a53 l1da=8 l1d=32 l1ia=4 l1i=64 l2a=4 l2=512 l3a=16 l3=1024 nhist=4 robc=8 robd=2 robw=64  ASI= 2.3621  S=1.0287  A=  47.90  P= 16.83  [Strongly Sust.]  [ML2=1.06x, CCl=1.00x]

  Pareto front after iteration 52 (16 points, HV=3.0374):
  Params                                  ASI  Speedup     Area  PeakPow  Region
  ──────────────────────────────────────────────────────────────────────────────
  bpt=tage l1da=8 l1d=64 l1ia=8 l1i=16 l2a=4 l2=512 l3a=4 l3=4096 robc=8 robd=2 robw=1024   0.8705   1.0304    70.96    38.15  Unsustainable
  bpt=pentium_m l1da=8 l1d=64 l1ia=8 l1i=32 l2a=8 l2=512 l3a=16 l3=2048 robc=10 robd=2 robw=512   1.4025   1.0302    56.00    26.71  Strongly Sust.
  bpt=pentium_m l1da=8 l1d=64 l1ia=8 l1i=32 l2a=8 l2=512 l3a=16 l3=2048 robc=8 robd=2 robw=512   1.4025   1.0302    56.00    26.71  Strongly Sust.
  bpt=pentium_m l1da=8 l1d=64 l1ia=4 l1i=32 l2a=4 l2=512 l3a=4 l3=4096 robc=8 robd=2 robw=256   1.7997   1.0302    65.13    19.37  Strongly Sust.
  bpt=pentium_m l1da=8 l1d=64 l1ia=4 l1i=32 l2a=4 l2=512 l3a=4 l3=4096 robc=2 robd=2 robw=256   1.7997   1.0301    65.13    19.37  Strongly Sust.
  bpt=pentium_m l1da=8 l1d=64 l1ia=8 l1i=32 l2a=8 l2=512 l3a=16 l3=2048 robc=8 robd=2 robw=128   2.0450   1.0299    54.39    18.54  Strongly Sust.
  bp=2048 bpt=a53 l1da=8 l1d=32 l1ia=4 l1i=64 l2a=4 l2=512 l3a=16 l3=1024 nhist=4 robc=8 robd=2 robw=64   2.3621   1.0287    47.90    16.83  Strongly Sust.
  bpt=pentium_m l1da=4 l1d=32 l1ia=8 l1i=16 l2a=4 l2=256 l3a=4 l3=2048 robc=2 robd=2 robw=256   2.4315   1.0005    42.80    16.94  Strongly Sust.
  bpt=pentium_m l1da=4 l1d=32 l1ia=8 l1i=16 l2a=4 l2=256 l3a=4 l3=1024 robc=2 robd=2 robw=256   2.6597   1.0005    35.85    16.23  Strongly Sust.
  bpt=nn l1da=4 l1d=32 l1ia=8 l1i=16 l2a=4 l2=256 l3a=4 l3=1024 nnbl=16 nnlr=0.005 robc=2 robd=2 robw=32   2.7519   0.9982    35.61    15.71  Strongly Sust.
  bp=2048 bpt=a53 l1da=4 l1d=32 l1ia=4 l1i=64 l2a=4 l2=256 l3a=4 l3=1024 nhist=4 robc=2 robd=2 robw=32   2.8998   0.9981    34.82    14.99  Strongly Sust.
  bp=2048 bpt=a53 l1da=4 l1d=32 l1ia=4 l1i=16 l2a=4 l2=256 l3a=4 l3=1024 nhist=4 robc=2 robd=2 robw=32   2.9337   0.9980    34.00    14.89  Strongly Sust.
  bp=1024 bpt=a53 l1da=4 l1d=32 l1ia=4 l1i=16 l2a=4 l2=256 l3a=4 l3=1024 nhist=4 robc=2 robd=2 robw=32   2.9341   0.9975    34.00    14.89  Strongly Sust.
  bp=2048 bpt=a53 l1da=4 l1d=32 l1ia=4 l1i=64 l2a=4 l2=256 l3a=4 l3=1024 nhist=4 robc=2 robd=2 robw=16   2.9440   0.9902    34.74    14.77  Strongly Sust.
  bpt=pentium_m l1da=4 l1d=32 l1ia=4 l1i=64 l2a=4 l2=256 l3a=4 l3=1024 robc=2 robd=2 robw=16   2.9461   0.9874    34.74    14.76  Strongly Sust.
  bpt=nn l1da=4 l1d=32 l1ia=4 l1i=64 l2a=4 l2=256 l3a=4 l3=1024 nnbl=64 nnlr=0.001 robc=2 robd=2 robw=16   2.9679   0.9577    34.74    14.65  Strongly Sust.
  Ran sniper 1 time this iteration (58 total).

=== Iteration 53 ===
  Evaluating 1 configuration(s) (top acquisition score of 400 candidates)...
  [mesmo] bpt=pentium_m l1da=4 l1d=32 l1ia=4 l1i=64 l2a=4 l2=256 l3a=4 l3=1024 robc=8 robd=2 robw=16  ASI= 2.9461  S=0.9874  A=  34.74  P= 14.76  [Strongly Sust.]  [ML2=1.00x, CCl=0.97x]

  Pareto front after iteration 53 (17 points, HV=3.0374):
  Params                                  ASI  Speedup     Area  PeakPow  Region
  ──────────────────────────────────────────────────────────────────────────────
  bpt=tage l1da=8 l1d=64 l1ia=8 l1i=16 l2a=4 l2=512 l3a=4 l3=4096 robc=8 robd=2 robw=1024   0.8705   1.0304    70.96    38.15  Unsustainable
  bpt=pentium_m l1da=8 l1d=64 l1ia=8 l1i=32 l2a=8 l2=512 l3a=16 l3=2048 robc=10 robd=2 robw=512   1.4025   1.0302    56.00    26.71  Strongly Sust.
  bpt=pentium_m l1da=8 l1d=64 l1ia=8 l1i=32 l2a=8 l2=512 l3a=16 l3=2048 robc=8 robd=2 robw=512   1.4025   1.0302    56.00    26.71  Strongly Sust.
  bpt=pentium_m l1da=8 l1d=64 l1ia=4 l1i=32 l2a=4 l2=512 l3a=4 l3=4096 robc=8 robd=2 robw=256   1.7997   1.0302    65.13    19.37  Strongly Sust.
  bpt=pentium_m l1da=8 l1d=64 l1ia=4 l1i=32 l2a=4 l2=512 l3a=4 l3=4096 robc=2 robd=2 robw=256   1.7997   1.0301    65.13    19.37  Strongly Sust.
  bpt=pentium_m l1da=8 l1d=64 l1ia=8 l1i=32 l2a=8 l2=512 l3a=16 l3=2048 robc=8 robd=2 robw=128   2.0450   1.0299    54.39    18.54  Strongly Sust.
  bp=2048 bpt=a53 l1da=8 l1d=32 l1ia=4 l1i=64 l2a=4 l2=512 l3a=16 l3=1024 nhist=4 robc=8 robd=2 robw=64   2.3621   1.0287    47.90    16.83  Strongly Sust.
  bpt=pentium_m l1da=4 l1d=32 l1ia=8 l1i=16 l2a=4 l2=256 l3a=4 l3=2048 robc=2 robd=2 robw=256   2.4315   1.0005    42.80    16.94  Strongly Sust.
  bpt=pentium_m l1da=4 l1d=32 l1ia=8 l1i=16 l2a=4 l2=256 l3a=4 l3=1024 robc=2 robd=2 robw=256   2.6597   1.0005    35.85    16.23  Strongly Sust.
  bpt=nn l1da=4 l1d=32 l1ia=8 l1i=16 l2a=4 l2=256 l3a=4 l3=1024 nnbl=16 nnlr=0.005 robc=2 robd=2 robw=32   2.7519   0.9982    35.61    15.71  Strongly Sust.
  bp=2048 bpt=a53 l1da=4 l1d=32 l1ia=4 l1i=64 l2a=4 l2=256 l3a=4 l3=1024 nhist=4 robc=2 robd=2 robw=32   2.8998   0.9981    34.82    14.99  Strongly Sust.
  bp=2048 bpt=a53 l1da=4 l1d=32 l1ia=4 l1i=16 l2a=4 l2=256 l3a=4 l3=1024 nhist=4 robc=2 robd=2 robw=32   2.9337   0.9980    34.00    14.89  Strongly Sust.
  bp=1024 bpt=a53 l1da=4 l1d=32 l1ia=4 l1i=16 l2a=4 l2=256 l3a=4 l3=1024 nhist=4 robc=2 robd=2 robw=32   2.9341   0.9975    34.00    14.89  Strongly Sust.
  bp=2048 bpt=a53 l1da=4 l1d=32 l1ia=4 l1i=64 l2a=4 l2=256 l3a=4 l3=1024 nhist=4 robc=2 robd=2 robw=16   2.9440   0.9902    34.74    14.77  Strongly Sust.
  bpt=pentium_m l1da=4 l1d=32 l1ia=4 l1i=64 l2a=4 l2=256 l3a=4 l3=1024 robc=8 robd=2 robw=16   2.9461   0.9874    34.74    14.76  Strongly Sust.
  bpt=pentium_m l1da=4 l1d=32 l1ia=4 l1i=64 l2a=4 l2=256 l3a=4 l3=1024 robc=2 robd=2 robw=16   2.9461   0.9874    34.74    14.76  Strongly Sust.
  bpt=nn l1da=4 l1d=32 l1ia=4 l1i=64 l2a=4 l2=256 l3a=4 l3=1024 nnbl=64 nnlr=0.001 robc=2 robd=2 robw=16   2.9679   0.9577    34.74    14.65  Strongly Sust.
  Ran sniper 1 time this iteration (59 total).

=== Iteration 54 ===
  Evaluating 1 configuration(s) (top acquisition score of 400 candidates)...
  [mesmo] bpt=nn l1da=4 l1d=32 l1ia=8 l1i=16 l2a=4 l2=256 l3a=4 l3=1024 nnbl=16 nnlr=0.005 robc=8 robd=2 robw=32  ASI= 2.7564  S=0.9925  A=  35.61  P= 15.69  [Strongly Sust.]  [ML2=1.00x, CCl=0.99x]
  Deleted 1 non-Pareto output directory.

  Pareto front after iteration 54 (17 points, HV=3.0374):
  Params                                  ASI  Speedup     Area  PeakPow  Region
  ──────────────────────────────────────────────────────────────────────────────
  bpt=tage l1da=8 l1d=64 l1ia=8 l1i=16 l2a=4 l2=512 l3a=4 l3=4096 robc=8 robd=2 robw=1024   0.8705   1.0304    70.96    38.15  Unsustainable
  bpt=pentium_m l1da=8 l1d=64 l1ia=8 l1i=32 l2a=8 l2=512 l3a=16 l3=2048 robc=10 robd=2 robw=512   1.4025   1.0302    56.00    26.71  Strongly Sust.
  bpt=pentium_m l1da=8 l1d=64 l1ia=8 l1i=32 l2a=8 l2=512 l3a=16 l3=2048 robc=8 robd=2 robw=512   1.4025   1.0302    56.00    26.71  Strongly Sust.
  bpt=pentium_m l1da=8 l1d=64 l1ia=4 l1i=32 l2a=4 l2=512 l3a=4 l3=4096 robc=8 robd=2 robw=256   1.7997   1.0302    65.13    19.37  Strongly Sust.
  bpt=pentium_m l1da=8 l1d=64 l1ia=4 l1i=32 l2a=4 l2=512 l3a=4 l3=4096 robc=2 robd=2 robw=256   1.7997   1.0301    65.13    19.37  Strongly Sust.
  bpt=pentium_m l1da=8 l1d=64 l1ia=8 l1i=32 l2a=8 l2=512 l3a=16 l3=2048 robc=8 robd=2 robw=128   2.0450   1.0299    54.39    18.54  Strongly Sust.
  bp=2048 bpt=a53 l1da=8 l1d=32 l1ia=4 l1i=64 l2a=4 l2=512 l3a=16 l3=1024 nhist=4 robc=8 robd=2 robw=64   2.3621   1.0287    47.90    16.83  Strongly Sust.
  bpt=pentium_m l1da=4 l1d=32 l1ia=8 l1i=16 l2a=4 l2=256 l3a=4 l3=2048 robc=2 robd=2 robw=256   2.4315   1.0005    42.80    16.94  Strongly Sust.
  bpt=pentium_m l1da=4 l1d=32 l1ia=8 l1i=16 l2a=4 l2=256 l3a=4 l3=1024 robc=2 robd=2 robw=256   2.6597   1.0005    35.85    16.23  Strongly Sust.
  bpt=nn l1da=4 l1d=32 l1ia=8 l1i=16 l2a=4 l2=256 l3a=4 l3=1024 nnbl=16 nnlr=0.005 robc=2 robd=2 robw=32   2.7519   0.9982    35.61    15.71  Strongly Sust.
  bp=2048 bpt=a53 l1da=4 l1d=32 l1ia=4 l1i=64 l2a=4 l2=256 l3a=4 l3=1024 nhist=4 robc=2 robd=2 robw=32   2.8998   0.9981    34.82    14.99  Strongly Sust.
  bp=2048 bpt=a53 l1da=4 l1d=32 l1ia=4 l1i=16 l2a=4 l2=256 l3a=4 l3=1024 nhist=4 robc=2 robd=2 robw=32   2.9337   0.9980    34.00    14.89  Strongly Sust.
  bp=1024 bpt=a53 l1da=4 l1d=32 l1ia=4 l1i=16 l2a=4 l2=256 l3a=4 l3=1024 nhist=4 robc=2 robd=2 robw=32   2.9341   0.9975    34.00    14.89  Strongly Sust.
  bp=2048 bpt=a53 l1da=4 l1d=32 l1ia=4 l1i=64 l2a=4 l2=256 l3a=4 l3=1024 nhist=4 robc=2 robd=2 robw=16   2.9440   0.9902    34.74    14.77  Strongly Sust.
  bpt=pentium_m l1da=4 l1d=32 l1ia=4 l1i=64 l2a=4 l2=256 l3a=4 l3=1024 robc=8 robd=2 robw=16   2.9461   0.9874    34.74    14.76  Strongly Sust.
  bpt=pentium_m l1da=4 l1d=32 l1ia=4 l1i=64 l2a=4 l2=256 l3a=4 l3=1024 robc=2 robd=2 robw=16   2.9461   0.9874    34.74    14.76  Strongly Sust.
  bpt=nn l1da=4 l1d=32 l1ia=4 l1i=64 l2a=4 l2=256 l3a=4 l3=1024 nnbl=64 nnlr=0.001 robc=2 robd=2 robw=16   2.9679   0.9577    34.74    14.65  Strongly Sust.
  Ran sniper 1 time this iteration (60 total).

=== Iteration 55 ===
  Evaluating 1 configuration(s) (top acquisition score of 400 candidates)...
  [mesmo] bp=512 bpt=a53 l1da=4 l1d=32 l1ia=4 l1i=64 l2a=4 l2=256 l3a=4 l3=1024 nhist=4 robc=2 robd=2 robw=16  ASI= 2.9463  S=0.9871  A=  34.74  P= 14.76  [Strongly Sust.]  [ML2=1.00x, CCl=0.97x]

  Pareto front after iteration 55 (18 points, HV=3.0374):
  Params                                  ASI  Speedup     Area  PeakPow  Region
  ──────────────────────────────────────────────────────────────────────────────
  bpt=tage l1da=8 l1d=64 l1ia=8 l1i=16 l2a=4 l2=512 l3a=4 l3=4096 robc=8 robd=2 robw=1024   0.8705   1.0304    70.96    38.15  Unsustainable
  bpt=pentium_m l1da=8 l1d=64 l1ia=8 l1i=32 l2a=8 l2=512 l3a=16 l3=2048 robc=10 robd=2 robw=512   1.4025   1.0302    56.00    26.71  Strongly Sust.
  bpt=pentium_m l1da=8 l1d=64 l1ia=8 l1i=32 l2a=8 l2=512 l3a=16 l3=2048 robc=8 robd=2 robw=512   1.4025   1.0302    56.00    26.71  Strongly Sust.
  bpt=pentium_m l1da=8 l1d=64 l1ia=4 l1i=32 l2a=4 l2=512 l3a=4 l3=4096 robc=8 robd=2 robw=256   1.7997   1.0302    65.13    19.37  Strongly Sust.
  bpt=pentium_m l1da=8 l1d=64 l1ia=4 l1i=32 l2a=4 l2=512 l3a=4 l3=4096 robc=2 robd=2 robw=256   1.7997   1.0301    65.13    19.37  Strongly Sust.
  bpt=pentium_m l1da=8 l1d=64 l1ia=8 l1i=32 l2a=8 l2=512 l3a=16 l3=2048 robc=8 robd=2 robw=128   2.0450   1.0299    54.39    18.54  Strongly Sust.
  bp=2048 bpt=a53 l1da=8 l1d=32 l1ia=4 l1i=64 l2a=4 l2=512 l3a=16 l3=1024 nhist=4 robc=8 robd=2 robw=64   2.3621   1.0287    47.90    16.83  Strongly Sust.
  bpt=pentium_m l1da=4 l1d=32 l1ia=8 l1i=16 l2a=4 l2=256 l3a=4 l3=2048 robc=2 robd=2 robw=256   2.4315   1.0005    42.80    16.94  Strongly Sust.
  bpt=pentium_m l1da=4 l1d=32 l1ia=8 l1i=16 l2a=4 l2=256 l3a=4 l3=1024 robc=2 robd=2 robw=256   2.6597   1.0005    35.85    16.23  Strongly Sust.
  bpt=nn l1da=4 l1d=32 l1ia=8 l1i=16 l2a=4 l2=256 l3a=4 l3=1024 nnbl=16 nnlr=0.005 robc=2 robd=2 robw=32   2.7519   0.9982    35.61    15.71  Strongly Sust.
  bp=2048 bpt=a53 l1da=4 l1d=32 l1ia=4 l1i=64 l2a=4 l2=256 l3a=4 l3=1024 nhist=4 robc=2 robd=2 robw=32   2.8998   0.9981    34.82    14.99  Strongly Sust.
  bp=2048 bpt=a53 l1da=4 l1d=32 l1ia=4 l1i=16 l2a=4 l2=256 l3a=4 l3=1024 nhist=4 robc=2 robd=2 robw=32   2.9337   0.9980    34.00    14.89  Strongly Sust.
  bp=1024 bpt=a53 l1da=4 l1d=32 l1ia=4 l1i=16 l2a=4 l2=256 l3a=4 l3=1024 nhist=4 robc=2 robd=2 robw=32   2.9341   0.9975    34.00    14.89  Strongly Sust.
  bp=2048 bpt=a53 l1da=4 l1d=32 l1ia=4 l1i=64 l2a=4 l2=256 l3a=4 l3=1024 nhist=4 robc=2 robd=2 robw=16   2.9440   0.9902    34.74    14.77  Strongly Sust.
  bpt=pentium_m l1da=4 l1d=32 l1ia=4 l1i=64 l2a=4 l2=256 l3a=4 l3=1024 robc=8 robd=2 robw=16   2.9461   0.9874    34.74    14.76  Strongly Sust.
  bpt=pentium_m l1da=4 l1d=32 l1ia=4 l1i=64 l2a=4 l2=256 l3a=4 l3=1024 robc=2 robd=2 robw=16   2.9461   0.9874    34.74    14.76  Strongly Sust.
  bp=512 bpt=a53 l1da=4 l1d=32 l1ia=4 l1i=64 l2a=4 l2=256 l3a=4 l3=1024 nhist=4 robc=2 robd=2 robw=16   2.9463   0.9871    34.74    14.76  Strongly Sust.
  bpt=nn l1da=4 l1d=32 l1ia=4 l1i=64 l2a=4 l2=256 l3a=4 l3=1024 nnbl=64 nnlr=0.001 robc=2 robd=2 robw=16   2.9679   0.9577    34.74    14.65  Strongly Sust.
  Ran sniper 1 time this iteration (61 total).

=== Iteration 56 ===
  Evaluating 1 configuration(s) (top acquisition score of 400 candidates)...
  [mesmo] bpt=nn l1da=4 l1d=32 l1ia=4 l1i=64 l2a=4 l2=512 l3a=8 l3=1024 nnbl=64 nnlr=0.001 robc=10 robd=2 robw=16  ASI= 2.6547  S=0.9857  A=  41.42  P= 15.67  [Strongly Sust.]  [ML2=1.06x, CCl=0.92x]
  Deleted 1 non-Pareto output directory.

  Pareto front after iteration 56 (18 points, HV=3.0374):
  Params                                  ASI  Speedup     Area  PeakPow  Region
  ──────────────────────────────────────────────────────────────────────────────
  bpt=tage l1da=8 l1d=64 l1ia=8 l1i=16 l2a=4 l2=512 l3a=4 l3=4096 robc=8 robd=2 robw=1024   0.8705   1.0304    70.96    38.15  Unsustainable
  bpt=pentium_m l1da=8 l1d=64 l1ia=8 l1i=32 l2a=8 l2=512 l3a=16 l3=2048 robc=10 robd=2 robw=512   1.4025   1.0302    56.00    26.71  Strongly Sust.
  bpt=pentium_m l1da=8 l1d=64 l1ia=8 l1i=32 l2a=8 l2=512 l3a=16 l3=2048 robc=8 robd=2 robw=512   1.4025   1.0302    56.00    26.71  Strongly Sust.
  bpt=pentium_m l1da=8 l1d=64 l1ia=4 l1i=32 l2a=4 l2=512 l3a=4 l3=4096 robc=8 robd=2 robw=256   1.7997   1.0302    65.13    19.37  Strongly Sust.
  bpt=pentium_m l1da=8 l1d=64 l1ia=4 l1i=32 l2a=4 l2=512 l3a=4 l3=4096 robc=2 robd=2 robw=256   1.7997   1.0301    65.13    19.37  Strongly Sust.
  bpt=pentium_m l1da=8 l1d=64 l1ia=8 l1i=32 l2a=8 l2=512 l3a=16 l3=2048 robc=8 robd=2 robw=128   2.0450   1.0299    54.39    18.54  Strongly Sust.
  bp=2048 bpt=a53 l1da=8 l1d=32 l1ia=4 l1i=64 l2a=4 l2=512 l3a=16 l3=1024 nhist=4 robc=8 robd=2 robw=64   2.3621   1.0287    47.90    16.83  Strongly Sust.
  bpt=pentium_m l1da=4 l1d=32 l1ia=8 l1i=16 l2a=4 l2=256 l3a=4 l3=2048 robc=2 robd=2 robw=256   2.4315   1.0005    42.80    16.94  Strongly Sust.
  bpt=pentium_m l1da=4 l1d=32 l1ia=8 l1i=16 l2a=4 l2=256 l3a=4 l3=1024 robc=2 robd=2 robw=256   2.6597   1.0005    35.85    16.23  Strongly Sust.
  bpt=nn l1da=4 l1d=32 l1ia=8 l1i=16 l2a=4 l2=256 l3a=4 l3=1024 nnbl=16 nnlr=0.005 robc=2 robd=2 robw=32   2.7519   0.9982    35.61    15.71  Strongly Sust.
  bp=2048 bpt=a53 l1da=4 l1d=32 l1ia=4 l1i=64 l2a=4 l2=256 l3a=4 l3=1024 nhist=4 robc=2 robd=2 robw=32   2.8998   0.9981    34.82    14.99  Strongly Sust.
  bp=2048 bpt=a53 l1da=4 l1d=32 l1ia=4 l1i=16 l2a=4 l2=256 l3a=4 l3=1024 nhist=4 robc=2 robd=2 robw=32   2.9337   0.9980    34.00    14.89  Strongly Sust.
  bp=1024 bpt=a53 l1da=4 l1d=32 l1ia=4 l1i=16 l2a=4 l2=256 l3a=4 l3=1024 nhist=4 robc=2 robd=2 robw=32   2.9341   0.9975    34.00    14.89  Strongly Sust.
  bp=2048 bpt=a53 l1da=4 l1d=32 l1ia=4 l1i=64 l2a=4 l2=256 l3a=4 l3=1024 nhist=4 robc=2 robd=2 robw=16   2.9440   0.9902    34.74    14.77  Strongly Sust.
  bpt=pentium_m l1da=4 l1d=32 l1ia=4 l1i=64 l2a=4 l2=256 l3a=4 l3=1024 robc=8 robd=2 robw=16   2.9461   0.9874    34.74    14.76  Strongly Sust.
  bpt=pentium_m l1da=4 l1d=32 l1ia=4 l1i=64 l2a=4 l2=256 l3a=4 l3=1024 robc=2 robd=2 robw=16   2.9461   0.9874    34.74    14.76  Strongly Sust.
  bp=512 bpt=a53 l1da=4 l1d=32 l1ia=4 l1i=64 l2a=4 l2=256 l3a=4 l3=1024 nhist=4 robc=2 robd=2 robw=16   2.9463   0.9871    34.74    14.76  Strongly Sust.
  bpt=nn l1da=4 l1d=32 l1ia=4 l1i=64 l2a=4 l2=256 l3a=4 l3=1024 nnbl=64 nnlr=0.001 robc=2 robd=2 robw=16   2.9679   0.9577    34.74    14.65  Strongly Sust.
  Ran sniper 1 time this iteration (62 total).

=== Iteration 57 ===
  Evaluating 1 configuration(s) (top acquisition score of 400 candidates)...
  [mesmo] bpt=nn l1da=4 l1d=32 l1ia=4 l1i=64 l2a=4 l2=256 l3a=4 l3=1024 nnbl=16 nnlr=0.001 robc=2 robd=2 robw=16  ASI= 2.9678  S=0.9580  A=  34.74  P= 14.65  [Strongly Sust.]  [ML2=1.00x, CCl=0.92x]

  Pareto front after iteration 57 (19 points, HV=3.0374):
  Params                                  ASI  Speedup     Area  PeakPow  Region
  ──────────────────────────────────────────────────────────────────────────────
  bpt=tage l1da=8 l1d=64 l1ia=8 l1i=16 l2a=4 l2=512 l3a=4 l3=4096 robc=8 robd=2 robw=1024   0.8705   1.0304    70.96    38.15  Unsustainable
  bpt=pentium_m l1da=8 l1d=64 l1ia=8 l1i=32 l2a=8 l2=512 l3a=16 l3=2048 robc=10 robd=2 robw=512   1.4025   1.0302    56.00    26.71  Strongly Sust.
  bpt=pentium_m l1da=8 l1d=64 l1ia=8 l1i=32 l2a=8 l2=512 l3a=16 l3=2048 robc=8 robd=2 robw=512   1.4025   1.0302    56.00    26.71  Strongly Sust.
  bpt=pentium_m l1da=8 l1d=64 l1ia=4 l1i=32 l2a=4 l2=512 l3a=4 l3=4096 robc=8 robd=2 robw=256   1.7997   1.0302    65.13    19.37  Strongly Sust.
  bpt=pentium_m l1da=8 l1d=64 l1ia=4 l1i=32 l2a=4 l2=512 l3a=4 l3=4096 robc=2 robd=2 robw=256   1.7997   1.0301    65.13    19.37  Strongly Sust.
  bpt=pentium_m l1da=8 l1d=64 l1ia=8 l1i=32 l2a=8 l2=512 l3a=16 l3=2048 robc=8 robd=2 robw=128   2.0450   1.0299    54.39    18.54  Strongly Sust.
  bp=2048 bpt=a53 l1da=8 l1d=32 l1ia=4 l1i=64 l2a=4 l2=512 l3a=16 l3=1024 nhist=4 robc=8 robd=2 robw=64   2.3621   1.0287    47.90    16.83  Strongly Sust.
  bpt=pentium_m l1da=4 l1d=32 l1ia=8 l1i=16 l2a=4 l2=256 l3a=4 l3=2048 robc=2 robd=2 robw=256   2.4315   1.0005    42.80    16.94  Strongly Sust.
  bpt=pentium_m l1da=4 l1d=32 l1ia=8 l1i=16 l2a=4 l2=256 l3a=4 l3=1024 robc=2 robd=2 robw=256   2.6597   1.0005    35.85    16.23  Strongly Sust.
  bpt=nn l1da=4 l1d=32 l1ia=8 l1i=16 l2a=4 l2=256 l3a=4 l3=1024 nnbl=16 nnlr=0.005 robc=2 robd=2 robw=32   2.7519   0.9982    35.61    15.71  Strongly Sust.
  bp=2048 bpt=a53 l1da=4 l1d=32 l1ia=4 l1i=64 l2a=4 l2=256 l3a=4 l3=1024 nhist=4 robc=2 robd=2 robw=32   2.8998   0.9981    34.82    14.99  Strongly Sust.
  bp=2048 bpt=a53 l1da=4 l1d=32 l1ia=4 l1i=16 l2a=4 l2=256 l3a=4 l3=1024 nhist=4 robc=2 robd=2 robw=32   2.9337   0.9980    34.00    14.89  Strongly Sust.
  bp=1024 bpt=a53 l1da=4 l1d=32 l1ia=4 l1i=16 l2a=4 l2=256 l3a=4 l3=1024 nhist=4 robc=2 robd=2 robw=32   2.9341   0.9975    34.00    14.89  Strongly Sust.
  bp=2048 bpt=a53 l1da=4 l1d=32 l1ia=4 l1i=64 l2a=4 l2=256 l3a=4 l3=1024 nhist=4 robc=2 robd=2 robw=16   2.9440   0.9902    34.74    14.77  Strongly Sust.
  bpt=pentium_m l1da=4 l1d=32 l1ia=4 l1i=64 l2a=4 l2=256 l3a=4 l3=1024 robc=8 robd=2 robw=16   2.9461   0.9874    34.74    14.76  Strongly Sust.
  bpt=pentium_m l1da=4 l1d=32 l1ia=4 l1i=64 l2a=4 l2=256 l3a=4 l3=1024 robc=2 robd=2 robw=16   2.9461   0.9874    34.74    14.76  Strongly Sust.
  bp=512 bpt=a53 l1da=4 l1d=32 l1ia=4 l1i=64 l2a=4 l2=256 l3a=4 l3=1024 nhist=4 robc=2 robd=2 robw=16   2.9463   0.9871    34.74    14.76  Strongly Sust.
  bpt=nn l1da=4 l1d=32 l1ia=4 l1i=64 l2a=4 l2=256 l3a=4 l3=1024 nnbl=16 nnlr=0.001 robc=2 robd=2 robw=16   2.9678   0.9580    34.74    14.65  Strongly Sust.
  bpt=nn l1da=4 l1d=32 l1ia=4 l1i=64 l2a=4 l2=256 l3a=4 l3=1024 nnbl=64 nnlr=0.001 robc=2 robd=2 robw=16   2.9679   0.9577    34.74    14.65  Strongly Sust.
  Ran sniper 1 time this iteration (63 total).

=== Iteration 58 ===
  Evaluating 1 configuration(s) (top acquisition score of 400 candidates)...
  [mesmo] bpt=nn l1da=4 l1d=64 l1ia=8 l1i=16 l2a=4 l2=512 l3a=8 l3=2048 nnbl=16 nnlr=0.005 robc=2 robd=10 robw=32  ASI= 0.5952  S=1.0272  A=  64.84  P= 58.71  [Unsustainable]  [ML2=1.06x, CCl=1.00x]
  Deleted 1 non-Pareto output directory.

  Pareto front after iteration 58 (19 points, HV=3.0374):
  Params                                  ASI  Speedup     Area  PeakPow  Region
  ──────────────────────────────────────────────────────────────────────────────
  bpt=tage l1da=8 l1d=64 l1ia=8 l1i=16 l2a=4 l2=512 l3a=4 l3=4096 robc=8 robd=2 robw=1024   0.8705   1.0304    70.96    38.15  Unsustainable
  bpt=pentium_m l1da=8 l1d=64 l1ia=8 l1i=32 l2a=8 l2=512 l3a=16 l3=2048 robc=10 robd=2 robw=512   1.4025   1.0302    56.00    26.71  Strongly Sust.
  bpt=pentium_m l1da=8 l1d=64 l1ia=8 l1i=32 l2a=8 l2=512 l3a=16 l3=2048 robc=8 robd=2 robw=512   1.4025   1.0302    56.00    26.71  Strongly Sust.
  bpt=pentium_m l1da=8 l1d=64 l1ia=4 l1i=32 l2a=4 l2=512 l3a=4 l3=4096 robc=8 robd=2 robw=256   1.7997   1.0302    65.13    19.37  Strongly Sust.
  bpt=pentium_m l1da=8 l1d=64 l1ia=4 l1i=32 l2a=4 l2=512 l3a=4 l3=4096 robc=2 robd=2 robw=256   1.7997   1.0301    65.13    19.37  Strongly Sust.
  bpt=pentium_m l1da=8 l1d=64 l1ia=8 l1i=32 l2a=8 l2=512 l3a=16 l3=2048 robc=8 robd=2 robw=128   2.0450   1.0299    54.39    18.54  Strongly Sust.
  bp=2048 bpt=a53 l1da=8 l1d=32 l1ia=4 l1i=64 l2a=4 l2=512 l3a=16 l3=1024 nhist=4 robc=8 robd=2 robw=64   2.3621   1.0287    47.90    16.83  Strongly Sust.
  bpt=pentium_m l1da=4 l1d=32 l1ia=8 l1i=16 l2a=4 l2=256 l3a=4 l3=2048 robc=2 robd=2 robw=256   2.4315   1.0005    42.80    16.94  Strongly Sust.
  bpt=pentium_m l1da=4 l1d=32 l1ia=8 l1i=16 l2a=4 l2=256 l3a=4 l3=1024 robc=2 robd=2 robw=256   2.6597   1.0005    35.85    16.23  Strongly Sust.
  bpt=nn l1da=4 l1d=32 l1ia=8 l1i=16 l2a=4 l2=256 l3a=4 l3=1024 nnbl=16 nnlr=0.005 robc=2 robd=2 robw=32   2.7519   0.9982    35.61    15.71  Strongly Sust.
  bp=2048 bpt=a53 l1da=4 l1d=32 l1ia=4 l1i=64 l2a=4 l2=256 l3a=4 l3=1024 nhist=4 robc=2 robd=2 robw=32   2.8998   0.9981    34.82    14.99  Strongly Sust.
  bp=2048 bpt=a53 l1da=4 l1d=32 l1ia=4 l1i=16 l2a=4 l2=256 l3a=4 l3=1024 nhist=4 robc=2 robd=2 robw=32   2.9337   0.9980    34.00    14.89  Strongly Sust.
  bp=1024 bpt=a53 l1da=4 l1d=32 l1ia=4 l1i=16 l2a=4 l2=256 l3a=4 l3=1024 nhist=4 robc=2 robd=2 robw=32   2.9341   0.9975    34.00    14.89  Strongly Sust.
  bp=2048 bpt=a53 l1da=4 l1d=32 l1ia=4 l1i=64 l2a=4 l2=256 l3a=4 l3=1024 nhist=4 robc=2 robd=2 robw=16   2.9440   0.9902    34.74    14.77  Strongly Sust.
  bpt=pentium_m l1da=4 l1d=32 l1ia=4 l1i=64 l2a=4 l2=256 l3a=4 l3=1024 robc=8 robd=2 robw=16   2.9461   0.9874    34.74    14.76  Strongly Sust.
  bpt=pentium_m l1da=4 l1d=32 l1ia=4 l1i=64 l2a=4 l2=256 l3a=4 l3=1024 robc=2 robd=2 robw=16   2.9461   0.9874    34.74    14.76  Strongly Sust.
  bp=512 bpt=a53 l1da=4 l1d=32 l1ia=4 l1i=64 l2a=4 l2=256 l3a=4 l3=1024 nhist=4 robc=2 robd=2 robw=16   2.9463   0.9871    34.74    14.76  Strongly Sust.
  bpt=nn l1da=4 l1d=32 l1ia=4 l1i=64 l2a=4 l2=256 l3a=4 l3=1024 nnbl=16 nnlr=0.001 robc=2 robd=2 robw=16   2.9678   0.9580    34.74    14.65  Strongly Sust.
  bpt=nn l1da=4 l1d=32 l1ia=4 l1i=64 l2a=4 l2=256 l3a=4 l3=1024 nnbl=64 nnlr=0.001 robc=2 robd=2 robw=16   2.9679   0.9577    34.74    14.65  Strongly Sust.
  Ran sniper 1 time this iteration (64 total).

=== Iteration 59 ===
  Evaluating 1 configuration(s) (top acquisition score of 400 candidates)...
  [mesmo] bpt=tage l1da=8 l1d=64 l1ia=4 l1i=64 l2a=4 l2=128 l3a=4 l3=1024 robc=4 robd=2 robw=256  ASI= 2.6719  S=0.9872  A=  38.68  P= 15.86  [Strongly Sust.]  [ML2=0.97x, CCl=1.00x]
  Deleted 1 non-Pareto output directory.

  Pareto front after iteration 59 (19 points, HV=3.0374):
  Params                                  ASI  Speedup     Area  PeakPow  Region
  ──────────────────────────────────────────────────────────────────────────────
  bpt=tage l1da=8 l1d=64 l1ia=8 l1i=16 l2a=4 l2=512 l3a=4 l3=4096 robc=8 robd=2 robw=1024   0.8705   1.0304    70.96    38.15  Unsustainable
  bpt=pentium_m l1da=8 l1d=64 l1ia=8 l1i=32 l2a=8 l2=512 l3a=16 l3=2048 robc=10 robd=2 robw=512   1.4025   1.0302    56.00    26.71  Strongly Sust.
  bpt=pentium_m l1da=8 l1d=64 l1ia=8 l1i=32 l2a=8 l2=512 l3a=16 l3=2048 robc=8 robd=2 robw=512   1.4025   1.0302    56.00    26.71  Strongly Sust.
  bpt=pentium_m l1da=8 l1d=64 l1ia=4 l1i=32 l2a=4 l2=512 l3a=4 l3=4096 robc=8 robd=2 robw=256   1.7997   1.0302    65.13    19.37  Strongly Sust.
  bpt=pentium_m l1da=8 l1d=64 l1ia=4 l1i=32 l2a=4 l2=512 l3a=4 l3=4096 robc=2 robd=2 robw=256   1.7997   1.0301    65.13    19.37  Strongly Sust.
  bpt=pentium_m l1da=8 l1d=64 l1ia=8 l1i=32 l2a=8 l2=512 l3a=16 l3=2048 robc=8 robd=2 robw=128   2.0450   1.0299    54.39    18.54  Strongly Sust.
  bp=2048 bpt=a53 l1da=8 l1d=32 l1ia=4 l1i=64 l2a=4 l2=512 l3a=16 l3=1024 nhist=4 robc=8 robd=2 robw=64   2.3621   1.0287    47.90    16.83  Strongly Sust.
  bpt=pentium_m l1da=4 l1d=32 l1ia=8 l1i=16 l2a=4 l2=256 l3a=4 l3=2048 robc=2 robd=2 robw=256   2.4315   1.0005    42.80    16.94  Strongly Sust.
  bpt=pentium_m l1da=4 l1d=32 l1ia=8 l1i=16 l2a=4 l2=256 l3a=4 l3=1024 robc=2 robd=2 robw=256   2.6597   1.0005    35.85    16.23  Strongly Sust.
  bpt=nn l1da=4 l1d=32 l1ia=8 l1i=16 l2a=4 l2=256 l3a=4 l3=1024 nnbl=16 nnlr=0.005 robc=2 robd=2 robw=32   2.7519   0.9982    35.61    15.71  Strongly Sust.
  bp=2048 bpt=a53 l1da=4 l1d=32 l1ia=4 l1i=64 l2a=4 l2=256 l3a=4 l3=1024 nhist=4 robc=2 robd=2 robw=32   2.8998   0.9981    34.82    14.99  Strongly Sust.
  bp=2048 bpt=a53 l1da=4 l1d=32 l1ia=4 l1i=16 l2a=4 l2=256 l3a=4 l3=1024 nhist=4 robc=2 robd=2 robw=32   2.9337   0.9980    34.00    14.89  Strongly Sust.
  bp=1024 bpt=a53 l1da=4 l1d=32 l1ia=4 l1i=16 l2a=4 l2=256 l3a=4 l3=1024 nhist=4 robc=2 robd=2 robw=32   2.9341   0.9975    34.00    14.89  Strongly Sust.
  bp=2048 bpt=a53 l1da=4 l1d=32 l1ia=4 l1i=64 l2a=4 l2=256 l3a=4 l3=1024 nhist=4 robc=2 robd=2 robw=16   2.9440   0.9902    34.74    14.77  Strongly Sust.
  bpt=pentium_m l1da=4 l1d=32 l1ia=4 l1i=64 l2a=4 l2=256 l3a=4 l3=1024 robc=8 robd=2 robw=16   2.9461   0.9874    34.74    14.76  Strongly Sust.
  bpt=pentium_m l1da=4 l1d=32 l1ia=4 l1i=64 l2a=4 l2=256 l3a=4 l3=1024 robc=2 robd=2 robw=16   2.9461   0.9874    34.74    14.76  Strongly Sust.
  bp=512 bpt=a53 l1da=4 l1d=32 l1ia=4 l1i=64 l2a=4 l2=256 l3a=4 l3=1024 nhist=4 robc=2 robd=2 robw=16   2.9463   0.9871    34.74    14.76  Strongly Sust.
  bpt=nn l1da=4 l1d=32 l1ia=4 l1i=64 l2a=4 l2=256 l3a=4 l3=1024 nnbl=16 nnlr=0.001 robc=2 robd=2 robw=16   2.9678   0.9580    34.74    14.65  Strongly Sust.
  bpt=nn l1da=4 l1d=32 l1ia=4 l1i=64 l2a=4 l2=256 l3a=4 l3=1024 nnbl=64 nnlr=0.001 robc=2 robd=2 robw=16   2.9679   0.9577    34.74    14.65  Strongly Sust.
  Ran sniper 1 time this iteration (65 total).

=== Iteration 60 ===
  Evaluating 1 configuration(s) (top acquisition score of 400 candidates)...
  [mesmo] bpt=nn l1da=4 l1d=32 l1ia=4 l1i=64 l2a=4 l2=256 l3a=4 l3=1024 nnbl=16 nnlr=0.001 robc=10 robd=2 robw=16  ASI= 2.9521  S=0.9789  A=  34.74  P= 14.73  [Strongly Sust.]  [ML2=1.00x, CCl=0.96x]

  Pareto front after iteration 60 (20 points, HV=3.0375):
  Params                                  ASI  Speedup     Area  PeakPow  Region
  ──────────────────────────────────────────────────────────────────────────────
  bpt=tage l1da=8 l1d=64 l1ia=8 l1i=16 l2a=4 l2=512 l3a=4 l3=4096 robc=8 robd=2 robw=1024   0.8705   1.0304    70.96    38.15  Unsustainable
  bpt=pentium_m l1da=8 l1d=64 l1ia=8 l1i=32 l2a=8 l2=512 l3a=16 l3=2048 robc=10 robd=2 robw=512   1.4025   1.0302    56.00    26.71  Strongly Sust.
  bpt=pentium_m l1da=8 l1d=64 l1ia=8 l1i=32 l2a=8 l2=512 l3a=16 l3=2048 robc=8 robd=2 robw=512   1.4025   1.0302    56.00    26.71  Strongly Sust.
  bpt=pentium_m l1da=8 l1d=64 l1ia=4 l1i=32 l2a=4 l2=512 l3a=4 l3=4096 robc=8 robd=2 robw=256   1.7997   1.0302    65.13    19.37  Strongly Sust.
  bpt=pentium_m l1da=8 l1d=64 l1ia=4 l1i=32 l2a=4 l2=512 l3a=4 l3=4096 robc=2 robd=2 robw=256   1.7997   1.0301    65.13    19.37  Strongly Sust.
  bpt=pentium_m l1da=8 l1d=64 l1ia=8 l1i=32 l2a=8 l2=512 l3a=16 l3=2048 robc=8 robd=2 robw=128   2.0450   1.0299    54.39    18.54  Strongly Sust.
  bp=2048 bpt=a53 l1da=8 l1d=32 l1ia=4 l1i=64 l2a=4 l2=512 l3a=16 l3=1024 nhist=4 robc=8 robd=2 robw=64   2.3621   1.0287    47.90    16.83  Strongly Sust.
  bpt=pentium_m l1da=4 l1d=32 l1ia=8 l1i=16 l2a=4 l2=256 l3a=4 l3=2048 robc=2 robd=2 robw=256   2.4315   1.0005    42.80    16.94  Strongly Sust.
  bpt=pentium_m l1da=4 l1d=32 l1ia=8 l1i=16 l2a=4 l2=256 l3a=4 l3=1024 robc=2 robd=2 robw=256   2.6597   1.0005    35.85    16.23  Strongly Sust.
  bpt=nn l1da=4 l1d=32 l1ia=8 l1i=16 l2a=4 l2=256 l3a=4 l3=1024 nnbl=16 nnlr=0.005 robc=2 robd=2 robw=32   2.7519   0.9982    35.61    15.71  Strongly Sust.
  bp=2048 bpt=a53 l1da=4 l1d=32 l1ia=4 l1i=64 l2a=4 l2=256 l3a=4 l3=1024 nhist=4 robc=2 robd=2 robw=32   2.8998   0.9981    34.82    14.99  Strongly Sust.
  bp=2048 bpt=a53 l1da=4 l1d=32 l1ia=4 l1i=16 l2a=4 l2=256 l3a=4 l3=1024 nhist=4 robc=2 robd=2 robw=32   2.9337   0.9980    34.00    14.89  Strongly Sust.
  bp=1024 bpt=a53 l1da=4 l1d=32 l1ia=4 l1i=16 l2a=4 l2=256 l3a=4 l3=1024 nhist=4 robc=2 robd=2 robw=32   2.9341   0.9975    34.00    14.89  Strongly Sust.
  bp=2048 bpt=a53 l1da=4 l1d=32 l1ia=4 l1i=64 l2a=4 l2=256 l3a=4 l3=1024 nhist=4 robc=2 robd=2 robw=16   2.9440   0.9902    34.74    14.77  Strongly Sust.
  bpt=pentium_m l1da=4 l1d=32 l1ia=4 l1i=64 l2a=4 l2=256 l3a=4 l3=1024 robc=8 robd=2 robw=16   2.9461   0.9874    34.74    14.76  Strongly Sust.
  bpt=pentium_m l1da=4 l1d=32 l1ia=4 l1i=64 l2a=4 l2=256 l3a=4 l3=1024 robc=2 robd=2 robw=16   2.9461   0.9874    34.74    14.76  Strongly Sust.
  bp=512 bpt=a53 l1da=4 l1d=32 l1ia=4 l1i=64 l2a=4 l2=256 l3a=4 l3=1024 nhist=4 robc=2 robd=2 robw=16   2.9463   0.9871    34.74    14.76  Strongly Sust.
  bpt=nn l1da=4 l1d=32 l1ia=4 l1i=64 l2a=4 l2=256 l3a=4 l3=1024 nnbl=16 nnlr=0.001 robc=10 robd=2 robw=16   2.9521   0.9789    34.74    14.73  Strongly Sust.
  bpt=nn l1da=4 l1d=32 l1ia=4 l1i=64 l2a=4 l2=256 l3a=4 l3=1024 nnbl=16 nnlr=0.001 robc=2 robd=2 robw=16   2.9678   0.9580    34.74    14.65  Strongly Sust.
  bpt=nn l1da=4 l1d=32 l1ia=4 l1i=64 l2a=4 l2=256 l3a=4 l3=1024 nnbl=64 nnlr=0.001 robc=2 robd=2 robw=16   2.9679   0.9577    34.74    14.65  Strongly Sust.
  Ran sniper 1 time this iteration (66 total).

Total sniper runs: 66
Final hypervolume: 3.0375

Plot saved → /home/jaco/school/stage/asi/asi-output/pareto_history.png
Plot saved → /home/jaco/school/stage/asi/asi-output/pareto_final.png
=== Final Pareto Front ===
  Params                                  ASI  Speedup     Area  PeakPow  Region
  ──────────────────────────────────────────────────────────────────────────────
  bpt=tage l1da=8 l1d=64 l1ia=8 l1i=16 l2a=4 l2=512 l3a=4 l3=4096 robc=8 robd=2 robw=1024   0.8705   1.0304    70.96    38.15  Unsustainable
  bpt=pentium_m l1da=8 l1d=64 l1ia=8 l1i=32 l2a=8 l2=512 l3a=16 l3=2048 robc=10 robd=2 robw=512   1.4025   1.0302    56.00    26.71  Strongly Sust.
  bpt=pentium_m l1da=8 l1d=64 l1ia=8 l1i=32 l2a=8 l2=512 l3a=16 l3=2048 robc=8 robd=2 robw=512   1.4025   1.0302    56.00    26.71  Strongly Sust.
  bpt=pentium_m l1da=8 l1d=64 l1ia=4 l1i=32 l2a=4 l2=512 l3a=4 l3=4096 robc=8 robd=2 robw=256   1.7997   1.0302    65.13    19.37  Strongly Sust.
  bpt=pentium_m l1da=8 l1d=64 l1ia=4 l1i=32 l2a=4 l2=512 l3a=4 l3=4096 robc=2 robd=2 robw=256   1.7997   1.0301    65.13    19.37  Strongly Sust.
  bpt=pentium_m l1da=8 l1d=64 l1ia=8 l1i=32 l2a=8 l2=512 l3a=16 l3=2048 robc=8 robd=2 robw=128   2.0450   1.0299    54.39    18.54  Strongly Sust.
  bp=2048 bpt=a53 l1da=8 l1d=32 l1ia=4 l1i=64 l2a=4 l2=512 l3a=16 l3=1024 nhist=4 robc=8 robd=2 robw=64   2.3621   1.0287    47.90    16.83  Strongly Sust.
  bpt=pentium_m l1da=4 l1d=32 l1ia=8 l1i=16 l2a=4 l2=256 l3a=4 l3=2048 robc=2 robd=2 robw=256   2.4315   1.0005    42.80    16.94  Strongly Sust.
  bpt=pentium_m l1da=4 l1d=32 l1ia=8 l1i=16 l2a=4 l2=256 l3a=4 l3=1024 robc=2 robd=2 robw=256   2.6597   1.0005    35.85    16.23  Strongly Sust.
  bpt=nn l1da=4 l1d=32 l1ia=8 l1i=16 l2a=4 l2=256 l3a=4 l3=1024 nnbl=16 nnlr=0.005 robc=2 robd=2 robw=32   2.7519   0.9982    35.61    15.71  Strongly Sust.
  bp=2048 bpt=a53 l1da=4 l1d=32 l1ia=4 l1i=64 l2a=4 l2=256 l3a=4 l3=1024 nhist=4 robc=2 robd=2 robw=32   2.8998   0.9981    34.82    14.99  Strongly Sust.
  bp=2048 bpt=a53 l1da=4 l1d=32 l1ia=4 l1i=16 l2a=4 l2=256 l3a=4 l3=1024 nhist=4 robc=2 robd=2 robw=32   2.9337   0.9980    34.00    14.89  Strongly Sust.
  bp=1024 bpt=a53 l1da=4 l1d=32 l1ia=4 l1i=16 l2a=4 l2=256 l3a=4 l3=1024 nhist=4 robc=2 robd=2 robw=32   2.9341   0.9975    34.00    14.89  Strongly Sust.
  bp=2048 bpt=a53 l1da=4 l1d=32 l1ia=4 l1i=64 l2a=4 l2=256 l3a=4 l3=1024 nhist=4 robc=2 robd=2 robw=16   2.9440   0.9902    34.74    14.77  Strongly Sust.
  bpt=pentium_m l1da=4 l1d=32 l1ia=4 l1i=64 l2a=4 l2=256 l3a=4 l3=1024 robc=8 robd=2 robw=16   2.9461   0.9874    34.74    14.76  Strongly Sust.
  bpt=pentium_m l1da=4 l1d=32 l1ia=4 l1i=64 l2a=4 l2=256 l3a=4 l3=1024 robc=2 robd=2 robw=16   2.9461   0.9874    34.74    14.76  Strongly Sust.
  bp=512 bpt=a53 l1da=4 l1d=32 l1ia=4 l1i=64 l2a=4 l2=256 l3a=4 l3=1024 nhist=4 robc=2 robd=2 robw=16   2.9463   0.9871    34.74    14.76  Strongly Sust.
  bpt=nn l1da=4 l1d=32 l1ia=4 l1i=64 l2a=4 l2=256 l3a=4 l3=1024 nnbl=16 nnlr=0.001 robc=10 robd=2 robw=16   2.9521   0.9789    34.74    14.73  Strongly Sust.
  bpt=nn l1da=4 l1d=32 l1ia=4 l1i=64 l2a=4 l2=256 l3a=4 l3=1024 nnbl=16 nnlr=0.001 robc=2 robd=2 robw=16   2.9678   0.9580    34.74    14.65  Strongly Sust.
  bpt=nn l1da=4 l1d=32 l1ia=4 l1i=64 l2a=4 l2=256 l3a=4 l3=1024 nnbl=64 nnlr=0.001 robc=2 robd=2 robw=16   2.9679   0.9577    34.74    14.65  Strongly Sust.
