Logging to /home/jaco/school/stage/asi/asi-output/run.log

Benchmarks: ML2 (./libs/benchmarks/ML2/bench), CCl (./libs/benchmarks/CCl/bench)

=== Pre-evaluation screening (Plackett-Burman design: 24 runs, branch predictor one-at-a-time: 11 runs) ===
Running baseline...
  [preeval] bpt=a53 l1da=4 l1d=16 l1ia=4 l1i=64 l2a=8 l2=512 l3-assoc=8 l3=1024 robc=10 robd=2 robw=1024  ASI= 1.1484  S=1.0291  A=  48.18  P= 34.55  [Strongly Sust.]  [ML2=1.06x, CCl=1.00x]
  [preeval] bpt=a53 l1da=4 l1d=64 l1ia=4 l1i=64 l2a=4 l2=128 l3-assoc=8 l3=8192 robc=2 robd=10 robw=1024  ASI=-0.0099  S=0.9879  A= 279.97  P=2635.62  [Unsustainable]  [ML2=0.97x, CCl=1.00x]
  [preeval] bpt=a53 l1da=4 l1d=64 l1ia=8 l1i=16 l2a=4 l2=512 l3-assoc=4 l3=1024 robc=10 robd=10 robw=1024  ASI=-0.0055  S=1.0304  A= 238.76  P=2632.19  [Unsustainable]  [ML2=1.06x, CCl=1.00x]
  [preeval] bpt=a53 l1da=8 l1d=16 l1ia=4 l1i=64 l2a=4 l2=512 l3-assoc=4 l3=8192 robc=10 robd=10 robw=16  ASI= 0.3587  S=1.0173  A= 112.03  P= 60.10  [Unsustainable]  [ML2=1.06x, CCl=0.98x]
  [preeval] bpt=a53 l1da=4 l1d=64 l1ia=8 l1i=64 l2a=8 l2=128 l3-assoc=4 l3=8192 robc=10 robd=2 robw=16  ASI= 1.3773  S=0.9763  A=  87.14  P= 20.78  [Strongly Sust.]  [ML2=0.97x, CCl=0.98x]
  [preeval] bpt=a53 l1da=8 l1d=64 l1ia=8 l1i=64 l2a=4 l2=512 l3-assoc=8 l3=1024 robc=2 robd=2 robw=16  ASI= 2.2876  S=1.0185  A=  49.54  P= 17.17  [Strongly Sust.]  [ML2=1.06x, CCl=0.98x]
  [preeval] bpt=a53 l1da=8 l1d=64 l1ia=4 l1i=16 l2a=8 l2=512 l3-assoc=4 l3=8192 robc=2 robd=2 robw=1024  ASI= 0.6027  S=1.0304  A= 101.78  P= 40.60  [Unsustainable]  [ML2=1.06x, CCl=1.00x]
  [preeval] bpt=a53 l1da=4 l1d=16 l1ia=8 l1i=16 l2a=8 l2=512 l3-assoc=8 l3=8192 robc=2 robd=10 robw=16  ASI= 0.3690  S=1.0173  A= 109.56  P= 60.32  [Unsustainable]  [ML2=1.06x, CCl=0.98x]
  [preeval] bpt=a53 l1da=8 l1d=16 l1ia=8 l1i=16 l2a=4 l2=128 l3-assoc=8 l3=8192 robc=10 robd=2 robw=1024  ASI= 0.6660  S=0.9866  A=  94.21  P= 39.96  [Unsustainable]  [ML2=0.97x, CCl=1.00x]
  [preeval] bpt=a53 l1da=8 l1d=16 l1ia=8 l1i=64 l2a=8 l2=128 l3-assoc=4 l3=1024 robc=2 robd=10 robw=1024  ASI=-0.0050  S=0.9868  A= 234.77  P=2631.32  [Unsustainable]  [ML2=0.97x, CCl=1.00x]
  [preeval] bpt=a53 l1da=8 l1d=64 l1ia=4 l1i=16 l2a=8 l2=128 l3-assoc=8 l3=1024 robc=10 robd=10 robw=16  ASI= 0.7051  S=0.9763  A=  55.39  P= 53.37  [Unsustainable]  [ML2=0.97x, CCl=0.98x]
  [preeval] bpt=a53 l1da=4 l1d=16 l1ia=4 l1i=16 l2a=4 l2=128 l3-assoc=4 l3=1024 robc=2 robd=2 robw=16  ASI= 3.0145  S=0.9752  A=  34.82  P= 14.42  [Strongly Sust.]  [ML2=0.97x, CCl=0.98x]
  [preeval] bpt=a53 l1da=8 l1d=64 l1ia=8 l1i=16 l2a=4 l2=128 l3-assoc=4 l3=8192 robc=2 robd=10 robw=16  ASI= 0.3873  S=0.9763  A= 106.62  P= 59.63  [Unsustainable]  [ML2=0.97x, CCl=0.98x]
  [preeval] bpt=a53 l1da=8 l1d=16 l1ia=8 l1i=16 l2a=8 l2=512 l3-assoc=4 l3=1024 robc=10 robd=2 robw=16  ASI= 2.3269  S=1.0173  A=  47.52  P= 17.13  [Strongly Sust.]  [ML2=1.06x, CCl=0.98x]
  [preeval] bpt=a53 l1da=8 l1d=16 l1ia=4 l1i=64 l2a=8 l2=128 l3-assoc=8 l3=8192 robc=2 robd=2 robw=16  ASI= 1.3719  S=0.9753  A=  88.67  P= 20.55  [Strongly Sust.]  [ML2=0.97x, CCl=0.98x]
  [preeval] bpt=a53 l1da=4 l1d=64 l1ia=8 l1i=16 l2a=8 l2=128 l3-assoc=8 l3=1024 robc=2 robd=2 robw=1024  ASI= 1.2203  S=0.9877  A=  41.61  P= 34.04  [Strongly Sust.]  [ML2=0.97x, CCl=1.00x]
  [preeval] bpt=a53 l1da=8 l1d=16 l1ia=4 l1i=16 l2a=4 l2=512 l3-assoc=8 l3=1024 robc=2 robd=10 robw=1024  ASI=-0.0056  S=1.0293  A= 240.12  P=2631.82  [Unsustainable]  [ML2=1.06x, CCl=1.00x]
  [preeval] bpt=a53 l1da=4 l1d=16 l1ia=4 l1i=16 l2a=8 l2=128 l3-assoc=4 l3=8192 robc=10 robd=10 robw=1024  ASI=-0.0098  S=0.9868  A= 278.80  P=2635.45  [Unsustainable]  [ML2=0.97x, CCl=1.00x]
  [preeval] bpt=a53 l1da=4 l1d=16 l1ia=8 l1i=64 l2a=4 l2=128 l3-assoc=8 l3=1024 robc=10 robd=10 robw=16  ASI= 0.7171  S=0.9752  A=  52.85  P= 53.47  [Unsustainable]  [ML2=0.97x, CCl=0.98x]
  [preeval] bpt=a53 l1da=8 l1d=64 l1ia=4 l1i=64 l2a=4 l2=128 l3-assoc=4 l3=1024 robc=10 robd=2 robw=1024  ASI= 1.1956  S=0.9877  A=  45.22  P= 33.88  [Strongly Sust.]  [ML2=0.97x, CCl=1.00x]
  [preeval] bpt=a53 l1da=4 l1d=64 l1ia=4 l1i=64 l2a=8 l2=512 l3-assoc=4 l3=1024 robc=2 robd=10 robw=16  ASI= 0.6724  S=1.0185  A=  59.51  P= 54.22  [Unsustainable]  [ML2=1.06x, CCl=0.98x]
  [preeval] bpt=a53 l1da=4 l1d=64 l1ia=4 l1i=16 l2a=4 l2=512 l3-assoc=8 l3=8192 robc=10 robd=2 robw=16  ASI= 1.2747  S=1.0184  A=  92.49  P= 21.26  [Strongly Sust.]  [ML2=1.06x, CCl=0.98x]
  [preeval] bpt=a53 l1da=4 l1d=16 l1ia=8 l1i=64 l2a=4 l2=512 l3-assoc=4 l3=8192 robc=2 robd=2 robw=1024  ASI= 0.6195  S=1.0292  A=  99.17  P= 40.68  [Unsustainable]  [ML2=1.06x, CCl=1.00x]
  [preeval] bpt=a53 l1da=8 l1d=64 l1ia=8 l1i=64 l2a=8 l2=512 l3-assoc=8 l3=8192 robc=10 robd=10 robw=1024  ASI=-0.0115  S=1.0305  A= 295.15  P=2638.26  [Unsustainable]  [ML2=1.06x, CCl=1.00x]
  [preeval] bpt=nn                            ASI= 1.0002  S=0.9986  A=  94.01  P= 26.67  [Weakly S-FT]  [ML2=1.00x, CCl=1.00x]
  [preeval] bpt=pentium_m                     ASI= 1.0000  S=1.0000  A=  94.01  P= 26.67  [Weakly S-FT]  [ML2=1.00x, CCl=1.00x]
  [preeval] bpt=tage                          ASI= 1.0000  S=1.0000  A=  94.01  P= 26.67  [Weakly S-FT]  [ML2=1.00x, CCl=1.00x]
  [preeval] bp=512 bpt=a53                    ASI= 1.0000  S=1.0000  A=  94.01  P= 26.67  [Weakly S-FT]  [ML2=1.00x, CCl=1.00x]
  [preeval] bp=2048 bpt=a53                   ASI= 1.0000  S=1.0000  A=  94.01  P= 26.67  [Weakly S-FW]  [ML2=1.00x, CCl=1.00x]
  [preeval] bpt=a53 nhist=2                   ASI= 1.0000  S=1.0000  A=  94.01  P= 26.67  [Weakly S-FW]  [ML2=1.00x, CCl=1.00x]
  [preeval] bpt=a53 nhist=4                   ASI= 1.0000  S=1.0000  A=  94.01  P= 26.67  [Weakly S-FW]  [ML2=1.00x, CCl=1.00x]
  [preeval] bpt=nn nnbl=16                    ASI= 1.0001  S=0.9991  A=  94.01  P= 26.67  [Weakly S-FT]  [ML2=1.00x, CCl=1.00x]
  [preeval] bpt=nn nnbl=64                    ASI= 1.0002  S=0.9979  A=  94.01  P= 26.66  [Weakly S-FT]  [ML2=1.00x, CCl=1.00x]
  [preeval] bpt=nn nnlr=0.0005                ASI= 1.0004  S=0.9962  A=  94.01  P= 26.66  [Weakly S-FT]  [ML2=0.99x, CCl=1.00x]
  [preeval] bpt=nn nnlr=0.005                 ASI= 1.0001  S=0.9994  A=  94.01  P= 26.67  [Weakly S-FT]  [ML2=1.00x, CCl=1.00x]
  Deleted 35 pre-evaluation output directories.

  Parameter importance (PB |effect| / one-at-a-time |target| for branch predictor):
    l3-assoc                         2.4185  [kept]
    rob_commit_width                 2.3585  [kept]
    l1d_size                         2.1380  [kept]
    l1i_size                         2.0846  [kept]
    l3_size                          2.0641  [kept]
    l2_assoc                         1.9198  [kept]
    rob_dispatch_width               1.5053  [kept]
    l1d_assoc                        0.7994  [kept]
    l1i_assoc                        0.7809  [kept]
    rob_window_size                  0.7181  [kept]
    l2_size                          0.7119  [kept]
    nn_learning_rate                 0.0038  [pruned]
    nn_batch_length                  0.0022  [pruned]
    branch_predictor_type            0.0015  [pruned]
    branch_predictor_size            0.0000  [pruned]
    num_history_registers            0.0000  [pruned]

Using baseline from pre-evaluation screening cache (36 cached points).
  Area=94.01 mm²  PeakPow=26.67 W
    ML2: Time=2074225 ns
    CCl: Time=187236 ns

=== Generation 0 (initializing 3 populations of 10 entities) ===
  [pop0] baseline                          ASI= 1.0000  S=1.0000  A=  94.01  P= 26.67  [Reference]  [ML2=1.00x, CCl=1.00x]
  [pop0] bp=1024 bpt=a53 l1da=4 l1d=16 l1ia=8 l1i=16 l2a=8 l2=256 l3-assoc=8 l3=2048 nhist=3 robc=8 robd=2 robw=64  ASI= 2.4744  S=0.9991  A=  42.96  P= 16.63  [Strongly Sust.]  [ML2=1.00x, CCl=1.00x]
  [pop0] bp=1024 bpt=a53 l1da=8 l1d=16 l1ia=8 l1i=64 l2a=4 l2=512 l3-assoc=8 l3=1024 nhist=3 robc=10 robd=8 robw=16  ASI= 0.9171  S=1.0173  A=  58.68  P= 40.01  [Unsustainable]  [ML2=1.06x, CCl=0.98x]
  [pop0] bp=1024 bpt=a53 l1da=8 l1d=16 l1ia=4 l1i=64 l2a=4 l2=128 l3-assoc=8 l3=2048 nhist=3 robc=2 robd=8 robw=1024  ASI= 0.0074  S=0.9868  A= 156.88  P=1187.93  [Unsustainable]  [ML2=0.97x, CCl=1.00x]
  [pop0] bp=1024 bpt=a53 l1da=4 l1d=64 l1ia=4 l1i=32 l2a=4 l2=256 l3-assoc=4 l3=1024 nhist=3 robc=8 robd=4 robw=1024  ASI= 0.2654  S=1.0018  A=  56.32  P=140.80  [Unsustainable]  [ML2=1.00x, CCl=1.00x]
  [pop0] bp=1024 bpt=a53 l1da=4 l1d=16 l1ia=8 l1i=64 l2a=4 l2=512 l3-assoc=8 l3=1024 nhist=3 robc=2 robd=8 robw=64  ASI= 0.8708  S=1.0281  A=  56.89  P= 42.72  [Unsustainable]  [ML2=1.06x, CCl=1.00x]
  [pop0] bp=1024 bpt=a53 l1da=8 l1d=64 l1ia=8 l1i=32 l2a=4 l2=512 l3-assoc=4 l3=2048 nhist=3 robc=10 robd=4 robw=128  ASI= 1.5572  S=1.0298  A=  57.42  P= 23.79  [Strongly Sust.]  [ML2=1.06x, CCl=1.00x]
  [pop0] bp=1024 bpt=a53 l1da=4 l1d=64 l1ia=8 l1i=32 l2a=8 l2=512 l3-assoc=8 l3=4096 nhist=3 robc=10 robd=4 robw=256  ASI= 0.5872  S=1.0301  A=  67.62  P= 58.17  [Unsustainable]  [ML2=1.06x, CCl=1.00x]
  [pop0] bp=1024 bpt=a53 l1da=8 l1d=32 l1ia=4 l1i=32 l2a=8 l2=512 l3-assoc=4 l3=2048 nhist=3 robc=4 robd=4 robw=512  ASI= 0.3675  S=1.0293  A=  62.49  P= 96.91  [Unsustainable]  [ML2=1.06x, CCl=1.00x]
  [pop0] bp=1024 bpt=a53 l1da=8 l1d=64 l1ia=4 l1i=32 l2a=4 l2=512 l3-assoc=4 l3=8192 nhist=3 robc=4 robd=8 robw=16  ASI= 0.5083  S=1.0185  A= 107.72  P= 44.82  [Unsustainable]  [ML2=1.06x, CCl=0.98x]
  [pop1] baseline                          ASI= 1.0000  S=1.0000  A=  94.01  P= 26.67  [Reference]  [ML2=1.00x, CCl=1.00x]
  [pop1] bp=1024 bpt=a53 l1da=8 l1d=32 l1ia=8 l1i=32 l2a=4 l2=512 l3-assoc=4 l3=8192 nhist=3 robc=4 robd=8 robw=16  ASI= 0.4909  S=1.0177  A= 109.12  P= 45.60  [Unsustainable]  [ML2=1.06x, CCl=0.98x]
  [pop1] bp=1024 bpt=a53 l1da=8 l1d=16 l1ia=4 l1i=64 l2a=8 l2=128 l3-assoc=4 l3=4096 nhist=3 robc=8 robd=2 robw=512  ASI= 1.4187  S=0.9864  A=  57.74  P= 26.05  [Strongly Sust.]  [ML2=0.97x, CCl=1.00x]
  [pop1] bp=1024 bpt=a53 l1da=8 l1d=32 l1ia=4 l1i=64 l2a=4 l2=512 l3-assoc=8 l3=1024 nhist=3 robc=2 robd=10 robw=16  ASI= 0.6458  S=1.0177  A=  63.51  P= 54.70  [Unsustainable]  [ML2=1.06x, CCl=0.98x]
  [pop1] bp=1024 bpt=a53 l1da=4 l1d=16 l1ia=8 l1i=64 l2a=8 l2=512 l3-assoc=4 l3=2048 nhist=3 robc=8 robd=4 robw=1024  ASI= 0.2345  S=1.0293  A=  69.61  P=143.25  [Unsustainable]  [ML2=1.06x, CCl=1.00x]
  [pop1] bp=1024 bpt=a53 l1da=4 l1d=32 l1ia=8 l1i=32 l2a=4 l2=128 l3-assoc=8 l3=2048 nhist=3 robc=4 robd=4 robw=512  ASI= 0.4021  S=0.9867  A=  52.22  P= 95.81  [Unsustainable]  [ML2=0.97x, CCl=1.00x]
  [pop1] bp=1024 bpt=a53 l1da=4 l1d=32 l1ia=8 l1i=32 l2a=4 l2=256 l3-assoc=8 l3=4096 nhist=3 robc=10 robd=2 robw=128  ASI= 2.0505  S=1.0002  A=  55.08  P= 18.39  [Strongly Sust.]  [ML2=1.00x, CCl=1.00x]
  [pop1] bp=1024 bpt=a53 l1da=8 l1d=32 l1ia=4 l1i=64 l2a=8 l2=128 l3-assoc=8 l3=4096 nhist=3 robc=10 robd=4 robw=1024  ASI= 0.2198  S=0.9871  A=  76.94  P=143.39  [Unsustainable]  [ML2=0.97x, CCl=1.00x]
  [pop1] bp=1024 bpt=a53 l1da=4 l1d=32 l1ia=8 l1i=64 l2a=4 l2=256 l3-assoc=4 l3=4096 nhist=3 robc=2 robd=4 robw=128  ASI= 1.5543  S=1.0003  A=  58.50  P= 23.64  [Strongly Sust.]  [ML2=1.00x, CCl=1.00x]
  [pop1] bp=1024 bpt=a53 l1da=4 l1d=16 l1ia=4 l1i=16 l2a=8 l2=512 l3-assoc=4 l3=1024 nhist=3 robc=4 robd=10 robw=128  ASI= 0.0704  S=1.0287  A=  73.16  P=462.74  [Unsustainable]  [ML2=1.06x, CCl=1.00x]
  [pop2] baseline                          ASI= 1.0000  S=1.0000  A=  94.01  P= 26.67  [Reference]  [ML2=1.00x, CCl=1.00x]
  [pop2] bp=1024 bpt=a53 l1da=8 l1d=64 l1ia=4 l1i=64 l2a=8 l2=512 l3-assoc=4 l3=2048 nhist=3 robc=8 robd=2 robw=128  ASI= 2.1520  S=1.0298  A=  53.25  P= 17.77  [Strongly Sust.]  [ML2=1.06x, CCl=1.00x]
  [pop2] bp=1024 bpt=a53 l1da=4 l1d=32 l1ia=8 l1i=64 l2a=8 l2=512 l3-assoc=4 l3=4096 nhist=3 robc=4 robd=8 robw=512  ASI= 0.0252  S=1.0294  A= 120.17  P=763.85  [Unsustainable]  [ML2=1.06x, CCl=1.00x]
  [pop2] bp=1024 bpt=a53 l1da=4 l1d=16 l1ia=4 l1i=16 l2a=4 l2=128 l3-assoc=4 l3=2048 nhist=3 robc=8 robd=2 robw=32  ASI= 2.7419  S=0.9835  A=  39.77  P= 15.34  [Strongly Sust.]  [ML2=0.97x, CCl=0.99x]
  [pop2] bp=1024 bpt=a53 l1da=8 l1d=32 l1ia=8 l1i=64 l2a=4 l2=128 l3-assoc=8 l3=8192 nhist=3 robc=10 robd=8 robw=16  ASI= 0.5531  S=0.9756  A= 101.78  P= 44.23  [Unsustainable]  [ML2=0.97x, CCl=0.98x]
  [pop2] bp=1024 bpt=a53 l1da=4 l1d=32 l1ia=8 l1i=16 l2a=8 l2=256 l3-assoc=4 l3=4096 nhist=3 robc=10 robd=10 robw=16  ASI= 0.5928  S=0.9889  A=  70.81  P= 56.09  [Unsustainable]  [ML2=1.00x, CCl=0.98x]
  [pop2] bp=1024 bpt=a53 l1da=4 l1d=64 l1ia=4 l1i=16 l2a=4 l2=512 l3-assoc=4 l3=1024 nhist=3 robc=4 robd=2 robw=64  ASI= 2.5400  S=1.0293  A=  42.99  P= 16.20  [Strongly Sust.]  [ML2=1.06x, CCl=1.00x]
  [pop2] bp=1024 bpt=a53 l1da=4 l1d=16 l1ia=8 l1i=32 l2a=4 l2=512 l3-assoc=8 l3=2048 nhist=3 robc=8 robd=2 robw=256  ASI= 2.1808  S=1.0286  A=  49.63  P= 18.00  [Strongly Sust.]  [ML2=1.06x, CCl=1.00x]
  [pop2] bp=1024 bpt=a53 l1da=4 l1d=16 l1ia=4 l1i=32 l2a=4 l2=256 l3-assoc=4 l3=8192 nhist=3 robc=2 robd=8 robw=512  ASI= 0.0162  S=1.0001  A= 144.45  P=765.17  [Unsustainable]  [ML2=1.00x, CCl=1.00x]
  [pop2] bp=1024 bpt=a53 l1da=4 l1d=32 l1ia=8 l1i=64 l2a=8 l2=256 l3-assoc=4 l3=1024 nhist=3 robc=10 robd=2 robw=1024  ASI= 1.1964  S=1.0005  A=  43.59  P= 34.25  [Strongly Sust.]  [ML2=1.00x, CCl=1.00x]

  Combined Pareto front after generation 0 (4 points, HV=2.8144):
  Params                                  ASI  Speedup     Area  PeakPow  Region
  ──────────────────────────────────────────────────────────────────────────────
  bp=1024 bpt=a53 l1da=4 l1d=64 l1ia=8 l1i=32 l2a=8 l2=512 l3-assoc=8 l3=4096 nhist=3 robc=10 robd=4 robw=256   0.5872   1.0301    67.62    58.17  Unsustainable
  bp=1024 bpt=a53 l1da=8 l1d=64 l1ia=4 l1i=64 l2a=8 l2=512 l3-assoc=4 l3=2048 nhist=3 robc=8 robd=2 robw=128   2.1520   1.0298    53.25    17.77  Strongly Sust.
  bp=1024 bpt=a53 l1da=4 l1d=64 l1ia=4 l1i=16 l2a=4 l2=512 l3-assoc=4 l3=1024 nhist=3 robc=4 robd=2 robw=64   2.5400   1.0293    42.99    16.20  Strongly Sust.
  bp=1024 bpt=a53 l1da=4 l1d=16 l1ia=4 l1i=16 l2a=4 l2=128 l3-assoc=4 l3=2048 nhist=3 robc=8 robd=2 robw=32   2.7419   0.9835    39.77    15.34  Strongly Sust.
  Ran sniper 27 times this generation (27 total).

=== Generation 1 ===
  Evaluating population 0 (10 entities)...
  [pop0] bp=1024 bpt=a53 l1da=4 l1d=16 l1ia=8 l1i=16 l2a=4 l2=256 l3-assoc=8 l3=1024 nhist=3 robc=2 robd=2 robw=64  ASI= 2.6816  S=0.9993  A=  37.55  P= 15.92  [Strongly Sust.]  [ML2=1.00x, CCl=1.00x]
  [pop0] bp=1024 bpt=a53 l1da=4 l1d=64 l1ia=8 l1i=16 l2a=4 l2=256 l3-assoc=8 l3=2048 nhist=3 robc=10 robd=4 robw=64  ASI= 1.8515  S=1.0007  A=  45.80  P= 21.79  [Strongly Sust.]  [ML2=1.00x, CCl=1.00x]
  [pop0] bp=1024 bpt=a53 l1da=4 l1d=16 l1ia=4 l1i=64 l2a=4 l2=512 l3-assoc=4 l3=1024 nhist=3 robc=2 robd=8 robw=64  ASI= 0.8954  S=1.0281  A=  55.45  P= 42.00  [Unsustainable]  [ML2=1.06x, CCl=1.00x]
  [pop0] bp=1024 bpt=a53 l1da=4 l1d=16 l1ia=8 l1i=64 l2a=4 l2=256 l3-assoc=8 l3=1024 nhist=3 robc=2 robd=2 robw=64  ASI= 2.6736  S=0.9993  A=  38.21  P= 15.90  [Strongly Sust.]  [ML2=1.00x, CCl=1.00x]
  [pop0] bp=1024 bpt=a53 l1da=4 l1d=16 l1ia=4 l1i=64 l2a=8 l2=512 l3-assoc=4 l3=1024 nhist=3 robc=2 robd=10 robw=64  ASI= 0.6066  S=1.0280  A=  61.58  P= 59.13  [Unsustainable]  [ML2=1.06x, CCl=1.00x]
  [pop0] bpt=a53 l1ia=4                    ASI= 1.0000  S=1.0000  A=  94.01  P= 26.67  [Weakly S-FT]  [ML2=1.00x, CCl=1.00x]
  [pop0] bp=1024 bpt=a53 l1da=4 l1d=16 l1ia=8 l1i=64 l2a=4 l2=512 l3-assoc=8 l3=1024 nhist=3 robc=2 robd=10 robw=16  ASI= 0.6603  S=1.0173  A=  60.50  P= 54.78  [Unsustainable]  [ML2=1.06x, CCl=0.98x]
  [pop0] bp=1024 bpt=a53 l1da=8 l1d=16 l1ia=8 l1i=16 l2a=8 l2=256 l3-assoc=8 l3=1024 nhist=3 robc=2 robd=2 robw=64  ASI= 2.5223  S=0.9993  A=  41.44  P= 16.49  [Strongly Sust.]  [ML2=1.00x, CCl=1.00x]
  [pop0] bp=1024 bpt=a53 l1da=4 l1d=16 l1ia=8 l1i=64 l2a=4 l2=512 l3-assoc=8 l3=1024 nhist=3 robc=2 robd=8 robw=64  ASI= 0.8708  S=1.0281  A=  56.89  P= 42.72  [Unsustainable]  [ML2=1.06x, CCl=1.00x]
  [pop0] bp=1024 bpt=a53 l1da=4 l1d=16 l1ia=8 l1i=16 l2a=8 l2=256 l3-assoc=8 l3=1024 nhist=3 robc=4 robd=2 robw=64  ASI= 2.6701  S=0.9991  A=  38.10  P= 15.93  [Strongly Sust.]  [ML2=1.00x, CCl=1.00x]
  Evaluating population 1 (10 entities)...
  [pop1] bp=1024 bpt=a53 l1da=4 l1d=32 l1ia=8 l1i=64 l2a=4 l2=256 l3-assoc=4 l3=4096 nhist=3 robc=8 robd=2 robw=1024  ASI= 0.9954  S=1.0007  A=  59.96  P= 36.50  [Unsustainable]  [ML2=1.00x, CCl=1.00x]
  [pop1] bp=1024 bpt=a53 l1da=4 l1d=16 l1ia=4 l1i=16 l2a=8 l2=256 l3-assoc=8 l3=4096 nhist=3 robc=4 robd=10 robw=128  ASI= 0.0637  S=0.9996  A=  83.83  P=463.96  [Unsustainable]  [ML2=1.00x, CCl=1.00x]
  [pop1] bp=1024 bpt=a53 l1da=4 l1d=32 l1ia=8 l1i=64 l2a=8 l2=256 l3-assoc=8 l3=2048 nhist=3 robc=10 robd=2 robw=1024  ASI= 1.1329  S=1.0005  A=  48.46  P= 34.95  [Strongly Sust.]  [ML2=1.00x, CCl=1.00x]
  [pop1] bp=1024 bpt=a53 l1da=4 l1d=16 l1ia=8 l1i=64 l2a=8 l2=256 l3-assoc=4 l3=1024 nhist=3 robc=10 robd=4 robw=1024  ASI= 0.2596  S=1.0003  A=  58.52  P=141.49  [Unsustainable]  [ML2=1.00x, CCl=1.00x]
  [pop1] bp=1024 bpt=a53 l1da=4 l1d=16 l1ia=8 l1i=32 l2a=8 l2=256 l3-assoc=4 l3=1024 nhist=3 robc=10 robd=10 robw=128  ASI= 0.0731  S=0.9997  A=  68.90  P=462.54  [Unsustainable]  [ML2=1.00x, CCl=1.00x]
  [pop1] bp=1024 bpt=a53 l1da=4 l1d=32 l1ia=8 l1i=64 l2a=4 l2=512 l3-assoc=8 l3=4096 nhist=3 robc=2 robd=10 robw=128  ASI= 0.0582  S=1.0291  A=  92.43  P=465.80  [Unsustainable]  [ML2=1.06x, CCl=1.00x]
  [pop1] bp=1024 bpt=a53 l1da=4 l1d=16 l1ia=4 l1i=32 l2a=4 l2=512 l3-assoc=8 l3=4096 nhist=3 robc=4 robd=10 robw=128  ASI= 0.0597  S=1.0286  A=  90.20  P=464.98  [Unsustainable]  [ML2=1.06x, CCl=1.00x]
  [pop1] bp=1024 bpt=a53 l1da=8 l1d=32 l1ia=4 l1i=64 l2a=4 l2=512 l3-assoc=8 l3=1024 nhist=3 robc=4 robd=10 robw=16  ASI= 0.6458  S=1.0176  A=  63.51  P= 54.70  [Unsustainable]  [ML2=1.06x, CCl=0.98x]
  [pop1] bp=1024 bpt=a53 l1da=4 l1d=16 l1ia=4 l1i=64 l2a=8 l2=512 l3-assoc=4 l3=1024 nhist=3 robc=8 robd=4 robw=1024  ASI= 0.2495  S=1.0295  A=  63.30  P=141.83  [Unsustainable]  [ML2=1.06x, CCl=1.00x]
  [pop1] bp=1024 bpt=a53 l1da=4 l1d=32 l1ia=8 l1i=32 l2a=8 l2=256 l3-assoc=4 l3=1024 nhist=3 robc=10 robd=2 robw=1024  ASI= 1.1971  S=1.0005  A=  43.29  P= 34.30  [Strongly Sust.]  [ML2=1.00x, CCl=1.00x]
  Evaluating population 2 (10 entities)...
  [pop2] bp=1024 bpt=a53 l1da=4 l1d=16 l1ia=4 l1i=16 l2a=4 l2=256 l3-assoc=4 l3=2048 nhist=3 robc=8 robd=2 robw=128  ASI= 2.6184  S=0.9999  A=  40.87  P= 15.94  [Strongly Sust.]  [ML2=1.00x, CCl=1.00x]
  [pop2] bp=1024 bpt=a53 l1da=4 l1d=16 l1ia=8 l1i=32 l2a=4 l2=512 l3-assoc=8 l3=2048 nhist=3 robc=8 robd=2 robw=256  ASI= 2.1808  S=1.0286  A=  49.63  P= 18.00  [Strongly Sust.]  [ML2=1.06x, CCl=1.00x]
  [pop2] bp=1024 bpt=a53 l1da=4 l1d=32 l1ia=4 l1i=32 l2a=4 l2=256 l3-assoc=4 l3=8192 nhist=3 robc=4 robd=4 robw=512  ASI= 0.2603  S=1.0004  A=  96.25  P=100.04  [Unsustainable]  [ML2=1.00x, CCl=1.00x]
  [pop2] bp=1024 bpt=a53 l1da=8 l1d=32 l1ia=8 l1i=64 l2a=8 l2=512 l3-assoc=4 l3=4096 nhist=3 robc=4 robd=8 robw=512  ASI= 0.0236  S=1.0294  A= 124.42  P=764.44  [Unsustainable]  [ML2=1.06x, CCl=1.00x]
  [pop2] bp=1024 bpt=a53 l1da=4 l1d=32 l1ia=4 l1i=16 l2a=4 l2=128 l3-assoc=4 l3=2048 nhist=3 robc=8 robd=2 robw=512  ASI= 1.7388  S=0.9867  A=  41.69  P= 23.87  [Strongly Sust.]  [ML2=0.97x, CCl=1.00x]
  [pop2] bp=1024 bpt=a53 l1da=4 l1d=32 l1ia=8 l1i=64 l2a=8 l2=512 l3-assoc=4 l3=4096 nhist=3 robc=2 robd=2 robw=1024  ASI= 0.9161  S=1.0296  A=  66.72  P= 37.56  [Unsustainable]  [ML2=1.06x, CCl=1.00x]
  [pop2] bp=1024 bpt=a53 l1da=4 l1d=16 l1ia=8 l1i=16 l2a=4 l2=512 l3-assoc=4 l3=2048 nhist=3 robc=8 robd=2 robw=256  ASI= 2.1901  S=1.0286  A=  49.28  P= 17.97  [Strongly Sust.]  [ML2=1.06x, CCl=1.00x]
  [pop2] bp=1024 bpt=a53 l1da=4 l1d=64 l1ia=8 l1i=32 l2a=4 l2=512 l3-assoc=4 l3=2048 nhist=3 robc=8 robd=2 robw=128  ASI= 2.1886  S=1.0298  A=  49.88  P= 17.91  [Strongly Sust.]  [ML2=1.06x, CCl=1.00x]
  [pop2] bp=1024 bpt=a53 l1da=8 l1d=32 l1ia=4 l1i=32 l2a=4 l2=256 l3-assoc=4 l3=2048 nhist=3 robc=4 robd=4 robw=128  ASI= 1.8059  S=1.0002  A=  48.69  P= 21.89  [Strongly Sust.]  [ML2=1.00x, CCl=1.00x]
  [pop2] bp=1024 bpt=a53 l1da=8 l1d=64 l1ia=4 l1i=64 l2a=8 l2=512 l3-assoc=4 l3=2048 nhist=3 robc=8 robd=2 robw=128  ASI= 2.1520  S=1.0298  A=  53.25  P= 17.77  [Strongly Sust.]  [ML2=1.06x, CCl=1.00x]
  Deleted 20 discarded output directories.

  Combined Pareto front after generation 1 (8 points, HV=2.8167):
  Params                                  ASI  Speedup     Area  PeakPow  Region
  ──────────────────────────────────────────────────────────────────────────────
  bp=1024 bpt=a53 l1da=4 l1d=64 l1ia=8 l1i=32 l2a=8 l2=512 l3-assoc=8 l3=4096 nhist=3 robc=10 robd=4 robw=256   0.5872   1.0301    67.62    58.17  Unsustainable
  bp=1024 bpt=a53 l1da=8 l1d=64 l1ia=4 l1i=64 l2a=8 l2=512 l3-assoc=4 l3=2048 nhist=3 robc=8 robd=2 robw=128   2.1520   1.0298    53.25    17.77  Strongly Sust.
  bp=1024 bpt=a53 l1da=8 l1d=64 l1ia=4 l1i=64 l2a=8 l2=512 l3-assoc=4 l3=2048 nhist=3 robc=8 robd=2 robw=128   2.1520   1.0298    53.25    17.77  Strongly Sust.
  bp=1024 bpt=a53 l1da=4 l1d=64 l1ia=8 l1i=32 l2a=4 l2=512 l3-assoc=4 l3=2048 nhist=3 robc=8 robd=2 robw=128   2.1886   1.0298    49.88    17.91  Strongly Sust.
  bp=1024 bpt=a53 l1da=4 l1d=64 l1ia=4 l1i=16 l2a=4 l2=512 l3-assoc=4 l3=1024 nhist=3 robc=4 robd=2 robw=64   2.5400   1.0293    42.99    16.20  Strongly Sust.
  bp=1024 bpt=a53 l1da=4 l1d=16 l1ia=4 l1i=16 l2a=4 l2=256 l3-assoc=4 l3=2048 nhist=3 robc=8 robd=2 robw=128   2.6184   0.9999    40.87    15.94  Strongly Sust.
  bp=1024 bpt=a53 l1da=4 l1d=16 l1ia=8 l1i=16 l2a=4 l2=256 l3-assoc=8 l3=1024 nhist=3 robc=2 robd=2 robw=64   2.6816   0.9993    37.55    15.92  Strongly Sust.
  bp=1024 bpt=a53 l1da=4 l1d=16 l1ia=4 l1i=16 l2a=4 l2=128 l3-assoc=4 l3=2048 nhist=3 robc=8 robd=2 robw=32   2.7419   0.9835    39.77    15.34  Strongly Sust.
  Ran sniper 27 times this generation (54 total).

  No hypervolume improvement for 1 generations — converged.

Total sniper runs: 54

Plot saved → /home/jaco/school/stage/asi/asi-output/pareto_history.png
Plot saved → /home/jaco/school/stage/asi/asi-output/pareto_final.png
=== Final Pareto Front ===
  Params                                  ASI  Speedup     Area  PeakPow  Region
  ──────────────────────────────────────────────────────────────────────────────
  bp=1024 bpt=a53 l1da=4 l1d=64 l1ia=8 l1i=32 l2a=8 l2=512 l3-assoc=8 l3=4096 nhist=3 robc=10 robd=4 robw=256   0.5872   1.0301    67.62    58.17  Unsustainable
  bp=1024 bpt=a53 l1da=8 l1d=64 l1ia=4 l1i=64 l2a=8 l2=512 l3-assoc=4 l3=2048 nhist=3 robc=8 robd=2 robw=128   2.1520   1.0298    53.25    17.77  Strongly Sust.
  bp=1024 bpt=a53 l1da=8 l1d=64 l1ia=4 l1i=64 l2a=8 l2=512 l3-assoc=4 l3=2048 nhist=3 robc=8 robd=2 robw=128   2.1520   1.0298    53.25    17.77  Strongly Sust.
  bp=1024 bpt=a53 l1da=4 l1d=64 l1ia=8 l1i=32 l2a=4 l2=512 l3-assoc=4 l3=2048 nhist=3 robc=8 robd=2 robw=128   2.1886   1.0298    49.88    17.91  Strongly Sust.
  bp=1024 bpt=a53 l1da=4 l1d=64 l1ia=4 l1i=16 l2a=4 l2=512 l3-assoc=4 l3=1024 nhist=3 robc=4 robd=2 robw=64   2.5400   1.0293    42.99    16.20  Strongly Sust.
  bp=1024 bpt=a53 l1da=4 l1d=16 l1ia=4 l1i=16 l2a=4 l2=256 l3-assoc=4 l3=2048 nhist=3 robc=8 robd=2 robw=128   2.6184   0.9999    40.87    15.94  Strongly Sust.
  bp=1024 bpt=a53 l1da=4 l1d=16 l1ia=8 l1i=16 l2a=4 l2=256 l3-assoc=8 l3=1024 nhist=3 robc=2 robd=2 robw=64   2.6816   0.9993    37.55    15.92  Strongly Sust.
  bp=1024 bpt=a53 l1da=4 l1d=16 l1ia=4 l1i=16 l2a=4 l2=128 l3-assoc=4 l3=2048 nhist=3 robc=8 robd=2 robw=32   2.7419   0.9835    39.77    15.34  Strongly Sust.
