\BOOKMARK [1][-]{section.1}{\376\377\000M\000L\0002\000\040\000b\000e\000n\000c\000h\000m\000a\000r\000k}{}% 1
\BOOKMARK [2][-]{subsection.1.1}{\376\377\000G\000r\000e\000e\000d\000y}{section.1}% 2
\BOOKMARK [2][-]{subsection.1.2}{\376\377\000S\000P\000E\000A\0002\000\040\000-\000\040\000C\000O\000L\000E}{section.1}% 3
\BOOKMARK [3][-]{subsubsection.1.2.1}{\376\377\000h\000y\000p\000e\000r\000p\000a\000r\000a\000m\000e\000t\000e\000r\000\040\000s\000e\000t\000t\000i\000n\000g\000s\000\040\0001}{subsection.1.2}% 4
\BOOKMARK [2][-]{subsection.1.3}{\376\377\000M\000a\000x\000-\000v\000a\000l\000u\000e\000\040\000E\000n\000t\000r\000o\000p\000y\000\040\000S\000e\000a\000r\000c\000h\000\040\000f\000o\000r\000\040\000M\000u\000l\000t\000i\000-\000o\000b\000j\000e\000c\000t\000i\000v\000e\000\040\000B\000a\000y\000e\000s\000i\000a\000n\000\040\000O\000p\000t\000i\000m\000i\000z\000a\000t\000i\000o\000n\000\040\000\050\000M\000E\000S\000M\000O\000\051}{section.1}% 5
\BOOKMARK [3][-]{subsubsection.1.3.1}{\376\377\000h\000y\000p\000e\000r\000p\000a\000r\000a\000m\000e\000t\000e\000r\000\040\000s\000e\000t\000t\000i\000n\000g\000s\000\040\0001}{subsection.1.3}% 6
\BOOKMARK [1][-]{section.2}{\376\377\000M\000L\0002\000\040\000a\000n\000d\000\040\000C\000C\000l\000\040\000b\000e\000n\000c\000h\000m\000a\000r\000k\000s}{}% 7
\BOOKMARK [2][-]{subsection.2.1}{\376\377\000G\000r\000e\000e\000d\000y}{section.2}% 8
\BOOKMARK [2][-]{subsection.2.2}{\376\377\000S\000P\000E\000A\0002\000\040\000-\000\040\000C\000O\000L\000E}{section.2}% 9
\BOOKMARK [3][-]{subsubsection.2.2.1}{\376\377\000h\000y\000p\000e\000r\000p\000a\000r\000a\000m\000e\000t\000e\000r\000\040\000s\000e\000t\000t\000i\000n\000g\000s\000\040\0001}{subsection.2.2}% 10
\BOOKMARK [2][-]{subsection.2.3}{\376\377\000M\000E\000S\000M\000O}{section.2}% 11
\BOOKMARK [3][-]{subsubsection.2.3.1}{\376\377\000h\000y\000p\000e\000r\000p\000a\000r\000a\000m\000e\000t\000e\000r\000\040\000s\000e\000t\000t\000i\000n\000g\000s\000\040\0001}{subsection.2.3}% 12
\BOOKMARK [3][-]{subsubsection.2.3.2}{\376\377\000h\000y\000p\000e\000r\000p\000a\000r\000a\000m\000e\000t\000e\000r\000\040\000s\000e\000t\000t\000i\000n\000g\000s\000\040\0002}{subsection.2.3}% 13
\BOOKMARK [1][-]{section.3}{\376\377\000M\000L\0002\000,\000\040\000C\000C\000l\000,\000\040\000M\000I\000P\000\040\000a\000n\000d\000\040\000E\000I\000\040\000b\000e\000n\000c\000h\000m\000a\000r\000k\000s}{}% 14
\BOOKMARK [2][-]{subsection.3.1}{\376\377\000M\000E\000S\000M\000O}{section.3}% 15
\BOOKMARK [3][-]{subsubsection.3.1.1}{\376\377\000h\000y\000p\000e\000r\000p\000a\000r\000a\000m\000e\000t\000e\000r\000\040\000s\000e\000t\000t\000i\000n\000g\000s\000\040\0001}{subsection.3.1}% 16
\BOOKMARK [3][-]{subsubsection.3.1.2}{\376\377\000h\000y\000p\000e\000r\000p\000a\000r\000a\000m\000e\000t\000e\000r\000\040\000s\000e\000t\000t\000i\000n\000g\000s\000\040\0002}{subsection.3.1}% 17
\BOOKMARK [3][-]{subsubsection.3.1.3}{\376\377\000h\000y\000p\000e\000r\000p\000a\000r\000a\000m\000e\000t\000e\000r\000\040\000s\000e\000t\000t\000i\000n\000g\000s\000\040\0003}{subsection.3.1}% 18
\BOOKMARK [2][-]{subsection.3.2}{\376\377\000S\000P\000E\000A\0002\000\040\000-\000\040\000C\000O\000L\000E}{section.3}% 19
\BOOKMARK [3][-]{subsubsection.3.2.1}{\376\377\000H\000y\000p\000e\000r\000p\000a\000r\000a\000m\000e\000t\000e\000r\000\040\000s\000e\000t\000t\000i\000n\000g\000s\000\040\0001}{subsection.3.2}% 20
\BOOKMARK [1][-]{section.4}{\376\377\000M\000L\0002\000\040\000b\000e\000n\000c\000h\000m\000a\000r\000k\000,\000\040\000l\000a\000r\000g\000e\000r\000\040\000w\000o\000r\000k\000i\000n\000g\000\040\000s\000e\000t}{}% 21
\BOOKMARK [2][-]{subsection.4.1}{\376\377\000R\000e\000f\000e\000r\000e\000n\000c\000e\000:\000\040\000L\0003\000\040\000s\000i\000z\000e\000\040\000=\000\040\0008\000\040\000M\000i\000B\000,\000\040\000L\0002\000\040\000s\000i\000z\000e\000\040\000=\000\040\0000\000.\0002\0005\000\040\000M\000i\000B}{section.4}% 22
\BOOKMARK [2][-]{subsection.4.2}{\376\377\000R\000e\000f\000e\000r\000e\000n\000c\000e\000:\000\040\000L\0003\000\040\000s\000i\000z\000e\000\040\000=\000\040\0002\000\040\000M\000i\000B\000,\000\040\000L\0002\000\040\000s\000i\000z\000e\000\040\000=\000\040\0000\000.\0002\0005\000\040\000M\000i\000B}{section.4}% 23
\BOOKMARK [1][-]{section.5}{\376\377\000B\000e\000n\000c\000h\000m\000a\000r\000k\000s}{}% 24
\BOOKMARK [2][-]{subsection.5.1}{\376\377\000M\000L\0002}{section.5}% 25
\BOOKMARK [2][-]{subsection.5.2}{\376\377\000C\000C\000l}{section.5}% 26
\BOOKMARK [2][-]{subsection.5.3}{\376\377\000M\000I\000P}{section.5}% 27
\BOOKMARK [2][-]{subsection.5.4}{\376\377\000E\000I}{section.5}% 28
